Java HotSpot(TM) Server VM (25.31-b07) for windows-x86 JRE (1.8.0_31-b13), built on Dec 17 2014 20:43:10 by "java_re" with MS VC++ 10.0 (VS2010)
Memory: 4k page, physical 3318796k(1025924k free), swap 6726668k(3442960k free)
CommandLine flags: -XX:CMSInitiatingOccupancyFraction=50 -XX:CMSMaxAbortablePrecleanTime=6000 -XX:+CMSParallelRemarkEnabled -XX:+CMSScavengeBeforeRemark -XX:ConcGCThreads=4 -XX:InitialHeapSize=536870912 -XX:MaxHeapSize=536870912 -XX:MaxTenuringThreshold=8 -XX:NewRatio=3 -XX:OldPLABSize=16 -XX:ParallelGCThreads=4 -XX:+ParallelRefProcEnabled -XX:PretenureSizeThreshold=67108864 -XX:+PrintGC -XX:+PrintGCApplicationStoppedTime -XX:+PrintGCDateStamps -XX:+PrintGCDetails -XX:+PrintGCTimeStamps -XX:+PrintHeapAtGC -XX:+PrintTenuringDistribution -XX:SurvivorRatio=4 -XX:TargetSurvivorRatio=90 -XX:ThreadStackSize=256 -XX:+UseCMSInitiatingOccupancyOnly -XX:+UseConcMarkSweepGC -XX:-UseLargePagesIndividualAllocation -XX:+UseParNewGC 
2016-03-14T22:19:00.857-0400: 0.626: Total time for which application threads were stopped: 0.0002916 seconds
2016-03-14T22:19:01.660-0400: 1.428: Total time for which application threads were stopped: 0.0003885 seconds
2016-03-14T22:19:01.706-0400: 1.475: Total time for which application threads were stopped: 0.0002680 seconds
2016-03-14T22:19:02.176-0400: 1.946: Total time for which application threads were stopped: 0.0002159 seconds
2016-03-14T22:19:02.312-0400: 2.081: Total time for which application threads were stopped: 0.0004048 seconds
2016-03-14T22:19:02.357-0400: 2.126: Total time for which application threads were stopped: 0.0003672 seconds
2016-03-14T22:19:02.385-0400: 2.154: Total time for which application threads were stopped: 0.0002927 seconds
2016-03-14T22:19:03.386-0400: 3.155: Total time for which application threads were stopped: 0.0002897 seconds
{Heap before GC invocations=0 (full 0):
 par new generation   total 109248K, used 87424K [0x10e00000, 0x18e00000, 0x18e00000)
  eden space 87424K, 100% used [0x10e00000, 0x16360000, 0x16360000)
  from space 21824K,   0% used [0x16360000, 0x16360000, 0x178b0000)
  to   space 21824K,   0% used [0x178b0000, 0x178b0000, 0x18e00000)
 concurrent mark-sweep generation total 393216K, used 0K [0x18e00000, 0x30e00000, 0x30e00000)
 Metaspace       used 6679K, capacity 6706K, committed 6784K, reserved 7552K
2016-03-14T22:19:03.581-0400: 3.349: [GC (Allocation Failure) 3.350: [ParNew
Desired survivor size 20112996 bytes, new threshold 8 (max 8)
- age   1:    5012808 bytes,    5012808 total
: 87424K->4929K(109248K), 0.0216498 secs] 87424K->4929K(502464K), 0.0223013 secs] [Times: user=0.05 sys=0.02, real=0.02 secs] 
Heap after GC invocations=1 (full 0):
 par new generation   total 109248K, used 4929K [0x10e00000, 0x18e00000, 0x18e00000)
  eden space 87424K,   0% used [0x10e00000, 0x10e00000, 0x16360000)
  from space 21824K,  22% used [0x178b0000, 0x17d80708, 0x18e00000)
  to   space 21824K,   0% used [0x16360000, 0x16360000, 0x178b0000)
 concurrent mark-sweep generation total 393216K, used 0K [0x18e00000, 0x30e00000, 0x30e00000)
 Metaspace       used 6679K, capacity 6706K, committed 6784K, reserved 7552K
}
2016-03-14T22:19:03.603-0400: 3.372: Total time for which application threads were stopped: 0.0229391 seconds
2016-03-14T22:19:04.187-0400: 3.956: Total time for which application threads were stopped: 0.0004352 seconds
2016-03-14T22:19:04.496-0400: 4.265: Total time for which application threads were stopped: 0.0004105 seconds
2016-03-14T22:19:05.173-0400: 4.942: Total time for which application threads were stopped: 0.0007956 seconds
2016-03-14T22:19:05.179-0400: 4.948: Total time for which application threads were stopped: 0.0005109 seconds
2016-03-14T22:19:05.192-0400: 4.961: Total time for which application threads were stopped: 0.0004307 seconds
2016-03-14T22:19:05.840-0400: 5.609: Total time for which application threads were stopped: 0.0003957 seconds
2016-03-14T22:19:05.841-0400: 5.610: Total time for which application threads were stopped: 0.0004702 seconds
2016-03-14T22:19:05.842-0400: 5.611: Total time for which application threads were stopped: 0.0003490 seconds
2016-03-14T22:19:05.847-0400: 5.615: Total time for which application threads were stopped: 0.0007640 seconds
2016-03-14T22:19:05.847-0400: 5.616: Total time for which application threads were stopped: 0.0002938 seconds
2016-03-14T22:19:05.849-0400: 5.617: Total time for which application threads were stopped: 0.0005303 seconds
2016-03-14T22:19:05.851-0400: 5.620: Total time for which application threads were stopped: 0.0003296 seconds
2016-03-14T22:19:05.852-0400: 5.621: Total time for which application threads were stopped: 0.0003573 seconds
2016-03-14T22:19:05.852-0400: 5.621: Total time for which application threads were stopped: 0.0004037 seconds
2016-03-14T22:19:05.853-0400: 5.622: Total time for which application threads were stopped: 0.0002809 seconds
2016-03-14T22:19:05.854-0400: 5.623: Total time for which application threads were stopped: 0.0002969 seconds
2016-03-14T22:19:05.858-0400: 5.627: Total time for which application threads were stopped: 0.0003459 seconds
2016-03-14T22:19:05.860-0400: 5.629: Total time for which application threads were stopped: 0.0003782 seconds
2016-03-14T22:19:05.861-0400: 5.630: Total time for which application threads were stopped: 0.0003060 seconds
2016-03-14T22:19:05.863-0400: 5.632: Total time for which application threads were stopped: 0.0003801 seconds
2016-03-14T22:19:05.864-0400: 5.633: Total time for which application threads were stopped: 0.0002170 seconds
2016-03-14T22:19:05.864-0400: 5.633: Total time for which application threads were stopped: 0.0002349 seconds
2016-03-14T22:19:05.876-0400: 5.645: Total time for which application threads were stopped: 0.0010723 seconds
2016-03-14T22:19:05.879-0400: 5.648: Total time for which application threads were stopped: 0.0003455 seconds
2016-03-14T22:19:05.879-0400: 5.648: Total time for which application threads were stopped: 0.0003630 seconds
2016-03-14T22:19:05.880-0400: 5.649: Total time for which application threads were stopped: 0.0003649 seconds
2016-03-14T22:19:05.882-0400: 5.651: Total time for which application threads were stopped: 0.0013323 seconds
2016-03-14T22:19:05.883-0400: 5.653: Total time for which application threads were stopped: 0.0007420 seconds
2016-03-14T22:19:05.886-0400: 5.655: Total time for which application threads were stopped: 0.0015562 seconds
2016-03-14T22:19:05.887-0400: 5.656: Total time for which application threads were stopped: 0.0014201 seconds
2016-03-14T22:19:05.888-0400: 5.657: Total time for which application threads were stopped: 0.0002706 seconds
2016-03-14T22:19:05.888-0400: 5.658: Total time for which application threads were stopped: 0.0002630 seconds
2016-03-14T22:19:05.889-0400: 5.658: Total time for which application threads were stopped: 0.0002836 seconds
2016-03-14T22:19:05.890-0400: 5.659: Total time for which application threads were stopped: 0.0002916 seconds
2016-03-14T22:19:05.890-0400: 5.660: Total time for which application threads were stopped: 0.0002357 seconds
2016-03-14T22:19:05.891-0400: 5.660: Total time for which application threads were stopped: 0.0003566 seconds
2016-03-14T22:19:05.892-0400: 5.661: Total time for which application threads were stopped: 0.0002543 seconds
2016-03-14T22:19:05.893-0400: 5.662: Total time for which application threads were stopped: 0.0003683 seconds
2016-03-14T22:19:05.895-0400: 5.664: Total time for which application threads were stopped: 0.0002855 seconds
2016-03-14T22:19:05.896-0400: 5.665: Total time for which application threads were stopped: 0.0003630 seconds
2016-03-14T22:19:05.896-0400: 5.665: Total time for which application threads were stopped: 0.0003851 seconds
2016-03-14T22:19:05.897-0400: 5.667: Total time for which application threads were stopped: 0.0002566 seconds
2016-03-14T22:19:05.900-0400: 5.669: Total time for which application threads were stopped: 0.0003968 seconds
2016-03-14T22:19:05.903-0400: 5.672: Total time for which application threads were stopped: 0.0016482 seconds
2016-03-14T22:19:05.904-0400: 5.673: Total time for which application threads were stopped: 0.0003353 seconds
2016-03-14T22:19:05.905-0400: 5.674: Total time for which application threads were stopped: 0.0003436 seconds
2016-03-14T22:19:05.905-0400: 5.674: Total time for which application threads were stopped: 0.0003493 seconds
2016-03-14T22:19:05.906-0400: 5.675: Total time for which application threads were stopped: 0.0002954 seconds
2016-03-14T22:19:05.907-0400: 5.676: Total time for which application threads were stopped: 0.0003702 seconds
2016-03-14T22:19:05.908-0400: 5.676: Total time for which application threads were stopped: 0.0002988 seconds
2016-03-14T22:19:05.910-0400: 5.679: Total time for which application threads were stopped: 0.0003345 seconds
2016-03-14T22:19:05.914-0400: 5.683: Total time for which application threads were stopped: 0.0003087 seconds
2016-03-14T22:19:05.917-0400: 5.685: Total time for which application threads were stopped: 0.0003797 seconds
2016-03-14T22:19:05.917-0400: 5.686: Total time for which application threads were stopped: 0.0002817 seconds
2016-03-14T22:19:05.918-0400: 5.686: Total time for which application threads were stopped: 0.0006413 seconds
2016-03-14T22:19:05.918-0400: 5.687: Total time for which application threads were stopped: 0.0003151 seconds
2016-03-14T22:19:05.926-0400: 5.695: Total time for which application threads were stopped: 0.0005850 seconds
2016-03-14T22:19:05.931-0400: 5.700: Total time for which application threads were stopped: 0.0002589 seconds
2016-03-14T22:19:05.934-0400: 5.702: Total time for which application threads were stopped: 0.0002703 seconds
2016-03-14T22:19:05.936-0400: 5.704: Total time for which application threads were stopped: 0.0002387 seconds
2016-03-14T22:19:05.936-0400: 5.705: Total time for which application threads were stopped: 0.0003330 seconds
2016-03-14T22:19:05.937-0400: 5.705: Total time for which application threads were stopped: 0.0002756 seconds
2016-03-14T22:19:05.937-0400: 5.706: Total time for which application threads were stopped: 0.0002186 seconds
2016-03-14T22:19:05.938-0400: 5.706: Total time for which application threads were stopped: 0.0001444 seconds
2016-03-14T22:19:05.938-0400: 5.707: Total time for which application threads were stopped: 0.0003231 seconds
2016-03-14T22:19:05.938-0400: 5.708: Total time for which application threads were stopped: 0.0004371 seconds
2016-03-14T22:19:05.939-0400: 5.708: Total time for which application threads were stopped: 0.0003543 seconds
2016-03-14T22:19:05.939-0400: 5.709: Total time for which application threads were stopped: 0.0002342 seconds
2016-03-14T22:19:05.940-0400: 5.709: Total time for which application threads were stopped: 0.0005018 seconds
2016-03-14T22:19:05.941-0400: 5.710: Total time for which application threads were stopped: 0.0004014 seconds
2016-03-14T22:19:05.942-0400: 5.711: Total time for which application threads were stopped: 0.0003771 seconds
2016-03-14T22:19:05.943-0400: 5.711: Total time for which application threads were stopped: 0.0002543 seconds
2016-03-14T22:19:05.943-0400: 5.712: Total time for which application threads were stopped: 0.0003421 seconds
2016-03-14T22:19:05.944-0400: 5.712: Total time for which application threads were stopped: 0.0003326 seconds
2016-03-14T22:19:05.944-0400: 5.713: Total time for which application threads were stopped: 0.0002444 seconds
2016-03-14T22:19:05.945-0400: 5.714: Total time for which application threads were stopped: 0.0003908 seconds
2016-03-14T22:19:05.946-0400: 5.714: Total time for which application threads were stopped: 0.0002475 seconds
2016-03-14T22:19:05.946-0400: 5.715: Total time for which application threads were stopped: 0.0002923 seconds
2016-03-14T22:19:05.947-0400: 5.716: Total time for which application threads were stopped: 0.0006394 seconds
2016-03-14T22:19:05.948-0400: 5.716: Total time for which application threads were stopped: 0.0002638 seconds
2016-03-14T22:19:05.948-0400: 5.717: Total time for which application threads were stopped: 0.0003121 seconds
2016-03-14T22:19:05.949-0400: 5.718: Total time for which application threads were stopped: 0.0003691 seconds
2016-03-14T22:19:05.950-0400: 5.718: Total time for which application threads were stopped: 0.0002973 seconds
2016-03-14T22:19:05.950-0400: 5.719: Total time for which application threads were stopped: 0.0002604 seconds
2016-03-14T22:19:05.951-0400: 5.720: Total time for which application threads were stopped: 0.0009830 seconds
2016-03-14T22:19:05.970-0400: 5.738: Total time for which application threads were stopped: 0.0006025 seconds
2016-03-14T22:19:06.126-0400: 5.895: Total time for which application threads were stopped: 0.0016091 seconds
2016-03-14T22:19:06.156-0400: 5.925: Total time for which application threads were stopped: 0.0007006 seconds
2016-03-14T22:19:06.193-0400: 5.962: Total time for which application threads were stopped: 0.0011696 seconds
2016-03-14T22:19:06.195-0400: 5.964: Total time for which application threads were stopped: 0.0002691 seconds
2016-03-14T22:19:06.209-0400: 5.978: Total time for which application threads were stopped: 0.0008522 seconds
2016-03-14T22:19:06.475-0400: 6.244: Total time for which application threads were stopped: 0.0005246 seconds
{Heap before GC invocations=1 (full 0):
 par new generation   total 109248K, used 92353K [0x10e00000, 0x18e00000, 0x18e00000)
  eden space 87424K, 100% used [0x10e00000, 0x16360000, 0x16360000)
  from space 21824K,  22% used [0x178b0000, 0x17d80708, 0x18e00000)
  to   space 21824K,   0% used [0x16360000, 0x16360000, 0x178b0000)
 concurrent mark-sweep generation total 393216K, used 0K [0x18e00000, 0x30e00000, 0x30e00000)
 Metaspace       used 12727K, capacity 12839K, committed 12928K, reserved 13696K
2016-03-14T22:19:06.489-0400: 6.258: [GC (Allocation Failure) 6.258: [ParNew
Desired survivor size 20112996 bytes, new threshold 8 (max 8)
- age   1:    8907488 bytes,    8907488 total
- age   2:    2262336 bytes,   11169824 total
: 92353K->11920K(109248K), 0.0330998 secs] 92353K->11920K(502464K), 0.0336578 secs] [Times: user=0.09 sys=0.00, real=0.03 secs] 
Heap after GC invocations=2 (full 0):
 par new generation   total 109248K, used 11920K [0x10e00000, 0x18e00000, 0x18e00000)
  eden space 87424K,   0% used [0x10e00000, 0x10e00000, 0x16360000)
  from space 21824K,  54% used [0x16360000, 0x16f041b0, 0x178b0000)
  to   space 21824K,   0% used [0x178b0000, 0x178b0000, 0x18e00000)
 concurrent mark-sweep generation total 393216K, used 0K [0x18e00000, 0x30e00000, 0x30e00000)
 Metaspace       used 12727K, capacity 12839K, committed 12928K, reserved 13696K
}
2016-03-14T22:19:06.523-0400: 6.291: Total time for which application threads were stopped: 0.0343865 seconds
2016-03-14T22:19:06.532-0400: 6.300: Total time for which application threads were stopped: 0.0003528 seconds
2016-03-14T22:19:06.732-0400: 6.500: Total time for which application threads were stopped: 0.0004219 seconds
2016-03-14T22:19:06.812-0400: 6.580: Total time for which application threads were stopped: 0.0003824 seconds
2016-03-14T22:19:06.850-0400: 6.619: Total time for which application threads were stopped: 0.0002859 seconds
2016-03-14T22:19:06.857-0400: 6.625: Total time for which application threads were stopped: 0.0002870 seconds
2016-03-14T22:19:07.081-0400: 6.850: Total time for which application threads were stopped: 0.0014171 seconds
2016-03-14T22:19:07.311-0400: 7.079: Total time for which application threads were stopped: 0.0008157 seconds
2016-03-14T22:19:07.443-0400: 7.211: Total time for which application threads were stopped: 0.0012578 seconds
2016-03-14T22:19:07.445-0400: 7.213: Total time for which application threads were stopped: 0.0001821 seconds
{Heap before GC invocations=2 (full 0):
 par new generation   total 109248K, used 99339K [0x10e00000, 0x18e00000, 0x18e00000)
  eden space 87424K,  99% used [0x10e00000, 0x1635ec20, 0x16360000)
  from space 21824K,  54% used [0x16360000, 0x16f041b0, 0x178b0000)
  to   space 21824K,   0% used [0x178b0000, 0x178b0000, 0x18e00000)
 concurrent mark-sweep generation total 393216K, used 0K [0x18e00000, 0x30e00000, 0x30e00000)
 Metaspace       used 13163K, capacity 13287K, committed 13312K, reserved 13696K
2016-03-14T22:19:07.466-0400: 7.235: [GC (Allocation Failure) 7.235: [ParNew
Desired survivor size 20112996 bytes, new threshold 8 (max 8)
- age   1:    2026120 bytes,    2026120 total
- age   2:    3674608 bytes,    5700728 total
- age   3:    2215648 bytes,    7916376 total
: 99339K->11010K(109248K), 0.0179094 secs] 99339K->11010K(502464K), 0.0182253 secs] [Times: user=0.06 sys=0.00, real=0.02 secs] 
Heap after GC invocations=3 (full 0):
 par new generation   total 109248K, used 11010K [0x10e00000, 0x18e00000, 0x18e00000)
  eden space 87424K,   0% used [0x10e00000, 0x10e00000, 0x16360000)
  from space 21824K,  50% used [0x178b0000, 0x18370a08, 0x18e00000)
  to   space 21824K,   0% used [0x16360000, 0x16360000, 0x178b0000)
 concurrent mark-sweep generation total 393216K, used 0K [0x18e00000, 0x30e00000, 0x30e00000)
 Metaspace       used 13163K, capacity 13287K, committed 13312K, reserved 13696K
}
2016-03-14T22:19:07.485-0400: 7.253: Total time for which application threads were stopped: 0.0187080 seconds
2016-03-14T22:19:07.485-0400: 7.254: Total time for which application threads were stopped: 0.0002193 seconds
2016-03-14T22:19:07.485-0400: 7.254: Total time for which application threads were stopped: 0.0001627 seconds
2016-03-14T22:19:07.486-0400: 7.254: Total time for which application threads were stopped: 0.0001395 seconds
2016-03-14T22:19:07.559-0400: 7.328: Total time for which application threads were stopped: 0.0004276 seconds
2016-03-14T22:19:07.567-0400: 7.335: Total time for which application threads were stopped: 0.0001616 seconds
2016-03-14T22:19:07.585-0400: 7.354: Total time for which application threads were stopped: 0.0001787 seconds
2016-03-14T22:19:07.689-0400: 7.458: Total time for which application threads were stopped: 0.0012688 seconds
2016-03-14T22:19:07.762-0400: 7.530: Total time for which application threads were stopped: 0.0002364 seconds
2016-03-14T22:19:07.762-0400: 7.531: Total time for which application threads were stopped: 0.0001946 seconds
2016-03-14T22:19:07.762-0400: 7.531: Total time for which application threads were stopped: 0.0001334 seconds
2016-03-14T22:19:07.763-0400: 7.532: Total time for which application threads were stopped: 0.0001920 seconds
2016-03-14T22:19:07.811-0400: 7.580: Total time for which application threads were stopped: 0.0003159 seconds
2016-03-14T22:19:07.946-0400: 7.715: Total time for which application threads were stopped: 0.0002509 seconds
2016-03-14T22:19:07.966-0400: 7.735: Total time for which application threads were stopped: 0.0007922 seconds
2016-03-14T22:19:07.971-0400: 7.739: Total time for which application threads were stopped: 0.0008610 seconds
2016-03-14T22:19:07.997-0400: 7.765: Total time for which application threads were stopped: 0.0002193 seconds
2016-03-14T22:19:07.997-0400: 7.766: Total time for which application threads were stopped: 0.0001277 seconds
2016-03-14T22:19:08.008-0400: 7.776: Total time for which application threads were stopped: 0.0004535 seconds
2016-03-14T22:19:08.027-0400: 7.796: Total time for which application threads were stopped: 0.0001836 seconds
{Heap before GC invocations=3 (full 0):
 par new generation   total 109248K, used 98434K [0x10e00000, 0x18e00000, 0x18e00000)
  eden space 87424K, 100% used [0x10e00000, 0x16360000, 0x16360000)
  from space 21824K,  50% used [0x178b0000, 0x18370a08, 0x18e00000)
  to   space 21824K,   0% used [0x16360000, 0x16360000, 0x178b0000)
 concurrent mark-sweep generation total 393216K, used 0K [0x18e00000, 0x30e00000, 0x30e00000)
 Metaspace       used 13663K, capacity 13804K, committed 13952K, reserved 14720K
2016-03-14T22:19:08.036-0400: 7.804: [GC (Allocation Failure) 7.804: [ParNew
Desired survivor size 20112996 bytes, new threshold 8 (max 8)
- age   1:    3053288 bytes,    3053288 total
- age   2:     590232 bytes,    3643520 total
- age   3:    3145440 bytes,    6788960 total
- age   4:    2214992 bytes,    9003952 total
: 98434K->10202K(109248K), 0.0176513 secs] 98434K->10202K(502464K), 0.0178117 secs] [Times: user=0.06 sys=0.00, real=0.02 secs] 
Heap after GC invocations=4 (full 0):
 par new generation   total 109248K, used 10202K [0x10e00000, 0x18e00000, 0x18e00000)
  eden space 87424K,   0% used [0x10e00000, 0x10e00000, 0x16360000)
  from space 21824K,  46% used [0x16360000, 0x16d56940, 0x178b0000)
  to   space 21824K,   0% used [0x178b0000, 0x178b0000, 0x18e00000)
 concurrent mark-sweep generation total 393216K, used 0K [0x18e00000, 0x30e00000, 0x30e00000)
 Metaspace       used 13663K, capacity 13804K, committed 13952K, reserved 14720K
}
2016-03-14T22:19:08.054-0400: 7.822: Total time for which application threads were stopped: 0.0182868 seconds
2016-03-14T22:19:08.138-0400: 7.907: Total time for which application threads were stopped: 0.0002098 seconds
2016-03-14T22:19:08.290-0400: 8.059: Total time for which application threads were stopped: 0.0009807 seconds
2016-03-14T22:19:08.308-0400: 8.077: Total time for which application threads were stopped: 0.0010909 seconds
2016-03-14T22:19:08.319-0400: 8.088: Total time for which application threads were stopped: 0.0002205 seconds
2016-03-14T22:19:08.320-0400: 8.089: Total time for which application threads were stopped: 0.0001433 seconds
2016-03-14T22:19:08.337-0400: 8.106: Total time for which application threads were stopped: 0.0001984 seconds
2016-03-14T22:19:08.338-0400: 8.107: Total time for which application threads were stopped: 0.0001692 seconds
2016-03-14T22:19:08.341-0400: 8.110: Total time for which application threads were stopped: 0.0002440 seconds
2016-03-14T22:19:08.343-0400: 8.112: Total time for which application threads were stopped: 0.0001935 seconds
2016-03-14T22:19:08.344-0400: 8.113: Total time for which application threads were stopped: 0.0001950 seconds
2016-03-14T22:19:08.349-0400: 8.117: Total time for which application threads were stopped: 0.0002672 seconds
2016-03-14T22:19:08.366-0400: 8.135: Total time for which application threads were stopped: 0.0002075 seconds
2016-03-14T22:19:08.438-0400: 8.207: Total time for which application threads were stopped: 0.0002589 seconds
{Heap before GC invocations=4 (full 0):
 par new generation   total 109248K, used 97642K [0x10e00000, 0x18e00000, 0x18e00000)
  eden space 87424K, 100% used [0x10e00000, 0x16360000, 0x16360000)
  from space 21824K,  46% used [0x16360000, 0x16d5a950, 0x178b0000)
  to   space 21824K,   0% used [0x178b0000, 0x178b0000, 0x18e00000)
 concurrent mark-sweep generation total 393216K, used 0K [0x18e00000, 0x30e00000, 0x30e00000)
 Metaspace       used 13885K, capacity 14009K, committed 14080K, reserved 14720K
2016-03-14T22:19:08.438-0400: 8.207: [GC (GCLocker Initiated GC) 8.207: [ParNew
Desired survivor size 20112996 bytes, new threshold 8 (max 8)
- age   1:    1543072 bytes,    1543072 total
- age   2:    1585432 bytes,    3128504 total
- age   3:     584000 bytes,    3712504 total
- age   4:    3143904 bytes,    6856408 total
- age   5:    2215112 bytes,    9071520 total
: 97642K->15739K(109248K), 0.0182473 secs] 97642K->15739K(502464K), 0.0183895 secs] [Times: user=0.06 sys=0.00, real=0.02 secs] 
Heap after GC invocations=5 (full 0):
 par new generation   total 109248K, used 15739K [0x10e00000, 0x18e00000, 0x18e00000)
  eden space 87424K,   0% used [0x10e00000, 0x10e00000, 0x16360000)
  from space 21824K,  72% used [0x178b0000, 0x1880efc0, 0x18e00000)
  to   space 21824K,   0% used [0x16360000, 0x16360000, 0x178b0000)
 concurrent mark-sweep generation total 393216K, used 0K [0x18e00000, 0x30e00000, 0x30e00000)
 Metaspace       used 13885K, capacity 14009K, committed 14080K, reserved 14720K
}
2016-03-14T22:19:08.457-0400: 8.226: Total time for which application threads were stopped: 0.0188194 seconds
2016-03-14T22:19:08.459-0400: 8.227: Total time for which application threads were stopped: 0.0005508 seconds
{Heap before GC invocations=5 (full 0):
 par new generation   total 109248K, used 103163K [0x10e00000, 0x18e00000, 0x18e00000)
  eden space 87424K, 100% used [0x10e00000, 0x16360000, 0x16360000)
  from space 21824K,  72% used [0x178b0000, 0x1880efc0, 0x18e00000)
  to   space 21824K,   0% used [0x16360000, 0x16360000, 0x178b0000)
 concurrent mark-sweep generation total 393216K, used 0K [0x18e00000, 0x30e00000, 0x30e00000)
 Metaspace       used 14260K, capacity 14361K, committed 14464K, reserved 14720K
2016-03-14T22:19:08.697-0400: 8.465: [GC (Allocation Failure) 8.465: [ParNew
Desired survivor size 20112996 bytes, new threshold 8 (max 8)
- age   1:    1705624 bytes,    1705624 total
- age   2:     840992 bytes,    2546616 total
- age   3:    1585384 bytes,    4132000 total
- age   4:     584000 bytes,    4716000 total
- age   5:    3143632 bytes,    7859632 total
- age   6:    2214992 bytes,   10074624 total
: 103163K->12546K(109248K), 0.0167040 secs] 103163K->12546K(502464K), 0.0168466 secs] [Times: user=0.03 sys=0.00, real=0.02 secs] 
Heap after GC invocations=6 (full 0):
 par new generation   total 109248K, used 12546K [0x10e00000, 0x18e00000, 0x18e00000)
  eden space 87424K,   0% used [0x10e00000, 0x10e00000, 0x16360000)
  from space 21824K,  57% used [0x16360000, 0x16fa0a40, 0x178b0000)
  to   space 21824K,   0% used [0x178b0000, 0x178b0000, 0x18e00000)
 concurrent mark-sweep generation total 393216K, used 0K [0x18e00000, 0x30e00000, 0x30e00000)
 Metaspace       used 14260K, capacity 14361K, committed 14464K, reserved 14720K
}
2016-03-14T22:19:08.714-0400: 8.482: Total time for which application threads were stopped: 0.0173403 seconds
{Heap before GC invocations=6 (full 0):
 par new generation   total 109248K, used 99970K [0x10e00000, 0x18e00000, 0x18e00000)
  eden space 87424K, 100% used [0x10e00000, 0x16360000, 0x16360000)
  from space 21824K,  57% used [0x16360000, 0x16fa0a40, 0x178b0000)
  to   space 21824K,   0% used [0x178b0000, 0x178b0000, 0x18e00000)
 concurrent mark-sweep generation total 393216K, used 0K [0x18e00000, 0x30e00000, 0x30e00000)
 Metaspace       used 14296K, capacity 14425K, committed 14464K, reserved 14720K
2016-03-14T22:19:08.866-0400: 8.634: [GC (Allocation Failure) 8.634: [ParNew
Desired survivor size 20112996 bytes, new threshold 8 (max 8)
- age   1:     483600 bytes,     483600 total
- age   2:     841608 bytes,    1325208 total
- age   3:     838680 bytes,    2163888 total
- age   4:    1585384 bytes,    3749272 total
- age   5:     584000 bytes,    4333272 total
- age   6:    3143496 bytes,    7476768 total
- age   7:    2215008 bytes,    9691776 total
: 99970K->16848K(109248K), 0.0169104 secs] 99970K->16848K(502464K), 0.0170492 secs] [Times: user=0.06 sys=0.00, real=0.02 secs] 
Heap after GC invocations=7 (full 0):
 par new generation   total 109248K, used 16848K [0x10e00000, 0x18e00000, 0x18e00000)
  eden space 87424K,   0% used [0x10e00000, 0x10e00000, 0x16360000)
  from space 21824K,  77% used [0x178b0000, 0x18924380, 0x18e00000)
  to   space 21824K,   0% used [0x16360000, 0x16360000, 0x178b0000)
 concurrent mark-sweep generation total 393216K, used 0K [0x18e00000, 0x30e00000, 0x30e00000)
 Metaspace       used 14296K, capacity 14425K, committed 14464K, reserved 14720K
}
2016-03-14T22:19:08.883-0400: 8.652: Total time for which application threads were stopped: 0.0176072 seconds
2016-03-14T22:19:08.935-0400: 8.703: Total time for which application threads were stopped: 0.0001813 seconds
{Heap before GC invocations=7 (full 0):
 par new generation   total 109248K, used 104272K [0x10e00000, 0x18e00000, 0x18e00000)
  eden space 87424K, 100% used [0x10e00000, 0x16360000, 0x16360000)
  from space 21824K,  77% used [0x178b0000, 0x18924380, 0x18e00000)
  to   space 21824K,   0% used [0x16360000, 0x16360000, 0x178b0000)
 concurrent mark-sweep generation total 393216K, used 0K [0x18e00000, 0x30e00000, 0x30e00000)
 Metaspace       used 14373K, capacity 14528K, committed 14592K, reserved 14720K
2016-03-14T22:19:09.035-0400: 8.804: [GC (Allocation Failure) 8.804: [ParNew
Desired survivor size 20112996 bytes, new threshold 8 (max 8)
- age   1:     852920 bytes,     852920 total
- age   2:      85336 bytes,     938256 total
- age   3:     841512 bytes,    1779768 total
- age   4:     838680 bytes,    2618448 total
- age   5:    1585272 bytes,    4203720 total
- age   6:     584000 bytes,    4787720 total
- age   7:    3140336 bytes,    7928056 total
- age   8:    2214992 bytes,   10143048 total
: 104272K->12298K(109248K), 0.0170294 secs] 104272K->12298K(502464K), 0.0171533 secs] [Times: user=0.06 sys=0.00, real=0.02 secs] 
Heap after GC invocations=8 (full 0):
 par new generation   total 109248K, used 12298K [0x10e00000, 0x18e00000, 0x18e00000)
  eden space 87424K,   0% used [0x10e00000, 0x10e00000, 0x16360000)
  from space 21824K,  56% used [0x16360000, 0x16f62ac0, 0x178b0000)
  to   space 21824K,   0% used [0x178b0000, 0x178b0000, 0x18e00000)
 concurrent mark-sweep generation total 393216K, used 0K [0x18e00000, 0x30e00000, 0x30e00000)
 Metaspace       used 14373K, capacity 14528K, committed 14592K, reserved 14720K
}
2016-03-14T22:19:09.052-0400: 8.821: Total time for which application threads were stopped: 0.0175505 seconds
2016-03-14T22:19:09.144-0400: 8.912: Total time for which application threads were stopped: 0.0002311 seconds
2016-03-14T22:19:09.176-0400: 8.945: Total time for which application threads were stopped: 0.0002277 seconds
2016-03-14T22:19:09.184-0400: 8.952: Total time for which application threads were stopped: 0.0002178 seconds
2016-03-14T22:19:09.214-0400: 8.982: Total time for which application threads were stopped: 0.0001578 seconds
2016-03-14T22:19:09.215-0400: 8.984: Total time for which application threads were stopped: 0.0001030 seconds
2016-03-14T22:19:09.368-0400: 9.137: Total time for which application threads were stopped: 0.0002566 seconds
2016-03-14T22:19:09.462-0400: 9.230: Total time for which application threads were stopped: 0.0011856 seconds
2016-03-14T22:19:09.477-0400: 9.246: Total time for which application threads were stopped: 0.0005884 seconds
{Heap before GC invocations=8 (full 0):
 par new generation   total 109248K, used 99722K [0x10e00000, 0x18e00000, 0x18e00000)
  eden space 87424K, 100% used [0x10e00000, 0x16360000, 0x16360000)
  from space 21824K,  56% used [0x16360000, 0x16f62ac0, 0x178b0000)
  to   space 21824K,   0% used [0x178b0000, 0x178b0000, 0x18e00000)
 concurrent mark-sweep generation total 393216K, used 0K [0x18e00000, 0x30e00000, 0x30e00000)
 Metaspace       used 15490K, capacity 15653K, committed 15744K, reserved 15744K
2016-03-14T22:19:09.494-0400: 9.262: [GC (Allocation Failure) 9.262: [ParNew
Desired survivor size 20112996 bytes, new threshold 8 (max 8)
- age   1:    2333936 bytes,    2333936 total
- age   2:      75960 bytes,    2409896 total
- age   3:      83464 bytes,    2493360 total
- age   4:     161784 bytes,    2655144 total
- age   5:     837936 bytes,    3493080 total
- age   6:     226672 bytes,    3719752 total
- age   7:     583968 bytes,    4303720 total
- age   8:    3133512 bytes,    7437232 total
: 99722K->10683K(109248K), 0.0231623 secs] 99722K->12958K(502464K), 0.0232702 secs] [Times: user=0.06 sys=0.00, real=0.02 secs] 
Heap after GC invocations=9 (full 0):
 par new generation   total 109248K, used 10683K [0x10e00000, 0x18e00000, 0x18e00000)
  eden space 87424K,   0% used [0x10e00000, 0x10e00000, 0x16360000)
  from space 21824K,  48% used [0x178b0000, 0x1831eeb0, 0x18e00000)
  to   space 21824K,   0% used [0x16360000, 0x16360000, 0x178b0000)
 concurrent mark-sweep generation total 393216K, used 2275K [0x18e00000, 0x30e00000, 0x30e00000)
 Metaspace       used 15490K, capacity 15653K, committed 15744K, reserved 15744K
}
2016-03-14T22:19:09.517-0400: 9.286: Total time for which application threads were stopped: 0.0236667 seconds
2016-03-14T22:19:09.585-0400: 9.354: Total time for which application threads were stopped: 0.0002334 seconds
2016-03-14T22:19:09.704-0400: 9.473: Total time for which application threads were stopped: 0.0005386 seconds
2016-03-14T22:19:09.705-0400: 9.474: Total time for which application threads were stopped: 0.0001882 seconds
2016-03-14T22:19:09.741-0400: 9.510: Total time for which application threads were stopped: 0.0001916 seconds
2016-03-14T22:19:09.745-0400: 9.514: Total time for which application threads were stopped: 0.0004934 seconds
2016-03-14T22:19:09.749-0400: 9.518: Total time for which application threads were stopped: 0.0001175 seconds
2016-03-14T22:19:09.750-0400: 9.519: Total time for which application threads were stopped: 0.0001148 seconds
2016-03-14T22:19:09.752-0400: 9.521: Total time for which application threads were stopped: 0.0001642 seconds
2016-03-14T22:19:09.795-0400: 9.564: Total time for which application threads were stopped: 0.0003938 seconds
2016-03-14T22:19:09.800-0400: 9.569: Total time for which application threads were stopped: 0.0001817 seconds
2016-03-14T22:19:09.808-0400: 9.577: Total time for which application threads were stopped: 0.0005367 seconds
2016-03-14T22:19:09.822-0400: 9.591: Total time for which application threads were stopped: 0.0001319 seconds
2016-03-14T22:19:09.830-0400: 9.599: Total time for which application threads were stopped: 0.0001372 seconds
2016-03-14T22:19:09.835-0400: 9.604: Total time for which application threads were stopped: 0.0001186 seconds
2016-03-14T22:19:09.844-0400: 9.612: Total time for which application threads were stopped: 0.0000794 seconds
2016-03-14T22:19:09.874-0400: 9.643: Total time for which application threads were stopped: 0.0001597 seconds
2016-03-14T22:19:09.875-0400: 9.644: Total time for which application threads were stopped: 0.0000966 seconds
2016-03-14T22:19:09.875-0400: 9.644: Total time for which application threads were stopped: 0.0001110 seconds
2016-03-14T22:19:09.877-0400: 9.646: Total time for which application threads were stopped: 0.0001000 seconds
2016-03-14T22:19:09.886-0400: 9.655: Total time for which application threads were stopped: 0.0000958 seconds
2016-03-14T22:19:09.933-0400: 9.702: Total time for which application threads were stopped: 0.0000950 seconds
2016-03-14T22:19:09.951-0400: 9.720: Total time for which application threads were stopped: 0.0001216 seconds
2016-03-14T22:19:09.951-0400: 9.720: Total time for which application threads were stopped: 0.0000874 seconds
2016-03-14T22:19:09.952-0400: 9.721: Total time for which application threads were stopped: 0.0001057 seconds
2016-03-14T22:19:09.968-0400: 9.738: Total time for which application threads were stopped: 0.0001201 seconds
2016-03-14T22:19:10.068-0400: 9.838: Total time for which application threads were stopped: 0.0001422 seconds
2016-03-14T22:19:10.137-0400: 9.906: Total time for which application threads were stopped: 0.0001916 seconds
2016-03-14T22:19:10.138-0400: 9.907: Total time for which application threads were stopped: 0.0001840 seconds
2016-03-14T22:19:10.148-0400: 9.917: Total time for which application threads were stopped: 0.0001319 seconds
2016-03-14T22:19:10.168-0400: 9.936: Total time for which application threads were stopped: 0.0001882 seconds
2016-03-14T22:19:10.170-0400: 9.938: Total time for which application threads were stopped: 0.0001437 seconds
2016-03-14T22:19:10.194-0400: 9.962: Total time for which application threads were stopped: 0.0001296 seconds
2016-03-14T22:19:10.226-0400: 9.994: Total time for which application threads were stopped: 0.0001490 seconds
2016-03-14T22:19:10.226-0400: 9.995: Total time for which application threads were stopped: 0.0001034 seconds
2016-03-14T22:19:10.237-0400: 10.005: Total time for which application threads were stopped: 0.0001973 seconds
2016-03-14T22:19:10.251-0400: 10.020: Total time for which application threads were stopped: 0.0003790 seconds
2016-03-14T22:19:10.251-0400: 10.020: Total time for which application threads were stopped: 0.0001148 seconds
2016-03-14T22:19:10.262-0400: 10.031: Total time for which application threads were stopped: 0.0002018 seconds
2016-03-14T22:19:10.263-0400: 10.031: Total time for which application threads were stopped: 0.0002676 seconds
2016-03-14T22:19:10.263-0400: 10.032: Total time for which application threads were stopped: 0.0001323 seconds
2016-03-14T22:19:10.276-0400: 10.045: Total time for which application threads were stopped: 0.0001509 seconds
2016-03-14T22:19:10.308-0400: 10.077: Total time for which application threads were stopped: 0.0001684 seconds
2016-03-14T22:19:10.357-0400: 10.126: Total time for which application threads were stopped: 0.0001517 seconds
2016-03-14T22:19:10.400-0400: 10.168: Total time for which application threads were stopped: 0.0005440 seconds
2016-03-14T22:19:10.426-0400: 10.194: Total time for which application threads were stopped: 0.0001437 seconds
2016-03-14T22:19:10.486-0400: 10.254: Total time for which application threads were stopped: 0.0001794 seconds
2016-03-14T22:19:10.495-0400: 10.263: Total time for which application threads were stopped: 0.0001737 seconds
2016-03-14T22:19:10.501-0400: 10.269: Total time for which application threads were stopped: 0.0001372 seconds
2016-03-14T22:19:10.515-0400: 10.284: Total time for which application threads were stopped: 0.0001429 seconds
2016-03-14T22:19:10.521-0400: 10.289: Total time for which application threads were stopped: 0.0001399 seconds
2016-03-14T22:19:10.542-0400: 10.310: Total time for which application threads were stopped: 0.0001391 seconds
2016-03-14T22:19:10.577-0400: 10.345: Total time for which application threads were stopped: 0.0001623 seconds
2016-03-14T22:19:10.579-0400: 10.347: Total time for which application threads were stopped: 0.0001007 seconds
2016-03-14T22:19:10.579-0400: 10.348: Total time for which application threads were stopped: 0.0001254 seconds
2016-03-14T22:19:10.629-0400: 10.398: Total time for which application threads were stopped: 0.0001676 seconds
{Heap before GC invocations=9 (full 0):
 par new generation   total 109248K, used 98107K [0x10e00000, 0x18e00000, 0x18e00000)
  eden space 87424K, 100% used [0x10e00000, 0x16360000, 0x16360000)
  from space 21824K,  48% used [0x178b0000, 0x1831eeb0, 0x18e00000)
  to   space 21824K,   0% used [0x16360000, 0x16360000, 0x178b0000)
 concurrent mark-sweep generation total 393216K, used 2275K [0x18e00000, 0x30e00000, 0x30e00000)
 Metaspace       used 18440K, capacity 18565K, committed 18688K, reserved 18816K
2016-03-14T22:19:10.635-0400: 10.403: [GC (Allocation Failure) 10.403: [ParNew
Desired survivor size 20112996 bytes, new threshold 8 (max 8)
- age   1:   10887792 bytes,   10887792 total
- age   2:     952256 bytes,   11840048 total
- age   3:      75936 bytes,   11915984 total
- age   4:      83416 bytes,   11999400 total
- age   5:     160768 bytes,   12160168 total
- age   6:     834672 bytes,   12994840 total
- age   7:     218360 bytes,   13213200 total
- age   8:     582016 bytes,   13795216 total
: 98107K->17011K(109248K), 0.0260288 secs] 100382K->22416K(502464K), 0.0261489 secs] [Times: user=0.06 sys=0.00, real=0.03 secs] 
Heap after GC invocations=10 (full 0):
 par new generation   total 109248K, used 17011K [0x10e00000, 0x18e00000, 0x18e00000)
  eden space 87424K,   0% used [0x10e00000, 0x10e00000, 0x16360000)
  from space 21824K,  77% used [0x16360000, 0x173fcc60, 0x178b0000)
  to   space 21824K,   0% used [0x178b0000, 0x178b0000, 0x18e00000)
 concurrent mark-sweep generation total 393216K, used 5405K [0x18e00000, 0x30e00000, 0x30e00000)
 Metaspace       used 18440K, capacity 18565K, committed 18688K, reserved 18816K
}
2016-03-14T22:19:10.661-0400: 10.430: Total time for which application threads were stopped: 0.0264727 seconds
2016-03-14T22:19:10.661-0400: 10.430: [GC (CMS Initial Mark) [1 CMS-initial-mark: 5405K(393216K)] 22448K(502464K), 0.0055646 secs] [Times: user=0.06 sys=0.00, real=0.01 secs] 
2016-03-14T22:19:10.667-0400: 10.435: Total time for which application threads were stopped: 0.0057235 seconds
2016-03-14T22:19:10.667-0400: 10.435: [CMS-concurrent-mark-start]
2016-03-14T22:19:10.673-0400: 10.442: [CMS-concurrent-mark: 0.006/0.006 secs] [Times: user=0.00 sys=0.00, real=0.01 secs] 
2016-03-14T22:19:10.673-0400: 10.442: [CMS-concurrent-preclean-start]
2016-03-14T22:19:10.675-0400: 10.444: [CMS-concurrent-preclean: 0.002/0.002 secs] [Times: user=0.00 sys=0.00, real=0.00 secs] 
2016-03-14T22:19:10.682-0400: 10.450: [GC (CMS Final Remark) [YG occupancy: 19621 K (109248 K)]{Heap before GC invocations=10 (full 1):
 par new generation   total 109248K, used 19621K [0x10e00000, 0x18e00000, 0x18e00000)
  eden space 87424K,   2% used [0x10e00000, 0x1108c980, 0x16360000)
  from space 21824K,  77% used [0x16360000, 0x173fcc60, 0x178b0000)
  to   space 21824K,   0% used [0x178b0000, 0x178b0000, 0x18e00000)
 concurrent mark-sweep generation total 393216K, used 5405K [0x18e00000, 0x30e00000, 0x30e00000)
 Metaspace       used 18440K, capacity 18565K, committed 18688K, reserved 18816K
2016-03-14T22:19:10.682-0400: 10.450: [GC (CMS Final Remark) 10.451: [ParNew
Desired survivor size 20112996 bytes, new threshold 8 (max 8)
- age   1:     701888 bytes,     701888 total
- age   2:    7175328 bytes,    7877216 total
- age   3:     951976 bytes,    8829192 total
- age   4:      75936 bytes,    8905128 total
- age   5:      83416 bytes,    8988544 total
- age   6:     160496 bytes,    9149040 total
- age   7:     834672 bytes,    9983712 total
- age   8:     217832 bytes,   10201544 total
: 19621K->16978K(109248K), 0.0248318 secs] 25026K->22957K(502464K), 0.0248971 secs] [Times: user=0.06 sys=0.00, real=0.03 secs] 
Heap after GC invocations=11 (full 1):
 par new generation   total 109248K, used 16978K [0x10e00000, 0x18e00000, 0x18e00000)
  eden space 87424K,   0% used [0x10e00000, 0x10e00000, 0x16360000)
  from space 21824K,  77% used [0x178b0000, 0x18944a00, 0x18e00000)
  to   space 21824K,   0% used [0x16360000, 0x16360000, 0x178b0000)
 concurrent mark-sweep generation total 393216K, used 5979K [0x18e00000, 0x30e00000, 0x30e00000)
 Metaspace       used 18440K, capacity 18565K, committed 18688K, reserved 18816K
}
10.475: [Rescan (parallel) , 0.0068030 secs]10.482: [weak refs processing, 0.0004166 secs]10.483: [class unloading, 0.0134198 secs]10.496: [scrub symbol table, 0.0035450 secs]10.500: [scrub string table, 0.0002615 secs][1 CMS-remark: 5979K(393216K)] 22957K(502464K), 0.0525612 secs] [Times: user=0.14 sys=0.02, real=0.05 secs] 
2016-03-14T22:19:10.734-0400: 10.503: Total time for which application threads were stopped: 0.0527638 seconds
2016-03-14T22:19:10.734-0400: 10.503: [CMS-concurrent-sweep-start]
2016-03-14T22:19:10.739-0400: 10.508: [CMS-concurrent-sweep: 0.005/0.005 secs] [Times: user=0.00 sys=0.00, real=0.01 secs] 
2016-03-14T22:19:10.739-0400: 10.508: [CMS-concurrent-reset-start]
2016-03-14T22:19:10.744-0400: 10.513: [CMS-concurrent-reset: 0.005/0.005 secs] [Times: user=0.05 sys=0.02, real=0.00 secs] 
2016-03-14T22:19:10.757-0400: 10.527: Total time for which application threads were stopped: 0.0001684 seconds
2016-03-14T22:19:10.779-0400: 10.549: Total time for which application threads were stopped: 0.0001600 seconds
2016-03-14T22:19:10.840-0400: 10.608: Total time for which application threads were stopped: 0.0001623 seconds
2016-03-14T22:19:10.866-0400: 10.635: Total time for which application threads were stopped: 0.0001277 seconds
2016-03-14T22:19:10.867-0400: 10.635: Total time for which application threads were stopped: 0.0000905 seconds
2016-03-14T22:19:10.867-0400: 10.635: Total time for which application threads were stopped: 0.0000775 seconds
2016-03-14T22:19:10.867-0400: 10.635: Total time for which application threads were stopped: 0.0000707 seconds
2016-03-14T22:19:10.867-0400: 10.635: Total time for which application threads were stopped: 0.0000870 seconds
2016-03-14T22:19:10.868-0400: 10.636: Total time for which application threads were stopped: 0.0000832 seconds
2016-03-14T22:19:10.868-0400: 10.636: Total time for which application threads were stopped: 0.0000734 seconds
2016-03-14T22:19:10.868-0400: 10.636: Total time for which application threads were stopped: 0.0000973 seconds
2016-03-14T22:19:10.868-0400: 10.637: Total time for which application threads were stopped: 0.0000813 seconds
2016-03-14T22:19:10.868-0400: 10.637: Total time for which application threads were stopped: 0.0000707 seconds
2016-03-14T22:19:10.868-0400: 10.637: Total time for which application threads were stopped: 0.0000642 seconds
2016-03-14T22:19:10.868-0400: 10.637: Total time for which application threads were stopped: 0.0000726 seconds
2016-03-14T22:19:10.869-0400: 10.637: Total time for which application threads were stopped: 0.0000772 seconds
2016-03-14T22:19:10.869-0400: 10.637: Total time for which application threads were stopped: 0.0002342 seconds
2016-03-14T22:19:10.869-0400: 10.637: Total time for which application threads were stopped: 0.0000658 seconds
2016-03-14T22:19:10.869-0400: 10.638: Total time for which application threads were stopped: 0.0000718 seconds
2016-03-14T22:19:10.884-0400: 10.653: Total time for which application threads were stopped: 0.0001209 seconds
2016-03-14T22:19:10.885-0400: 10.653: Total time for which application threads were stopped: 0.0000715 seconds
2016-03-14T22:19:10.885-0400: 10.654: Total time for which application threads were stopped: 0.0004151 seconds
2016-03-14T22:19:10.886-0400: 10.654: Total time for which application threads were stopped: 0.0001000 seconds
2016-03-14T22:19:10.886-0400: 10.654: Total time for which application threads were stopped: 0.0000867 seconds
2016-03-14T22:19:10.886-0400: 10.655: Total time for which application threads were stopped: 0.0000935 seconds
2016-03-14T22:19:10.886-0400: 10.655: Total time for which application threads were stopped: 0.0000886 seconds
2016-03-14T22:19:10.887-0400: 10.655: Total time for which application threads were stopped: 0.0000958 seconds
2016-03-14T22:19:10.894-0400: 10.662: Total time for which application threads were stopped: 0.0001505 seconds
2016-03-14T22:19:10.894-0400: 10.662: Total time for which application threads were stopped: 0.0000810 seconds
2016-03-14T22:19:10.894-0400: 10.663: Total time for which application threads were stopped: 0.0000878 seconds
2016-03-14T22:19:10.897-0400: 10.665: Total time for which application threads were stopped: 0.0001315 seconds
2016-03-14T22:19:10.905-0400: 10.673: Total time for which application threads were stopped: 0.0002520 seconds
2016-03-14T22:19:10.905-0400: 10.673: Total time for which application threads were stopped: 0.0001923 seconds
2016-03-14T22:19:10.909-0400: 10.677: Total time for which application threads were stopped: 0.0004006 seconds
2016-03-14T22:19:11.754-0400: 11.522: Total time for which application threads were stopped: 0.0003163 seconds
2016-03-14T22:19:12.754-0400: 12.522: Total time for which application threads were stopped: 0.0002072 seconds
2016-03-14T22:19:29.758-0400: 29.527: Total time for which application threads were stopped: 0.0002592 seconds
2016-03-14T22:19:31.318-0400: 31.087: Total time for which application threads were stopped: 0.0002285 seconds
2016-03-14T22:19:31.331-0400: 31.100: Total time for which application threads were stopped: 0.0002342 seconds
2016-03-14T22:19:31.765-0400: 31.534: Total time for which application threads were stopped: 0.0002539 seconds
2016-03-14T22:19:31.790-0400: 31.559: Total time for which application threads were stopped: 0.0003003 seconds
2016-03-14T22:19:31.824-0400: 31.593: Total time for which application threads were stopped: 0.0002885 seconds
2016-03-14T22:19:31.845-0400: 31.614: Total time for which application threads were stopped: 0.0003296 seconds
2016-03-14T22:19:31.848-0400: 31.617: Total time for which application threads were stopped: 0.0014559 seconds
2016-03-14T22:19:31.899-0400: 31.668: Total time for which application threads were stopped: 0.0002364 seconds
2016-03-14T22:19:32.215-0400: 31.984: Total time for which application threads were stopped: 0.0002889 seconds
2016-03-14T22:19:32.758-0400: 32.526: Total time for which application threads were stopped: 0.0006774 seconds
2016-03-14T22:19:32.760-0400: 32.529: Total time for which application threads were stopped: 0.0002691 seconds
2016-03-14T22:19:32.762-0400: 32.531: Total time for which application threads were stopped: 0.0005375 seconds
2016-03-14T22:19:33.148-0400: 32.917: Total time for which application threads were stopped: 0.0003220 seconds
2016-03-14T22:19:33.367-0400: 33.135: Total time for which application threads were stopped: 0.0004280 seconds
2016-03-14T22:19:34.367-0400: 34.136: Total time for which application threads were stopped: 0.0001771 seconds
2016-03-14T22:19:35.367-0400: 35.136: Total time for which application threads were stopped: 0.0002102 seconds
2016-03-14T22:19:40.369-0400: 40.138: Total time for which application threads were stopped: 0.0002623 seconds
2016-03-14T22:20:11.375-0400: 71.144: Total time for which application threads were stopped: 0.0002288 seconds
2016-03-14T22:20:24.292-0400: 84.060: Total time for which application threads were stopped: 0.0003908 seconds
2016-03-14T22:20:34.294-0400: 94.063: Total time for which application threads were stopped: 0.0002151 seconds
2016-03-14T22:20:56.983-0400: 116.753: Total time for which application threads were stopped: 0.0002349 seconds
2016-03-14T22:20:57.985-0400: 117.754: Total time for which application threads were stopped: 0.0002136 seconds
2016-03-14T22:20:59.248-0400: 119.017: Total time for which application threads were stopped: 0.0001931 seconds
2016-03-14T22:21:00.248-0400: 120.016: Total time for which application threads were stopped: 0.0002342 seconds
2016-03-14T22:21:05.250-0400: 125.019: Total time for which application threads were stopped: 0.0001874 seconds
2016-03-14T22:21:05.843-0400: 125.612: Total time for which application threads were stopped: 0.0002258 seconds
2016-03-14T22:21:05.910-0400: 125.679: Total time for which application threads were stopped: 0.0002642 seconds
2016-03-14T22:21:05.957-0400: 125.726: Total time for which application threads were stopped: 0.0002513 seconds
2016-03-14T22:21:06.056-0400: 125.825: Total time for which application threads were stopped: 0.0002087 seconds
2016-03-14T22:21:06.056-0400: 125.825: Total time for which application threads were stopped: 0.0001194 seconds
2016-03-14T22:21:06.057-0400: 125.826: Total time for which application threads were stopped: 0.0001243 seconds
2016-03-14T22:21:06.057-0400: 125.826: Total time for which application threads were stopped: 0.0001178 seconds
2016-03-14T22:21:06.131-0400: 125.899: Total time for which application threads were stopped: 0.0002068 seconds
2016-03-14T22:21:06.133-0400: 125.901: Total time for which application threads were stopped: 0.0001977 seconds
2016-03-14T22:21:06.133-0400: 125.902: Total time for which application threads were stopped: 0.0001779 seconds
2016-03-14T22:21:06.133-0400: 125.902: Total time for which application threads were stopped: 0.0001745 seconds
2016-03-14T22:21:06.168-0400: 125.936: Total time for which application threads were stopped: 0.0012141 seconds
2016-03-14T22:21:06.356-0400: 126.124: Total time for which application threads were stopped: 0.0002809 seconds
2016-03-14T22:21:06.356-0400: 126.125: Total time for which application threads were stopped: 0.0001726 seconds
2016-03-14T22:21:06.357-0400: 126.125: Total time for which application threads were stopped: 0.0001749 seconds
2016-03-14T22:21:06.357-0400: 126.125: Total time for which application threads were stopped: 0.0001661 seconds
2016-03-14T22:21:06.357-0400: 126.126: Total time for which application threads were stopped: 0.0001638 seconds
2016-03-14T22:21:06.357-0400: 126.126: Total time for which application threads were stopped: 0.0001638 seconds
2016-03-14T22:21:06.358-0400: 126.126: Total time for which application threads were stopped: 0.0001619 seconds
2016-03-14T22:21:06.358-0400: 126.127: Total time for which application threads were stopped: 0.0001608 seconds
2016-03-14T22:21:06.358-0400: 126.127: Total time for which application threads were stopped: 0.0001604 seconds
2016-03-14T22:21:06.359-0400: 126.127: Total time for which application threads were stopped: 0.0001627 seconds
2016-03-14T22:21:06.359-0400: 126.128: Total time for which application threads were stopped: 0.0001631 seconds
2016-03-14T22:21:06.359-0400: 126.128: Total time for which application threads were stopped: 0.0001608 seconds
2016-03-14T22:21:06.360-0400: 126.128: Total time for which application threads were stopped: 0.0002106 seconds
2016-03-14T22:21:06.360-0400: 126.129: Total time for which application threads were stopped: 0.0002516 seconds
2016-03-14T22:21:06.360-0400: 126.129: Total time for which application threads were stopped: 0.0001699 seconds
2016-03-14T22:21:06.361-0400: 126.129: Total time for which application threads were stopped: 0.0001783 seconds
2016-03-14T22:21:06.361-0400: 126.129: Total time for which application threads were stopped: 0.0001756 seconds
2016-03-14T22:21:06.361-0400: 126.130: Total time for which application threads were stopped: 0.0001703 seconds
2016-03-14T22:21:06.361-0400: 126.130: Total time for which application threads were stopped: 0.0001657 seconds
2016-03-14T22:21:06.362-0400: 126.130: Total time for which application threads were stopped: 0.0004668 seconds
2016-03-14T22:21:06.362-0400: 126.131: Total time for which application threads were stopped: 0.0001939 seconds
2016-03-14T22:21:06.372-0400: 126.140: Total time for which application threads were stopped: 0.0001745 seconds
2016-03-14T22:21:06.372-0400: 126.141: Total time for which application threads were stopped: 0.0001437 seconds
2016-03-14T22:21:06.373-0400: 126.141: Total time for which application threads were stopped: 0.0001429 seconds
2016-03-14T22:21:06.375-0400: 126.143: Total time for which application threads were stopped: 0.0001585 seconds
2016-03-14T22:21:06.379-0400: 126.148: Total time for which application threads were stopped: 0.0001524 seconds
2016-03-14T22:21:06.379-0400: 126.148: Total time for which application threads were stopped: 0.0001718 seconds
2016-03-14T22:21:06.380-0400: 126.148: Total time for which application threads were stopped: 0.0001661 seconds
2016-03-14T22:21:06.382-0400: 126.151: Total time for which application threads were stopped: 0.0002053 seconds
2016-03-14T22:21:06.521-0400: 126.290: Total time for which application threads were stopped: 0.0008598 seconds
2016-03-14T22:21:06.999-0400: 126.767: Total time for which application threads were stopped: 0.0003535 seconds
2016-03-14T22:21:06.999-0400: 126.768: Total time for which application threads were stopped: 0.0002015 seconds
2016-03-14T22:21:06.999-0400: 126.768: Total time for which application threads were stopped: 0.0001866 seconds
2016-03-14T22:21:07.002-0400: 126.770: Total time for which application threads were stopped: 0.0002600 seconds
2016-03-14T22:21:08.007-0400: 127.775: Total time for which application threads were stopped: 0.0005097 seconds
2016-03-14T22:21:08.203-0400: 127.972: Total time for which application threads were stopped: 0.0002634 seconds
2016-03-14T22:21:08.224-0400: 127.994: Total time for which application threads were stopped: 0.0003771 seconds
2016-03-14T22:21:09.225-0400: 128.994: Total time for which application threads were stopped: 0.0001942 seconds
2016-03-14T22:21:22.027-0400: 141.796: Total time for which application threads were stopped: 0.0002452 seconds
2016-03-14T22:21:22.691-0400: 142.460: Total time for which application threads were stopped: 0.0004197 seconds
2016-03-14T22:21:22.695-0400: 142.463: Total time for which application threads were stopped: 0.0012867 seconds
2016-03-14T22:21:22.705-0400: 142.474: Total time for which application threads were stopped: 0.0002520 seconds
2016-03-14T22:21:59.852-0400: 179.620: Total time for which application threads were stopped: 0.0002954 seconds
2016-03-14T22:21:59.852-0400: 179.621: Total time for which application threads were stopped: 0.0002193 seconds
2016-03-14T22:21:59.854-0400: 179.623: Total time for which application threads were stopped: 0.0002243 seconds
2016-03-14T22:21:59.855-0400: 179.623: Total time for which application threads were stopped: 0.0002007 seconds
2016-03-14T22:21:59.856-0400: 179.624: Total time for which application threads were stopped: 0.0002216 seconds
2016-03-14T22:21:59.876-0400: 179.644: Total time for which application threads were stopped: 0.0002801 seconds
2016-03-14T22:21:59.877-0400: 179.645: Total time for which application threads were stopped: 0.0002543 seconds
2016-03-14T22:21:59.990-0400: 179.759: Total time for which application threads were stopped: 0.0002060 seconds
2016-03-14T22:21:59.991-0400: 179.760: Total time for which application threads were stopped: 0.0001821 seconds
2016-03-14T22:21:59.992-0400: 179.760: Total time for which application threads were stopped: 0.0001494 seconds
2016-03-14T22:21:59.992-0400: 179.760: Total time for which application threads were stopped: 0.0001836 seconds
2016-03-14T22:21:59.992-0400: 179.761: Total time for which application threads were stopped: 0.0001695 seconds
2016-03-14T22:21:59.992-0400: 179.761: Total time for which application threads were stopped: 0.0001296 seconds
2016-03-14T22:21:59.993-0400: 179.761: Total time for which application threads were stopped: 0.0001855 seconds
2016-03-14T22:21:59.993-0400: 179.761: Total time for which application threads were stopped: 0.0001779 seconds
2016-03-14T22:21:59.993-0400: 179.762: Total time for which application threads were stopped: 0.0001775 seconds
2016-03-14T22:21:59.993-0400: 179.762: Total time for which application threads were stopped: 0.0001197 seconds
2016-03-14T22:21:59.994-0400: 179.762: Total time for which application threads were stopped: 0.0001482 seconds
2016-03-14T22:21:59.994-0400: 179.762: Total time for which application threads were stopped: 0.0001197 seconds
2016-03-14T22:21:59.994-0400: 179.763: Total time for which application threads were stopped: 0.0001243 seconds
2016-03-14T22:21:59.994-0400: 179.763: Total time for which application threads were stopped: 0.0001589 seconds
2016-03-14T22:21:59.995-0400: 179.763: Total time for which application threads were stopped: 0.0001718 seconds
2016-03-14T22:21:59.995-0400: 179.763: Total time for which application threads were stopped: 0.0001224 seconds
2016-03-14T22:21:59.995-0400: 179.764: Total time for which application threads were stopped: 0.0001235 seconds
2016-03-14T22:21:59.995-0400: 179.764: Total time for which application threads were stopped: 0.0001194 seconds
2016-03-14T22:21:59.995-0400: 179.764: Total time for which application threads were stopped: 0.0001190 seconds
2016-03-14T22:21:59.996-0400: 179.764: Total time for which application threads were stopped: 0.0001722 seconds
2016-03-14T22:21:59.996-0400: 179.765: Total time for which application threads were stopped: 0.0004402 seconds
2016-03-14T22:21:59.998-0400: 179.767: Total time for which application threads were stopped: 0.0002239 seconds
2016-03-14T22:21:59.999-0400: 179.767: Total time for which application threads were stopped: 0.0001832 seconds
2016-03-14T22:21:59.999-0400: 179.767: Total time for which application threads were stopped: 0.0002471 seconds
2016-03-14T22:21:59.999-0400: 179.768: Total time for which application threads were stopped: 0.0001194 seconds
2016-03-14T22:22:00.030-0400: 179.798: Total time for which application threads were stopped: 0.0003102 seconds
2016-03-14T22:22:00.030-0400: 179.799: Total time for which application threads were stopped: 0.0001794 seconds
2016-03-14T22:22:00.031-0400: 179.799: Total time for which application threads were stopped: 0.0001946 seconds
2016-03-14T22:22:00.149-0400: 179.918: Total time for which application threads were stopped: 0.0003421 seconds
2016-03-14T22:22:01.150-0400: 180.918: Total time for which application threads were stopped: 0.0002064 seconds
{Heap before GC invocations=11 (full 1):
 par new generation   total 109248K, used 104402K [0x10e00000, 0x18e00000, 0x18e00000)
  eden space 87424K, 100% used [0x10e00000, 0x16360000, 0x16360000)
  from space 21824K,  77% used [0x178b0000, 0x18944a00, 0x18e00000)
  to   space 21824K,   0% used [0x16360000, 0x16360000, 0x178b0000)
 concurrent mark-sweep generation total 393216K, used 5889K [0x18e00000, 0x30e00000, 0x30e00000)
 Metaspace       used 21190K, capacity 21382K, committed 21504K, reserved 21888K
2016-03-14T22:22:04.421-0400: 184.190: [GC (Allocation Failure) 184.190: [ParNew
Desired survivor size 20112996 bytes, new threshold 8 (max 8)
- age   1:    9893352 bytes,    9893352 total
- age   2:        760 bytes,    9894112 total
- age   3:    6964872 bytes,   16858984 total
- age   4:     949432 bytes,   17808416 total
- age   5:      75912 bytes,   17884328 total
- age   6:      83320 bytes,   17967648 total
- age   7:     160304 bytes,   18127952 total
- age   8:     831608 bytes,   18959560 total
: 104402K->21643K(109248K), 0.0593574 secs] 110291K->27746K(502464K), 0.0595949 secs] [Times: user=0.22 sys=0.02, real=0.06 secs] 
Heap after GC invocations=12 (full 1):
 par new generation   total 109248K, used 21643K [0x10e00000, 0x18e00000, 0x18e00000)
  eden space 87424K,   0% used [0x10e00000, 0x10e00000, 0x16360000)
  from space 21824K,  99% used [0x16360000, 0x17882c98, 0x178b0000)
  to   space 21824K,   0% used [0x178b0000, 0x178b0000, 0x18e00000)
 concurrent mark-sweep generation total 393216K, used 6103K [0x18e00000, 0x30e00000, 0x30e00000)
 Metaspace       used 21190K, capacity 21382K, committed 21504K, reserved 21888K
}
2016-03-14T22:22:04.481-0400: 184.250: Total time for which application threads were stopped: 0.0602772 seconds
2016-03-14T22:22:04.534-0400: 184.303: Total time for which application threads were stopped: 0.0002592 seconds
2016-03-14T22:22:04.534-0400: 184.303: Total time for which application threads were stopped: 0.0002646 seconds
2016-03-14T22:22:04.535-0400: 184.304: Total time for which application threads were stopped: 0.0002923 seconds
2016-03-14T22:22:05.535-0400: 185.304: Total time for which application threads were stopped: 0.0002045 seconds
2016-03-14T22:22:06.911-0400: 186.681: Total time for which application threads were stopped: 0.0013730 seconds
2016-03-14T22:22:06.957-0400: 186.725: Total time for which application threads were stopped: 0.0003828 seconds
2016-03-14T22:22:07.017-0400: 186.786: Total time for which application threads were stopped: 0.0004257 seconds
2016-03-14T22:22:07.019-0400: 186.788: Total time for which application threads were stopped: 0.0003581 seconds
2016-03-14T22:22:07.054-0400: 186.823: Total time for which application threads were stopped: 0.0002817 seconds
2016-03-14T22:22:07.060-0400: 186.829: Total time for which application threads were stopped: 0.0007500 seconds
2016-03-14T22:22:07.061-0400: 186.830: Total time for which application threads were stopped: 0.0002767 seconds
2016-03-14T22:22:07.062-0400: 186.831: Total time for which application threads were stopped: 0.0008990 seconds
2016-03-14T22:22:07.064-0400: 186.832: Total time for which application threads were stopped: 0.0006344 seconds
2016-03-14T22:22:07.064-0400: 186.833: Total time for which application threads were stopped: 0.0003337 seconds
2016-03-14T22:22:07.065-0400: 186.834: Total time for which application threads were stopped: 0.0005614 seconds
2016-03-14T22:22:07.066-0400: 186.834: Total time for which application threads were stopped: 0.0002836 seconds
2016-03-14T22:22:07.067-0400: 186.835: Total time for which application threads were stopped: 0.0002676 seconds
2016-03-14T22:22:07.068-0400: 186.837: Total time for which application threads were stopped: 0.0002661 seconds
2016-03-14T22:22:07.069-0400: 186.837: Total time for which application threads were stopped: 0.0002254 seconds
2016-03-14T22:22:07.069-0400: 186.838: Total time for which application threads were stopped: 0.0002357 seconds
2016-03-14T22:22:07.069-0400: 186.838: Total time for which application threads were stopped: 0.0002376 seconds
2016-03-14T22:22:07.104-0400: 186.873: Total time for which application threads were stopped: 0.0003474 seconds
2016-03-14T22:22:07.137-0400: 186.906: Total time for which application threads were stopped: 0.0002786 seconds
2016-03-14T22:22:07.137-0400: 186.906: Total time for which application threads were stopped: 0.0001961 seconds
2016-03-14T22:22:07.212-0400: 186.981: Total time for which application threads were stopped: 0.0004463 seconds
2016-03-14T22:22:07.355-0400: 187.123: Total time for which application threads were stopped: 0.0003151 seconds
2016-03-14T22:22:07.382-0400: 187.150: Total time for which application threads were stopped: 0.0003543 seconds
2016-03-14T22:22:09.777-0400: 189.546: Total time for which application threads were stopped: 0.0002684 seconds
2016-03-14T22:22:11.396-0400: 191.165: Total time for which application threads were stopped: 0.0002790 seconds
2016-03-14T22:22:11.397-0400: 191.166: Total time for which application threads were stopped: 0.0002155 seconds
2016-03-14T22:22:11.401-0400: 191.170: Total time for which application threads were stopped: 0.0004987 seconds
2016-03-14T22:22:11.401-0400: 191.170: Total time for which application threads were stopped: 0.0004478 seconds
2016-03-14T22:22:11.403-0400: 191.172: Total time for which application threads were stopped: 0.0003858 seconds
2016-03-14T22:22:11.404-0400: 191.173: Total time for which application threads were stopped: 0.0002596 seconds
2016-03-14T22:22:11.405-0400: 191.174: Total time for which application threads were stopped: 0.0002471 seconds
2016-03-14T22:22:11.406-0400: 191.174: Total time for which application threads were stopped: 0.0002273 seconds
2016-03-14T22:22:11.406-0400: 191.174: Total time for which application threads were stopped: 0.0002015 seconds
2016-03-14T22:22:11.558-0400: 191.327: Total time for which application threads were stopped: 0.0004136 seconds
2016-03-14T22:22:11.714-0400: 191.483: Total time for which application threads were stopped: 0.0003417 seconds
2016-03-14T22:22:11.714-0400: 191.483: Total time for which application threads were stopped: 0.0002862 seconds
2016-03-14T22:22:11.853-0400: 191.621: Total time for which application threads were stopped: 0.0008218 seconds
2016-03-14T22:22:11.857-0400: 191.626: Total time for which application threads were stopped: 0.0003531 seconds
2016-03-14T22:22:11.861-0400: 191.630: Total time for which application threads were stopped: 0.0003026 seconds
2016-03-14T22:22:11.865-0400: 191.633: Total time for which application threads were stopped: 0.0004333 seconds
2016-03-14T22:22:11.871-0400: 191.639: Total time for which application threads were stopped: 0.0003782 seconds
2016-03-14T22:22:11.874-0400: 191.642: Total time for which application threads were stopped: 0.0003284 seconds
2016-03-14T22:22:11.874-0400: 191.643: Total time for which application threads were stopped: 0.0002691 seconds
2016-03-14T22:22:11.877-0400: 191.645: Total time for which application threads were stopped: 0.0004117 seconds
2016-03-14T22:22:11.878-0400: 191.647: Total time for which application threads were stopped: 0.0003330 seconds
2016-03-14T22:22:12.878-0400: 192.647: Total time for which application threads were stopped: 0.0002539 seconds
2016-03-14T22:22:15.879-0400: 195.647: Total time for which application threads were stopped: 0.0002011 seconds
2016-03-14T22:22:16.856-0400: 196.624: Total time for which application threads were stopped: 0.0005649 seconds
2016-03-14T22:22:17.063-0400: 196.832: Total time for which application threads were stopped: 0.0003022 seconds
2016-03-14T22:22:17.076-0400: 196.844: Total time for which application threads were stopped: 0.0002881 seconds
2016-03-14T22:22:20.922-0400: 200.691: Total time for which application threads were stopped: 0.0002592 seconds
2016-03-14T22:22:21.923-0400: 201.691: Total time for which application threads were stopped: 0.0002285 seconds
{Heap before GC invocations=12 (full 1):
 par new generation   total 109248K, used 109067K [0x10e00000, 0x18e00000, 0x18e00000)
  eden space 87424K, 100% used [0x10e00000, 0x16360000, 0x16360000)
  from space 21824K,  99% used [0x16360000, 0x17882c98, 0x178b0000)
  to   space 21824K,   0% used [0x178b0000, 0x178b0000, 0x18e00000)
 concurrent mark-sweep generation total 393216K, used 6103K [0x18e00000, 0x30e00000, 0x30e00000)
 Metaspace       used 21567K, capacity 21751K, committed 21760K, reserved 21888K
2016-03-14T22:22:24.687-0400: 204.455: [GC (Allocation Failure) 204.455: [ParNew
Desired survivor size 20112996 bytes, new threshold 8 (max 8)
- age   1:     966568 bytes,     966568 total
- age   2:    3697424 bytes,    4663992 total
- age   3:        760 bytes,    4664752 total
- age   4:    6965352 bytes,   11630104 total
- age   5:     949416 bytes,   12579520 total
- age   6:      75912 bytes,   12655432 total
- age   7:      83320 bytes,   12738752 total
- age   8:     160304 bytes,   12899056 total
: 109067K->14939K(109248K), 0.0542558 secs] 115170K->21859K(502464K), 0.0544990 secs] [Times: user=0.19 sys=0.00, real=0.05 secs] 
Heap after GC invocations=13 (full 1):
 par new generation   total 109248K, used 14939K [0x10e00000, 0x18e00000, 0x18e00000)
  eden space 87424K,   0% used [0x10e00000, 0x10e00000, 0x16360000)
  from space 21824K,  68% used [0x178b0000, 0x18746c68, 0x18e00000)
  to   space 21824K,   0% used [0x16360000, 0x16360000, 0x178b0000)
 concurrent mark-sweep generation total 393216K, used 6920K [0x18e00000, 0x30e00000, 0x30e00000)
 Metaspace       used 21567K, capacity 21751K, committed 21760K, reserved 21888K
}
2016-03-14T22:22:24.741-0400: 204.510: Total time for which application threads were stopped: 0.0551239 seconds
2016-03-14T22:22:25.064-0400: 204.833: Total time for which application threads were stopped: 0.0003550 seconds
2016-03-14T22:22:25.252-0400: 205.021: Total time for which application threads were stopped: 0.0003923 seconds
2016-03-14T22:22:25.254-0400: 205.023: Total time for which application threads were stopped: 0.0009594 seconds
2016-03-14T22:22:25.286-0400: 205.055: Total time for which application threads were stopped: 0.0011020 seconds
2016-03-14T22:22:26.286-0400: 206.055: Total time for which application threads were stopped: 0.0002573 seconds
2016-03-14T22:22:31.287-0400: 211.056: Total time for which application threads were stopped: 0.0003296 seconds
2016-03-14T22:22:32.288-0400: 212.057: Total time for which application threads were stopped: 0.0002212 seconds
2016-03-14T22:22:39.290-0400: 219.059: Total time for which application threads were stopped: 0.0002418 seconds
2016-03-14T22:37:32.471-0400: 1112.240: Total time for which application threads were stopped: 0.0003691 seconds
2016-03-14T22:37:32.494-0400: 1112.263: Total time for which application threads were stopped: 0.0002836 seconds
2016-03-14T22:37:42.275-0400: 1122.043: Total time for which application threads were stopped: 0.0002532 seconds
2016-03-14T22:37:43.275-0400: 1123.044: Total time for which application threads were stopped: 0.0002756 seconds
2016-03-14T22:37:55.221-0400: 1134.990: Total time for which application threads were stopped: 0.0002456 seconds
2016-03-14T22:37:56.033-0400: 1135.801: Total time for which application threads were stopped: 0.0005599 seconds
2016-03-14T22:37:56.051-0400: 1135.820: Total time for which application threads were stopped: 0.0003318 seconds
2016-03-14T22:37:56.051-0400: 1135.820: Total time for which application threads were stopped: 0.0002140 seconds
2016-03-14T22:37:57.052-0400: 1136.820: Total time for which application threads were stopped: 0.0002376 seconds
2016-03-14T22:38:00.052-0400: 1139.821: Total time for which application threads were stopped: 0.0002311 seconds
2016-03-14T22:40:25.099-0400: 1284.867: Total time for which application threads were stopped: 0.0002490 seconds
2016-03-14T22:47:26.214-0400: 1705.982: Total time for which application threads were stopped: 0.0002501 seconds
2016-03-14T22:50:56.287-0400: 1916.056: Total time for which application threads were stopped: 0.0003227 seconds
2016-03-14T22:50:58.981-0400: 1918.750: Total time for which application threads were stopped: 0.0002072 seconds
2016-03-14T22:50:59.982-0400: 1919.750: Total time for which application threads were stopped: 0.0002015 seconds
2016-03-14T22:51:09.001-0400: 1928.770: Total time for which application threads were stopped: 0.0003041 seconds
2016-03-14T22:51:09.881-0400: 1929.650: Total time for which application threads were stopped: 0.0005983 seconds
2016-03-14T22:51:17.982-0400: 1937.751: Total time for which application threads were stopped: 0.0003113 seconds
2016-03-14T22:53:00.462-0400: 2040.230: Total time for which application threads were stopped: 0.0004588 seconds
2016-03-14T22:53:01.081-0400: 2040.850: Total time for which application threads were stopped: 0.0004478 seconds
2016-03-14T22:53:01.082-0400: 2040.851: Total time for which application threads were stopped: 0.0004983 seconds
2016-03-14T22:53:02.083-0400: 2041.851: Total time for which application threads were stopped: 0.0001954 seconds
2016-03-14T22:53:11.682-0400: 2051.452: Total time for which application threads were stopped: 0.0005447 seconds
2016-03-14T22:53:12.684-0400: 2052.453: Total time for which application threads were stopped: 0.0002752 seconds
2016-03-14T22:53:14.685-0400: 2054.453: Total time for which application threads were stopped: 0.0002083 seconds
2016-03-14T22:53:15.927-0400: 2055.695: Total time for which application threads were stopped: 0.0008712 seconds
2016-03-14T22:53:15.956-0400: 2055.726: Total time for which application threads were stopped: 0.0007868 seconds
2016-03-14T22:53:15.979-0400: 2055.748: Total time for which application threads were stopped: 0.0007264 seconds
2016-03-14T22:53:15.981-0400: 2055.750: Total time for which application threads were stopped: 0.0012681 seconds
{Heap before GC invocations=13 (full 1):
 par new generation   total 109248K, used 102363K [0x10e00000, 0x18e00000, 0x18e00000)
  eden space 87424K, 100% used [0x10e00000, 0x16360000, 0x16360000)
  from space 21824K,  68% used [0x178b0000, 0x18746c68, 0x18e00000)
  to   space 21824K,   0% used [0x16360000, 0x16360000, 0x178b0000)
 concurrent mark-sweep generation total 393216K, used 6920K [0x18e00000, 0x30e00000, 0x30e00000)
 Metaspace       used 21900K, capacity 22074K, committed 22144K, reserved 22912K
2016-03-14T22:53:16.038-0400: 2055.808: [GC (Allocation Failure) 2055.808: [ParNew
Desired survivor size 20112996 bytes, new threshold 8 (max 8)
- age   1:    2390864 bytes,    2390864 total
- age   2:     302888 bytes,    2693752 total
- age   3:    5922456 bytes,    8616208 total
- age   4:        760 bytes,    8616968 total
- age   5:    6964584 bytes,   15581552 total
- age   6:     949416 bytes,   16530968 total
- age   7:      75912 bytes,   16606880 total
- age   8:      83320 bytes,   16690200 total
: 102363K->21760K(109248K), 0.1470173 secs] 109283K->28838K(502464K), 0.1472842 secs] [Times: user=0.16 sys=0.30, real=0.15 secs] 
Heap after GC invocations=14 (full 1):
 par new generation   total 109248K, used 21760K [0x10e00000, 0x18e00000, 0x18e00000)
  eden space 87424K,   0% used [0x10e00000, 0x10e00000, 0x16360000)
  from space 21824K,  99% used [0x16360000, 0x178a03e8, 0x178b0000)
  to   space 21824K,   0% used [0x178b0000, 0x178b0000, 0x18e00000)
 concurrent mark-sweep generation total 393216K, used 7077K [0x18e00000, 0x30e00000, 0x30e00000)
 Metaspace       used 21900K, capacity 22074K, committed 22144K, reserved 22912K
}
2016-03-14T22:53:16.186-0400: 2055.955: Total time for which application threads were stopped: 0.1483516 seconds
2016-03-14T22:53:16.580-0400: 2056.349: Total time for which application threads were stopped: 0.0006892 seconds
2016-03-14T22:53:16.581-0400: 2056.350: Total time for which application threads were stopped: 0.0003714 seconds
2016-03-14T22:53:16.583-0400: 2056.351: Total time for which application threads were stopped: 0.0002805 seconds
2016-03-14T22:53:16.584-0400: 2056.353: Total time for which application threads were stopped: 0.0003463 seconds
2016-03-14T22:53:16.585-0400: 2056.354: Total time for which application threads were stopped: 0.0002889 seconds
2016-03-14T22:53:16.587-0400: 2056.355: Total time for which application threads were stopped: 0.0004345 seconds
2016-03-14T22:53:16.591-0400: 2056.360: Total time for which application threads were stopped: 0.0004364 seconds
2016-03-14T22:53:16.592-0400: 2056.361: Total time for which application threads were stopped: 0.0003280 seconds
2016-03-14T22:53:16.915-0400: 2056.683: Total time for which application threads were stopped: 0.0003125 seconds
2016-03-14T22:53:16.918-0400: 2056.686: Total time for which application threads were stopped: 0.0002611 seconds
2016-03-14T22:53:20.220-0400: 2059.989: Total time for which application threads were stopped: 0.0001923 seconds
2016-03-14T22:53:20.401-0400: 2060.170: Total time for which application threads were stopped: 0.0028429 seconds
2016-03-14T22:53:20.899-0400: 2060.668: Total time for which application threads were stopped: 0.0002969 seconds
2016-03-14T22:53:27.901-0400: 2067.669: Total time for which application threads were stopped: 0.0002205 seconds
2016-03-14T22:53:32.902-0400: 2072.671: Total time for which application threads were stopped: 0.0003588 seconds
2016-03-14T22:53:35.443-0400: 2075.211: Total time for which application threads were stopped: 0.0008195 seconds
2016-03-14T22:53:35.444-0400: 2075.213: Total time for which application threads were stopped: 0.0006698 seconds
2016-03-14T22:53:35.446-0400: 2075.215: Total time for which application threads were stopped: 0.0004117 seconds
2016-03-14T22:53:35.453-0400: 2075.222: Total time for which application threads were stopped: 0.0009054 seconds
{Heap before GC invocations=14 (full 1):
 par new generation   total 109248K, used 109184K [0x10e00000, 0x18e00000, 0x18e00000)
  eden space 87424K, 100% used [0x10e00000, 0x16360000, 0x16360000)
  from space 21824K,  99% used [0x16360000, 0x178a03e8, 0x178b0000)
  to   space 21824K,   0% used [0x178b0000, 0x178b0000, 0x18e00000)
 concurrent mark-sweep generation total 393216K, used 7077K [0x18e00000, 0x30e00000, 0x30e00000)
 Metaspace       used 22021K, capacity 22214K, committed 22272K, reserved 22912K
2016-03-14T22:53:35.606-0400: 2075.375: [GC (Allocation Failure) 2075.375: [ParNew
Desired survivor size 20112996 bytes, new threshold 8 (max 8)
- age   1:    6285680 bytes,    6285680 total
- age   2:     112392 bytes,    6398072 total
- age   3:     229928 bytes,    6628000 total
- age   4:    3589408 bytes,   10217408 total
- age   5:        760 bytes,   10218168 total
- age   6:    6911400 bytes,   17129568 total
- age   7:     939192 bytes,   18068760 total
- age   8:      71704 bytes,   18140464 total
: 109184K->20690K(109248K), 0.0717117 secs] 116262K->27850K(502464K), 0.0719709 secs] [Times: user=0.17 sys=0.05, real=0.07 secs] 
Heap after GC invocations=15 (full 1):
 par new generation   total 109248K, used 20690K [0x10e00000, 0x18e00000, 0x18e00000)
  eden space 87424K,   0% used [0x10e00000, 0x10e00000, 0x16360000)
  from space 21824K,  94% used [0x178b0000, 0x18ce49f0, 0x18e00000)
  to   space 21824K,   0% used [0x16360000, 0x16360000, 0x178b0000)
 concurrent mark-sweep generation total 393216K, used 7159K [0x18e00000, 0x30e00000, 0x30e00000)
 Metaspace       used 22021K, capacity 22214K, committed 22272K, reserved 22912K
}
2016-03-14T22:53:35.678-0400: 2075.447: Total time for which application threads were stopped: 0.0730808 seconds
2016-03-14T22:53:36.678-0400: 2076.447: Total time for which application threads were stopped: 0.0001669 seconds
2016-03-14T22:53:39.679-0400: 2079.448: Total time for which application threads were stopped: 0.0003261 seconds
2016-03-14T22:53:39.862-0400: 2079.631: Total time for which application threads were stopped: 0.0028634 seconds
2016-03-14T22:53:39.930-0400: 2079.698: Total time for which application threads were stopped: 0.0020257 seconds
2016-03-14T22:53:40.388-0400: 2080.156: Total time for which application threads were stopped: 0.0002973 seconds
2016-03-14T22:53:40.389-0400: 2080.158: Total time for which application threads were stopped: 0.0002988 seconds
2016-03-14T22:53:47.392-0400: 2087.161: Total time for which application threads were stopped: 0.0002277 seconds
2016-03-14T22:53:49.393-0400: 2089.161: Total time for which application threads were stopped: 0.0002030 seconds
2016-03-14T22:53:54.395-0400: 2094.164: Total time for which application threads were stopped: 0.0004968 seconds
2016-03-14T22:53:54.401-0400: 2094.171: Total time for which application threads were stopped: 0.0004105 seconds
2016-03-14T22:54:10.379-0400: 2110.147: Total time for which application threads were stopped: 0.0002741 seconds
{Heap before GC invocations=15 (full 1):
 par new generation   total 109248K, used 108114K [0x10e00000, 0x18e00000, 0x18e00000)
  eden space 87424K, 100% used [0x10e00000, 0x16360000, 0x16360000)
  from space 21824K,  94% used [0x178b0000, 0x18ce49f0, 0x18e00000)
  to   space 21824K,   0% used [0x16360000, 0x16360000, 0x178b0000)
 concurrent mark-sweep generation total 393216K, used 7159K [0x18e00000, 0x30e00000, 0x30e00000)
 Metaspace       used 22098K, capacity 22253K, committed 22272K, reserved 22912K
2016-03-14T22:54:10.402-0400: 2110.171: [GC (Allocation Failure) 2110.171: [ParNew
Desired survivor size 20112996 bytes, new threshold 8 (max 8)
- age   1:     863264 bytes,     863264 total
- age   2:     204136 bytes,    1067400 total
- age   3:      85096 bytes,    1152496 total
- age   4:     229784 bytes,    1382280 total
- age   5:    3589096 bytes,    4971376 total
- age   6:        760 bytes,    4972136 total
- age   7:    6911400 bytes,   11883536 total
- age   8:     939192 bytes,   12822728 total
: 108114K->16402K(109248K), 0.0509552 secs] 115274K->23633K(502464K), 0.0511882 secs] [Times: user=0.13 sys=0.02, real=0.05 secs] 
Heap after GC invocations=16 (full 1):
 par new generation   total 109248K, used 16402K [0x10e00000, 0x18e00000, 0x18e00000)
  eden space 87424K,   0% used [0x10e00000, 0x10e00000, 0x16360000)
  from space 21824K,  75% used [0x16360000, 0x17364b40, 0x178b0000)
  to   space 21824K,   0% used [0x178b0000, 0x178b0000, 0x18e00000)
 concurrent mark-sweep generation total 393216K, used 7230K [0x18e00000, 0x30e00000, 0x30e00000)
 Metaspace       used 22098K, capacity 22253K, committed 22272K, reserved 22912K
}
2016-03-14T22:54:10.454-0400: 2110.223: Total time for which application threads were stopped: 0.0518697 seconds
2016-03-14T22:54:11.454-0400: 2111.222: Total time for which application threads were stopped: 0.0002254 seconds
2016-03-14T22:54:13.454-0400: 2113.223: Total time for which application threads were stopped: 0.0001988 seconds
2016-03-14T22:54:16.455-0400: 2116.224: Total time for which application threads were stopped: 0.0001984 seconds
2016-03-14T22:54:17.455-0400: 2117.224: Total time for which application threads were stopped: 0.0002228 seconds
2016-03-14T22:54:20.456-0400: 2120.224: Total time for which application threads were stopped: 0.0002558 seconds
2016-03-14T22:54:21.456-0400: 2121.225: Total time for which application threads were stopped: 0.0003596 seconds
2016-03-14T22:54:26.458-0400: 2126.227: Total time for which application threads were stopped: 0.0002075 seconds
2016-03-14T22:54:29.458-0400: 2129.227: Total time for which application threads were stopped: 0.0002676 seconds
2016-03-14T22:54:30.462-0400: 2130.231: Total time for which application threads were stopped: 0.0004440 seconds
2016-03-14T22:54:31.462-0400: 2131.231: Total time for which application threads were stopped: 0.0002060 seconds
2016-03-14T22:54:38.464-0400: 2138.233: Total time for which application threads were stopped: 0.0004546 seconds
2016-03-14T22:54:39.464-0400: 2139.233: Total time for which application threads were stopped: 0.0002402 seconds
2016-03-14T22:55:04.472-0400: 2164.241: Total time for which application threads were stopped: 0.0002323 seconds
2016-03-14T22:55:42.685-0400: 2202.453: Total time for which application threads were stopped: 0.0003710 seconds
{Heap before GC invocations=16 (full 1):
 par new generation   total 109248K, used 103826K [0x10e00000, 0x18e00000, 0x18e00000)
  eden space 87424K, 100% used [0x10e00000, 0x16360000, 0x16360000)
  from space 21824K,  75% used [0x16360000, 0x17364b40, 0x178b0000)
  to   space 21824K,   0% used [0x178b0000, 0x178b0000, 0x18e00000)
 concurrent mark-sweep generation total 393216K, used 7230K [0x18e00000, 0x30e00000, 0x30e00000)
 Metaspace       used 22152K, capacity 22381K, committed 22400K, reserved 22912K
2016-03-14T22:55:42.862-0400: 2202.630: [GC (Allocation Failure) 2202.630: [ParNew
Desired survivor size 20112996 bytes, new threshold 8 (max 8)
- age   1:    3314736 bytes,    3314736 total
- age   2:     127232 bytes,    3441968 total
- age   3:     202560 bytes,    3644528 total
- age   4:      85048 bytes,    3729576 total
- age   5:     229784 bytes,    3959360 total
- age   6:    3569856 bytes,    7529216 total
- age   7:        760 bytes,    7529976 total
- age   8:    6911480 bytes,   14441456 total
: 103826K->18128K(109248K), 0.0590491 secs] 111057K->26278K(502464K), 0.0593231 secs] [Times: user=0.20 sys=0.00, real=0.06 secs] 
Heap after GC invocations=17 (full 1):
 par new generation   total 109248K, used 18128K [0x10e00000, 0x18e00000, 0x18e00000)
  eden space 87424K,   0% used [0x10e00000, 0x10e00000, 0x16360000)
  from space 21824K,  83% used [0x178b0000, 0x18a64310, 0x18e00000)
  to   space 21824K,   0% used [0x16360000, 0x16360000, 0x178b0000)
 concurrent mark-sweep generation total 393216K, used 8149K [0x18e00000, 0x30e00000, 0x30e00000)
 Metaspace       used 22152K, capacity 22381K, committed 22400K, reserved 22912K
}
2016-03-14T22:55:42.921-0400: 2202.690: Total time for which application threads were stopped: 0.0602073 seconds
2016-03-14T22:55:43.063-0400: 2202.832: Total time for which application threads were stopped: 0.0003007 seconds
2016-03-14T22:55:43.064-0400: 2202.832: Total time for which application threads were stopped: 0.0002034 seconds
2016-03-14T22:55:43.069-0400: 2202.837: Total time for which application threads were stopped: 0.0003288 seconds
2016-03-14T22:56:33.093-0400: 2252.862: Total time for which application threads were stopped: 0.0003280 seconds
2016-03-14T23:02:54.243-0400: 2634.012: Total time for which application threads were stopped: 0.0033359 seconds
2016-03-14T23:19:19.544-0400: 3619.312: Total time for which application threads were stopped: 0.0032234 seconds
2016-03-14T23:19:48.548-0400: 3648.317: Total time for which application threads were stopped: 0.0002558 seconds
2016-03-14T23:21:49.573-0400: 3769.342: Total time for which application threads were stopped: 0.0002737 seconds
2016-03-14T23:36:34.786-0400: 4654.555: Total time for which application threads were stopped: 0.0033074 seconds
2016-03-14T23:37:34.800-0400: 4714.569: Total time for which application threads were stopped: 0.0002718 seconds
2016-03-14T23:38:04.808-0400: 4744.576: Total time for which application threads were stopped: 0.0007884 seconds
2016-03-15T07:12:19.278-0400: 31999.057: Total time for which application threads were stopped: 0.0008093 seconds
2016-03-15T07:19:19.455-0400: 32419.234: Total time for which application threads were stopped: 0.0041536 seconds
2016-03-15T07:19:49.468-0400: 32449.247: Total time for which application threads were stopped: 0.0003178 seconds
2016-03-15T08:49:01.927-0400: 37801.738: Total time for which application threads were stopped: 0.0011343 seconds
2016-03-15T08:49:02.927-0400: 37802.738: Total time for which application threads were stopped: 0.0003277 seconds
2016-03-15T08:49:03.133-0400: 37802.943: Total time for which application threads were stopped: 0.0001475 seconds
2016-03-15T08:49:03.133-0400: 37802.943: Total time for which application threads were stopped: 0.0000889 seconds
2016-03-15T08:49:03.134-0400: 37802.944: Total time for which application threads were stopped: 0.0002026 seconds
2016-03-15T08:49:48.877-0400: 37848.688: Total time for which application threads were stopped: 0.0000882 seconds
2016-03-15T08:49:52.878-0400: 37852.688: Total time for which application threads were stopped: 0.0000810 seconds
2016-03-15T08:49:55.164-0400: 37854.974: Total time for which application threads were stopped: 0.0001353 seconds
2016-03-15T08:50:03.360-0400: 37863.171: Total time for which application threads were stopped: 0.0000878 seconds
2016-03-15T08:50:04.361-0400: 37864.171: Total time for which application threads were stopped: 0.0000848 seconds
2016-03-15T08:50:07.361-0400: 37867.172: Total time for which application threads were stopped: 0.0000962 seconds
2016-03-15T08:50:08.362-0400: 37868.173: Total time for which application threads were stopped: 0.0000908 seconds
2016-03-15T08:50:09.362-0400: 37869.173: Total time for which application threads were stopped: 0.0001121 seconds
2016-03-15T08:50:10.362-0400: 37870.173: Total time for which application threads were stopped: 0.0001125 seconds
2016-03-15T08:50:11.362-0400: 37871.173: Total time for which application threads were stopped: 0.0001216 seconds
{Heap before GC invocations=17 (full 1):
 par new generation   total 109248K, used 105538K [0x10e00000, 0x18e00000, 0x18e00000)
  eden space 87424K,  99% used [0x10e00000, 0x1635c8e0, 0x16360000)
  from space 21824K,  83% used [0x178b0000, 0x18a64310, 0x18e00000)
  to   space 21824K,   0% used [0x16360000, 0x16360000, 0x178b0000)
 concurrent mark-sweep generation total 393216K, used 8149K [0x18e00000, 0x30e00000, 0x30e00000)
 Metaspace       used 22246K, capacity 22445K, committed 22528K, reserved 22912K
2016-03-15T08:50:15.856-0400: 37875.667: [GC (Allocation Failure) 37875.667: [ParNew
Desired survivor size 20112996 bytes, new threshold 8 (max 8)
- age   1:    2887824 bytes,    2887824 total
- age   2:     264240 bytes,    3152064 total
- age   3:     126080 bytes,    3278144 total
- age   4:     201352 bytes,    3479496 total
- age   5:      83464 bytes,    3562960 total
- age   6:     228600 bytes,    3791560 total
- age   7:    5797432 bytes,    9588992 total
- age   8:        760 bytes,    9589752 total
: 105538K->12435K(109248K), 0.1406317 secs] 113688K->28095K(502464K), 0.1409145 secs] [Times: user=0.22 sys=0.30, real=0.14 secs] 
Heap after GC invocations=18 (full 1):
 par new generation   total 109248K, used 12435K [0x10e00000, 0x18e00000, 0x18e00000)
  eden space 87424K,   0% used [0x10e00000, 0x10e00000, 0x16360000)
  from space 21824K,  56% used [0x16360000, 0x16f84d90, 0x178b0000)
  to   space 21824K,   0% used [0x178b0000, 0x178b0000, 0x18e00000)
 concurrent mark-sweep generation total 393216K, used 15659K [0x18e00000, 0x30e00000, 0x30e00000)
 Metaspace       used 22246K, capacity 22445K, committed 22528K, reserved 22912K
}
2016-03-15T08:50:15.997-0400: 37875.808: Total time for which application threads were stopped: 0.1904708 seconds
2016-03-15T08:50:16.998-0400: 37876.809: Total time for which application threads were stopped: 0.0002912 seconds
2016-03-15T08:50:18.999-0400: 37878.810: Total time for which application threads were stopped: 0.0003645 seconds
2016-03-15T08:50:25.001-0400: 37884.811: Total time for which application threads were stopped: 0.0002684 seconds
2016-03-15T08:50:50.007-0400: 37909.818: Total time for which application threads were stopped: 0.0002539 seconds
2016-03-15T09:11:12.592-0400: 39132.403: Total time for which application threads were stopped: 0.0004307 seconds
2016-03-15T09:11:12.592-0400: 39132.403: Total time for which application threads were stopped: 0.0002532 seconds
2016-03-15T09:11:13.659-0400: 39133.469: Total time for which application threads were stopped: 0.0002608 seconds
2016-03-15T09:11:28.662-0400: 39148.472: Total time for which application threads were stopped: 0.0002623 seconds
2016-03-15T09:11:33.387-0400: 39153.199: Total time for which application threads were stopped: 0.0002843 seconds
2016-03-15T09:11:33.393-0400: 39153.204: Total time for which application threads were stopped: 0.0006158 seconds
2016-03-15T09:13:21.435-0400: 39261.247: Total time for which application threads were stopped: 0.0003592 seconds
2016-03-15T09:13:21.436-0400: 39261.247: Total time for which application threads were stopped: 0.0002900 seconds
2016-03-15T09:13:22.437-0400: 39262.248: Total time for which application threads were stopped: 0.0002551 seconds
2016-03-15T09:13:22.524-0400: 39262.334: Total time for which application threads were stopped: 0.0002881 seconds
{Heap before GC invocations=18 (full 1):
 par new generation   total 109248K, used 99859K [0x10e00000, 0x18e00000, 0x18e00000)
  eden space 87424K, 100% used [0x10e00000, 0x16360000, 0x16360000)
  from space 21824K,  56% used [0x16360000, 0x16f84d90, 0x178b0000)
  to   space 21824K,   0% used [0x178b0000, 0x178b0000, 0x18e00000)
 concurrent mark-sweep generation total 393216K, used 15659K [0x18e00000, 0x30e00000, 0x30e00000)
 Metaspace       used 22272K, capacity 22477K, committed 22528K, reserved 22912K
2016-03-15T09:13:22.552-0400: 39262.364: [GC (Allocation Failure) 39262.364: [ParNew
Desired survivor size 20112996 bytes, new threshold 8 (max 8)
- age   1:    2777176 bytes,    2777176 total
- age   2:      15608 bytes,    2792784 total
- age   3:     263872 bytes,    3056656 total
- age   4:     125952 bytes,    3182608 total
- age   5:     200968 bytes,    3383576 total
- age   6:      83464 bytes,    3467040 total
- age   7:     208040 bytes,    3675080 total
- age   8:    5797432 bytes,    9472512 total
: 99859K->10091K(109248K), 0.0227852 secs] 115519K->25752K(502464K), 0.0230285 secs] [Times: user=0.08 sys=0.00, real=0.02 secs] 
Heap after GC invocations=19 (full 1):
 par new generation   total 109248K, used 10091K [0x10e00000, 0x18e00000, 0x18e00000)
  eden space 87424K,   0% used [0x10e00000, 0x10e00000, 0x16360000)
  from space 21824K,  46% used [0x178b0000, 0x1828af60, 0x18e00000)
  to   space 21824K,   0% used [0x16360000, 0x16360000, 0x178b0000)
 concurrent mark-sweep generation total 393216K, used 15660K [0x18e00000, 0x30e00000, 0x30e00000)
 Metaspace       used 22272K, capacity 22477K, committed 22528K, reserved 22912K
}
2016-03-15T09:13:22.576-0400: 39262.387: Total time for which application threads were stopped: 0.0238260 seconds
2016-03-15T09:13:24.576-0400: 39264.387: Total time for which application threads were stopped: 0.0002615 seconds
2016-03-15T09:13:25.576-0400: 39265.386: Total time for which application threads were stopped: 0.0002045 seconds
2016-03-15T09:13:27.577-0400: 39267.388: Total time for which application threads were stopped: 0.0005078 seconds
2016-03-15T09:13:27.750-0400: 39267.561: Total time for which application threads were stopped: 0.0003349 seconds
2016-03-15T09:13:27.766-0400: 39267.576: Total time for which application threads were stopped: 0.0003147 seconds
2016-03-15T09:13:36.643-0400: 39276.454: Total time for which application threads were stopped: 0.0003680 seconds
2016-03-15T09:13:51.650-0400: 39291.461: Total time for which application threads were stopped: 0.0002885 seconds
2016-03-15T09:14:34.658-0400: 39334.468: Total time for which application threads were stopped: 0.0002155 seconds
2016-03-15T09:14:41.658-0400: 39341.469: Total time for which application threads were stopped: 0.0002239 seconds
2016-03-15T09:14:44.016-0400: 39343.827: Total time for which application threads were stopped: 0.0002992 seconds
2016-03-15T09:14:45.201-0400: 39345.012: Total time for which application threads were stopped: 0.0002562 seconds
2016-03-15T09:14:50.202-0400: 39350.013: Total time for which application threads were stopped: 0.0005626 seconds
2016-03-15T09:17:38.366-0400: 39518.177: Total time for which application threads were stopped: 0.0003702 seconds
2016-03-15T09:17:38.366-0400: 39518.178: Total time for which application threads were stopped: 0.0002615 seconds
2016-03-15T09:17:38.709-0400: 39518.519: Total time for which application threads were stopped: 0.0002878 seconds
{Heap before GC invocations=19 (full 1):
 par new generation   total 109248K, used 97515K [0x10e00000, 0x18e00000, 0x18e00000)
  eden space 87424K, 100% used [0x10e00000, 0x16360000, 0x16360000)
  from space 21824K,  46% used [0x178b0000, 0x1828af60, 0x18e00000)
  to   space 21824K,   0% used [0x16360000, 0x16360000, 0x178b0000)
 concurrent mark-sweep generation total 393216K, used 15660K [0x18e00000, 0x30e00000, 0x30e00000)
 Metaspace       used 22318K, capacity 22512K, committed 22528K, reserved 22912K
2016-03-15T09:17:46.032-0400: 39525.843: [GC (Allocation Failure) 39525.844: [ParNew
Desired survivor size 20112996 bytes, new threshold 8 (max 8)
- age   1:     598840 bytes,     598840 total
- age   2:      62688 bytes,     661528 total
- age   3:      14592 bytes,     676120 total
- age   4:     263808 bytes,     939928 total
- age   5:     125920 bytes,    1065848 total
- age   6:     200968 bytes,    1266816 total
- age   7:      83464 bytes,    1350280 total
- age   8:     208008 bytes,    1558288 total
: 97515K->4391K(109248K), 0.0246824 secs] 113176K->23546K(502464K), 0.0251678 secs] [Times: user=0.06 sys=0.00, real=0.03 secs] 
Heap after GC invocations=20 (full 1):
 par new generation   total 109248K, used 4391K [0x10e00000, 0x18e00000, 0x18e00000)
  eden space 87424K,   0% used [0x10e00000, 0x10e00000, 0x16360000)
  from space 21824K,  20% used [0x16360000, 0x167a9d60, 0x178b0000)
  to   space 21824K,   0% used [0x178b0000, 0x178b0000, 0x18e00000)
 concurrent mark-sweep generation total 393216K, used 19154K [0x18e00000, 0x30e00000, 0x30e00000)
 Metaspace       used 22318K, capacity 22512K, committed 22528K, reserved 22912K
}
2016-03-15T09:17:46.058-0400: 39525.869: Total time for which application threads were stopped: 0.0260934 seconds
2016-03-15T09:17:46.261-0400: 39526.071: Total time for which application threads were stopped: 0.0007169 seconds
2016-03-15T09:17:46.268-0400: 39526.078: Total time for which application threads were stopped: 0.0002916 seconds
2016-03-15T09:20:23.601-0400: 39683.412: Total time for which application threads were stopped: 0.0003182 seconds
2016-03-15T09:20:23.602-0400: 39683.413: Total time for which application threads were stopped: 0.0003098 seconds
2016-03-15T09:20:24.237-0400: 39684.048: Total time for which application threads were stopped: 0.0002121 seconds
2016-03-15T09:20:25.237-0400: 39685.047: Total time for which application threads were stopped: 0.0002562 seconds
2016-03-15T09:20:28.162-0400: 39687.973: Total time for which application threads were stopped: 0.0003079 seconds
2016-03-15T09:20:28.169-0400: 39687.980: Total time for which application threads were stopped: 0.0003566 seconds
2016-03-15T09:20:58.254-0400: 39718.064: Total time for which application threads were stopped: 0.0002497 seconds
2016-03-15T09:20:59.254-0400: 39719.064: Total time for which application threads were stopped: 0.0002402 seconds
2016-03-15T09:21:30.262-0400: 39750.073: Total time for which application threads were stopped: 0.0002353 seconds
2016-03-15T09:21:35.264-0400: 39755.075: Total time for which application threads were stopped: 0.0002300 seconds
2016-03-15T09:21:36.265-0400: 39756.076: Total time for which application threads were stopped: 0.0004649 seconds
{Heap before GC invocations=20 (full 1):
 par new generation   total 109248K, used 91815K [0x10e00000, 0x18e00000, 0x18e00000)
  eden space 87424K, 100% used [0x10e00000, 0x16360000, 0x16360000)
  from space 21824K,  20% used [0x16360000, 0x167a9d60, 0x178b0000)
  to   space 21824K,   0% used [0x178b0000, 0x178b0000, 0x18e00000)
 concurrent mark-sweep generation total 393216K, used 19154K [0x18e00000, 0x30e00000, 0x30e00000)
 Metaspace       used 22378K, capacity 22610K, committed 22656K, reserved 22912K
2016-03-15T09:21:36.266-0400: 39756.077: [GC (Allocation Failure) 39756.077: [ParNew
Desired survivor size 20112996 bytes, new threshold 8 (max 8)
- age   1:    1075616 bytes,    1075616 total
- age   2:      46416 bytes,    1122032 total
- age   3:      62312 bytes,    1184344 total
- age   4:      14592 bytes,    1198936 total
- age   5:     237240 bytes,    1436176 total
- age   6:     125920 bytes,    1562096 total
- age   7:     200968 bytes,    1763064 total
- age   8:      83464 bytes,    1846528 total
: 91815K->2354K(109248K), 0.0166622 secs] 110970K->21712K(502464K), 0.0168774 secs] [Times: user=0.05 sys=0.00, real=0.02 secs] 
Heap after GC invocations=21 (full 1):
 par new generation   total 109248K, used 2354K [0x10e00000, 0x18e00000, 0x18e00000)
  eden space 87424K,   0% used [0x10e00000, 0x10e00000, 0x16360000)
  from space 21824K,  10% used [0x178b0000, 0x17afc9a8, 0x18e00000)
  to   space 21824K,   0% used [0x16360000, 0x16360000, 0x178b0000)
 concurrent mark-sweep generation total 393216K, used 19358K [0x18e00000, 0x30e00000, 0x30e00000)
 Metaspace       used 22378K, capacity 22610K, committed 22656K, reserved 22912K
}
2016-03-15T09:21:36.283-0400: 39756.094: Total time for which application threads were stopped: 0.0173772 seconds
2016-03-15T09:22:32.607-0400: 39812.417: Total time for which application threads were stopped: 0.0004140 seconds
2016-03-15T09:22:32.607-0400: 39812.418: Total time for which application threads were stopped: 0.0002372 seconds
2016-03-15T09:22:35.253-0400: 39815.065: Total time for which application threads were stopped: 0.0002684 seconds
2016-03-15T09:22:41.257-0400: 39821.068: Total time for which application threads were stopped: 0.0002030 seconds
2016-03-15T09:22:43.257-0400: 39823.068: Total time for which application threads were stopped: 0.0002018 seconds
2016-03-15T09:22:44.258-0400: 39824.068: Total time for which application threads were stopped: 0.0002615 seconds
2016-03-15T09:22:46.253-0400: 39826.064: Total time for which application threads were stopped: 0.0006968 seconds
2016-03-15T09:22:46.312-0400: 39826.122: Total time for which application threads were stopped: 0.0003144 seconds
2016-03-15T09:22:47.312-0400: 39827.123: Total time for which application threads were stopped: 0.0001939 seconds
2016-03-15T09:22:49.045-0400: 39828.856: Total time for which application threads were stopped: 0.0003756 seconds
2016-03-15T09:23:06.568-0400: 39846.379: Total time for which application threads were stopped: 0.0003223 seconds
{Heap before GC invocations=21 (full 1):
 par new generation   total 109248K, used 89778K [0x10e00000, 0x18e00000, 0x18e00000)
  eden space 87424K, 100% used [0x10e00000, 0x16360000, 0x16360000)
  from space 21824K,  10% used [0x178b0000, 0x17afc9a8, 0x18e00000)
  to   space 21824K,   0% used [0x16360000, 0x16360000, 0x178b0000)
 concurrent mark-sweep generation total 393216K, used 19358K [0x18e00000, 0x30e00000, 0x30e00000)
 Metaspace       used 22427K, capacity 22642K, committed 22656K, reserved 22912K
2016-03-15T09:23:14.346-0400: 39854.156: [GC (Allocation Failure) 39854.157: [ParNew
Desired survivor size 20112996 bytes, new threshold 8 (max 8)
- age   1:    2624808 bytes,    2624808 total
- age   2:     450872 bytes,    3075680 total
- age   3:      46280 bytes,    3121960 total
- age   4:      62312 bytes,    3184272 total
- age   5:      14592 bytes,    3198864 total
- age   6:     237240 bytes,    3436104 total
- age   7:     125920 bytes,    3562024 total
- age   8:     200968 bytes,    3762992 total
: 89778K->4405K(109248K), 0.0177208 secs] 109136K->23845K(502464K), 0.0179599 secs] [Times: user=0.05 sys=0.02, real=0.02 secs] 
Heap after GC invocations=22 (full 1):
 par new generation   total 109248K, used 4405K [0x10e00000, 0x18e00000, 0x18e00000)
  eden space 87424K,   0% used [0x10e00000, 0x10e00000, 0x16360000)
  from space 21824K,  20% used [0x16360000, 0x167ad650, 0x178b0000)
  to   space 21824K,   0% used [0x178b0000, 0x178b0000, 0x18e00000)
 concurrent mark-sweep generation total 393216K, used 19439K [0x18e00000, 0x30e00000, 0x30e00000)
 Metaspace       used 22427K, capacity 22642K, committed 22656K, reserved 22912K
}
2016-03-15T09:23:14.364-0400: 39854.175: Total time for which application threads were stopped: 0.0186799 seconds
2016-03-15T09:23:16.364-0400: 39856.175: Total time for which application threads were stopped: 0.0003170 seconds
2016-03-15T09:24:20.802-0400: 39920.612: Total time for which application threads were stopped: 0.0003900 seconds
2016-03-15T09:24:20.802-0400: 39920.613: Total time for which application threads were stopped: 0.0002942 seconds
2016-03-15T09:24:21.048-0400: 39920.859: Total time for which application threads were stopped: 0.0003041 seconds
2016-03-15T09:24:21.073-0400: 39920.884: Total time for which application threads were stopped: 0.0004801 seconds
2016-03-15T09:24:22.073-0400: 39921.884: Total time for which application threads were stopped: 0.0002087 seconds
2016-03-15T09:26:59.440-0400: 40079.251: Total time for which application threads were stopped: 0.0003429 seconds
2016-03-15T09:27:00.440-0400: 40080.250: Total time for which application threads were stopped: 0.0002319 seconds
2016-03-15T09:27:07.184-0400: 40086.995: Total time for which application threads were stopped: 0.0003467 seconds
2016-03-15T09:27:07.186-0400: 40086.997: Total time for which application threads were stopped: 0.0002733 seconds
2016-03-15T09:27:07.193-0400: 40087.003: Total time for which application threads were stopped: 0.0002364 seconds
2016-03-15T09:27:07.363-0400: 40087.174: Total time for which application threads were stopped: 0.0004041 seconds
2016-03-15T09:27:07.364-0400: 40087.175: Total time for which application threads were stopped: 0.0002509 seconds
2016-03-15T09:27:07.382-0400: 40087.192: Total time for which application threads were stopped: 0.0002482 seconds
2016-03-15T09:27:07.382-0400: 40087.192: Total time for which application threads were stopped: 0.0002068 seconds
2016-03-15T09:27:07.395-0400: 40087.206: Total time for which application threads were stopped: 0.0005249 seconds
2016-03-15T09:27:07.395-0400: 40087.206: Total time for which application threads were stopped: 0.0002459 seconds
2016-03-15T09:27:07.396-0400: 40087.207: Total time for which application threads were stopped: 0.0003360 seconds
2016-03-15T09:27:07.497-0400: 40087.308: Total time for which application threads were stopped: 0.0004694 seconds
2016-03-15T09:27:07.504-0400: 40087.315: Total time for which application threads were stopped: 0.0002676 seconds
2016-03-15T09:27:07.519-0400: 40087.330: Total time for which application threads were stopped: 0.0002904 seconds
2016-03-15T09:27:07.519-0400: 40087.331: Total time for which application threads were stopped: 0.0001885 seconds
2016-03-15T09:27:07.523-0400: 40087.334: Total time for which application threads were stopped: 0.0003858 seconds
2016-03-15T09:27:07.530-0400: 40087.341: Total time for which application threads were stopped: 0.0002589 seconds
2016-03-15T09:27:07.531-0400: 40087.342: Total time for which application threads were stopped: 0.0005725 seconds
2016-03-15T09:27:07.542-0400: 40087.353: Total time for which application threads were stopped: 0.0003033 seconds
2016-03-15T09:27:08.315-0400: 40088.126: Total time for which application threads were stopped: 0.0002718 seconds
2016-03-15T09:27:08.324-0400: 40088.135: Total time for which application threads were stopped: 0.0002117 seconds
2016-03-15T09:27:09.325-0400: 40089.135: Total time for which application threads were stopped: 0.0005554 seconds
2016-03-15T09:27:10.325-0400: 40090.136: Total time for which application threads were stopped: 0.0002687 seconds
2016-03-15T09:27:10.479-0400: 40090.290: Total time for which application threads were stopped: 0.0003372 seconds
2016-03-15T09:27:10.499-0400: 40090.310: Total time for which application threads were stopped: 0.0005899 seconds
2016-03-15T09:27:10.525-0400: 40090.336: Total time for which application threads were stopped: 0.0003862 seconds
2016-03-15T09:27:10.564-0400: 40090.375: Total time for which application threads were stopped: 0.0003277 seconds
2016-03-15T09:27:11.564-0400: 40091.375: Total time for which application threads were stopped: 0.0002976 seconds
2016-03-15T09:27:32.571-0400: 40112.381: Total time for which application threads were stopped: 0.0003839 seconds
2016-03-15T09:27:33.571-0400: 40113.382: Total time for which application threads were stopped: 0.0002615 seconds
2016-03-15T13:35:56.684-0400: 55016.508: Total time for which application threads were stopped: 0.0002011 seconds
2016-03-15T13:36:02.534-0400: 55022.357: Total time for which application threads were stopped: 0.0001228 seconds
2016-03-15T13:36:02.644-0400: 55022.468: Total time for which application threads were stopped: 0.0002406 seconds
2016-03-15T13:36:02.649-0400: 55022.472: Total time for which application threads were stopped: 0.0001114 seconds
2016-03-15T13:36:02.649-0400: 55022.473: Total time for which application threads were stopped: 0.0000855 seconds
{Heap before GC invocations=22 (full 1):
 par new generation   total 109248K, used 91829K [0x10e00000, 0x18e00000, 0x18e00000)
  eden space 87424K, 100% used [0x10e00000, 0x16360000, 0x16360000)
  from space 21824K,  20% used [0x16360000, 0x167ad650, 0x178b0000)
  to   space 21824K,   0% used [0x178b0000, 0x178b0000, 0x18e00000)
 concurrent mark-sweep generation total 393216K, used 19439K [0x18e00000, 0x30e00000, 0x30e00000)
 Metaspace       used 23469K, capacity 23712K, committed 23808K, reserved 23936K
2016-03-15T13:36:37.245-0400: 55057.070: [GC (Allocation Failure) 55057.070: [ParNew
Desired survivor size 20112996 bytes, new threshold 8 (max 8)
- age   1:    1609136 bytes,    1609136 total
- age   2:      31912 bytes,    1641048 total
- age   3:     449744 bytes,    2090792 total
- age   4:      44456 bytes,    2135248 total
- age   5:      60904 bytes,    2196152 total
- age   6:       6416 bytes,    2202568 total
- age   7:     236904 bytes,    2439472 total
- age   8:     125648 bytes,    2565120 total
: 91829K->3590K(109248K), 0.0056360 secs] 111269K->23205K(502464K), 0.0057208 secs] [Times: user=0.00 sys=0.00, real=0.01 secs] 
Heap after GC invocations=23 (full 1):
 par new generation   total 109248K, used 3590K [0x10e00000, 0x18e00000, 0x18e00000)
  eden space 87424K,   0% used [0x10e00000, 0x10e00000, 0x16360000)
  from space 21824K,  16% used [0x178b0000, 0x17c31aa8, 0x18e00000)
  to   space 21824K,   0% used [0x16360000, 0x16360000, 0x178b0000)
 concurrent mark-sweep generation total 393216K, used 19614K [0x18e00000, 0x30e00000, 0x30e00000)
 Metaspace       used 23469K, capacity 23712K, committed 23808K, reserved 23936K
}
2016-03-15T13:36:37.251-0400: 55057.075: Total time for which application threads were stopped: 0.0059573 seconds
2016-03-15T13:36:37.319-0400: 55057.143: Total time for which application threads were stopped: 0.0002782 seconds
2016-03-15T13:36:37.319-0400: 55057.143: Total time for which application threads were stopped: 0.0000734 seconds
2016-03-15T13:36:37.320-0400: 55057.144: Total time for which application threads were stopped: 0.0000943 seconds
2016-03-15T13:36:37.372-0400: 55057.197: Total time for which application threads were stopped: 0.0001958 seconds
2016-03-15T13:37:41.402-0400: 55121.226: Total time for which application threads were stopped: 0.0003729 seconds
2016-03-15T13:37:41.402-0400: 55121.226: Total time for which application threads were stopped: 0.0002897 seconds
2016-03-15T13:38:15.112-0400: 55154.936: Total time for which application threads were stopped: 0.0002060 seconds
2016-03-15T13:38:23.615-0400: 55163.438: Total time for which application threads were stopped: 0.0005592 seconds
2016-03-15T13:38:23.708-0400: 55163.532: Total time for which application threads were stopped: 0.0004409 seconds
2016-03-15T13:38:23.930-0400: 55163.754: Total time for which application threads were stopped: 0.0004938 seconds
2016-03-15T13:38:23.931-0400: 55163.755: Total time for which application threads were stopped: 0.0003128 seconds
2016-03-15T13:38:23.932-0400: 55163.756: Total time for which application threads were stopped: 0.0007188 seconds
2016-03-15T13:38:23.938-0400: 55163.761: Total time for which application threads were stopped: 0.0005211 seconds
2016-03-15T13:38:23.938-0400: 55163.762: Total time for which application threads were stopped: 0.0003911 seconds
2016-03-15T13:38:23.939-0400: 55163.763: Total time for which application threads were stopped: 0.0003068 seconds
2016-03-15T13:38:23.940-0400: 55163.764: Total time for which application threads were stopped: 0.0003410 seconds
2016-03-15T13:38:23.941-0400: 55163.765: Total time for which application threads were stopped: 0.0003098 seconds
2016-03-15T13:38:23.943-0400: 55163.766: Total time for which application threads were stopped: 0.0004379 seconds
2016-03-15T13:38:24.082-0400: 55163.906: Total time for which application threads were stopped: 0.0002904 seconds
2016-03-15T13:38:24.094-0400: 55163.918: Total time for which application threads were stopped: 0.0003710 seconds
2016-03-15T13:38:32.755-0400: 55172.579: Total time for which application threads were stopped: 0.0002775 seconds
{Heap before GC invocations=23 (full 1):
 par new generation   total 109248K, used 91014K [0x10e00000, 0x18e00000, 0x18e00000)
  eden space 87424K, 100% used [0x10e00000, 0x16360000, 0x16360000)
  from space 21824K,  16% used [0x178b0000, 0x17c31aa8, 0x18e00000)
  to   space 21824K,   0% used [0x16360000, 0x16360000, 0x178b0000)
 concurrent mark-sweep generation total 393216K, used 19614K [0x18e00000, 0x30e00000, 0x30e00000)
 Metaspace       used 23501K, capacity 23712K, committed 23808K, reserved 23936K
2016-03-15T13:38:35.839-0400: 55175.663: [GC (Allocation Failure) 55175.663: [ParNew
Desired survivor size 20112996 bytes, new threshold 8 (max 8)
- age   1:     878920 bytes,     878920 total
- age   2:     281512 bytes,    1160432 total
- age   3:      28568 bytes,    1189000 total
- age   4:     438352 bytes,    1627352 total
- age   5:      44424 bytes,    1671776 total
- age   6:      60904 bytes,    1732680 total
- age   7:       6416 bytes,    1739096 total
- age   8:     236904 bytes,    1976000 total
: 91014K->2900K(109248K), 0.0163467 secs] 110629K->22619K(502464K), 0.0165755 secs] [Times: user=0.00 sys=0.00, real=0.02 secs] 
