Java HotSpot(TM) Server VM (25.31-b07) for windows-x86 JRE (1.8.0_31-b13), built on Dec 17 2014 20:43:10 by "java_re" with MS VC++ 10.0 (VS2010)
Memory: 4k page, physical 3318796k(1364448k free), swap 6726668k(4235636k free)
CommandLine flags: -XX:CMSInitiatingOccupancyFraction=50 -XX:CMSMaxAbortablePrecleanTime=6000 -XX:+CMSParallelRemarkEnabled -XX:+CMSScavengeBeforeRemark -XX:ConcGCThreads=4 -XX:InitialHeapSize=536870912 -XX:MaxHeapSize=536870912 -XX:MaxTenuringThreshold=8 -XX:NewRatio=3 -XX:OldPLABSize=16 -XX:ParallelGCThreads=4 -XX:+ParallelRefProcEnabled -XX:PretenureSizeThreshold=67108864 -XX:+PrintGC -XX:+PrintGCApplicationStoppedTime -XX:+PrintGCDateStamps -XX:+PrintGCDetails -XX:+PrintGCTimeStamps -XX:+PrintHeapAtGC -XX:+PrintTenuringDistribution -XX:SurvivorRatio=4 -XX:TargetSurvivorRatio=90 -XX:ThreadStackSize=256 -XX:+UseCMSInitiatingOccupancyOnly -XX:+UseConcMarkSweepGC -XX:-UseLargePagesIndividualAllocation -XX:+UseParNewGC 
2016-03-10T09:06:05.297-0500: 1.120: Total time for which application threads were stopped: 0.0001961 seconds
2016-03-10T09:06:05.859-0500: 1.683: Total time for which application threads were stopped: 0.0001779 seconds
2016-03-10T09:06:06.860-0500: 2.683: Total time for which application threads were stopped: 0.0002197 seconds
2016-03-10T09:06:08.482-0500: 4.306: Total time for which application threads were stopped: 0.0002357 seconds
2016-03-10T09:06:09.483-0500: 5.306: Total time for which application threads were stopped: 0.0001551 seconds
2016-03-10T09:06:10.484-0500: 6.307: Total time for which application threads were stopped: 0.0001783 seconds
2016-03-10T09:06:10.795-0500: 6.619: Total time for which application threads were stopped: 0.0002524 seconds
2016-03-10T09:06:11.795-0500: 7.618: Total time for which application threads were stopped: 0.0001627 seconds
2016-03-10T09:06:12.795-0500: 8.619: Total time for which application threads were stopped: 0.0003402 seconds
2016-03-10T09:06:13.795-0500: 9.619: Total time for which application threads were stopped: 0.0001980 seconds
2016-03-10T09:06:14.189-0500: 10.013: Total time for which application threads were stopped: 0.0002224 seconds
2016-03-10T09:06:14.191-0500: 10.015: Total time for which application threads were stopped: 0.0002075 seconds
2016-03-10T09:06:14.191-0500: 10.015: Total time for which application threads were stopped: 0.0001730 seconds
2016-03-10T09:06:14.281-0500: 10.104: Total time for which application threads were stopped: 0.0002577 seconds
2016-03-10T09:06:14.934-0500: 10.757: Total time for which application threads were stopped: 0.0003699 seconds
2016-03-10T09:06:15.024-0500: 10.847: Total time for which application threads were stopped: 0.0003820 seconds
2016-03-10T09:06:15.327-0500: 11.151: Total time for which application threads were stopped: 0.0003379 seconds
2016-03-10T09:06:16.328-0500: 12.151: Total time for which application threads were stopped: 0.0003258 seconds
{Heap before GC invocations=0 (full 0):
 par new generation   total 109248K, used 87424K [0x10c00000, 0x18c00000, 0x18c00000)
  eden space 87424K, 100% used [0x10c00000, 0x16160000, 0x16160000)
  from space 21824K,   0% used [0x16160000, 0x16160000, 0x176b0000)
  to   space 21824K,   0% used [0x176b0000, 0x176b0000, 0x18c00000)
 concurrent mark-sweep generation total 393216K, used 0K [0x18c00000, 0x30c00000, 0x30c00000)
 Metaspace       used 6663K, capacity 6706K, committed 6784K, reserved 7552K
2016-03-10T09:06:17.247-0500: 13.071: [GC (Allocation Failure) 13.071: [ParNew
Desired survivor size 20112996 bytes, new threshold 8 (max 8)
- age   1:    4945176 bytes,    4945176 total
: 87424K->4866K(109248K), 0.0205083 secs] 87424K->4866K(502464K), 0.0209511 secs] [Times: user=0.06 sys=0.00, real=0.02 secs] 
Heap after GC invocations=1 (full 0):
 par new generation   total 109248K, used 4866K [0x10c00000, 0x18c00000, 0x18c00000)
  eden space 87424K,   0% used [0x10c00000, 0x10c00000, 0x16160000)
  from space 21824K,  22% used [0x176b0000, 0x17b709a8, 0x18c00000)
  to   space 21824K,   0% used [0x16160000, 0x16160000, 0x176b0000)
 concurrent mark-sweep generation total 393216K, used 0K [0x18c00000, 0x30c00000, 0x30c00000)
 Metaspace       used 6663K, capacity 6706K, committed 6784K, reserved 7552K
}
2016-03-10T09:06:17.268-0500: 13.092: Total time for which application threads were stopped: 0.0213856 seconds
2016-03-10T09:06:17.270-0500: 13.093: Total time for which application threads were stopped: 0.0002767 seconds
2016-03-10T09:06:17.270-0500: 13.094: Total time for which application threads were stopped: 0.0002174 seconds
2016-03-10T09:06:17.271-0500: 13.095: Total time for which application threads were stopped: 0.0002106 seconds
2016-03-10T09:06:17.272-0500: 13.096: Total time for which application threads were stopped: 0.0002159 seconds
2016-03-10T09:06:17.274-0500: 13.097: Total time for which application threads were stopped: 0.0001631 seconds
2016-03-10T09:06:17.275-0500: 13.098: Total time for which application threads were stopped: 0.0001730 seconds
2016-03-10T09:06:17.275-0500: 13.098: Total time for which application threads were stopped: 0.0002064 seconds
2016-03-10T09:06:17.275-0500: 13.099: Total time for which application threads were stopped: 0.0001889 seconds
2016-03-10T09:06:17.275-0500: 13.099: Total time for which application threads were stopped: 0.0002311 seconds
2016-03-10T09:06:17.276-0500: 13.099: Total time for which application threads were stopped: 0.0001570 seconds
2016-03-10T09:06:17.276-0500: 13.100: Total time for which application threads were stopped: 0.0002015 seconds
2016-03-10T09:06:17.276-0500: 13.100: Total time for which application threads were stopped: 0.0001463 seconds
2016-03-10T09:06:17.277-0500: 13.100: Total time for which application threads were stopped: 0.0001977 seconds
2016-03-10T09:06:17.277-0500: 13.100: Total time for which application threads were stopped: 0.0001616 seconds
2016-03-10T09:06:17.277-0500: 13.101: Total time for which application threads were stopped: 0.0001749 seconds
2016-03-10T09:06:17.277-0500: 13.101: Total time for which application threads were stopped: 0.0001482 seconds
2016-03-10T09:06:17.277-0500: 13.101: Total time for which application threads were stopped: 0.0001931 seconds
2016-03-10T09:06:17.278-0500: 13.101: Total time for which application threads were stopped: 0.0002604 seconds
2016-03-10T09:06:17.278-0500: 13.102: Total time for which application threads were stopped: 0.0001931 seconds
2016-03-10T09:06:17.278-0500: 13.102: Total time for which application threads were stopped: 0.0001635 seconds
2016-03-10T09:06:17.278-0500: 13.102: Total time for which application threads were stopped: 0.0001338 seconds
2016-03-10T09:06:17.279-0500: 13.102: Total time for which application threads were stopped: 0.0002368 seconds
2016-03-10T09:06:17.279-0500: 13.103: Total time for which application threads were stopped: 0.0001904 seconds
2016-03-10T09:06:17.279-0500: 13.103: Total time for which application threads were stopped: 0.0001566 seconds
2016-03-10T09:06:17.279-0500: 13.103: Total time for which application threads were stopped: 0.0001243 seconds
2016-03-10T09:06:17.280-0500: 13.104: Total time for which application threads were stopped: 0.0003269 seconds
2016-03-10T09:06:17.281-0500: 13.105: Total time for which application threads were stopped: 0.0001889 seconds
2016-03-10T09:06:17.281-0500: 13.105: Total time for which application threads were stopped: 0.0001988 seconds
2016-03-10T09:06:17.282-0500: 13.105: Total time for which application threads were stopped: 0.0002235 seconds
2016-03-10T09:06:17.282-0500: 13.106: Total time for which application threads were stopped: 0.0001771 seconds
2016-03-10T09:06:18.124-0500: 13.948: Total time for which application threads were stopped: 0.0004854 seconds
2016-03-10T09:06:19.125-0500: 14.948: Total time for which application threads were stopped: 0.0001988 seconds
2016-03-10T09:06:20.125-0500: 15.949: Total time for which application threads were stopped: 0.0002285 seconds
2016-03-10T09:06:21.125-0500: 16.949: Total time for which application threads were stopped: 0.0002034 seconds
2016-03-10T09:06:22.125-0500: 17.949: Total time for which application threads were stopped: 0.0002018 seconds
2016-03-10T09:06:23.126-0500: 18.949: Total time for which application threads were stopped: 0.0002315 seconds
2016-03-10T09:06:23.149-0500: 18.973: Total time for which application threads were stopped: 0.0001619 seconds
2016-03-10T09:06:23.152-0500: 18.975: Total time for which application threads were stopped: 0.0001357 seconds
2016-03-10T09:06:23.578-0500: 19.402: Total time for which application threads were stopped: 0.0005082 seconds
2016-03-10T09:06:23.584-0500: 19.407: Total time for which application threads were stopped: 0.0004599 seconds
2016-03-10T09:06:23.600-0500: 19.424: Total time for which application threads were stopped: 0.0004394 seconds
2016-03-10T09:06:24.601-0500: 20.425: Total time for which application threads were stopped: 0.0002387 seconds
2016-03-10T09:06:24.856-0500: 20.680: Total time for which application threads were stopped: 0.0003379 seconds
2016-03-10T09:06:24.856-0500: 20.681: Total time for which application threads were stopped: 0.0003280 seconds
2016-03-10T09:06:24.857-0500: 20.681: Total time for which application threads were stopped: 0.0003147 seconds
2016-03-10T09:06:24.857-0500: 20.682: Total time for which application threads were stopped: 0.0004729 seconds
2016-03-10T09:06:24.859-0500: 20.682: Total time for which application threads were stopped: 0.0003254 seconds
2016-03-10T09:06:24.859-0500: 20.683: Total time for which application threads were stopped: 0.0001996 seconds
2016-03-10T09:06:24.859-0500: 20.683: Total time for which application threads were stopped: 0.0001676 seconds
2016-03-10T09:06:24.860-0500: 20.683: Total time for which application threads were stopped: 0.0001338 seconds
2016-03-10T09:06:24.860-0500: 20.683: Total time for which application threads were stopped: 0.0001300 seconds
2016-03-10T09:06:24.860-0500: 20.684: Total time for which application threads were stopped: 0.0001266 seconds
2016-03-10T09:06:24.860-0500: 20.684: Total time for which application threads were stopped: 0.0001258 seconds
2016-03-10T09:06:24.860-0500: 20.684: Total time for which application threads were stopped: 0.0001254 seconds
2016-03-10T09:06:24.861-0500: 20.684: Total time for which application threads were stopped: 0.0001456 seconds
2016-03-10T09:06:24.861-0500: 20.684: Total time for which application threads were stopped: 0.0001277 seconds
2016-03-10T09:06:24.861-0500: 20.685: Total time for which application threads were stopped: 0.0001433 seconds
2016-03-10T09:06:24.861-0500: 20.685: Total time for which application threads were stopped: 0.0001239 seconds
2016-03-10T09:06:24.861-0500: 20.685: Total time for which application threads were stopped: 0.0001262 seconds
2016-03-10T09:06:24.861-0500: 20.685: Total time for which application threads were stopped: 0.0001292 seconds
2016-03-10T09:06:24.862-0500: 20.685: Total time for which application threads were stopped: 0.0001665 seconds
2016-03-10T09:06:24.862-0500: 20.686: Total time for which application threads were stopped: 0.0001289 seconds
2016-03-10T09:06:24.862-0500: 20.686: Total time for which application threads were stopped: 0.0002520 seconds
2016-03-10T09:06:24.863-0500: 20.686: Total time for which application threads were stopped: 0.0001726 seconds
2016-03-10T09:06:24.863-0500: 20.687: Total time for which application threads were stopped: 0.0001768 seconds
2016-03-10T09:06:24.863-0500: 20.687: Total time for which application threads were stopped: 0.0001319 seconds
2016-03-10T09:06:24.863-0500: 20.687: Total time for which application threads were stopped: 0.0001429 seconds
2016-03-10T09:06:24.864-0500: 20.688: Total time for which application threads were stopped: 0.0001722 seconds
2016-03-10T09:06:24.864-0500: 20.688: Total time for which application threads were stopped: 0.0002239 seconds
2016-03-10T09:06:24.865-0500: 20.688: Total time for which application threads were stopped: 0.0001346 seconds
2016-03-10T09:06:24.865-0500: 20.689: Total time for which application threads were stopped: 0.0001730 seconds
2016-03-10T09:06:24.867-0500: 20.690: Total time for which application threads were stopped: 0.0003706 seconds
2016-03-10T09:06:24.867-0500: 20.691: Total time for which application threads were stopped: 0.0002182 seconds
2016-03-10T09:06:24.867-0500: 20.691: Total time for which application threads were stopped: 0.0002501 seconds
2016-03-10T09:06:24.868-0500: 20.691: Total time for which application threads were stopped: 0.0002026 seconds
2016-03-10T09:06:24.868-0500: 20.692: Total time for which application threads were stopped: 0.0001840 seconds
2016-03-10T09:06:24.868-0500: 20.692: Total time for which application threads were stopped: 0.0002144 seconds
2016-03-10T09:06:24.869-0500: 20.692: Total time for which application threads were stopped: 0.0003482 seconds
2016-03-10T09:06:24.869-0500: 20.693: Total time for which application threads were stopped: 0.0001855 seconds
2016-03-10T09:06:24.869-0500: 20.693: Total time for which application threads were stopped: 0.0002494 seconds
2016-03-10T09:06:24.870-0500: 20.693: Total time for which application threads were stopped: 0.0002524 seconds
2016-03-10T09:06:24.870-0500: 20.694: Total time for which application threads were stopped: 0.0002710 seconds
2016-03-10T09:06:24.871-0500: 20.694: Total time for which application threads were stopped: 0.0002410 seconds
2016-03-10T09:06:24.871-0500: 20.695: Total time for which application threads were stopped: 0.0001733 seconds
2016-03-10T09:06:24.871-0500: 20.695: Total time for which application threads were stopped: 0.0001855 seconds
2016-03-10T09:06:24.872-0500: 20.695: Total time for which application threads were stopped: 0.0002957 seconds
2016-03-10T09:06:24.872-0500: 20.696: Total time for which application threads were stopped: 0.0002113 seconds
2016-03-10T09:06:24.872-0500: 20.696: Total time for which application threads were stopped: 0.0002030 seconds
2016-03-10T09:06:24.873-0500: 20.696: Total time for which application threads were stopped: 0.0002197 seconds
2016-03-10T09:06:24.873-0500: 20.697: Total time for which application threads were stopped: 0.0002935 seconds
2016-03-10T09:06:24.874-0500: 20.698: Total time for which application threads were stopped: 0.0010168 seconds
2016-03-10T09:06:24.874-0500: 20.698: Total time for which application threads were stopped: 0.0002311 seconds
2016-03-10T09:06:24.875-0500: 20.698: Total time for which application threads were stopped: 0.0002140 seconds
2016-03-10T09:06:24.875-0500: 20.699: Total time for which application threads were stopped: 0.0004554 seconds
2016-03-10T09:06:24.876-0500: 20.699: Total time for which application threads were stopped: 0.0002592 seconds
2016-03-10T09:06:24.876-0500: 20.700: Total time for which application threads were stopped: 0.0002824 seconds
2016-03-10T09:06:24.876-0500: 20.700: Total time for which application threads were stopped: 0.0001980 seconds
2016-03-10T09:06:24.879-0500: 20.702: Total time for which application threads were stopped: 0.0003748 seconds
2016-03-10T09:06:24.879-0500: 20.703: Total time for which application threads were stopped: 0.0003364 seconds
2016-03-10T09:06:24.880-0500: 20.704: Total time for which application threads were stopped: 0.0002847 seconds
2016-03-10T09:06:24.881-0500: 20.705: Total time for which application threads were stopped: 0.0005078 seconds
2016-03-10T09:06:24.883-0500: 20.706: Total time for which application threads were stopped: 0.0003353 seconds
2016-03-10T09:06:24.883-0500: 20.707: Total time for which application threads were stopped: 0.0002710 seconds
2016-03-10T09:06:24.885-0500: 20.709: Total time for which application threads were stopped: 0.0004003 seconds
2016-03-10T09:06:24.886-0500: 20.710: Total time for which application threads were stopped: 0.0005903 seconds
2016-03-10T09:06:24.887-0500: 20.711: Total time for which application threads were stopped: 0.0004972 seconds
2016-03-10T09:06:24.889-0500: 20.712: Total time for which application threads were stopped: 0.0003786 seconds
2016-03-10T09:06:24.889-0500: 20.713: Total time for which application threads were stopped: 0.0003452 seconds
2016-03-10T09:06:24.890-0500: 20.714: Total time for which application threads were stopped: 0.0008389 seconds
2016-03-10T09:06:24.891-0500: 20.715: Total time for which application threads were stopped: 0.0004257 seconds
2016-03-10T09:06:24.892-0500: 20.716: Total time for which application threads were stopped: 0.0004447 seconds
2016-03-10T09:06:24.893-0500: 20.717: Total time for which application threads were stopped: 0.0003185 seconds
2016-03-10T09:06:24.894-0500: 20.718: Total time for which application threads were stopped: 0.0003607 seconds
2016-03-10T09:06:24.895-0500: 20.718: Total time for which application threads were stopped: 0.0003759 seconds
2016-03-10T09:06:24.895-0500: 20.719: Total time for which application threads were stopped: 0.0003573 seconds
2016-03-10T09:06:24.896-0500: 20.719: Total time for which application threads were stopped: 0.0003550 seconds
2016-03-10T09:06:24.896-0500: 20.720: Total time for which application threads were stopped: 0.0003132 seconds
2016-03-10T09:06:24.897-0500: 20.721: Total time for which application threads were stopped: 0.0003159 seconds
2016-03-10T09:06:24.898-0500: 20.722: Total time for which application threads were stopped: 0.0003052 seconds
2016-03-10T09:06:24.898-0500: 20.722: Total time for which application threads were stopped: 0.0004170 seconds
2016-03-10T09:06:24.899-0500: 20.723: Total time for which application threads were stopped: 0.0002342 seconds
2016-03-10T09:06:24.900-0500: 20.724: Total time for which application threads were stopped: 0.0003566 seconds
2016-03-10T09:06:24.901-0500: 20.725: Total time for which application threads were stopped: 0.0003060 seconds
2016-03-10T09:06:24.901-0500: 20.725: Total time for which application threads were stopped: 0.0004006 seconds
2016-03-10T09:06:24.902-0500: 20.726: Total time for which application threads were stopped: 0.0002638 seconds
2016-03-10T09:06:24.903-0500: 20.727: Total time for which application threads were stopped: 0.0003733 seconds
2016-03-10T09:06:24.903-0500: 20.727: Total time for which application threads were stopped: 0.0002748 seconds
2016-03-10T09:06:24.904-0500: 20.728: Total time for which application threads were stopped: 0.0003661 seconds
2016-03-10T09:06:24.905-0500: 20.729: Total time for which application threads were stopped: 0.0003509 seconds
2016-03-10T09:06:24.906-0500: 20.730: Total time for which application threads were stopped: 0.0003011 seconds
2016-03-10T09:06:24.908-0500: 20.731: Total time for which application threads were stopped: 0.0003318 seconds
2016-03-10T09:06:24.908-0500: 20.732: Total time for which application threads were stopped: 0.0003064 seconds
2016-03-10T09:06:24.909-0500: 20.732: Total time for which application threads were stopped: 0.0002961 seconds
2016-03-10T09:06:24.910-0500: 20.734: Total time for which application threads were stopped: 0.0003596 seconds
2016-03-10T09:06:24.912-0500: 20.736: Total time for which application threads were stopped: 0.0005820 seconds
2016-03-10T09:06:24.912-0500: 20.736: Total time for which application threads were stopped: 0.0002756 seconds
2016-03-10T09:06:24.913-0500: 20.737: Total time for which application threads were stopped: 0.0003467 seconds
2016-03-10T09:06:24.915-0500: 20.739: Total time for which application threads were stopped: 0.0003140 seconds
2016-03-10T09:06:24.917-0500: 20.741: Total time for which application threads were stopped: 0.0015387 seconds
2016-03-10T09:06:24.918-0500: 20.742: Total time for which application threads were stopped: 0.0003014 seconds
2016-03-10T09:06:24.920-0500: 20.743: Total time for which application threads were stopped: 0.0003558 seconds
2016-03-10T09:06:24.923-0500: 20.747: Total time for which application threads were stopped: 0.0010404 seconds
2016-03-10T09:06:24.925-0500: 20.749: Total time for which application threads were stopped: 0.0012130 seconds
2016-03-10T09:06:24.925-0500: 20.749: Total time for which application threads were stopped: 0.0003083 seconds
2016-03-10T09:06:24.928-0500: 20.752: Total time for which application threads were stopped: 0.0013681 seconds
2016-03-10T09:06:24.931-0500: 20.754: Total time for which application threads were stopped: 0.0016999 seconds
2016-03-10T09:06:24.931-0500: 20.755: Total time for which application threads were stopped: 0.0004440 seconds
2016-03-10T09:06:24.935-0500: 20.759: Total time for which application threads were stopped: 0.0002980 seconds
2016-03-10T09:06:24.937-0500: 20.761: Total time for which application threads were stopped: 0.0003170 seconds
2016-03-10T09:06:24.937-0500: 20.761: Total time for which application threads were stopped: 0.0003128 seconds
2016-03-10T09:06:24.938-0500: 20.762: Total time for which application threads were stopped: 0.0002889 seconds
2016-03-10T09:06:24.939-0500: 20.763: Total time for which application threads were stopped: 0.0002874 seconds
2016-03-10T09:06:24.939-0500: 20.763: Total time for which application threads were stopped: 0.0003432 seconds
2016-03-10T09:06:24.941-0500: 20.764: Total time for which application threads were stopped: 0.0003102 seconds
2016-03-10T09:06:24.941-0500: 20.765: Total time for which application threads were stopped: 0.0002805 seconds
2016-03-10T09:06:24.942-0500: 20.765: Total time for which application threads were stopped: 0.0003155 seconds
2016-03-10T09:06:24.943-0500: 20.766: Total time for which application threads were stopped: 0.0002642 seconds
2016-03-10T09:06:24.943-0500: 20.767: Total time for which application threads were stopped: 0.0002592 seconds
2016-03-10T09:06:24.945-0500: 20.769: Total time for which application threads were stopped: 0.0002855 seconds
2016-03-10T09:06:24.946-0500: 20.770: Total time for which application threads were stopped: 0.0002904 seconds
2016-03-10T09:06:24.946-0500: 20.770: Total time for which application threads were stopped: 0.0002813 seconds
2016-03-10T09:06:24.947-0500: 20.771: Total time for which application threads were stopped: 0.0002741 seconds
2016-03-10T09:06:24.959-0500: 20.782: Total time for which application threads were stopped: 0.0003284 seconds
2016-03-10T09:06:24.959-0500: 20.783: Total time for which application threads were stopped: 0.0002209 seconds
2016-03-10T09:06:24.959-0500: 20.783: Total time for which application threads were stopped: 0.0002653 seconds
2016-03-10T09:06:24.960-0500: 20.784: Total time for which application threads were stopped: 0.0003125 seconds
2016-03-10T09:06:24.963-0500: 20.787: Total time for which application threads were stopped: 0.0003642 seconds
2016-03-10T09:06:24.963-0500: 20.787: Total time for which application threads were stopped: 0.0002262 seconds
2016-03-10T09:06:24.964-0500: 20.788: Total time for which application threads were stopped: 0.0002330 seconds
2016-03-10T09:06:24.965-0500: 20.788: Total time for which application threads were stopped: 0.0006093 seconds
2016-03-10T09:06:24.966-0500: 20.790: Total time for which application threads were stopped: 0.0004371 seconds
2016-03-10T09:06:24.967-0500: 20.790: Total time for which application threads were stopped: 0.0003375 seconds
2016-03-10T09:06:24.967-0500: 20.791: Total time for which application threads were stopped: 0.0003258 seconds
2016-03-10T09:06:24.968-0500: 20.791: Total time for which application threads were stopped: 0.0003683 seconds
2016-03-10T09:06:24.968-0500: 20.792: Total time for which application threads were stopped: 0.0003079 seconds
2016-03-10T09:06:24.969-0500: 20.792: Total time for which application threads were stopped: 0.0003033 seconds
2016-03-10T09:06:24.970-0500: 20.793: Total time for which application threads were stopped: 0.0002847 seconds
2016-03-10T09:06:24.971-0500: 20.795: Total time for which application threads were stopped: 0.0003448 seconds
2016-03-10T09:06:24.971-0500: 20.795: Total time for which application threads were stopped: 0.0002973 seconds
2016-03-10T09:06:24.972-0500: 20.796: Total time for which application threads were stopped: 0.0005519 seconds
2016-03-10T09:06:24.973-0500: 20.797: Total time for which application threads were stopped: 0.0002281 seconds
2016-03-10T09:06:24.974-0500: 20.797: Total time for which application threads were stopped: 0.0003109 seconds
2016-03-10T09:06:24.975-0500: 20.799: Total time for which application threads were stopped: 0.0003835 seconds
2016-03-10T09:06:24.976-0500: 20.800: Total time for which application threads were stopped: 0.0006854 seconds
2016-03-10T09:06:24.986-0500: 20.810: Total time for which application threads were stopped: 0.0003976 seconds
2016-03-10T09:06:24.986-0500: 20.810: Total time for which application threads were stopped: 0.0003626 seconds
2016-03-10T09:06:24.986-0500: 20.811: Total time for which application threads were stopped: 0.0003797 seconds
2016-03-10T09:06:24.990-0500: 20.813: Total time for which application threads were stopped: 0.0003539 seconds
2016-03-10T09:06:24.993-0500: 20.817: Total time for which application threads were stopped: 0.0003235 seconds
2016-03-10T09:06:25.080-0500: 20.904: Total time for which application threads were stopped: 0.0002608 seconds
2016-03-10T09:06:25.215-0500: 21.038: Total time for which application threads were stopped: 0.0008192 seconds
2016-03-10T09:06:25.339-0500: 21.163: Total time for which application threads were stopped: 0.0009397 seconds
2016-03-10T09:06:25.364-0500: 21.188: Total time for which application threads were stopped: 0.0003505 seconds
2016-03-10T09:06:25.366-0500: 21.190: Total time for which application threads were stopped: 0.0006937 seconds
2016-03-10T09:06:25.367-0500: 21.191: Total time for which application threads were stopped: 0.0002817 seconds
2016-03-10T09:06:25.478-0500: 21.301: Total time for which application threads were stopped: 0.0005778 seconds
{Heap before GC invocations=1 (full 0):
 par new generation   total 109248K, used 92290K [0x10c00000, 0x18c00000, 0x18c00000)
  eden space 87424K, 100% used [0x10c00000, 0x16160000, 0x16160000)
  from space 21824K,  22% used [0x176b0000, 0x17b709a8, 0x18c00000)
  to   space 21824K,   0% used [0x16160000, 0x16160000, 0x176b0000)
 concurrent mark-sweep generation total 393216K, used 0K [0x18c00000, 0x30c00000, 0x30c00000)
 Metaspace       used 12188K, capacity 12264K, committed 12288K, reserved 12672K
2016-03-10T09:06:25.520-0500: 21.344: [GC (Allocation Failure) 21.344: [ParNew
Desired survivor size 20112996 bytes, new threshold 8 (max 8)
- age   1:    8138720 bytes,    8138720 total
- age   2:    2262560 bytes,   10401280 total
: 92290K->11489K(109248K), 0.0361780 secs] 92290K->11489K(502464K), 0.0364384 secs] [Times: user=0.13 sys=0.05, real=0.04 secs] 
Heap after GC invocations=2 (full 0):
 par new generation   total 109248K, used 11489K [0x10c00000, 0x18c00000, 0x18c00000)
  eden space 87424K,   0% used [0x10c00000, 0x10c00000, 0x16160000)
  from space 21824K,  52% used [0x16160000, 0x16c98608, 0x176b0000)
  to   space 21824K,   0% used [0x176b0000, 0x176b0000, 0x18c00000)
 concurrent mark-sweep generation total 393216K, used 0K [0x18c00000, 0x30c00000, 0x30c00000)
 Metaspace       used 12188K, capacity 12264K, committed 12288K, reserved 12672K
}
2016-03-10T09:06:25.557-0500: 21.381: Total time for which application threads were stopped: 0.0380585 seconds
2016-03-10T09:06:25.565-0500: 21.388: Total time for which application threads were stopped: 0.0003543 seconds
2016-03-10T09:06:25.566-0500: 21.390: Total time for which application threads were stopped: 0.0002471 seconds
2016-03-10T09:06:25.566-0500: 21.390: Total time for which application threads were stopped: 0.0002782 seconds
2016-03-10T09:06:25.567-0500: 21.390: Total time for which application threads were stopped: 0.0002022 seconds
2016-03-10T09:06:25.567-0500: 21.391: Total time for which application threads were stopped: 0.0003280 seconds
2016-03-10T09:06:25.567-0500: 21.391: Total time for which application threads were stopped: 0.0002801 seconds
2016-03-10T09:06:25.567-0500: 21.392: Total time for which application threads were stopped: 0.0002729 seconds
2016-03-10T09:06:25.568-0500: 21.392: Total time for which application threads were stopped: 0.0002752 seconds
2016-03-10T09:06:25.568-0500: 21.392: Total time for which application threads were stopped: 0.0002022 seconds
2016-03-10T09:06:25.568-0500: 21.393: Total time for which application threads were stopped: 0.0002121 seconds
2016-03-10T09:06:25.569-0500: 21.393: Total time for which application threads were stopped: 0.0001931 seconds
2016-03-10T09:06:25.570-0500: 21.394: Total time for which application threads were stopped: 0.0003212 seconds
2016-03-10T09:06:25.571-0500: 21.395: Total time for which application threads were stopped: 0.0007458 seconds
2016-03-10T09:06:25.571-0500: 21.395: Total time for which application threads were stopped: 0.0005124 seconds
2016-03-10T09:06:25.572-0500: 21.396: Total time for which application threads were stopped: 0.0002585 seconds
2016-03-10T09:06:25.572-0500: 21.396: Total time for which application threads were stopped: 0.0003756 seconds
2016-03-10T09:06:25.573-0500: 21.397: Total time for which application threads were stopped: 0.0002646 seconds
2016-03-10T09:06:25.573-0500: 21.397: Total time for which application threads were stopped: 0.0002159 seconds
2016-03-10T09:06:25.573-0500: 21.397: Total time for which application threads were stopped: 0.0002577 seconds
2016-03-10T09:06:25.574-0500: 21.398: Total time for which application threads were stopped: 0.0002425 seconds
2016-03-10T09:06:25.574-0500: 21.398: Total time for which application threads were stopped: 0.0004151 seconds
2016-03-10T09:06:25.577-0500: 21.401: Total time for which application threads were stopped: 0.0004105 seconds
2016-03-10T09:06:25.724-0500: 21.549: Total time for which application threads were stopped: 0.0005154 seconds
2016-03-10T09:06:25.725-0500: 21.549: Total time for which application threads were stopped: 0.0002912 seconds
2016-03-10T09:06:25.725-0500: 21.549: Total time for which application threads were stopped: 0.0002600 seconds
2016-03-10T09:06:25.727-0500: 21.551: Total time for which application threads were stopped: 0.0002817 seconds
2016-03-10T09:06:25.743-0500: 21.568: Total time for which application threads were stopped: 0.0004828 seconds
2016-03-10T09:06:25.755-0500: 21.579: Total time for which application threads were stopped: 0.0003182 seconds
2016-03-10T09:06:25.756-0500: 21.580: Total time for which application threads were stopped: 0.0003106 seconds
2016-03-10T09:06:25.757-0500: 21.580: Total time for which application threads were stopped: 0.0002201 seconds
2016-03-10T09:06:25.757-0500: 21.581: Total time for which application threads were stopped: 0.0003003 seconds
2016-03-10T09:06:25.757-0500: 21.581: Total time for which application threads were stopped: 0.0002657 seconds
2016-03-10T09:06:25.761-0500: 21.585: Total time for which application threads were stopped: 0.0004675 seconds
2016-03-10T09:06:26.002-0500: 21.825: Total time for which application threads were stopped: 0.0004326 seconds
2016-03-10T09:06:26.372-0500: 22.196: Total time for which application threads were stopped: 0.0002946 seconds
2016-03-10T09:06:26.373-0500: 22.197: Total time for which application threads were stopped: 0.0001695 seconds
2016-03-10T09:06:26.419-0500: 22.243: Total time for which application threads were stopped: 0.0003638 seconds
2016-03-10T09:06:26.450-0500: 22.274: Total time for which application threads were stopped: 0.0002775 seconds
2016-03-10T09:06:26.450-0500: 22.274: Total time for which application threads were stopped: 0.0002380 seconds
2016-03-10T09:06:26.450-0500: 22.274: Total time for which application threads were stopped: 0.0001361 seconds
2016-03-10T09:06:26.484-0500: 22.309: Total time for which application threads were stopped: 0.0001859 seconds
2016-03-10T09:06:26.521-0500: 22.345: Total time for which application threads were stopped: 0.0001965 seconds
2016-03-10T09:06:26.565-0500: 22.389: Total time for which application threads were stopped: 0.0006101 seconds
2016-03-10T09:06:26.644-0500: 22.468: Total time for which application threads were stopped: 0.0003448 seconds
2016-03-10T09:06:26.663-0500: 22.487: Total time for which application threads were stopped: 0.0003178 seconds
2016-03-10T09:06:26.766-0500: 22.590: Total time for which application threads were stopped: 0.0002288 seconds
2016-03-10T09:06:26.766-0500: 22.590: Total time for which application threads were stopped: 0.0001311 seconds
2016-03-10T09:06:26.767-0500: 22.591: Total time for which application threads were stopped: 0.0001650 seconds
2016-03-10T09:06:26.821-0500: 22.645: Total time for which application threads were stopped: 0.0002113 seconds
2016-03-10T09:06:26.825-0500: 22.648: Total time for which application threads were stopped: 0.0001802 seconds
2016-03-10T09:06:26.825-0500: 22.649: Total time for which application threads were stopped: 0.0001661 seconds
2016-03-10T09:06:26.826-0500: 22.649: Total time for which application threads were stopped: 0.0001425 seconds
2016-03-10T09:06:26.826-0500: 22.650: Total time for which application threads were stopped: 0.0001726 seconds
2016-03-10T09:06:26.830-0500: 22.653: Total time for which application threads were stopped: 0.0001840 seconds
2016-03-10T09:06:26.830-0500: 22.653: Total time for which application threads were stopped: 0.0001479 seconds
2016-03-10T09:06:26.830-0500: 22.654: Total time for which application threads were stopped: 0.0001764 seconds
2016-03-10T09:06:26.831-0500: 22.654: Total time for which application threads were stopped: 0.0001756 seconds
2016-03-10T09:06:26.841-0500: 22.665: Total time for which application threads were stopped: 0.0002125 seconds
2016-03-10T09:06:26.968-0500: 22.791: Total time for which application threads were stopped: 0.0005972 seconds
2016-03-10T09:06:27.031-0500: 22.854: Total time for which application threads were stopped: 0.0002159 seconds
2016-03-10T09:06:27.031-0500: 22.855: Total time for which application threads were stopped: 0.0001684 seconds
2016-03-10T09:06:27.031-0500: 22.855: Total time for which application threads were stopped: 0.0001680 seconds
2016-03-10T09:06:27.033-0500: 22.856: Total time for which application threads were stopped: 0.0001745 seconds
2016-03-10T09:06:27.179-0500: 23.003: Total time for which application threads were stopped: 0.0002117 seconds
2016-03-10T09:06:27.179-0500: 23.003: Total time for which application threads were stopped: 0.0001323 seconds
2016-03-10T09:06:27.179-0500: 23.003: Total time for which application threads were stopped: 0.0001285 seconds
2016-03-10T09:06:27.257-0500: 23.080: Total time for which application threads were stopped: 0.0002273 seconds
2016-03-10T09:06:27.547-0500: 23.371: Total time for which application threads were stopped: 0.0002132 seconds
2016-03-10T09:06:27.547-0500: 23.372: Total time for which application threads were stopped: 0.0003957 seconds
2016-03-10T09:06:27.548-0500: 23.372: Total time for which application threads were stopped: 0.0001372 seconds
2016-03-10T09:06:27.548-0500: 23.372: Total time for which application threads were stopped: 0.0001680 seconds
2016-03-10T09:06:27.551-0500: 23.375: Total time for which application threads were stopped: 0.0001566 seconds
2016-03-10T09:06:27.931-0500: 23.755: Total time for which application threads were stopped: 0.0001958 seconds
2016-03-10T09:06:28.080-0500: 23.903: Total time for which application threads were stopped: 0.0002182 seconds
2016-03-10T09:06:28.080-0500: 23.904: Total time for which application threads were stopped: 0.0001342 seconds
2016-03-10T09:06:28.080-0500: 23.904: Total time for which application threads were stopped: 0.0001703 seconds
2016-03-10T09:06:28.130-0500: 23.954: Total time for which application threads were stopped: 0.0002220 seconds
2016-03-10T09:06:28.483-0500: 24.306: Total time for which application threads were stopped: 0.0002448 seconds
2016-03-10T09:06:28.856-0500: 24.680: Total time for which application threads were stopped: 0.0004459 seconds
2016-03-10T09:06:30.534-0500: 26.357: Total time for which application threads were stopped: 0.0005937 seconds
2016-03-10T09:06:30.536-0500: 26.359: Total time for which application threads were stopped: 0.0003961 seconds
2016-03-10T09:06:30.537-0500: 26.360: Total time for which application threads were stopped: 0.0001912 seconds
2016-03-10T09:06:30.576-0500: 26.399: Total time for which application threads were stopped: 0.0003318 seconds
2016-03-10T09:06:30.753-0500: 26.577: Total time for which application threads were stopped: 0.0001961 seconds
2016-03-10T09:06:31.029-0500: 26.853: Total time for which application threads were stopped: 0.0004531 seconds
2016-03-10T09:06:31.639-0500: 27.463: Total time for which application threads were stopped: 0.0008792 seconds
{Heap before GC invocations=2 (full 0):
 par new generation   total 109248K, used 98913K [0x10c00000, 0x18c00000, 0x18c00000)
  eden space 87424K, 100% used [0x10c00000, 0x16160000, 0x16160000)
  from space 21824K,  52% used [0x16160000, 0x16c98608, 0x176b0000)
  to   space 21824K,   0% used [0x176b0000, 0x176b0000, 0x18c00000)
 concurrent mark-sweep generation total 393216K, used 0K [0x18c00000, 0x30c00000, 0x30c00000)
 Metaspace       used 13844K, capacity 13991K, committed 14080K, reserved 14720K
2016-03-10T09:06:31.806-0500: 27.629: [GC (Allocation Failure) 27.630: [ParNew
Desired survivor size 20112996 bytes, new threshold 8 (max 8)
- age   1:    4328736 bytes,    4328736 total
- age   2:    2717624 bytes,    7046360 total
- age   3:    2208424 bytes,    9254784 total
: 98913K->14389K(109248K), 0.0302926 secs] 98913K->14389K(502464K), 0.0305796 secs] [Times: user=0.09 sys=0.02, real=0.03 secs] 
Heap after GC invocations=3 (full 0):
 par new generation   total 109248K, used 14389K [0x10c00000, 0x18c00000, 0x18c00000)
  eden space 87424K,   0% used [0x10c00000, 0x10c00000, 0x16160000)
  from space 21824K,  65% used [0x176b0000, 0x184bd7b0, 0x18c00000)
  to   space 21824K,   0% used [0x16160000, 0x16160000, 0x176b0000)
 concurrent mark-sweep generation total 393216K, used 0K [0x18c00000, 0x30c00000, 0x30c00000)
 Metaspace       used 13844K, capacity 13991K, committed 14080K, reserved 14720K
}
2016-03-10T09:06:31.837-0500: 27.660: Total time for which application threads were stopped: 0.0313817 seconds
2016-03-10T09:06:31.859-0500: 27.682: Total time for which application threads were stopped: 0.0003585 seconds
2016-03-10T09:06:31.860-0500: 27.683: Total time for which application threads were stopped: 0.0005238 seconds
2016-03-10T09:06:31.910-0500: 27.734: Total time for which application threads were stopped: 0.0008823 seconds
2016-03-10T09:06:32.066-0500: 27.889: Total time for which application threads were stopped: 0.0003189 seconds
2016-03-10T09:06:32.117-0500: 27.941: Total time for which application threads were stopped: 0.0003098 seconds
2016-03-10T09:06:32.225-0500: 28.049: Total time for which application threads were stopped: 0.0002790 seconds
2016-03-10T09:06:32.423-0500: 28.247: Total time for which application threads were stopped: 0.0022507 seconds
2016-03-10T09:06:32.514-0500: 28.337: Total time for which application threads were stopped: 0.0008887 seconds
2016-03-10T09:06:32.515-0500: 28.338: Total time for which application threads were stopped: 0.0002490 seconds
2016-03-10T09:06:32.516-0500: 28.339: Total time for which application threads were stopped: 0.0002239 seconds
2016-03-10T09:06:32.516-0500: 28.340: Total time for which application threads were stopped: 0.0002148 seconds
2016-03-10T09:06:32.615-0500: 28.438: Total time for which application threads were stopped: 0.0005736 seconds
2016-03-10T09:06:32.786-0500: 28.609: Total time for which application threads were stopped: 0.0008716 seconds
2016-03-10T09:06:32.819-0500: 28.642: Total time for which application threads were stopped: 0.0013414 seconds
{Heap before GC invocations=3 (full 0):
 par new generation   total 109248K, used 101813K [0x10c00000, 0x18c00000, 0x18c00000)
  eden space 87424K, 100% used [0x10c00000, 0x16160000, 0x16160000)
  from space 21824K,  65% used [0x176b0000, 0x184bd7b0, 0x18c00000)
  to   space 21824K,   0% used [0x16160000, 0x16160000, 0x176b0000)
 concurrent mark-sweep generation total 393216K, used 0K [0x18c00000, 0x30c00000, 0x30c00000)
 Metaspace       used 14221K, capacity 14348K, committed 14464K, reserved 14720K
2016-03-10T09:06:32.858-0500: 28.682: [GC (Allocation Failure) 28.682: [ParNew
Desired survivor size 20112996 bytes, new threshold 8 (max 8)
- age   1:    2914408 bytes,    2914408 total
- age   2:    1917336 bytes,    4831744 total
- age   3:    2713264 bytes,    7545008 total
- age   4:    2207768 bytes,    9752776 total
: 101813K->11866K(109248K), 0.0266157 secs] 101813K->11866K(502464K), 0.0268347 secs] [Times: user=0.11 sys=0.00, real=0.03 secs] 
Heap after GC invocations=4 (full 0):
 par new generation   total 109248K, used 11866K [0x10c00000, 0x18c00000, 0x18c00000)
  eden space 87424K,   0% used [0x10c00000, 0x10c00000, 0x16160000)
  from space 21824K,  54% used [0x16160000, 0x16cf6ab8, 0x176b0000)
  to   space 21824K,   0% used [0x176b0000, 0x176b0000, 0x18c00000)
 concurrent mark-sweep generation total 393216K, used 0K [0x18c00000, 0x30c00000, 0x30c00000)
 Metaspace       used 14221K, capacity 14348K, committed 14464K, reserved 14720K
}
2016-03-10T09:06:32.885-0500: 28.709: Total time for which application threads were stopped: 0.0275204 seconds
2016-03-10T09:06:32.930-0500: 28.754: Total time for which application threads were stopped: 0.0006770 seconds
2016-03-10T09:06:32.931-0500: 28.754: Total time for which application threads were stopped: 0.0002710 seconds
2016-03-10T09:06:33.246-0500: 29.069: Total time for which application threads were stopped: 0.0009104 seconds
2016-03-10T09:06:33.246-0500: 29.070: Total time for which application threads were stopped: 0.0001794 seconds
{Heap before GC invocations=4 (full 0):
 par new generation   total 109248K, used 99290K [0x10c00000, 0x18c00000, 0x18c00000)
  eden space 87424K, 100% used [0x10c00000, 0x16160000, 0x16160000)
  from space 21824K,  54% used [0x16160000, 0x16cf6ab8, 0x176b0000)
  to   space 21824K,   0% used [0x176b0000, 0x176b0000, 0x18c00000)
 concurrent mark-sweep generation total 393216K, used 0K [0x18c00000, 0x30c00000, 0x30c00000)
 Metaspace       used 14391K, capacity 14518K, committed 14592K, reserved 14720K
2016-03-10T09:06:33.254-0500: 29.077: [GC (Allocation Failure) 29.077: [ParNew
Desired survivor size 20112996 bytes, new threshold 8 (max 8)
- age   1:    1509248 bytes,    1509248 total
- age   2:    2318016 bytes,    3827264 total
- age   3:    1884632 bytes,    5711896 total
- age   4:    2712904 bytes,    8424800 total
- age   5:    2207600 bytes,   10632400 total
: 99290K->16443K(109248K), 0.0228115 secs] 99290K->16443K(502464K), 0.0229407 secs] [Times: user=0.11 sys=0.00, real=0.02 secs] 
Heap after GC invocations=5 (full 0):
 par new generation   total 109248K, used 16443K [0x10c00000, 0x18c00000, 0x18c00000)
  eden space 87424K,   0% used [0x10c00000, 0x10c00000, 0x16160000)
  from space 21824K,  75% used [0x176b0000, 0x186bef80, 0x18c00000)
  to   space 21824K,   0% used [0x16160000, 0x16160000, 0x176b0000)
 concurrent mark-sweep generation total 393216K, used 0K [0x18c00000, 0x30c00000, 0x30c00000)
 Metaspace       used 14391K, capacity 14518K, committed 14592K, reserved 14720K
}
2016-03-10T09:06:33.277-0500: 29.100: Total time for which application threads were stopped: 0.0233915 seconds
2016-03-10T09:06:33.432-0500: 29.255: Total time for which application threads were stopped: 0.0004755 seconds
2016-03-10T09:06:33.453-0500: 29.277: Total time for which application threads were stopped: 0.0001980 seconds
2016-03-10T09:06:33.493-0500: 29.317: Total time for which application threads were stopped: 0.0002045 seconds
2016-03-10T09:06:34.088-0500: 29.912: Total time for which application threads were stopped: 0.0002235 seconds
{Heap before GC invocations=5 (full 0):
 par new generation   total 109248K, used 103859K [0x10c00000, 0x18c00000, 0x18c00000)
  eden space 87424K,  99% used [0x10c00000, 0x1615dcf8, 0x16160000)
  from space 21824K,  75% used [0x176b0000, 0x186bef80, 0x18c00000)
  to   space 21824K,   0% used [0x16160000, 0x16160000, 0x176b0000)
 concurrent mark-sweep generation total 393216K, used 0K [0x18c00000, 0x30c00000, 0x30c00000)
 Metaspace       used 14836K, capacity 14966K, committed 15104K, reserved 15744K
2016-03-10T09:06:34.718-0500: 30.542: [GC (Allocation Failure) 30.542: [ParNew
Desired survivor size 20112996 bytes, new threshold 8 (max 8)
- age   1:    1287088 bytes,    1287088 total
- age   2:     138104 bytes,    1425192 total
- age   3:    2318088 bytes,    3743280 total
- age   4:    1884392 bytes,    5627672 total
- age   5:    2712536 bytes,    8340208 total
- age   6:    2207496 bytes,   10547704 total
: 103859K->12918K(109248K), 0.0329459 secs] 103859K->12918K(502464K), 0.0332218 secs] [Times: user=0.13 sys=0.00, real=0.03 secs] 
Heap after GC invocations=6 (full 0):
 par new generation   total 109248K, used 12918K [0x10c00000, 0x18c00000, 0x18c00000)
  eden space 87424K,   0% used [0x10c00000, 0x10c00000, 0x16160000)
  from space 21824K,  59% used [0x16160000, 0x16dfdb78, 0x176b0000)
  to   space 21824K,   0% used [0x176b0000, 0x176b0000, 0x18c00000)
 concurrent mark-sweep generation total 393216K, used 0K [0x18c00000, 0x30c00000, 0x30c00000)
 Metaspace       used 14836K, capacity 14966K, committed 15104K, reserved 15744K
}
2016-03-10T09:06:34.751-0500: 30.575: Total time for which application threads were stopped: 0.0340676 seconds
{Heap before GC invocations=6 (full 0):
 par new generation   total 109248K, used 100342K [0x10c00000, 0x18c00000, 0x18c00000)
  eden space 87424K, 100% used [0x10c00000, 0x16160000, 0x16160000)
  from space 21824K,  59% used [0x16160000, 0x16dfdb78, 0x176b0000)
  to   space 21824K,   0% used [0x176b0000, 0x176b0000, 0x18c00000)
 concurrent mark-sweep generation total 393216K, used 0K [0x18c00000, 0x30c00000, 0x30c00000)
 Metaspace       used 14887K, capacity 15030K, committed 15104K, reserved 15744K
2016-03-10T09:06:35.028-0500: 30.852: [GC (Allocation Failure) 30.852: [ParNew
Desired survivor size 20112996 bytes, new threshold 8 (max 8)
- age   1:     885216 bytes,     885216 total
- age   2:     112288 bytes,     997504 total
- age   3:     137280 bytes,    1134784 total
- age   4:    2317992 bytes,    3452776 total
- age   5:    1884392 bytes,    5337168 total
- age   6:    2712184 bytes,    8049352 total
- age   7:    2207344 bytes,   10256696 total
: 100342K->17583K(109248K), 0.0346150 secs] 100342K->17583K(502464K), 0.0348396 secs] [Times: user=0.13 sys=0.00, real=0.03 secs] 
Heap after GC invocations=7 (full 0):
 par new generation   total 109248K, used 17583K [0x10c00000, 0x18c00000, 0x18c00000)
  eden space 87424K,   0% used [0x10c00000, 0x10c00000, 0x16160000)
  from space 21824K,  80% used [0x176b0000, 0x187dbf40, 0x18c00000)
  to   space 21824K,   0% used [0x16160000, 0x16160000, 0x176b0000)
 concurrent mark-sweep generation total 393216K, used 0K [0x18c00000, 0x30c00000, 0x30c00000)
 Metaspace       used 14887K, capacity 15030K, committed 15104K, reserved 15744K
}
2016-03-10T09:06:35.064-0500: 30.887: Total time for which application threads were stopped: 0.0357937 seconds
2016-03-10T09:06:35.268-0500: 31.092: Total time for which application threads were stopped: 0.0014236 seconds
2016-03-10T09:06:35.317-0500: 31.141: Total time for which application threads were stopped: 0.0002748 seconds
2016-03-10T09:06:35.320-0500: 31.144: Total time for which application threads were stopped: 0.0002798 seconds
2016-03-10T09:06:35.320-0500: 31.144: Total time for which application threads were stopped: 0.0002224 seconds
2016-03-10T09:06:35.320-0500: 31.145: Total time for which application threads were stopped: 0.0001768 seconds
{Heap before GC invocations=7 (full 0):
 par new generation   total 109248K, used 105007K [0x10c00000, 0x18c00000, 0x18c00000)
  eden space 87424K, 100% used [0x10c00000, 0x16160000, 0x16160000)
  from space 21824K,  80% used [0x176b0000, 0x187dbf40, 0x18c00000)
  to   space 21824K,   0% used [0x16160000, 0x16160000, 0x176b0000)
 concurrent mark-sweep generation total 393216K, used 0K [0x18c00000, 0x30c00000, 0x30c00000)
 Metaspace       used 14970K, capacity 15099K, committed 15232K, reserved 15744K
2016-03-10T09:06:35.450-0500: 31.274: [GC (Allocation Failure) 31.274: [ParNew
Desired survivor size 20112996 bytes, new threshold 8 (max 8)
- age   1:     622840 bytes,     622840 total
- age   2:      84360 bytes,     707200 total
- age   3:     107392 bytes,     814592 total
- age   4:     137376 bytes,     951968 total
- age   5:    2318072 bytes,    3270040 total
- age   6:    1881744 bytes,    5151784 total
- age   7:    2712320 bytes,    7864104 total
- age   8:    2208424 bytes,   10072528 total
: 105007K->11755K(109248K), 0.0271981 secs] 105007K->11755K(502464K), 0.0273885 secs] [Times: user=0.06 sys=0.00, real=0.03 secs] 
Heap after GC invocations=8 (full 0):
 par new generation   total 109248K, used 11755K [0x10c00000, 0x18c00000, 0x18c00000)
  eden space 87424K,   0% used [0x10c00000, 0x10c00000, 0x16160000)
  from space 21824K,  53% used [0x16160000, 0x16cdaca0, 0x176b0000)
  to   space 21824K,   0% used [0x176b0000, 0x176b0000, 0x18c00000)
 concurrent mark-sweep generation total 393216K, used 0K [0x18c00000, 0x30c00000, 0x30c00000)
 Metaspace       used 14970K, capacity 15099K, committed 15232K, reserved 15744K
}
2016-03-10T09:06:35.478-0500: 31.302: Total time for which application threads were stopped: 0.0280286 seconds
2016-03-10T09:06:35.570-0500: 31.394: Total time for which application threads were stopped: 0.0001847 seconds
2016-03-10T09:06:35.570-0500: 31.394: Total time for which application threads were stopped: 0.0000992 seconds
2016-03-10T09:06:35.571-0500: 31.395: Total time for which application threads were stopped: 0.0000943 seconds
2016-03-10T09:06:35.620-0500: 31.443: Total time for which application threads were stopped: 0.0001566 seconds
2016-03-10T09:06:35.620-0500: 31.443: Total time for which application threads were stopped: 0.0000977 seconds
2016-03-10T09:06:35.620-0500: 31.443: Total time for which application threads were stopped: 0.0000939 seconds
2016-03-10T09:06:35.711-0500: 31.534: Total time for which application threads were stopped: 0.0003824 seconds
2016-03-10T09:06:35.744-0500: 31.568: Total time for which application threads were stopped: 0.0002304 seconds
2016-03-10T09:06:35.944-0500: 31.768: Total time for which application threads were stopped: 0.0001870 seconds
2016-03-10T09:06:35.986-0500: 31.810: Total time for which application threads were stopped: 0.0002018 seconds
2016-03-10T09:06:35.986-0500: 31.810: Total time for which application threads were stopped: 0.0001209 seconds
2016-03-10T09:06:35.986-0500: 31.810: Total time for which application threads were stopped: 0.0001182 seconds
2016-03-10T09:06:36.029-0500: 31.852: Total time for which application threads were stopped: 0.0002969 seconds
2016-03-10T09:06:36.328-0500: 32.152: Total time for which application threads were stopped: 0.0006485 seconds
2016-03-10T09:06:36.452-0500: 32.276: Total time for which application threads were stopped: 0.0001832 seconds
2016-03-10T09:06:36.473-0500: 32.297: Total time for which application threads were stopped: 0.0001756 seconds
2016-03-10T09:06:36.480-0500: 32.303: Total time for which application threads were stopped: 0.0001589 seconds
2016-03-10T09:06:37.043-0500: 32.867: Total time for which application threads were stopped: 0.0003881 seconds
2016-03-10T09:06:37.182-0500: 33.005: Total time for which application threads were stopped: 0.0011362 seconds
2016-03-10T09:06:38.182-0500: 34.006: Total time for which application threads were stopped: 0.0003425 seconds
2016-03-10T09:06:38.372-0500: 34.195: Total time for which application threads were stopped: 0.0003193 seconds
2016-03-10T09:06:38.375-0500: 34.198: Total time for which application threads were stopped: 0.0002832 seconds
2016-03-10T09:06:38.409-0500: 34.233: Total time for which application threads were stopped: 0.0002235 seconds
2016-03-10T09:06:38.526-0500: 34.350: Total time for which application threads were stopped: 0.0003151 seconds
2016-03-10T09:06:38.535-0500: 34.358: Total time for which application threads were stopped: 0.0010864 seconds
2016-03-10T09:06:38.555-0500: 34.378: Total time for which application threads were stopped: 0.0002072 seconds
2016-03-10T09:06:38.555-0500: 34.379: Total time for which application threads were stopped: 0.0002053 seconds
2016-03-10T09:06:38.558-0500: 34.381: Total time for which application threads were stopped: 0.0002220 seconds
2016-03-10T09:06:38.711-0500: 34.535: Total time for which application threads were stopped: 0.0002364 seconds
2016-03-10T09:06:38.718-0500: 34.543: Total time for which application threads were stopped: 0.0010982 seconds
2016-03-10T09:06:38.729-0500: 34.553: Total time for which application threads were stopped: 0.0002824 seconds
2016-03-10T09:06:38.766-0500: 34.591: Total time for which application threads were stopped: 0.0007279 seconds
2016-03-10T09:06:38.821-0500: 34.646: Total time for which application threads were stopped: 0.0003478 seconds
2016-03-10T09:06:38.891-0500: 34.715: Total time for which application threads were stopped: 0.0002995 seconds
2016-03-10T09:06:38.891-0500: 34.716: Total time for which application threads were stopped: 0.0003375 seconds
2016-03-10T09:06:38.892-0500: 34.716: Total time for which application threads were stopped: 0.0002604 seconds
2016-03-10T09:06:38.956-0500: 34.779: Total time for which application threads were stopped: 0.0001950 seconds
2016-03-10T09:06:38.964-0500: 34.787: Total time for which application threads were stopped: 0.0002813 seconds
2016-03-10T09:06:38.966-0500: 34.789: Total time for which application threads were stopped: 0.0004216 seconds
2016-03-10T09:06:39.003-0500: 34.826: Total time for which application threads were stopped: 0.0003296 seconds
2016-03-10T09:06:39.102-0500: 34.926: Total time for which application threads were stopped: 0.0002699 seconds
2016-03-10T09:06:39.232-0500: 35.056: Total time for which application threads were stopped: 0.0002304 seconds
2016-03-10T09:06:39.296-0500: 35.120: Total time for which application threads were stopped: 0.0002437 seconds
2016-03-10T09:06:39.312-0500: 35.136: Total time for which application threads were stopped: 0.0002665 seconds
2016-03-10T09:06:39.365-0500: 35.189: Total time for which application threads were stopped: 0.0002573 seconds
2016-03-10T09:06:39.366-0500: 35.189: Total time for which application threads were stopped: 0.0002018 seconds
2016-03-10T09:06:39.477-0500: 35.301: [GC (CMS Initial Mark) [1 CMS-initial-mark: 0K(393216K)] 95883K(502464K), 0.0694424 secs] [Times: user=0.30 sys=0.00, real=0.07 secs] 
2016-03-10T09:06:39.546-0500: 35.370: Total time for which application threads were stopped: 0.0698952 seconds
2016-03-10T09:06:39.547-0500: 35.370: [CMS-concurrent-mark-start]
2016-03-10T09:06:39.547-0500: 35.371: [CMS-concurrent-mark: 0.001/0.001 secs] [Times: user=0.00 sys=0.00, real=0.00 secs] 
2016-03-10T09:06:39.548-0500: 35.371: [CMS-concurrent-preclean-start]
2016-03-10T09:06:39.552-0500: 35.376: [CMS-concurrent-preclean: 0.005/0.005 secs] [Times: user=0.00 sys=0.00, real=0.00 secs] 
2016-03-10T09:06:39.553-0500: 35.376: [CMS-concurrent-abortable-preclean-start]
{Heap before GC invocations=8 (full 1):
 par new generation   total 109248K, used 99179K [0x10c00000, 0x18c00000, 0x18c00000)
  eden space 87424K, 100% used [0x10c00000, 0x16160000, 0x16160000)
  from space 21824K,  53% used [0x16160000, 0x16cdaca0, 0x176b0000)
  to   space 21824K,   0% used [0x176b0000, 0x176b0000, 0x18c00000)
 concurrent mark-sweep generation total 393216K, used 0K [0x18c00000, 0x30c00000, 0x30c00000)
 Metaspace       used 16949K, capacity 17088K, committed 17152K, reserved 17792K
2016-03-10T09:06:39.769-0500: 35.592: [GC (Allocation Failure) 35.592: [ParNew
Desired survivor size 20112996 bytes, new threshold 8 (max 8)
- age   1:    4261952 bytes,    4261952 total
- age   2:      85192 bytes,    4347144 total
- age   3:      83472 bytes,    4430616 total
- age   4:     106056 bytes,    4536672 total
- age   5:     136160 bytes,    4672832 total
- age   6:     275120 bytes,    4947952 total
- age   7:    1880440 bytes,    6828392 total
- age   8:    2703776 bytes,    9532168 total
: 99179K->12826K(109248K), 0.0669169 secs] 99179K->15100K(502464K), 0.0671321 secs] [Times: user=0.25 sys=0.00, real=0.07 secs] 
Heap after GC invocations=9 (full 1):
 par new generation   total 109248K, used 12826K [0x10c00000, 0x18c00000, 0x18c00000)
  eden space 87424K,   0% used [0x10c00000, 0x10c00000, 0x16160000)
  from space 21824K,  58% used [0x176b0000, 0x18336b20, 0x18c00000)
  to   space 21824K,   0% used [0x16160000, 0x16160000, 0x176b0000)
 concurrent mark-sweep generation total 393216K, used 2273K [0x18c00000, 0x30c00000, 0x30c00000)
 Metaspace       used 16949K, capacity 17088K, committed 17152K, reserved 17792K
}
2016-03-10T09:06:39.836-0500: 35.660: Total time for which application threads were stopped: 0.0678672 seconds
2016-03-10T09:06:39.876-0500: 35.700: Total time for which application threads were stopped: 0.0002383 seconds
2016-03-10T09:06:40.290-0500: 36.114: Total time for which application threads were stopped: 0.0003828 seconds
2016-03-10T09:06:40.320-0500: 36.144: Total time for which application threads were stopped: 0.0002676 seconds
2016-03-10T09:06:40.321-0500: 36.145: Total time for which application threads were stopped: 0.0002676 seconds
2016-03-10T09:06:40.323-0500: 36.147: Total time for which application threads were stopped: 0.0002657 seconds
2016-03-10T09:06:40.323-0500: 36.147: Total time for which application threads were stopped: 0.0002247 seconds
2016-03-10T09:06:40.408-0500: 36.232: Total time for which application threads were stopped: 0.0002273 seconds
2016-03-10T09:06:40.541-0500: 36.364: Total time for which application threads were stopped: 0.0001669 seconds
2016-03-10T09:06:40.643-0500: 36.466: Total time for which application threads were stopped: 0.0001688 seconds
2016-03-10T09:06:40.643-0500: 36.467: Total time for which application threads were stopped: 0.0001730 seconds
2016-03-10T09:06:40.643-0500: 36.467: Total time for which application threads were stopped: 0.0001574 seconds
2016-03-10T09:06:40.677-0500: 36.500: Total time for which application threads were stopped: 0.0002247 seconds
2016-03-10T09:06:40.679-0500: 36.502: Total time for which application threads were stopped: 0.0003185 seconds
2016-03-10T09:06:40.713-0500: 36.536: Total time for which application threads were stopped: 0.0001384 seconds
2016-03-10T09:06:40.741-0500: 36.565: Total time for which application threads were stopped: 0.0001711 seconds
2016-03-10T09:06:40.741-0500: 36.565: Total time for which application threads were stopped: 0.0001030 seconds
2016-03-10T09:06:40.747-0500: 36.570: Total time for which application threads were stopped: 0.0001950 seconds
2016-03-10T09:06:40.850-0500: 36.674: Total time for which application threads were stopped: 0.0001889 seconds
2016-03-10T09:06:40.864-0500: 36.688: Total time for which application threads were stopped: 0.0004763 seconds
2016-03-10T09:06:40.864-0500: 36.688: Total time for which application threads were stopped: 0.0001281 seconds
2016-03-10T09:06:40.864-0500: 36.689: Total time for which application threads were stopped: 0.0001661 seconds
2016-03-10T09:06:40.977-0500: 36.801: Total time for which application threads were stopped: 0.0003273 seconds
2016-03-10T09:06:40.978-0500: 36.802: Total time for which application threads were stopped: 0.0001695 seconds
2016-03-10T09:06:41.138-0500: 36.962: Total time for which application threads were stopped: 0.0002497 seconds
2016-03-10T09:06:41.544-0500: 37.368: Total time for which application threads were stopped: 0.0008861 seconds
2016-03-10T09:06:41.743-0500: 37.567: Total time for which application threads were stopped: 0.0002980 seconds
2016-03-10T09:06:41.899-0500: 37.722: Total time for which application threads were stopped: 0.0011016 seconds
2016-03-10T09:06:42.147-0500: 37.971: Total time for which application threads were stopped: 0.0002315 seconds
2016-03-10T09:06:42.827-0500: 38.650: Total time for which application threads were stopped: 0.0007142 seconds
2016-03-10T09:06:43.106-0500: 38.930: Total time for which application threads were stopped: 0.0003326 seconds
2016-03-10T09:06:43.106-0500: 38.930: Total time for which application threads were stopped: 0.0001836 seconds
2016-03-10T09:06:43.106-0500: 38.930: Total time for which application threads were stopped: 0.0002281 seconds
2016-03-10T09:06:43.108-0500: 38.932: Total time for which application threads were stopped: 0.0001528 seconds
2016-03-10T09:06:43.400-0500: 39.224: Total time for which application threads were stopped: 0.0002630 seconds
2016-03-10T09:06:43.402-0500: 39.226: Total time for which application threads were stopped: 0.0001688 seconds
2016-03-10T09:06:43.407-0500: 39.231: Total time for which application threads were stopped: 0.0003265 seconds
2016-03-10T09:06:43.417-0500: 39.241: Total time for which application threads were stopped: 0.0003558 seconds
2016-03-10T09:06:43.468-0500: 39.292: Total time for which application threads were stopped: 0.0002942 seconds
2016-03-10T09:06:43.472-0500: 39.295: Total time for which application threads were stopped: 0.0006295 seconds
2016-03-10T09:06:43.472-0500: 39.296: Total time for which application threads were stopped: 0.0001916 seconds
2016-03-10T09:06:43.639-0500: 39.463: Total time for which application threads were stopped: 0.0002235 seconds
2016-03-10T09:06:43.848-0500: 39.672: Total time for which application threads were stopped: 0.0003881 seconds
2016-03-10T09:06:43.965-0500: 39.789: Total time for which application threads were stopped: 0.0003223 seconds
2016-03-10T09:06:44.075-0500: 39.899: Total time for which application threads were stopped: 0.0002581 seconds
2016-03-10T09:06:44.274-0500: 40.097: [CMS-concurrent-abortable-preclean: 3.006/4.721 secs] [Times: user=7.66 sys=0.44, real=4.72 secs] 
2016-03-10T09:06:44.274-0500: 40.098: [GC (CMS Final Remark) [YG occupancy: 58296 K (109248 K)]{Heap before GC invocations=9 (full 1):
 par new generation   total 109248K, used 58296K [0x10c00000, 0x18c00000, 0x18c00000)
  eden space 87424K,  52% used [0x10c00000, 0x138676f0, 0x16160000)
  from space 21824K,  58% used [0x176b0000, 0x18336b20, 0x18c00000)
  to   space 21824K,   0% used [0x16160000, 0x16160000, 0x176b0000)
 concurrent mark-sweep generation total 393216K, used 2273K [0x18c00000, 0x30c00000, 0x30c00000)
 Metaspace       used 18674K, capacity 18816K, committed 18944K, reserved 19840K
2016-03-10T09:06:44.274-0500: 40.098: [GC (CMS Final Remark) 40.098: [ParNew
Desired survivor size 20112996 bytes, new threshold 8 (max 8)
- age   1:    7859696 bytes,    7859696 total
- age   2:    1854136 bytes,    9713832 total
- age   3:      85168 bytes,    9799000 total
- age   4:      82896 bytes,    9881896 total
- age   5:     105832 bytes,    9987728 total
- age   6:     131176 bytes,   10118904 total
- age   7:     273544 bytes,   10392448 total
- age   8:    1878200 bytes,   12270648 total
: 58296K->14327K(109248K), 0.0675266 secs] 60570K->19276K(502464K), 0.0677133 secs] [Times: user=0.19 sys=0.02, real=0.07 secs] 
Heap after GC invocations=10 (full 1):
 par new generation   total 109248K, used 14327K [0x10c00000, 0x18c00000, 0x18c00000)
  eden space 87424K,   0% used [0x10c00000, 0x10c00000, 0x16160000)
  from space 21824K,  65% used [0x16160000, 0x16f5dd60, 0x176b0000)
  to   space 21824K,   0% used [0x176b0000, 0x176b0000, 0x18c00000)
 concurrent mark-sweep generation total 393216K, used 4949K [0x18c00000, 0x30c00000, 0x30c00000)
 Metaspace       used 18674K, capacity 18816K, committed 18944K, reserved 19840K
}
40.166: [Rescan (parallel) , 0.0212780 secs]40.187: [weak refs processing, 0.0030345 secs]40.191: [class unloading, 0.0309814 secs]40.222: [scrub symbol table, 0.0077887 secs]40.229: [scrub string table, 0.0005858 secs][1 CMS-remark: 4949K(393216K)] 19276K(502464K), 0.1399036 secs] [Times: user=0.30 sys=0.02, real=0.14 secs] 
2016-03-10T09:06:44.415-0500: 40.238: Total time for which application threads were stopped: 0.1404042 seconds
2016-03-10T09:06:44.415-0500: 40.238: [CMS-concurrent-sweep-start]
2016-03-10T09:06:44.426-0500: 40.250: [CMS-concurrent-sweep: 0.012/0.012 secs] [Times: user=0.00 sys=0.00, real=0.01 secs] 
2016-03-10T09:06:44.427-0500: 40.250: [CMS-concurrent-reset-start]
2016-03-10T09:06:44.448-0500: 40.271: [CMS-concurrent-reset: 0.021/0.021 secs] [Times: user=0.09 sys=0.03, real=0.02 secs] 
2016-03-10T09:06:44.774-0500: 40.597: Total time for which application threads were stopped: 0.0002410 seconds
2016-03-10T09:06:44.774-0500: 40.598: Total time for which application threads were stopped: 0.0002281 seconds
2016-03-10T09:06:44.775-0500: 40.599: Total time for which application threads were stopped: 0.0001688 seconds
2016-03-10T09:06:44.775-0500: 40.599: Total time for which application threads were stopped: 0.0001787 seconds
2016-03-10T09:06:44.776-0500: 40.599: Total time for which application threads were stopped: 0.0001673 seconds
2016-03-10T09:06:44.776-0500: 40.600: Total time for which application threads were stopped: 0.0001676 seconds
2016-03-10T09:06:44.777-0500: 40.600: Total time for which application threads were stopped: 0.0002463 seconds
2016-03-10T09:06:44.777-0500: 40.601: Total time for which application threads were stopped: 0.0001798 seconds
2016-03-10T09:06:44.778-0500: 40.601: Total time for which application threads were stopped: 0.0001692 seconds
2016-03-10T09:06:44.778-0500: 40.602: Total time for which application threads were stopped: 0.0001376 seconds
2016-03-10T09:06:44.808-0500: 40.632: Total time for which application threads were stopped: 0.0002026 seconds
2016-03-10T09:06:44.808-0500: 40.632: Total time for which application threads were stopped: 0.0001703 seconds
2016-03-10T09:06:44.809-0500: 40.633: Total time for which application threads were stopped: 0.0001707 seconds
2016-03-10T09:06:44.809-0500: 40.633: Total time for which application threads were stopped: 0.0001353 seconds
2016-03-10T09:06:44.813-0500: 40.637: Total time for which application threads were stopped: 0.0002380 seconds
2016-03-10T09:06:44.813-0500: 40.637: Total time for which application threads were stopped: 0.0002813 seconds
2016-03-10T09:06:44.814-0500: 40.638: Total time for which application threads were stopped: 0.0002026 seconds
2016-03-10T09:06:44.814-0500: 40.638: Total time for which application threads were stopped: 0.0002744 seconds
2016-03-10T09:06:44.831-0500: 40.655: Total time for which application threads were stopped: 0.0002946 seconds
2016-03-10T09:06:44.832-0500: 40.655: Total time for which application threads were stopped: 0.0003231 seconds
2016-03-10T09:06:44.832-0500: 40.656: Total time for which application threads were stopped: 0.0002163 seconds
2016-03-10T09:06:44.833-0500: 40.656: Total time for which application threads were stopped: 0.0003136 seconds
2016-03-10T09:06:44.870-0500: 40.694: Total time for which application threads were stopped: 0.0002155 seconds
2016-03-10T09:06:44.870-0500: 40.694: Total time for which application threads were stopped: 0.0001665 seconds
2016-03-10T09:06:44.882-0500: 40.706: Total time for which application threads were stopped: 0.0004618 seconds
2016-03-10T09:06:44.883-0500: 40.706: Total time for which application threads were stopped: 0.0003068 seconds
2016-03-10T09:06:44.923-0500: 40.747: Total time for which application threads were stopped: 0.0002072 seconds
2016-03-10T09:06:44.923-0500: 40.747: Total time for which application threads were stopped: 0.0001296 seconds
2016-03-10T09:06:44.925-0500: 40.750: Total time for which application threads were stopped: 0.0001832 seconds
2016-03-10T09:06:44.926-0500: 40.750: Total time for which application threads were stopped: 0.0002444 seconds
2016-03-10T09:06:45.021-0500: 40.845: Total time for which application threads were stopped: 0.0002125 seconds
2016-03-10T09:06:45.021-0500: 40.845: Total time for which application threads were stopped: 0.0001543 seconds
2016-03-10T09:06:45.072-0500: 40.895: Total time for which application threads were stopped: 0.0003596 seconds
2016-03-10T09:06:45.072-0500: 40.896: Total time for which application threads were stopped: 0.0002513 seconds
2016-03-10T09:06:45.073-0500: 40.896: Total time for which application threads were stopped: 0.0002706 seconds
2016-03-10T09:06:45.073-0500: 40.897: Total time for which application threads were stopped: 0.0002011 seconds
2016-03-10T09:06:45.075-0500: 40.899: Total time for which application threads were stopped: 0.0005759 seconds
2016-03-10T09:06:45.076-0500: 40.900: Total time for which application threads were stopped: 0.0005329 seconds
2016-03-10T09:06:45.078-0500: 40.901: Total time for which application threads were stopped: 0.0001756 seconds
2016-03-10T09:06:45.305-0500: 41.129: Total time for which application threads were stopped: 0.0003429 seconds
2016-03-10T09:06:45.346-0500: 41.170: Total time for which application threads were stopped: 0.0003102 seconds
2016-03-10T09:06:45.440-0500: 41.263: Total time for which application threads were stopped: 0.0003858 seconds
2016-03-10T09:06:45.440-0500: 41.264: Total time for which application threads were stopped: 0.0002722 seconds
2016-03-10T09:06:45.441-0500: 41.265: Total time for which application threads were stopped: 0.0003201 seconds
2016-03-10T09:06:45.441-0500: 41.265: Total time for which application threads were stopped: 0.0002106 seconds
2016-03-10T09:06:45.442-0500: 41.266: Total time for which application threads were stopped: 0.0003166 seconds
2016-03-10T09:06:45.442-0500: 41.266: Total time for which application threads were stopped: 0.0001859 seconds
2016-03-10T09:06:45.443-0500: 41.267: Total time for which application threads were stopped: 0.0002281 seconds
2016-03-10T09:06:45.444-0500: 41.267: Total time for which application threads were stopped: 0.0003261 seconds
2016-03-10T09:06:45.444-0500: 41.268: Total time for which application threads were stopped: 0.0001920 seconds
2016-03-10T09:06:45.445-0500: 41.268: Total time for which application threads were stopped: 0.0003615 seconds
2016-03-10T09:06:45.615-0500: 41.439: Total time for which application threads were stopped: 0.0002437 seconds
2016-03-10T09:06:45.653-0500: 41.477: Total time for which application threads were stopped: 0.0002782 seconds
2016-03-10T09:06:45.653-0500: 41.477: Total time for which application threads were stopped: 0.0001813 seconds
2016-03-10T09:06:45.738-0500: 41.562: Total time for which application threads were stopped: 0.0001847 seconds
2016-03-10T09:06:45.738-0500: 41.562: Total time for which application threads were stopped: 0.0001551 seconds
2016-03-10T09:07:10.655-0500: 66.479: Total time for which application threads were stopped: 0.0002752 seconds
2016-03-10T09:07:10.656-0500: 66.480: Total time for which application threads were stopped: 0.0001980 seconds
2016-03-10T09:07:10.794-0500: 66.618: Total time for which application threads were stopped: 0.0002954 seconds
2016-03-10T09:07:10.930-0500: 66.755: Total time for which application threads were stopped: 0.0002592 seconds
2016-03-10T09:07:10.931-0500: 66.755: Total time for which application threads were stopped: 0.0001844 seconds
2016-03-10T09:07:11.070-0500: 66.895: Total time for which application threads were stopped: 0.0002539 seconds
2016-03-10T09:07:11.071-0500: 66.895: Total time for which application threads were stopped: 0.0002053 seconds
2016-03-10T09:07:11.071-0500: 66.895: Total time for which application threads were stopped: 0.0001657 seconds
2016-03-10T09:07:11.099-0500: 66.923: Total time for which application threads were stopped: 0.0001977 seconds
2016-03-10T09:07:11.288-0500: 67.111: Total time for which application threads were stopped: 0.0002543 seconds
2016-03-10T09:07:11.288-0500: 67.112: Total time for which application threads were stopped: 0.0002129 seconds
2016-03-10T09:07:11.302-0500: 67.126: Total time for which application threads were stopped: 0.0001999 seconds
2016-03-10T09:07:11.303-0500: 67.126: Total time for which application threads were stopped: 0.0001597 seconds
2016-03-10T09:07:11.304-0500: 67.128: Total time for which application threads were stopped: 0.0002471 seconds
2016-03-10T09:07:11.304-0500: 67.128: Total time for which application threads were stopped: 0.0001897 seconds
2016-03-10T09:07:11.305-0500: 67.129: Total time for which application threads were stopped: 0.0002269 seconds
2016-03-10T09:07:11.305-0500: 67.129: Total time for which application threads were stopped: 0.0002239 seconds
2016-03-10T09:07:11.308-0500: 67.131: Total time for which application threads were stopped: 0.0002456 seconds
2016-03-10T09:07:11.308-0500: 67.132: Total time for which application threads were stopped: 0.0002345 seconds
2016-03-10T09:07:11.309-0500: 67.132: Total time for which application threads were stopped: 0.0002091 seconds
2016-03-10T09:07:11.309-0500: 67.133: Total time for which application threads were stopped: 0.0002026 seconds
2016-03-10T09:07:11.468-0500: 67.292: Total time for which application threads were stopped: 0.0002125 seconds
2016-03-10T09:07:11.471-0500: 67.295: Total time for which application threads were stopped: 0.0002288 seconds
2016-03-10T09:07:11.471-0500: 67.295: Total time for which application threads were stopped: 0.0002163 seconds
2016-03-10T09:07:11.472-0500: 67.295: Total time for which application threads were stopped: 0.0002121 seconds
2016-03-10T09:07:11.476-0500: 67.300: Total time for which application threads were stopped: 0.0002418 seconds
2016-03-10T09:07:11.476-0500: 67.300: Total time for which application threads were stopped: 0.0002083 seconds
2016-03-10T09:07:11.477-0500: 67.300: Total time for which application threads were stopped: 0.0001152 seconds
2016-03-10T09:07:11.477-0500: 67.301: Total time for which application threads were stopped: 0.0002064 seconds
2016-03-10T09:07:11.561-0500: 67.384: Total time for which application threads were stopped: 0.0002596 seconds
2016-03-10T09:07:11.561-0500: 67.385: Total time for which application threads were stopped: 0.0001965 seconds
2016-03-10T09:07:11.561-0500: 67.385: Total time for which application threads were stopped: 0.0001680 seconds
2016-03-10T09:07:11.615-0500: 67.439: Total time for which application threads were stopped: 0.0010643 seconds
2016-03-10T09:07:11.888-0500: 67.712: Total time for which application threads were stopped: 0.0003231 seconds
2016-03-10T09:07:11.889-0500: 67.712: Total time for which application threads were stopped: 0.0002075 seconds
2016-03-10T09:07:12.890-0500: 68.714: Total time for which application threads were stopped: 0.0002931 seconds
2016-03-10T09:07:13.891-0500: 69.715: Total time for which application threads were stopped: 0.0012913 seconds
2016-03-10T09:07:14.868-0500: 70.692: Total time for which application threads were stopped: 0.0002524 seconds
2016-03-10T09:07:14.869-0500: 70.692: Total time for which application threads were stopped: 0.0001376 seconds
2016-03-10T09:07:15.036-0500: 70.860: Total time for which application threads were stopped: 0.0002083 seconds
2016-03-10T09:07:19.158-0500: 74.982: Total time for which application threads were stopped: 0.0002254 seconds
2016-03-10T09:07:46.168-0500: 101.991: Total time for which application threads were stopped: 0.0001798 seconds
2016-03-10T09:08:10.178-0500: 126.001: Total time for which application threads were stopped: 0.0001939 seconds
2016-03-10T09:09:05.198-0500: 181.022: Total time for which application threads were stopped: 0.0002383 seconds
2016-03-10T09:48:25.222-0500: 2541.059: Total time for which application threads were stopped: 0.0000787 seconds
2016-03-10T09:48:25.224-0500: 2541.061: Total time for which application threads were stopped: 0.0000779 seconds
2016-03-10T09:48:25.225-0500: 2541.062: Total time for which application threads were stopped: 0.0000734 seconds
2016-03-10T09:48:25.225-0500: 2541.062: Total time for which application threads were stopped: 0.0000422 seconds
2016-03-10T09:48:25.225-0500: 2541.062: Total time for which application threads were stopped: 0.0000414 seconds
2016-03-10T09:48:25.225-0500: 2541.062: Total time for which application threads were stopped: 0.0000403 seconds
2016-03-10T09:48:25.229-0500: 2541.066: Total time for which application threads were stopped: 0.0000707 seconds
2016-03-10T09:48:25.233-0500: 2541.070: Total time for which application threads were stopped: 0.0000844 seconds
2016-03-10T09:48:25.233-0500: 2541.070: Total time for which application threads were stopped: 0.0001703 seconds
2016-03-10T09:48:25.233-0500: 2541.070: Total time for which application threads were stopped: 0.0001023 seconds
2016-03-10T09:48:26.233-0500: 2542.070: Total time for which application threads were stopped: 0.0001163 seconds
2016-03-10T09:48:26.503-0500: 2542.341: Total time for which application threads were stopped: 0.0000684 seconds
2016-03-10T09:48:27.468-0500: 2543.305: Total time for which application threads were stopped: 0.0000897 seconds
2016-03-10T09:48:27.472-0500: 2543.309: Total time for which application threads were stopped: 0.0005113 seconds
2016-03-10T09:48:27.612-0500: 2543.449: Total time for which application threads were stopped: 0.0000783 seconds
2016-03-10T09:48:27.612-0500: 2543.449: Total time for which application threads were stopped: 0.0000388 seconds
2016-03-10T09:48:27.613-0500: 2543.450: Total time for which application threads were stopped: 0.0000342 seconds
2016-03-10T09:48:27.613-0500: 2543.450: Total time for which application threads were stopped: 0.0000426 seconds
2016-03-10T09:48:27.613-0500: 2543.450: Total time for which application threads were stopped: 0.0000411 seconds
2016-03-10T09:48:27.613-0500: 2543.450: Total time for which application threads were stopped: 0.0000388 seconds
2016-03-10T09:48:27.619-0500: 2543.456: Total time for which application threads were stopped: 0.0000745 seconds
2016-03-10T09:48:27.619-0500: 2543.456: Total time for which application threads were stopped: 0.0000418 seconds
2016-03-10T09:48:27.619-0500: 2543.456: Total time for which application threads were stopped: 0.0000403 seconds
2016-03-10T09:48:27.619-0500: 2543.456: Total time for which application threads were stopped: 0.0000380 seconds
2016-03-10T09:48:27.619-0500: 2543.456: Total time for which application threads were stopped: 0.0000399 seconds
2016-03-10T09:48:27.620-0500: 2543.457: Total time for which application threads were stopped: 0.0000304 seconds
2016-03-10T09:48:27.620-0500: 2543.457: Total time for which application threads were stopped: 0.0000388 seconds
2016-03-10T09:48:27.620-0500: 2543.457: Total time for which application threads were stopped: 0.0000300 seconds
2016-03-10T09:48:27.620-0500: 2543.457: Total time for which application threads were stopped: 0.0000471 seconds
2016-03-10T09:48:27.620-0500: 2543.457: Total time for which application threads were stopped: 0.0000312 seconds
2016-03-10T09:48:27.620-0500: 2543.457: Total time for which application threads were stopped: 0.0000331 seconds
2016-03-10T09:48:27.620-0500: 2543.457: Total time for which application threads were stopped: 0.0000521 seconds
2016-03-10T09:48:27.627-0500: 2543.465: Total time for which application threads were stopped: 0.0000566 seconds
2016-03-10T09:48:27.628-0500: 2543.465: Total time for which application threads were stopped: 0.0001015 seconds
2016-03-10T09:48:27.628-0500: 2543.465: Total time for which application threads were stopped: 0.0000555 seconds
2016-03-10T09:48:27.628-0500: 2543.465: Total time for which application threads were stopped: 0.0000604 seconds
2016-03-10T09:48:27.629-0500: 2543.465: Total time for which application threads were stopped: 0.0000563 seconds
2016-03-10T09:48:27.629-0500: 2543.465: Total time for which application threads were stopped: 0.0000418 seconds
2016-03-10T09:48:27.629-0500: 2543.465: Total time for which application threads were stopped: 0.0000452 seconds
2016-03-10T09:48:27.630-0500: 2543.466: Total time for which application threads were stopped: 0.0001722 seconds
2016-03-10T09:48:27.635-0500: 2543.471: Total time for which application threads were stopped: 0.0001996 seconds
2016-03-10T09:48:27.663-0500: 2543.500: Total time for which application threads were stopped: 0.0001110 seconds
2016-03-10T09:48:27.663-0500: 2543.500: Total time for which application threads were stopped: 0.0000502 seconds
2016-03-10T09:48:27.705-0500: 2543.542: Total time for which application threads were stopped: 0.0000920 seconds
2016-03-10T09:48:27.705-0500: 2543.542: Total time for which application threads were stopped: 0.0000433 seconds
2016-03-10T09:48:27.751-0500: 2543.588: Total time for which application threads were stopped: 0.0000863 seconds
2016-03-10T09:48:27.816-0500: 2543.654: Total time for which application threads were stopped: 0.0001182 seconds
2016-03-10T09:48:27.817-0500: 2543.654: Total time for which application threads were stopped: 0.0000711 seconds
2016-03-10T09:48:27.828-0500: 2543.666: Total time for which application threads were stopped: 0.0001030 seconds
2016-03-10T09:48:27.829-0500: 2543.666: Total time for which application threads were stopped: 0.0000734 seconds
2016-03-10T09:48:28.007-0500: 2543.844: Total time for which application threads were stopped: 0.0002741 seconds
2016-03-10T09:48:28.012-0500: 2543.849: Total time for which application threads were stopped: 0.0001311 seconds
2016-03-10T09:48:29.013-0500: 2544.849: Total time for which application threads were stopped: 0.0000745 seconds
2016-03-10T09:48:34.761-0500: 2550.597: Total time for which application threads were stopped: 0.0000840 seconds
2016-03-10T09:48:34.773-0500: 2550.610: Total time for which application threads were stopped: 0.0000836 seconds
2016-03-10T09:48:34.773-0500: 2550.610: Total time for which application threads were stopped: 0.0000468 seconds
2016-03-10T09:48:34.773-0500: 2550.610: Total time for which application threads were stopped: 0.0000327 seconds
2016-03-10T09:48:34.773-0500: 2550.610: Total time for which application threads were stopped: 0.0000468 seconds
2016-03-10T09:48:34.774-0500: 2550.610: Total time for which application threads were stopped: 0.0000509 seconds
2016-03-10T09:48:34.774-0500: 2550.610: Total time for which application threads were stopped: 0.0000517 seconds
2016-03-10T09:48:35.774-0500: 2551.610: Total time for which application threads were stopped: 0.0001137 seconds
2016-03-10T09:48:37.774-0500: 2553.611: Total time for which application threads were stopped: 0.0000768 seconds
{Heap before GC invocations=10 (full 1):
 par new generation   total 109248K, used 101751K [0x10c00000, 0x18c00000, 0x18c00000)
  eden space 87424K, 100% used [0x10c00000, 0x16160000, 0x16160000)
  from space 21824K,  65% used [0x16160000, 0x16f5dd60, 0x176b0000)
  to   space 21824K,   0% used [0x176b0000, 0x176b0000, 0x18c00000)
 concurrent mark-sweep generation total 393216K, used 4949K [0x18c00000, 0x30c00000, 0x30c00000)
 Metaspace       used 21102K, capacity 21268K, committed 21376K, reserved 21888K
2016-03-10T09:48:38.912-0500: 2554.749: [GC (Allocation Failure) 2554.749: [ParNew
Desired survivor size 20112996 bytes, new threshold 8 (max 8)
- age   1:    6232400 bytes,    6232400 total
- age   2:    5705888 bytes,   11938288 total
- age   3:    1843088 bytes,   13781376 total
- age   4:      85120 bytes,   13866496 total
- age   5:      82896 bytes,   13949392 total
- age   6:     105400 bytes,   14054792 total
- age   7:     129792 bytes,   14184584 total
- age   8:     273032 bytes,   14457616 total
: 101751K->20404K(109248K), 0.0170595 secs] 106700K->27191K(502464K), 0.0171366 secs] [Times: user=0.06 sys=0.00, real=0.02 secs] 
Heap after GC invocations=11 (full 1):
 par new generation   total 109248K, used 20404K [0x10c00000, 0x18c00000, 0x18c00000)
  eden space 87424K,   0% used [0x10c00000, 0x10c00000, 0x16160000)
  from space 21824K,  93% used [0x176b0000, 0x18a9d2c0, 0x18c00000)
  to   space 21824K,   0% used [0x16160000, 0x16160000, 0x176b0000)
 concurrent mark-sweep generation total 393216K, used 6786K [0x18c00000, 0x30c00000, 0x30c00000)
 Metaspace       used 21102K, capacity 21268K, committed 21376K, reserved 21888K
}
2016-03-10T09:48:38.929-0500: 2554.766: Total time for which application threads were stopped: 0.0172993 seconds
2016-03-10T09:48:39.930-0500: 2555.767: Total time for which application threads were stopped: 0.0001080 seconds
2016-03-10T09:48:40.931-0500: 2556.767: Total time for which application threads were stopped: 0.0000851 seconds
2016-03-10T09:48:42.932-0500: 2558.768: Total time for which application threads were stopped: 0.0001235 seconds
2016-03-10T09:48:45.933-0500: 2561.770: Total time for which application threads were stopped: 0.0000950 seconds
2016-03-10T09:48:49.630-0500: 2565.466: Total time for which application threads were stopped: 0.0000897 seconds
2016-03-10T09:48:49.736-0500: 2565.573: Total time for which application threads were stopped: 0.0000779 seconds
2016-03-10T09:48:49.750-0500: 2565.587: Total time for which application threads were stopped: 0.0000901 seconds
2016-03-10T09:48:50.750-0500: 2566.587: Total time for which application threads were stopped: 0.0001319 seconds
2016-03-10T09:49:04.754-0500: 2580.591: Total time for which application threads were stopped: 0.0000825 seconds
2016-03-10T09:49:05.754-0500: 2581.591: Total time for which application threads were stopped: 0.0000844 seconds
2016-03-10T09:49:08.754-0500: 2584.591: Total time for which application threads were stopped: 0.0000760 seconds
2016-03-10T09:49:16.756-0500: 2592.593: Total time for which application threads were stopped: 0.0000768 seconds
2016-03-10T09:49:18.758-0500: 2594.595: Total time for which application threads were stopped: 0.0001045 seconds
2016-03-10T09:49:19.454-0500: 2595.291: Total time for which application threads were stopped: 0.0000612 seconds
2016-03-10T09:49:19.454-0500: 2595.292: Total time for which application threads were stopped: 0.0000456 seconds
2016-03-10T09:49:19.484-0500: 2595.321: Total time for which application threads were stopped: 0.0005040 seconds
2016-03-10T09:49:20.484-0500: 2596.321: Total time for which application threads were stopped: 0.0001171 seconds
2016-03-10T09:49:22.484-0500: 2598.321: Total time for which application threads were stopped: 0.0001023 seconds
2016-03-10T09:49:23.485-0500: 2599.321: Total time for which application threads were stopped: 0.0001106 seconds
2016-03-10T09:49:25.485-0500: 2601.321: Total time for which application threads were stopped: 0.0001110 seconds
{Heap before GC invocations=11 (full 1):
 par new generation   total 109248K, used 107828K [0x10c00000, 0x18c00000, 0x18c00000)
  eden space 87424K, 100% used [0x10c00000, 0x16160000, 0x16160000)
  from space 21824K,  93% used [0x176b0000, 0x18a9d2c0, 0x18c00000)
  to   space 21824K,   0% used [0x16160000, 0x16160000, 0x176b0000)
 concurrent mark-sweep generation total 393216K, used 6786K [0x18c00000, 0x30c00000, 0x30c00000)
 Metaspace       used 21506K, capacity 21724K, committed 21760K, reserved 21888K
2016-03-10T09:49:27.619-0500: 2603.456: [GC (Allocation Failure) 2603.456: [ParNew
Desired survivor size 20112996 bytes, new threshold 8 (max 8)
- age   1:    1338352 bytes,    1338352 total
- age   2:    5899144 bytes,    7237496 total
- age   3:    5654664 bytes,   12892160 total
- age   4:    1816280 bytes,   14708440 total
- age   5:      79336 bytes,   14787776 total
- age   6:      76920 bytes,   14864696 total
- age   7:      94296 bytes,   14958992 total
- age   8:     122360 bytes,   15081352 total
: 107828K->20042K(109248K), 0.0123167 secs] 114615K->27097K(502464K), 0.0124121 secs] [Times: user=0.00 sys=0.00, real=0.01 secs] 
Heap after GC invocations=12 (full 1):
 par new generation   total 109248K, used 20042K [0x10c00000, 0x18c00000, 0x18c00000)
  eden space 87424K,   0% used [0x10c00000, 0x10c00000, 0x16160000)
  from space 21824K,  91% used [0x16160000, 0x174f2920, 0x176b0000)
  to   space 21824K,   0% used [0x176b0000, 0x176b0000, 0x18c00000)
 concurrent mark-sweep generation total 393216K, used 7054K [0x18c00000, 0x30c00000, 0x30c00000)
 Metaspace       used 21506K, capacity 21724K, committed 21760K, reserved 21888K
}
2016-03-10T09:49:27.632-0500: 2603.469: Total time for which application threads were stopped: 0.0126029 seconds
2016-03-10T09:49:28.632-0500: 2604.469: Total time for which application threads were stopped: 0.0002113 seconds
2016-03-10T09:49:28.686-0500: 2604.522: Total time for which application threads were stopped: 0.0001806 seconds
2016-03-10T09:49:28.867-0500: 2604.704: Total time for which application threads were stopped: 0.0003079 seconds
2016-03-10T09:49:29.867-0500: 2605.704: Total time for which application threads were stopped: 0.0002535 seconds
2016-03-10T09:49:38.872-0500: 2614.708: Total time for which application threads were stopped: 0.0002117 seconds
2016-03-10T09:49:41.872-0500: 2617.709: Total time for which application threads were stopped: 0.0002817 seconds
2016-03-10T09:49:42.873-0500: 2618.710: Total time for which application threads were stopped: 0.0003261 seconds
2016-03-10T09:49:43.125-0500: 2618.962: Total time for which application threads were stopped: 0.0003550 seconds
2016-03-10T09:49:43.126-0500: 2618.963: Total time for which application threads were stopped: 0.0001699 seconds
2016-03-10T09:49:44.126-0500: 2619.963: Total time for which application threads were stopped: 0.0001863 seconds
2016-03-10T09:53:26.919-0500: 2842.756: Total time for which application threads were stopped: 0.0003638 seconds
2016-03-10T09:53:26.921-0500: 2842.758: Total time for which application threads were stopped: 0.0002672 seconds
2016-03-10T09:53:27.921-0500: 2843.758: Total time for which application threads were stopped: 0.0002140 seconds
2016-03-10T09:53:28.539-0500: 2844.376: Total time for which application threads were stopped: 0.0002003 seconds
2016-03-10T09:53:29.539-0500: 2845.376: Total time for which application threads were stopped: 0.0002098 seconds
2016-03-10T09:53:36.543-0500: 2852.380: Total time for which application threads were stopped: 0.0003125 seconds
2016-03-10T09:53:37.199-0500: 2853.036: Total time for which application threads were stopped: 0.0003060 seconds
2016-03-10T09:53:46.282-0500: 2862.118: Total time for which application threads were stopped: 0.0002570 seconds
2016-03-10T09:53:46.282-0500: 2862.119: Total time for which application threads were stopped: 0.0002535 seconds
2016-03-10T09:53:46.346-0500: 2862.183: Total time for which application threads were stopped: 0.0002144 seconds
2016-03-10T09:53:46.349-0500: 2862.186: Total time for which application threads were stopped: 0.0001562 seconds
{Heap before GC invocations=12 (full 1):
 par new generation   total 109248K, used 107466K [0x10c00000, 0x18c00000, 0x18c00000)
  eden space 87424K, 100% used [0x10c00000, 0x16160000, 0x16160000)
  from space 21824K,  91% used [0x16160000, 0x174f2920, 0x176b0000)
  to   space 21824K,   0% used [0x176b0000, 0x176b0000, 0x18c00000)
 concurrent mark-sweep generation total 393216K, used 7054K [0x18c00000, 0x30c00000, 0x30c00000)
 Metaspace       used 21736K, capacity 21958K, committed 22016K, reserved 22912K
2016-03-10T09:53:46.658-0500: 2862.496: [GC (Allocation Failure) 2862.496: [ParNew
Desired survivor size 20112996 bytes, new threshold 8 (max 8)
- age   1:    3563336 bytes,    3563336 total
- age   2:     241568 bytes,    3804904 total
- age   3:    5856960 bytes,    9661864 total
- age   4:    5654632 bytes,   15316496 total
- age   5:    1816280 bytes,   17132776 total
- age   6:      79336 bytes,   17212112 total
- age   7:      76920 bytes,   17289032 total
- age   8:      94296 bytes,   17383328 total
: 107466K->18273K(109248K), 0.0607316 secs] 114521K->25450K(502464K), 0.0610155 secs] [Times: user=0.25 sys=0.00, real=0.06 secs] 
Heap after GC invocations=13 (full 1):
 par new generation   total 109248K, used 18273K [0x10c00000, 0x18c00000, 0x18c00000)
  eden space 87424K,   0% used [0x10c00000, 0x10c00000, 0x16160000)
  from space 21824K,  83% used [0x176b0000, 0x18888730, 0x18c00000)
  to   space 21824K,   0% used [0x16160000, 0x16160000, 0x176b0000)
 concurrent mark-sweep generation total 393216K, used 7177K [0x18c00000, 0x30c00000, 0x30c00000)
 Metaspace       used 21736K, capacity 21958K, committed 22016K, reserved 22912K
}
2016-03-10T09:53:46.720-0500: 2862.557: Total time for which application threads were stopped: 0.0618910 seconds
2016-03-10T09:53:47.720-0500: 2863.557: Total time for which application threads were stopped: 0.0002121 seconds
2016-03-10T09:54:02.724-0500: 2878.561: Total time for which application threads were stopped: 0.0002573 seconds
2016-03-10T09:54:03.725-0500: 2879.562: Total time for which application threads were stopped: 0.0003695 seconds
2016-03-10T09:54:13.727-0500: 2889.564: Total time for which application threads were stopped: 0.0002581 seconds
2016-03-10T09:54:21.731-0500: 2897.567: Total time for which application threads were stopped: 0.0003030 seconds
2016-03-10T09:54:32.732-0500: 2908.569: Total time for which application threads were stopped: 0.0003052 seconds
2016-03-10T09:54:39.605-0500: 2915.442: Total time for which application threads were stopped: 0.0002984 seconds
{Heap before GC invocations=13 (full 1):
 par new generation   total 109248K, used 105697K [0x10c00000, 0x18c00000, 0x18c00000)
  eden space 87424K, 100% used [0x10c00000, 0x16160000, 0x16160000)
  from space 21824K,  83% used [0x176b0000, 0x18888730, 0x18c00000)
  to   space 21824K,   0% used [0x16160000, 0x16160000, 0x176b0000)
 concurrent mark-sweep generation total 393216K, used 7177K [0x18c00000, 0x30c00000, 0x30c00000)
 Metaspace       used 21820K, capacity 21992K, committed 22144K, reserved 22912K
2016-03-10T09:54:39.623-0500: 2915.461: [GC (Allocation Failure) 2915.461: [ParNew
Desired survivor size 20112996 bytes, new threshold 8 (max 8)
- age   1:     628072 bytes,     628072 total
- age   2:     341008 bytes,     969080 total
- age   3:     241256 bytes,    1210336 total
- age   4:    5848496 bytes,    7058832 total
- age   5:    5654632 bytes,   12713464 total
- age   6:    1816280 bytes,   14529744 total
- age   7:      79336 bytes,   14609080 total
- age   8:      76920 bytes,   14686000 total
: 105697K->15622K(109248K), 0.0517873 secs] 112874K->22892K(502464K), 0.0520310 secs] [Times: user=0.17 sys=0.00, real=0.05 secs] 
Heap after GC invocations=14 (full 1):
 par new generation   total 109248K, used 15622K [0x10c00000, 0x18c00000, 0x18c00000)
  eden space 87424K,   0% used [0x10c00000, 0x10c00000, 0x16160000)
  from space 21824K,  71% used [0x16160000, 0x170a1820, 0x176b0000)
  to   space 21824K,   0% used [0x176b0000, 0x176b0000, 0x18c00000)
 concurrent mark-sweep generation total 393216K, used 7270K [0x18c00000, 0x30c00000, 0x30c00000)
 Metaspace       used 21820K, capacity 21992K, committed 22144K, reserved 22912K
}
2016-03-10T09:54:39.676-0500: 2915.513: Total time for which application threads were stopped: 0.0525776 seconds
2016-03-10T09:54:40.676-0500: 2916.513: Total time for which application threads were stopped: 0.0002516 seconds
2016-03-10T09:54:53.680-0500: 2929.517: Total time for which application threads were stopped: 0.0002132 seconds
2016-03-10T09:54:54.680-0500: 2930.517: Total time for which application threads were stopped: 0.0002281 seconds
2016-03-10T09:54:57.681-0500: 2933.518: Total time for which application threads were stopped: 0.0002193 seconds
2016-03-10T09:55:01.683-0500: 2937.520: Total time for which application threads were stopped: 0.0003037 seconds
2016-03-10T09:55:21.686-0500: 2957.523: Total time for which application threads were stopped: 0.0002018 seconds
2016-03-10T09:55:24.687-0500: 2960.524: Total time for which application threads were stopped: 0.0002163 seconds
{Heap before GC invocations=14 (full 1):
 par new generation   total 109248K, used 103046K [0x10c00000, 0x18c00000, 0x18c00000)
  eden space 87424K, 100% used [0x10c00000, 0x16160000, 0x16160000)
  from space 21824K,  71% used [0x16160000, 0x170a1820, 0x176b0000)
  to   space 21824K,   0% used [0x176b0000, 0x176b0000, 0x18c00000)
 concurrent mark-sweep generation total 393216K, used 7270K [0x18c00000, 0x30c00000, 0x30c00000)
 Metaspace       used 21868K, capacity 22059K, committed 22144K, reserved 22912K
2016-03-10T09:55:25.443-0500: 2961.280: [GC (Allocation Failure) 2961.280: [ParNew
Desired survivor size 20112996 bytes, new threshold 8 (max 8)
- age   1:    1805144 bytes,    1805144 total
- age   2:     442552 bytes,    2247696 total
- age   3:     339752 bytes,    2587448 total
- age   4:     241184 bytes,    2828632 total
- age   5:    3619848 bytes,    6448480 total
- age   6:    5654616 bytes,   12103096 total
- age   7:    1816064 bytes,   13919160 total
- age   8:      79336 bytes,   13998496 total
: 103046K->20523K(109248K), 0.0614261 secs] 110316K->27870K(502464K), 0.0616735 secs] [Times: user=0.23 sys=0.00, real=0.06 secs] 
Heap after GC invocations=15 (full 1):
 par new generation   total 109248K, used 20523K [0x10c00000, 0x18c00000, 0x18c00000)
  eden space 87424K,   0% used [0x10c00000, 0x10c00000, 0x16160000)
  from space 21824K,  94% used [0x176b0000, 0x18abafc8, 0x18c00000)
  to   space 21824K,   0% used [0x16160000, 0x16160000, 0x176b0000)
 concurrent mark-sweep generation total 393216K, used 7346K [0x18c00000, 0x30c00000, 0x30c00000)
 Metaspace       used 21868K, capacity 22059K, committed 22144K, reserved 22912K
}
2016-03-10T09:55:25.504-0500: 2961.342: Total time for which application threads were stopped: 0.0623965 seconds
2016-03-10T09:55:26.505-0500: 2962.341: Total time for which application threads were stopped: 0.0002087 seconds
2016-03-10T09:55:53.514-0500: 2989.352: Total time for which application threads were stopped: 0.0004413 seconds
2016-03-10T09:55:54.515-0500: 2990.352: Total time for which application threads were stopped: 0.0002315 seconds
2016-03-10T09:55:57.006-0500: 2992.843: Total time for which application threads were stopped: 0.0002900 seconds
2016-03-10T09:55:58.007-0500: 2993.843: Total time for which application threads were stopped: 0.0001965 seconds
2016-03-10T09:56:06.008-0500: 3001.845: Total time for which application threads were stopped: 0.0002296 seconds
2016-03-10T09:58:11.241-0500: 3127.078: Total time for which application threads were stopped: 0.0003353 seconds
2016-03-10T09:58:11.606-0500: 3127.442: Total time for which application threads were stopped: 0.0002927 seconds
2016-03-10T09:58:11.612-0500: 3127.449: Total time for which application threads were stopped: 0.0002638 seconds
2016-03-10T09:58:16.613-0500: 3132.450: Total time for which application threads were stopped: 0.0001977 seconds
2016-03-10T09:58:32.615-0500: 3148.452: Total time for which application threads were stopped: 0.0001988 seconds
2016-03-10T09:58:44.142-0500: 3159.979: Total time for which application threads were stopped: 0.0003604 seconds
2016-03-10T09:58:45.143-0500: 3160.979: Total time for which application threads were stopped: 0.0001996 seconds
2016-03-10T09:58:57.146-0500: 3172.983: Total time for which application threads were stopped: 0.0006390 seconds
2016-03-10T09:59:29.153-0500: 3204.990: Total time for which application threads were stopped: 0.0001471 seconds
2016-03-10T13:51:24.211-0500: 17120.061: Total time for which application threads were stopped: 0.0003440 seconds
2016-03-10T13:51:24.213-0500: 17120.063: Total time for which application threads were stopped: 0.0002528 seconds
2016-03-10T13:51:25.106-0500: 17120.956: Total time for which application threads were stopped: 0.0001988 seconds
2016-03-10T13:51:26.106-0500: 17121.956: Total time for which application threads were stopped: 0.0002129 seconds
{Heap before GC invocations=15 (full 1):
 par new generation   total 109248K, used 107947K [0x10c00000, 0x18c00000, 0x18c00000)
  eden space 87424K, 100% used [0x10c00000, 0x16160000, 0x16160000)
  from space 21824K,  94% used [0x176b0000, 0x18abafc8, 0x18c00000)
  to   space 21824K,   0% used [0x16160000, 0x16160000, 0x176b0000)
 concurrent mark-sweep generation total 393216K, used 7346K [0x18c00000, 0x30c00000, 0x30c00000)
 Metaspace       used 22013K, capacity 22172K, committed 22272K, reserved 22912K
2016-03-10T13:51:34.594-0500: 17130.444: [GC (Allocation Failure) 17130.444: [ParNew
Desired survivor size 20112996 bytes, new threshold 8 (max 8)
- age   1:     533432 bytes,     533432 total
- age   2:      56608 bytes,     590040 total
- age   3:     442232 bytes,    1032272 total
- age   4:     312376 bytes,    1344648 total
- age   5:     240448 bytes,    1585096 total
- age   6:    5846936 bytes,    7432032 total
- age   7:    5654616 bytes,   13086648 total
- age   8:    1816064 bytes,   14902712 total
: 107947K->18638K(109248K), 0.0484244 secs] 115294K->26063K(502464K), 0.0486772 secs] [Times: user=0.19 sys=0.00, real=0.05 secs] 
Heap after GC invocations=16 (full 1):
 par new generation   total 109248K, used 18638K [0x10c00000, 0x18c00000, 0x18c00000)
  eden space 87424K,   0% used [0x10c00000, 0x10c00000, 0x16160000)
  from space 21824K,  85% used [0x16160000, 0x17393a78, 0x176b0000)
  to   space 21824K,   0% used [0x176b0000, 0x176b0000, 0x18c00000)
 concurrent mark-sweep generation total 393216K, used 7424K [0x18c00000, 0x30c00000, 0x30c00000)
 Metaspace       used 22013K, capacity 22172K, committed 22272K, reserved 22912K
}
2016-03-10T13:51:34.642-0500: 17130.493: Total time for which application threads were stopped: 0.0492477 seconds
2016-03-10T13:51:35.737-0500: 17131.587: Total time for which application threads were stopped: 0.0002878 seconds
2016-03-10T13:51:36.128-0500: 17131.979: Total time for which application threads were stopped: 0.0003653 seconds
2016-03-10T13:52:01.769-0500: 17157.619: Total time for which application threads were stopped: 0.0002357 seconds
2016-03-10T13:52:01.846-0500: 17157.697: Total time for which application threads were stopped: 0.0002334 seconds
2016-03-10T13:52:01.913-0500: 17157.763: Total time for which application threads were stopped: 0.0003596 seconds
2016-03-10T13:52:02.913-0500: 17158.763: Total time for which application threads were stopped: 0.0002186 seconds
2016-03-10T13:52:23.920-0500: 17179.770: Total time for which application threads were stopped: 0.0002703 seconds
2016-03-10T13:52:24.920-0500: 17180.770: Total time for which application threads were stopped: 0.0002228 seconds
2016-03-10T13:53:14.928-0500: 17230.778: Total time for which application threads were stopped: 0.0002144 seconds
2016-03-10T13:54:08.809-0500: 17284.659: Total time for which application threads were stopped: 0.0002942 seconds
2016-03-10T13:54:08.811-0500: 17284.662: Total time for which application threads were stopped: 0.0003699 seconds
2016-03-10T13:54:09.812-0500: 17285.662: Total time for which application threads were stopped: 0.0002189 seconds
2016-03-10T13:54:10.986-0500: 17286.836: Total time for which application threads were stopped: 0.0001992 seconds
2016-03-10T13:54:11.986-0500: 17287.836: Total time for which application threads were stopped: 0.0002570 seconds
{Heap before GC invocations=16 (full 1):
 par new generation   total 109248K, used 106062K [0x10c00000, 0x18c00000, 0x18c00000)
  eden space 87424K, 100% used [0x10c00000, 0x16160000, 0x16160000)
  from space 21824K,  85% used [0x16160000, 0x17393a78, 0x176b0000)
  to   space 21824K,   0% used [0x176b0000, 0x176b0000, 0x18c00000)
 concurrent mark-sweep generation total 393216K, used 7424K [0x18c00000, 0x30c00000, 0x30c00000)
 Metaspace       used 22068K, capacity 22238K, committed 22272K, reserved 22912K
2016-03-10T13:54:12.226-0500: 17288.076: [GC (Allocation Failure) 17288.077: [ParNew
Desired survivor size 20112996 bytes, new threshold 8 (max 8)
- age   1:    1097264 bytes,    1097264 total
- age   2:      24096 bytes,    1121360 total
- age   3:      56152 bytes,    1177512 total
- age   4:     441088 bytes,    1618600 total
- age   5:     311632 bytes,    1930232 total
- age   6:     238856 bytes,    2169088 total
- age   7:    5797832 bytes,    7966920 total
- age   8:    5654616 bytes,   13621536 total
: 106062K->15177K(109248K), 0.0591085 secs] 113487K->24383K(502464K), 0.0593650 secs] [Times: user=0.25 sys=0.00, real=0.06 secs] 
Heap after GC invocations=17 (full 1):
 par new generation   total 109248K, used 15177K [0x10c00000, 0x18c00000, 0x18c00000)
  eden space 87424K,   0% used [0x10c00000, 0x10c00000, 0x16160000)
  from space 21824K,  69% used [0x176b0000, 0x18582760, 0x18c00000)
  to   space 21824K,   0% used [0x16160000, 0x16160000, 0x176b0000)
 concurrent mark-sweep generation total 393216K, used 9205K [0x18c00000, 0x30c00000, 0x30c00000)
 Metaspace       used 22068K, capacity 22238K, committed 22272K, reserved 22912K
}
2016-03-10T13:54:12.285-0500: 17288.136: Total time for which application threads were stopped: 0.0600394 seconds
2016-03-10T13:54:13.286-0500: 17289.136: Total time for which application threads were stopped: 0.0002285 seconds
2016-03-10T13:56:02.585-0500: 17398.436: Total time for which application threads were stopped: 0.0003083 seconds
2016-03-10T13:56:02.938-0500: 17398.788: Total time for which application threads were stopped: 0.0002779 seconds
2016-03-10T13:56:02.943-0500: 17398.793: Total time for which application threads were stopped: 0.0003493 seconds
2016-03-10T13:56:02.954-0500: 17398.804: Total time for which application threads were stopped: 0.0002634 seconds
2016-03-10T13:56:03.954-0500: 17399.804: Total time for which application threads were stopped: 0.0001973 seconds
2016-03-10T19:29:45.831-0500: 37421.706: Total time for which application threads were stopped: 0.0001118 seconds
2016-03-10T19:33:19.515-0500: 37635.391: Total time for which application threads were stopped: 0.0003972 seconds
2016-03-10T19:33:19.529-0500: 37635.405: Total time for which application threads were stopped: 0.0003159 seconds
2016-03-10T19:33:19.793-0500: 37635.668: Total time for which application threads were stopped: 0.0002155 seconds
2016-03-10T19:33:20.793-0500: 37636.668: Total time for which application threads were stopped: 0.0002547 seconds
2016-03-10T19:33:21.793-0500: 37637.668: Total time for which application threads were stopped: 0.0002064 seconds
2016-03-10T19:33:25.796-0500: 37641.671: Total time for which application threads were stopped: 0.0002577 seconds
2016-03-10T19:33:27.797-0500: 37643.672: Total time for which application threads were stopped: 0.0002657 seconds
2016-03-10T19:33:27.817-0500: 37643.692: Total time for which application threads were stopped: 0.0003524 seconds
2016-03-10T19:33:28.817-0500: 37644.693: Total time for which application threads were stopped: 0.0002596 seconds
2016-03-10T19:34:59.835-0500: 37735.710: Total time for which application threads were stopped: 0.0005839 seconds
2016-03-10T19:34:59.839-0500: 37735.714: Total time for which application threads were stopped: 0.0005493 seconds
2016-03-10T19:35:00.106-0500: 37735.982: Total time for which application threads were stopped: 0.0002216 seconds
2016-03-10T19:35:00.106-0500: 37735.982: Total time for which application threads were stopped: 0.0001524 seconds
2016-03-10T19:35:06.165-0500: 37742.040: Total time for which application threads were stopped: 0.0002657 seconds
2016-03-10T19:35:06.166-0500: 37742.041: Total time for which application threads were stopped: 0.0001509 seconds
2016-03-10T19:35:06.166-0500: 37742.041: Total time for which application threads were stopped: 0.0001232 seconds
2016-03-10T19:35:06.228-0500: 37742.103: Total time for which application threads were stopped: 0.0003900 seconds
{Heap before GC invocations=17 (full 1):
 par new generation   total 109248K, used 102601K [0x10c00000, 0x18c00000, 0x18c00000)
  eden space 87424K, 100% used [0x10c00000, 0x16160000, 0x16160000)
  from space 21824K,  69% used [0x176b0000, 0x18582760, 0x18c00000)
  to   space 21824K,   0% used [0x16160000, 0x16160000, 0x176b0000)
 concurrent mark-sweep generation total 393216K, used 9205K [0x18c00000, 0x30c00000, 0x30c00000)
 Metaspace       used 22131K, capacity 22334K, committed 22400K, reserved 22912K
2016-03-10T19:35:06.247-0500: 37742.122: [GC (Allocation Failure) 37742.123: [ParNew
Desired survivor size 20112996 bytes, new threshold 8 (max 8)
- age   1:    2862760 bytes,    2862760 total
- age   2:     568264 bytes,    3431024 total
- age   3:      19464 bytes,    3450488 total
- age   4:      56152 bytes,    3506640 total
- age   5:     441088 bytes,    3947728 total
- age   6:     311568 bytes,    4259296 total
- age   7:     238760 bytes,    4498056 total
- age   8:    5797800 bytes,   10295856 total
: 102601K->16450K(109248K), 0.0683713 secs] 111807K->31894K(502464K), 0.0688266 secs] [Times: user=0.19 sys=0.00, real=0.07 secs] 
Heap after GC invocations=18 (full 1):
 par new generation   total 109248K, used 16450K [0x10c00000, 0x18c00000, 0x18c00000)
  eden space 87424K,   0% used [0x10c00000, 0x10c00000, 0x16160000)
  from space 21824K,  75% used [0x16160000, 0x17170b90, 0x176b0000)
  to   space 21824K,   0% used [0x176b0000, 0x176b0000, 0x18c00000)
 concurrent mark-sweep generation total 393216K, used 15444K [0x18c00000, 0x30c00000, 0x30c00000)
 Metaspace       used 22131K, capacity 22334K, committed 22400K, reserved 22912K
}
2016-03-10T19:35:06.316-0500: 37742.191: Total time for which application threads were stopped: 0.0695588 seconds
2016-03-10T19:35:07.316-0500: 37743.191: Total time for which application threads were stopped: 0.0002189 seconds
2016-03-10T19:35:15.319-0500: 37751.194: Total time for which application threads were stopped: 0.0002113 seconds
2016-03-10T19:38:45.432-0500: 37961.308: Total time for which application threads were stopped: 0.0002668 seconds
2016-03-10T19:42:35.079-0500: 38190.955: Total time for which application threads were stopped: 0.0003611 seconds
2016-03-10T19:42:35.911-0500: 38191.787: Total time for which application threads were stopped: 0.0005234 seconds
2016-03-10T19:42:35.981-0500: 38191.856: Total time for which application threads were stopped: 0.0002687 seconds
2016-03-10T19:42:44.562-0500: 38200.438: Total time for which application threads were stopped: 0.0002011 seconds
2016-03-10T19:42:44.824-0500: 38200.699: Total time for which application threads were stopped: 0.0003714 seconds
2016-03-10T19:42:45.824-0500: 38201.699: Total time for which application threads were stopped: 0.0002049 seconds
2016-03-10T19:42:50.824-0500: 38206.700: Total time for which application threads were stopped: 0.0002665 seconds
2016-03-10T19:42:52.825-0500: 38208.700: Total time for which application threads were stopped: 0.0002437 seconds
2016-03-10T19:42:55.827-0500: 38211.702: Total time for which application threads were stopped: 0.0002714 seconds
{Heap before GC invocations=18 (full 1):
 par new generation   total 109248K, used 103874K [0x10c00000, 0x18c00000, 0x18c00000)
  eden space 87424K, 100% used [0x10c00000, 0x16160000, 0x16160000)
  from space 21824K,  75% used [0x16160000, 0x17170b90, 0x176b0000)
  to   space 21824K,   0% used [0x176b0000, 0x176b0000, 0x18c00000)
 concurrent mark-sweep generation total 393216K, used 15444K [0x18c00000, 0x30c00000, 0x30c00000)
 Metaspace       used 22175K, capacity 22334K, committed 22400K, reserved 22912K
2016-03-10T19:43:00.585-0500: 38216.461: [GC (Allocation Failure) 38216.461: [ParNew
Desired survivor size 20112996 bytes, new threshold 8 (max 8)
- age   1:    1193232 bytes,    1193232 total
- age   2:     258320 bytes,    1451552 total
- age   3:     568120 bytes,    2019672 total
- age   4:      19464 bytes,    2039136 total
- age   5:      56152 bytes,    2095288 total
- age   6:     440936 bytes,    2536224 total
- age   7:     311568 bytes,    2847792 total
- age   8:     238664 bytes,    3086456 total
: 103874K->4628K(109248K), 0.0294195 secs] 119318K->23567K(502464K), 0.0296840 secs] [Times: user=0.13 sys=0.00, real=0.03 secs] 
Heap after GC invocations=19 (full 1):
 par new generation   total 109248K, used 4628K [0x10c00000, 0x18c00000, 0x18c00000)
  eden space 87424K,   0% used [0x10c00000, 0x10c00000, 0x16160000)
  from space 21824K,  21% used [0x176b0000, 0x17b35220, 0x18c00000)
  to   space 21824K,   0% used [0x16160000, 0x16160000, 0x176b0000)
 concurrent mark-sweep generation total 393216K, used 18938K [0x18c00000, 0x30c00000, 0x30c00000)
 Metaspace       used 22175K, capacity 22334K, committed 22400K, reserved 22912K
}
2016-03-10T19:43:00.615-0500: 38216.491: Total time for which application threads were stopped: 0.0303451 seconds
2016-03-10T19:43:01.616-0500: 38217.491: Total time for which application threads were stopped: 0.0002201 seconds
2016-03-10T19:43:06.618-0500: 38222.493: Total time for which application threads were stopped: 0.0002463 seconds
{Heap before GC invocations=19 (full 1):
 par new generation   total 109248K, used 92052K [0x10c00000, 0x18c00000, 0x18c00000)
  eden space 87424K, 100% used [0x10c00000, 0x16160000, 0x16160000)
  from space 21824K,  21% used [0x176b0000, 0x17b35220, 0x18c00000)
  to   space 21824K,   0% used [0x16160000, 0x16160000, 0x176b0000)
 concurrent mark-sweep generation total 393216K, used 18938K [0x18c00000, 0x30c00000, 0x30c00000)
 Metaspace       used 22184K, capacity 22366K, committed 22400K, reserved 22912K
2016-03-10T19:43:18.859-0500: 38234.734: [GC (Allocation Failure) 38234.734: [ParNew
Desired survivor size 20112996 bytes, new threshold 8 (max 8)
- age   1:     966872 bytes,     966872 total
- age   2:     465888 bytes,    1432760 total
- age   3:     229096 bytes,    1661856 total
- age   4:     568008 bytes,    2229864 total
- age   5:      19464 bytes,    2249328 total
- age   6:      56152 bytes,    2305480 total
- age   7:     440936 bytes,    2746416 total
- age   8:     311568 bytes,    3057984 total
: 92052K->3486K(109248K), 0.0156944 secs] 110991K->22658K(502464K), 0.0159484 secs] [Times: user=0.02 sys=0.00, real=0.02 secs] 
