Java HotSpot(TM) 64-Bit Server VM (24.80-b11) for windows-amd64 JRE (1.7.0_80-b15), built on Apr 10 2015 11:26:34 by "java_re" with unknown MS VC++:1600
Memory: 4k page, physical 8291468k(4581828k free), swap 16581076k(12105364k free)
CommandLine flags: -XX:CMSFullGCsBeforeCompaction=1 -XX:CMSInitiatingOccupancyFraction=50 -XX:CMSMaxAbortablePrecleanTime=6000 -XX:+CMSParallelRemarkEnabled -XX:+CMSScavengeBeforeRemark -XX:CMSTriggerPermRatio=80 -XX:ConcGCThreads=4 -XX:InitialHeapSize=536870912 -XX:MaxHeapSize=536870912 -XX:MaxTenuringThreshold=8 -XX:NewRatio=3 -XX:OldPLABSize=16 -XX:ParallelGCThreads=4 -XX:+ParallelRefProcEnabled -XX:PretenureSizeThreshold=67108864 -XX:+PrintGC -XX:+PrintGCApplicationStoppedTime -XX:+PrintGCDateStamps -XX:+PrintGCDetails -XX:+PrintGCTimeStamps -XX:+PrintHeapAtGC -XX:+PrintTenuringDistribution -XX:SurvivorRatio=4 -XX:TargetSurvivorRatio=90 -XX:ThreadStackSize=256 -XX:+UseCMSInitiatingOccupancyOnly -XX:+UseCompressedOops -XX:+UseConcMarkSweepGC -XX:-UseLargePagesIndividualAllocation -XX:+UseParNewGC 
2017-04-17T13:56:07.977-0400: 3.353: Total time for which application threads were stopped: 0.0148171 seconds, Stopping threads took: 0.0000194 seconds
2017-04-17T13:56:09.172-0400: 4.548: Total time for which application threads were stopped: 0.0003046 seconds, Stopping threads took: 0.0001605 seconds
2017-04-17T13:56:09.333-0400: 4.710: Total time for which application threads were stopped: 0.0001177 seconds, Stopping threads took: 0.0000488 seconds
2017-04-17T13:56:09.334-0400: 4.710: Total time for which application threads were stopped: 0.0000594 seconds, Stopping threads took: 0.0000312 seconds
2017-04-17T13:56:09.334-0400: 4.710: Total time for which application threads were stopped: 0.0000352 seconds, Stopping threads took: 0.0000088 seconds
{Heap before GC invocations=0 (full 0):
 par new generation   total 109248K, used 87424K [0x00000000dae00000, 0x00000000e2e00000, 0x00000000e2e00000)
  eden space 87424K, 100% used [0x00000000dae00000, 0x00000000e0360000, 0x00000000e0360000)
  from space 21824K,   0% used [0x00000000e0360000, 0x00000000e0360000, 0x00000000e18b0000)
  to   space 21824K,   0% used [0x00000000e18b0000, 0x00000000e18b0000, 0x00000000e2e00000)
 concurrent mark-sweep generation total 393216K, used 0K [0x00000000e2e00000, 0x00000000fae00000, 0x00000000fae00000)
 concurrent-mark-sweep perm gen total 21248K, used 9608K [0x00000000fae00000, 0x00000000fc2c0000, 0x0000000100000000)
2017-04-17T13:56:10.511-0400: 5.888: [GC2017-04-17T13:56:10.511-0400: 5.888: [ParNew
Desired survivor size 20112992 bytes, new threshold 8 (max 8)
- age   1:    5372144 bytes,    5372144 total
: 87424K->5313K(109248K), 0.0083645 secs] 87424K->5313K(502464K), 0.0085338 secs] [Times: user=0.00 sys=0.00, real=0.01 secs] 
Heap after GC invocations=1 (full 0):
 par new generation   total 109248K, used 5313K [0x00000000dae00000, 0x00000000e2e00000, 0x00000000e2e00000)
  eden space 87424K,   0% used [0x00000000dae00000, 0x00000000dae00000, 0x00000000e0360000)
  from space 21824K,  24% used [0x00000000e18b0000, 0x00000000e1de05d0, 0x00000000e2e00000)
  to   space 21824K,   0% used [0x00000000e0360000, 0x00000000e0360000, 0x00000000e18b0000)
 concurrent mark-sweep generation total 393216K, used 0K [0x00000000e2e00000, 0x00000000fae00000, 0x00000000fae00000)
 concurrent-mark-sweep perm gen total 21248K, used 9608K [0x00000000fae00000, 0x00000000fc2c0000, 0x0000000100000000)
}
2017-04-17T13:56:10.520-0400: 5.896: Total time for which application threads were stopped: 0.0087270 seconds, Stopping threads took: 0.0000154 seconds
2017-04-17T13:56:10.520-0400: 5.897: Total time for which application threads were stopped: 0.0000334 seconds, Stopping threads took: 0.0000180 seconds
2017-04-17T13:56:10.520-0400: 5.897: Total time for which application threads were stopped: 0.0000466 seconds, Stopping threads took: 0.0000114 seconds
2017-04-17T13:56:10.520-0400: 5.897: Total time for which application threads were stopped: 0.0000312 seconds, Stopping threads took: 0.0000139 seconds
2017-04-17T13:56:10.520-0400: 5.897: Total time for which application threads were stopped: 0.0000422 seconds, Stopping threads took: 0.0000117 seconds
2017-04-17T13:56:10.520-0400: 5.897: Total time for which application threads were stopped: 0.0000205 seconds, Stopping threads took: 0.0000110 seconds
2017-04-17T13:56:10.520-0400: 5.897: Total time for which application threads were stopped: 0.0000359 seconds, Stopping threads took: 0.0000106 seconds
2017-04-17T13:56:10.520-0400: 5.897: Total time for which application threads were stopped: 0.0000209 seconds, Stopping threads took: 0.0000121 seconds
2017-04-17T13:56:10.520-0400: 5.897: Total time for which application threads were stopped: 0.0000308 seconds, Stopping threads took: 0.0000059 seconds
2017-04-17T13:56:10.520-0400: 5.897: Total time for which application threads were stopped: 0.0000202 seconds, Stopping threads took: 0.0000106 seconds
2017-04-17T13:56:10.520-0400: 5.897: Total time for which application threads were stopped: 0.0000403 seconds, Stopping threads took: 0.0000150 seconds
2017-04-17T13:56:10.521-0400: 5.897: Total time for which application threads were stopped: 0.0000249 seconds, Stopping threads took: 0.0000114 seconds
2017-04-17T13:56:10.521-0400: 5.897: Total time for which application threads were stopped: 0.0000337 seconds, Stopping threads took: 0.0000106 seconds
2017-04-17T13:56:10.521-0400: 5.897: Total time for which application threads were stopped: 0.0000202 seconds, Stopping threads took: 0.0000110 seconds
2017-04-17T13:56:10.521-0400: 5.897: Total time for which application threads were stopped: 0.0000319 seconds, Stopping threads took: 0.0000106 seconds
2017-04-17T13:56:10.521-0400: 5.897: Total time for which application threads were stopped: 0.0000213 seconds, Stopping threads took: 0.0000128 seconds
2017-04-17T13:56:10.521-0400: 5.897: Total time for which application threads were stopped: 0.0000315 seconds, Stopping threads took: 0.0000106 seconds
2017-04-17T13:56:10.521-0400: 5.897: Total time for which application threads were stopped: 0.0000213 seconds, Stopping threads took: 0.0000128 seconds
2017-04-17T13:56:10.521-0400: 5.897: Total time for which application threads were stopped: 0.0000337 seconds, Stopping threads took: 0.0000125 seconds
2017-04-17T13:56:10.521-0400: 5.897: Total time for which application threads were stopped: 0.0000213 seconds, Stopping threads took: 0.0000128 seconds
2017-04-17T13:56:10.521-0400: 5.897: Total time for which application threads were stopped: 0.0000194 seconds, Stopping threads took: 0.0000110 seconds
2017-04-17T13:56:10.521-0400: 5.898: Total time for which application threads were stopped: 0.0000213 seconds, Stopping threads took: 0.0000128 seconds
2017-04-17T13:56:10.521-0400: 5.898: Total time for which application threads were stopped: 0.0000191 seconds, Stopping threads took: 0.0000106 seconds
2017-04-17T13:56:10.521-0400: 5.898: Total time for which application threads were stopped: 0.0000238 seconds, Stopping threads took: 0.0000125 seconds
2017-04-17T13:56:10.521-0400: 5.898: Total time for which application threads were stopped: 0.0000191 seconds, Stopping threads took: 0.0000106 seconds
2017-04-17T13:56:10.521-0400: 5.898: Total time for which application threads were stopped: 0.0000187 seconds, Stopping threads took: 0.0000106 seconds
2017-04-17T13:56:10.521-0400: 5.898: Total time for which application threads were stopped: 0.0000183 seconds, Stopping threads took: 0.0000103 seconds
2017-04-17T13:56:10.521-0400: 5.898: Total time for which application threads were stopped: 0.0000187 seconds, Stopping threads took: 0.0000106 seconds
2017-04-17T13:56:10.521-0400: 5.898: Total time for which application threads were stopped: 0.0000191 seconds, Stopping threads took: 0.0000106 seconds
2017-04-17T13:56:10.521-0400: 5.898: Total time for which application threads were stopped: 0.0000722 seconds, Stopping threads took: 0.0000062 seconds
2017-04-17T13:56:10.521-0400: 5.898: Total time for which application threads were stopped: 0.0000205 seconds, Stopping threads took: 0.0000106 seconds
2017-04-17T13:56:10.521-0400: 5.898: Total time for which application threads were stopped: 0.0000231 seconds, Stopping threads took: 0.0000143 seconds
2017-04-17T13:56:10.521-0400: 5.898: Total time for which application threads were stopped: 0.0000191 seconds, Stopping threads took: 0.0000106 seconds
2017-04-17T13:56:10.521-0400: 5.898: Total time for which application threads were stopped: 0.0000191 seconds, Stopping threads took: 0.0000106 seconds
2017-04-17T13:56:10.521-0400: 5.898: Total time for which application threads were stopped: 0.0000209 seconds, Stopping threads took: 0.0000125 seconds
2017-04-17T13:56:10.522-0400: 5.898: Total time for which application threads were stopped: 0.0000249 seconds, Stopping threads took: 0.0000114 seconds
2017-04-17T13:56:10.522-0400: 5.898: Total time for which application threads were stopped: 0.0000136 seconds, Stopping threads took: 0.0000055 seconds
2017-04-17T13:56:10.522-0400: 5.898: Total time for which application threads were stopped: 0.0000125 seconds, Stopping threads took: 0.0000055 seconds
2017-04-17T13:56:10.522-0400: 5.898: Total time for which application threads were stopped: 0.0000132 seconds, Stopping threads took: 0.0000062 seconds
2017-04-17T13:56:10.522-0400: 5.898: Total time for which application threads were stopped: 0.0000172 seconds, Stopping threads took: 0.0000099 seconds
2017-04-17T13:56:10.522-0400: 5.898: Total time for which application threads were stopped: 0.0000169 seconds, Stopping threads took: 0.0000095 seconds
2017-04-17T13:56:10.522-0400: 5.898: Total time for which application threads were stopped: 0.0000169 seconds, Stopping threads took: 0.0000099 seconds
2017-04-17T13:56:10.522-0400: 5.898: Total time for which application threads were stopped: 0.0000220 seconds, Stopping threads took: 0.0000110 seconds
2017-04-17T13:56:10.522-0400: 5.899: Total time for which application threads were stopped: 0.0000205 seconds, Stopping threads took: 0.0000103 seconds
2017-04-17T13:56:10.522-0400: 5.899: Total time for which application threads were stopped: 0.0000220 seconds, Stopping threads took: 0.0000125 seconds
2017-04-17T13:56:10.522-0400: 5.899: Total time for which application threads were stopped: 0.0000209 seconds, Stopping threads took: 0.0000132 seconds
2017-04-17T13:56:10.522-0400: 5.899: Total time for which application threads were stopped: 0.0000209 seconds, Stopping threads took: 0.0000136 seconds
2017-04-17T13:56:10.523-0400: 5.899: Total time for which application threads were stopped: 0.0000143 seconds, Stopping threads took: 0.0000062 seconds
2017-04-17T13:56:10.523-0400: 5.899: Total time for which application threads were stopped: 0.0000117 seconds, Stopping threads took: 0.0000048 seconds
2017-04-17T13:56:10.523-0400: 5.899: Total time for which application threads were stopped: 0.0000762 seconds, Stopping threads took: 0.0000125 seconds
2017-04-17T13:56:10.523-0400: 5.900: Total time for which application threads were stopped: 0.0000370 seconds, Stopping threads took: 0.0000132 seconds
2017-04-17T13:56:10.523-0400: 5.900: Total time for which application threads were stopped: 0.0000227 seconds, Stopping threads took: 0.0000059 seconds
2017-04-17T13:56:10.523-0400: 5.900: Total time for which application threads were stopped: 0.0000213 seconds, Stopping threads took: 0.0000048 seconds
2017-04-17T13:56:10.523-0400: 5.900: Total time for which application threads were stopped: 0.0000224 seconds, Stopping threads took: 0.0000059 seconds
2017-04-17T13:56:10.523-0400: 5.900: Total time for which application threads were stopped: 0.0000209 seconds, Stopping threads took: 0.0000044 seconds
2017-04-17T13:56:10.523-0400: 5.900: Total time for which application threads were stopped: 0.0000286 seconds, Stopping threads took: 0.0000106 seconds
2017-04-17T13:56:10.523-0400: 5.900: Total time for which application threads were stopped: 0.0000279 seconds, Stopping threads took: 0.0000099 seconds
2017-04-17T13:56:10.523-0400: 5.900: Total time for which application threads were stopped: 0.0000282 seconds, Stopping threads took: 0.0000106 seconds
2017-04-17T13:56:10.523-0400: 5.900: Total time for which application threads were stopped: 0.0000301 seconds, Stopping threads took: 0.0000114 seconds
2017-04-17T13:56:10.523-0400: 5.900: Total time for which application threads were stopped: 0.0000286 seconds, Stopping threads took: 0.0000114 seconds
2017-04-17T13:56:10.523-0400: 5.900: Total time for which application threads were stopped: 0.0000297 seconds, Stopping threads took: 0.0000099 seconds
2017-04-17T13:56:10.523-0400: 5.900: Total time for which application threads were stopped: 0.0000301 seconds, Stopping threads took: 0.0000099 seconds
2017-04-17T13:56:10.524-0400: 5.900: Total time for which application threads were stopped: 0.0000627 seconds, Stopping threads took: 0.0000103 seconds
2017-04-17T13:56:10.524-0400: 5.900: Total time for which application threads were stopped: 0.0000249 seconds, Stopping threads took: 0.0000059 seconds
2017-04-17T13:56:10.524-0400: 5.900: Total time for which application threads were stopped: 0.0000231 seconds, Stopping threads took: 0.0000059 seconds
2017-04-17T13:56:10.608-0400: 5.985: Total time for which application threads were stopped: 0.0000715 seconds, Stopping threads took: 0.0000352 seconds
2017-04-17T13:56:11.608-0400: 6.984: Total time for which application threads were stopped: 0.0002540 seconds, Stopping threads took: 0.0000458 seconds
2017-04-17T13:56:12.608-0400: 7.984: Total time for which application threads were stopped: 0.0001499 seconds, Stopping threads took: 0.0000374 seconds
2017-04-17T13:56:12.861-0400: 8.237: Total time for which application threads were stopped: 0.0001587 seconds, Stopping threads took: 0.0000257 seconds
2017-04-17T13:56:13.419-0400: 8.796: Total time for which application threads were stopped: 0.0002438 seconds, Stopping threads took: 0.0001177 seconds
2017-04-17T13:56:13.419-0400: 8.796: Total time for which application threads were stopped: 0.0000949 seconds, Stopping threads took: 0.0000440 seconds
2017-04-17T13:56:13.420-0400: 8.796: Total time for which application threads were stopped: 0.0001836 seconds, Stopping threads took: 0.0001243 seconds
2017-04-17T13:56:13.420-0400: 8.796: Total time for which application threads were stopped: 0.0000491 seconds, Stopping threads took: 0.0000132 seconds
2017-04-17T13:56:13.420-0400: 8.797: Total time for which application threads were stopped: 0.0000876 seconds, Stopping threads took: 0.0000517 seconds
2017-04-17T13:56:13.420-0400: 8.797: Total time for which application threads were stopped: 0.0001290 seconds, Stopping threads took: 0.0000916 seconds
2017-04-17T13:56:13.420-0400: 8.797: Total time for which application threads were stopped: 0.0001646 seconds, Stopping threads took: 0.0001254 seconds
2017-04-17T13:56:13.421-0400: 8.797: Total time for which application threads were stopped: 0.0002441 seconds, Stopping threads took: 0.0001576 seconds
2017-04-17T13:56:13.421-0400: 8.798: Total time for which application threads were stopped: 0.0002232 seconds, Stopping threads took: 0.0001382 seconds
2017-04-17T13:56:13.422-0400: 8.798: Total time for which application threads were stopped: 0.0002023 seconds, Stopping threads took: 0.0001144 seconds
2017-04-17T13:56:13.422-0400: 8.798: Total time for which application threads were stopped: 0.0001239 seconds, Stopping threads took: 0.0000572 seconds
2017-04-17T13:56:13.422-0400: 8.799: Total time for which application threads were stopped: 0.0001202 seconds, Stopping threads took: 0.0000550 seconds
2017-04-17T13:56:13.422-0400: 8.799: Total time for which application threads were stopped: 0.0001188 seconds, Stopping threads took: 0.0000561 seconds
2017-04-17T13:56:13.422-0400: 8.799: Total time for which application threads were stopped: 0.0000759 seconds, Stopping threads took: 0.0000191 seconds
2017-04-17T13:56:13.422-0400: 8.799: Total time for which application threads were stopped: 0.0000729 seconds, Stopping threads took: 0.0000161 seconds
2017-04-17T13:56:13.423-0400: 8.799: Total time for which application threads were stopped: 0.0000729 seconds, Stopping threads took: 0.0000161 seconds
2017-04-17T13:56:13.423-0400: 8.799: Total time for which application threads were stopped: 0.0000722 seconds, Stopping threads took: 0.0000158 seconds
2017-04-17T13:56:13.423-0400: 8.799: Total time for which application threads were stopped: 0.0000667 seconds, Stopping threads took: 0.0000136 seconds
2017-04-17T13:56:13.423-0400: 8.800: Total time for which application threads were stopped: 0.0000671 seconds, Stopping threads took: 0.0000143 seconds
2017-04-17T13:56:13.423-0400: 8.800: Total time for which application threads were stopped: 0.0002383 seconds, Stopping threads took: 0.0000150 seconds
2017-04-17T13:56:13.424-0400: 8.800: Total time for which application threads were stopped: 0.0000740 seconds, Stopping threads took: 0.0000147 seconds
2017-04-17T13:56:13.424-0400: 8.800: Total time for which application threads were stopped: 0.0000682 seconds, Stopping threads took: 0.0000150 seconds
2017-04-17T13:56:13.424-0400: 8.800: Total time for which application threads were stopped: 0.0000663 seconds, Stopping threads took: 0.0000132 seconds
2017-04-17T13:56:13.424-0400: 8.801: Total time for which application threads were stopped: 0.0000678 seconds, Stopping threads took: 0.0000150 seconds
2017-04-17T13:56:13.424-0400: 8.801: Total time for which application threads were stopped: 0.0000674 seconds, Stopping threads took: 0.0000150 seconds
2017-04-17T13:56:13.424-0400: 8.801: Total time for which application threads were stopped: 0.0000656 seconds, Stopping threads took: 0.0000132 seconds
2017-04-17T13:56:13.425-0400: 8.801: Total time for which application threads were stopped: 0.0000700 seconds, Stopping threads took: 0.0000154 seconds
2017-04-17T13:56:13.425-0400: 8.802: Total time for which application threads were stopped: 0.0000689 seconds, Stopping threads took: 0.0000150 seconds
2017-04-17T13:56:13.425-0400: 8.802: Total time for which application threads were stopped: 0.0000407 seconds, Stopping threads took: 0.0000150 seconds
2017-04-17T13:56:13.425-0400: 8.802: Total time for which application threads were stopped: 0.0000381 seconds, Stopping threads took: 0.0000139 seconds
2017-04-17T13:56:13.425-0400: 8.802: Total time for which application threads were stopped: 0.0000381 seconds, Stopping threads took: 0.0000136 seconds
2017-04-17T13:56:13.426-0400: 8.802: Total time for which application threads were stopped: 0.0000392 seconds, Stopping threads took: 0.0000136 seconds
2017-04-17T13:56:13.426-0400: 8.802: Total time for which application threads were stopped: 0.0000381 seconds, Stopping threads took: 0.0000139 seconds
2017-04-17T13:56:13.426-0400: 8.802: Total time for which application threads were stopped: 0.0000389 seconds, Stopping threads took: 0.0000147 seconds
2017-04-17T13:56:13.426-0400: 8.802: Total time for which application threads were stopped: 0.0000381 seconds, Stopping threads took: 0.0000139 seconds
2017-04-17T13:56:13.426-0400: 8.803: Total time for which application threads were stopped: 0.0000502 seconds, Stopping threads took: 0.0000180 seconds
2017-04-17T13:56:13.426-0400: 8.803: Total time for which application threads were stopped: 0.0000392 seconds, Stopping threads took: 0.0000143 seconds
2017-04-17T13:56:13.426-0400: 8.803: Total time for which application threads were stopped: 0.0000385 seconds, Stopping threads took: 0.0000147 seconds
2017-04-17T13:56:13.426-0400: 8.803: Total time for which application threads were stopped: 0.0000392 seconds, Stopping threads took: 0.0000147 seconds
2017-04-17T13:56:13.426-0400: 8.803: Total time for which application threads were stopped: 0.0000392 seconds, Stopping threads took: 0.0000147 seconds
2017-04-17T13:56:13.426-0400: 8.803: Total time for which application threads were stopped: 0.0000389 seconds, Stopping threads took: 0.0000143 seconds
2017-04-17T13:56:13.427-0400: 8.803: Total time for which application threads were stopped: 0.0000407 seconds, Stopping threads took: 0.0000147 seconds
2017-04-17T13:56:13.427-0400: 8.803: Total time for which application threads were stopped: 0.0000392 seconds, Stopping threads took: 0.0000147 seconds
2017-04-17T13:56:13.427-0400: 8.803: Total time for which application threads were stopped: 0.0000389 seconds, Stopping threads took: 0.0000147 seconds
2017-04-17T13:56:13.427-0400: 8.803: Total time for which application threads were stopped: 0.0000385 seconds, Stopping threads took: 0.0000147 seconds
2017-04-17T13:56:13.427-0400: 8.803: Total time for which application threads were stopped: 0.0000385 seconds, Stopping threads took: 0.0000143 seconds
2017-04-17T13:56:13.427-0400: 8.804: Total time for which application threads were stopped: 0.0000389 seconds, Stopping threads took: 0.0000147 seconds
2017-04-17T13:56:13.427-0400: 8.804: Total time for which application threads were stopped: 0.0001921 seconds, Stopping threads took: 0.0000147 seconds
2017-04-17T13:56:13.429-0400: 8.805: Total time for which application threads were stopped: 0.0001202 seconds, Stopping threads took: 0.0000326 seconds
2017-04-17T13:56:13.429-0400: 8.806: Total time for which application threads were stopped: 0.0001928 seconds, Stopping threads took: 0.0000601 seconds
2017-04-17T13:56:13.430-0400: 8.806: Total time for which application threads were stopped: 0.0001067 seconds, Stopping threads took: 0.0000301 seconds
2017-04-17T13:56:13.430-0400: 8.807: Total time for which application threads were stopped: 0.0001514 seconds, Stopping threads took: 0.0000400 seconds
2017-04-17T13:56:13.430-0400: 8.807: Total time for which application threads were stopped: 0.0000979 seconds, Stopping threads took: 0.0000345 seconds
2017-04-17T13:56:13.432-0400: 8.809: Total time for which application threads were stopped: 0.0002984 seconds, Stopping threads took: 0.0002038 seconds
2017-04-17T13:56:13.433-0400: 8.809: Total time for which application threads were stopped: 0.0001455 seconds, Stopping threads took: 0.0000612 seconds
2017-04-17T13:56:13.433-0400: 8.809: Total time for which application threads were stopped: 0.0001235 seconds, Stopping threads took: 0.0000616 seconds
2017-04-17T13:56:13.434-0400: 8.810: Total time for which application threads were stopped: 0.0001287 seconds, Stopping threads took: 0.0000282 seconds
2017-04-17T13:56:13.434-0400: 8.811: Total time for which application threads were stopped: 0.0001877 seconds, Stopping threads took: 0.0000986 seconds
2017-04-17T13:56:13.434-0400: 8.811: Total time for which application threads were stopped: 0.0001503 seconds, Stopping threads took: 0.0000286 seconds
2017-04-17T13:56:13.435-0400: 8.811: Total time for which application threads were stopped: 0.0002522 seconds, Stopping threads took: 0.0001327 seconds
2017-04-17T13:56:13.435-0400: 8.812: Total time for which application threads were stopped: 0.0001503 seconds, Stopping threads took: 0.0000641 seconds
2017-04-17T13:56:13.436-0400: 8.813: Total time for which application threads were stopped: 0.0002778 seconds, Stopping threads took: 0.0001653 seconds
2017-04-17T13:56:13.437-0400: 8.813: Total time for which application threads were stopped: 0.0002558 seconds, Stopping threads took: 0.0001180 seconds
2017-04-17T13:56:13.437-0400: 8.814: Total time for which application threads were stopped: 0.0001452 seconds, Stopping threads took: 0.0000341 seconds
2017-04-17T13:56:13.437-0400: 8.814: Total time for which application threads were stopped: 0.0001393 seconds, Stopping threads took: 0.0000396 seconds
2017-04-17T13:56:13.438-0400: 8.814: Total time for which application threads were stopped: 0.0001686 seconds, Stopping threads took: 0.0000671 seconds
2017-04-17T13:56:13.438-0400: 8.814: Total time for which application threads were stopped: 0.0001331 seconds, Stopping threads took: 0.0000370 seconds
2017-04-17T13:56:13.439-0400: 8.815: Total time for which application threads were stopped: 0.0006096 seconds, Stopping threads took: 0.0004890 seconds
2017-04-17T13:56:13.439-0400: 8.816: Total time for which application threads were stopped: 0.0004739 seconds, Stopping threads took: 0.0000700 seconds
2017-04-17T13:56:13.440-0400: 8.817: Total time for which application threads were stopped: 0.0002005 seconds, Stopping threads took: 0.0000671 seconds
2017-04-17T13:56:13.440-0400: 8.817: Total time for which application threads were stopped: 0.0001484 seconds, Stopping threads took: 0.0000257 seconds
2017-04-17T13:56:13.440-0400: 8.817: Total time for which application threads were stopped: 0.0001470 seconds, Stopping threads took: 0.0000246 seconds
2017-04-17T13:56:13.441-0400: 8.818: Total time for which application threads were stopped: 0.0001723 seconds, Stopping threads took: 0.0000990 seconds
2017-04-17T13:56:13.442-0400: 8.819: Total time for which application threads were stopped: 0.0001660 seconds, Stopping threads took: 0.0000656 seconds
2017-04-17T13:56:13.442-0400: 8.819: Total time for which application threads were stopped: 0.0001364 seconds, Stopping threads took: 0.0000557 seconds
2017-04-17T13:56:13.442-0400: 8.819: Total time for which application threads were stopped: 0.0001840 seconds, Stopping threads took: 0.0000913 seconds
2017-04-17T13:56:13.443-0400: 8.820: Total time for which application threads were stopped: 0.0001770 seconds, Stopping threads took: 0.0000682 seconds
2017-04-17T13:56:13.443-0400: 8.820: Total time for which application threads were stopped: 0.0001657 seconds, Stopping threads took: 0.0000715 seconds
2017-04-17T13:56:13.444-0400: 8.820: Total time for which application threads were stopped: 0.0001932 seconds, Stopping threads took: 0.0000927 seconds
2017-04-17T13:56:13.444-0400: 8.821: Total time for which application threads were stopped: 0.0000997 seconds, Stopping threads took: 0.0000403 seconds
2017-04-17T13:56:13.445-0400: 8.821: Total time for which application threads were stopped: 0.0002280 seconds, Stopping threads took: 0.0001279 seconds
2017-04-17T13:56:13.445-0400: 8.821: Total time for which application threads were stopped: 0.0001917 seconds, Stopping threads took: 0.0000997 seconds
2017-04-17T13:56:13.446-0400: 8.822: Total time for which application threads were stopped: 0.0001463 seconds, Stopping threads took: 0.0000696 seconds
2017-04-17T13:56:13.447-0400: 8.824: Total time for which application threads were stopped: 0.0001660 seconds, Stopping threads took: 0.0001012 seconds
2017-04-17T13:56:13.447-0400: 8.824: Total time for which application threads were stopped: 0.0000935 seconds, Stopping threads took: 0.0000433 seconds
2017-04-17T13:56:13.448-0400: 8.824: Total time for which application threads were stopped: 0.0001144 seconds, Stopping threads took: 0.0000649 seconds
2017-04-17T13:56:13.448-0400: 8.825: Total time for which application threads were stopped: 0.0001041 seconds, Stopping threads took: 0.0000605 seconds
2017-04-17T13:56:13.449-0400: 8.825: Total time for which application threads were stopped: 0.0003643 seconds, Stopping threads took: 0.0002903 seconds
2017-04-17T13:56:13.449-0400: 8.826: Total time for which application threads were stopped: 0.0001473 seconds, Stopping threads took: 0.0000685 seconds
2017-04-17T13:56:13.450-0400: 8.826: Total time for which application threads were stopped: 0.0001261 seconds, Stopping threads took: 0.0000663 seconds
2017-04-17T13:56:13.450-0400: 8.827: Total time for which application threads were stopped: 0.0001785 seconds, Stopping threads took: 0.0000898 seconds
2017-04-17T13:56:13.450-0400: 8.827: Total time for which application threads were stopped: 0.0000821 seconds, Stopping threads took: 0.0000249 seconds
2017-04-17T13:56:13.451-0400: 8.827: Total time for which application threads were stopped: 0.0001052 seconds, Stopping threads took: 0.0000707 seconds
2017-04-17T13:56:13.452-0400: 8.828: Total time for which application threads were stopped: 0.0006026 seconds, Stopping threads took: 0.0004765 seconds
2017-04-17T13:56:13.452-0400: 8.829: Total time for which application threads were stopped: 0.0000814 seconds, Stopping threads took: 0.0000451 seconds
2017-04-17T13:56:13.452-0400: 8.829: Total time for which application threads were stopped: 0.0000455 seconds, Stopping threads took: 0.0000150 seconds
2017-04-17T13:56:13.454-0400: 8.830: Total time for which application threads were stopped: 0.0005773 seconds, Stopping threads took: 0.0005256 seconds
2017-04-17T13:56:13.454-0400: 8.830: Total time for which application threads were stopped: 0.0001103 seconds, Stopping threads took: 0.0000678 seconds
2017-04-17T13:56:13.454-0400: 8.831: Total time for which application threads were stopped: 0.0001195 seconds, Stopping threads took: 0.0000817 seconds
2017-04-17T13:56:13.454-0400: 8.831: Total time for which application threads were stopped: 0.0000872 seconds, Stopping threads took: 0.0000403 seconds
2017-04-17T13:56:13.455-0400: 8.832: Total time for which application threads were stopped: 0.0004934 seconds, Stopping threads took: 0.0004563 seconds
2017-04-17T13:56:13.455-0400: 8.832: Total time for which application threads were stopped: 0.0003189 seconds, Stopping threads took: 0.0002731 seconds
2017-04-17T13:56:13.456-0400: 8.832: Total time for which application threads were stopped: 0.0001048 seconds, Stopping threads took: 0.0000407 seconds
2017-04-17T13:56:13.456-0400: 8.833: Total time for which application threads were stopped: 0.0002643 seconds, Stopping threads took: 0.0000773 seconds
2017-04-17T13:56:13.457-0400: 8.833: Total time for which application threads were stopped: 0.0002811 seconds, Stopping threads took: 0.0002247 seconds
2017-04-17T13:56:13.457-0400: 8.834: Total time for which application threads were stopped: 0.0001309 seconds, Stopping threads took: 0.0000729 seconds
2017-04-17T13:56:13.457-0400: 8.834: Total time for which application threads were stopped: 0.0001239 seconds, Stopping threads took: 0.0000634 seconds
2017-04-17T13:56:13.458-0400: 8.835: Total time for which application threads were stopped: 0.0001309 seconds, Stopping threads took: 0.0000788 seconds
2017-04-17T13:56:13.458-0400: 8.835: Total time for which application threads were stopped: 0.0000931 seconds, Stopping threads took: 0.0000480 seconds
2017-04-17T13:56:13.458-0400: 8.835: Total time for which application threads were stopped: 0.0000781 seconds, Stopping threads took: 0.0000348 seconds
2017-04-17T13:56:13.459-0400: 8.835: Total time for which application threads were stopped: 0.0001114 seconds, Stopping threads took: 0.0000561 seconds
2017-04-17T13:56:13.463-0400: 8.840: Total time for which application threads were stopped: 0.0001587 seconds, Stopping threads took: 0.0000685 seconds
2017-04-17T13:56:13.463-0400: 8.840: Total time for which application threads were stopped: 0.0000920 seconds, Stopping threads took: 0.0000363 seconds
2017-04-17T13:56:13.463-0400: 8.840: Total time for which application threads were stopped: 0.0000854 seconds, Stopping threads took: 0.0000165 seconds
2017-04-17T13:56:13.464-0400: 8.841: Total time for which application threads were stopped: 0.0001404 seconds, Stopping threads took: 0.0000755 seconds
2017-04-17T13:56:13.469-0400: 8.846: Total time for which application threads were stopped: 0.0006198 seconds, Stopping threads took: 0.0005799 seconds
2017-04-17T13:56:13.472-0400: 8.849: Total time for which application threads were stopped: 0.0000715 seconds, Stopping threads took: 0.0000286 seconds
2017-04-17T13:56:13.605-0400: 8.981: Total time for which application threads were stopped: 0.0001389 seconds, Stopping threads took: 0.0000953 seconds
2017-04-17T13:56:13.611-0400: 8.987: Total time for which application threads were stopped: 0.0001342 seconds, Stopping threads took: 0.0000722 seconds
2017-04-17T13:56:13.621-0400: 8.997: Total time for which application threads were stopped: 0.0000744 seconds, Stopping threads took: 0.0000378 seconds
2017-04-17T13:56:13.621-0400: 8.997: Total time for which application threads were stopped: 0.0000517 seconds, Stopping threads took: 0.0000231 seconds
2017-04-17T13:56:13.621-0400: 8.997: Total time for which application threads were stopped: 0.0000506 seconds, Stopping threads took: 0.0000231 seconds
2017-04-17T13:56:13.660-0400: 9.037: Total time for which application threads were stopped: 0.0000744 seconds, Stopping threads took: 0.0000425 seconds
2017-04-17T13:56:13.660-0400: 9.037: Total time for which application threads were stopped: 0.0000363 seconds, Stopping threads took: 0.0000257 seconds
2017-04-17T13:56:13.660-0400: 9.037: Total time for which application threads were stopped: 0.0000286 seconds, Stopping threads took: 0.0000147 seconds
2017-04-17T13:56:13.661-0400: 9.037: Total time for which application threads were stopped: 0.0000389 seconds, Stopping threads took: 0.0000275 seconds
2017-04-17T13:56:13.664-0400: 9.040: Total time for which application threads were stopped: 0.0000451 seconds, Stopping threads took: 0.0000077 seconds
2017-04-17T13:56:13.666-0400: 9.043: Total time for which application threads were stopped: 0.0000158 seconds, Stopping threads took: 0.0000066 seconds
2017-04-17T13:56:13.667-0400: 9.043: Total time for which application threads were stopped: 0.0000370 seconds, Stopping threads took: 0.0000139 seconds
2017-04-17T13:56:14.495-0400: 9.872: Total time for which application threads were stopped: 0.0005297 seconds, Stopping threads took: 0.0001283 seconds
2017-04-17T13:56:14.691-0400: 10.067: Total time for which application threads were stopped: 0.0001213 seconds, Stopping threads took: 0.0000627 seconds
{Heap before GC invocations=1 (full 0):
 par new generation   total 109248K, used 92737K [0x00000000dae00000, 0x00000000e2e00000, 0x00000000e2e00000)
  eden space 87424K, 100% used [0x00000000dae00000, 0x00000000e0360000, 0x00000000e0360000)
  from space 21824K,  24% used [0x00000000e18b0000, 0x00000000e1de0788, 0x00000000e2e00000)
  to   space 21824K,   0% used [0x00000000e0360000, 0x00000000e0360000, 0x00000000e18b0000)
 concurrent mark-sweep generation total 393216K, used 0K [0x00000000e2e00000, 0x00000000fae00000, 0x00000000fae00000)
 concurrent-mark-sweep perm gen total 21248K, used 18129K [0x00000000fae00000, 0x00000000fc2c0000, 0x0000000100000000)
2017-04-17T13:56:14.691-0400: 10.068: [GC2017-04-17T13:56:14.691-0400: 10.068: [ParNew
Desired survivor size 20112992 bytes, new threshold 8 (max 8)
- age   1:   10697296 bytes,   10697296 total
- age   2:    2197352 bytes,   12894648 total
: 92737K->14325K(109248K), 0.0320849 secs] 92737K->14325K(502464K), 0.0323862 secs] [Times: user=0.09 sys=0.02, real=0.03 secs] 
Heap after GC invocations=2 (full 0):
 par new generation   total 109248K, used 14325K [0x00000000dae00000, 0x00000000e2e00000, 0x00000000e2e00000)
  eden space 87424K,   0% used [0x00000000dae00000, 0x00000000dae00000, 0x00000000e0360000)
  from space 21824K,  65% used [0x00000000e0360000, 0x00000000e115d528, 0x00000000e18b0000)
  to   space 21824K,   0% used [0x00000000e18b0000, 0x00000000e18b0000, 0x00000000e2e00000)
 concurrent mark-sweep generation total 393216K, used 0K [0x00000000e2e00000, 0x00000000fae00000, 0x00000000fae00000)
 concurrent-mark-sweep perm gen total 21248K, used 18129K [0x00000000fae00000, 0x00000000fc2c0000, 0x0000000100000000)
}
2017-04-17T13:56:14.723-0400: 10.100: Total time for which application threads were stopped: 0.0327549 seconds, Stopping threads took: 0.0000997 seconds
2017-04-17T13:56:14.727-0400: 10.103: Total time for which application threads were stopped: 0.0002071 seconds, Stopping threads took: 0.0001074 seconds
2017-04-17T13:56:14.728-0400: 10.105: Total time for which application threads were stopped: 0.0001063 seconds, Stopping threads took: 0.0000649 seconds
2017-04-17T13:56:14.729-0400: 10.105: Total time for which application threads were stopped: 0.0001026 seconds, Stopping threads took: 0.0000652 seconds
2017-04-17T13:56:14.729-0400: 10.105: Total time for which application threads were stopped: 0.0001034 seconds, Stopping threads took: 0.0000652 seconds
2017-04-17T13:56:14.729-0400: 10.106: Total time for which application threads were stopped: 0.0001030 seconds, Stopping threads took: 0.0000656 seconds
2017-04-17T13:56:14.729-0400: 10.106: Total time for which application threads were stopped: 0.0001030 seconds, Stopping threads took: 0.0000652 seconds
2017-04-17T13:56:14.729-0400: 10.106: Total time for which application threads were stopped: 0.0001136 seconds, Stopping threads took: 0.0000660 seconds
2017-04-17T13:56:14.731-0400: 10.107: Total time for which application threads were stopped: 0.0000367 seconds, Stopping threads took: 0.0000150 seconds
2017-04-17T13:56:14.731-0400: 10.108: Total time for which application threads were stopped: 0.0000367 seconds, Stopping threads took: 0.0000147 seconds
2017-04-17T13:56:14.731-0400: 10.108: Total time for which application threads were stopped: 0.0000367 seconds, Stopping threads took: 0.0000150 seconds
2017-04-17T13:56:14.731-0400: 10.108: Total time for which application threads were stopped: 0.0000367 seconds, Stopping threads took: 0.0000150 seconds
2017-04-17T13:56:14.732-0400: 10.108: Total time for which application threads were stopped: 0.0000414 seconds, Stopping threads took: 0.0000194 seconds
2017-04-17T13:56:14.732-0400: 10.108: Total time for which application threads were stopped: 0.0000367 seconds, Stopping threads took: 0.0000150 seconds
2017-04-17T13:56:14.732-0400: 10.108: Total time for which application threads were stopped: 0.0000363 seconds, Stopping threads took: 0.0000150 seconds
2017-04-17T13:56:14.732-0400: 10.109: Total time for which application threads were stopped: 0.0000367 seconds, Stopping threads took: 0.0000150 seconds
2017-04-17T13:56:14.732-0400: 10.109: Total time for which application threads were stopped: 0.0000392 seconds, Stopping threads took: 0.0000242 seconds
2017-04-17T13:56:14.732-0400: 10.109: Total time for which application threads were stopped: 0.0000378 seconds, Stopping threads took: 0.0000238 seconds
2017-04-17T13:56:14.733-0400: 10.109: Total time for which application threads were stopped: 0.0000407 seconds, Stopping threads took: 0.0000268 seconds
2017-04-17T13:56:14.733-0400: 10.109: Total time for which application threads were stopped: 0.0000374 seconds, Stopping threads took: 0.0000242 seconds
2017-04-17T13:56:14.733-0400: 10.109: Total time for which application threads were stopped: 0.0000378 seconds, Stopping threads took: 0.0000242 seconds
2017-04-17T13:56:14.733-0400: 10.110: Total time for which application threads were stopped: 0.0002492 seconds, Stopping threads took: 0.0000249 seconds
2017-04-17T13:56:14.734-0400: 10.110: Total time for which application threads were stopped: 0.0000715 seconds, Stopping threads took: 0.0000246 seconds
2017-04-17T13:56:14.734-0400: 10.110: Total time for which application threads were stopped: 0.0000682 seconds, Stopping threads took: 0.0000249 seconds
2017-04-17T13:56:15.082-0400: 10.458: Total time for which application threads were stopped: 0.0003204 seconds, Stopping threads took: 0.0001239 seconds
2017-04-17T13:56:15.082-0400: 10.459: Total time for which application threads were stopped: 0.0002115 seconds, Stopping threads took: 0.0001118 seconds
2017-04-17T13:56:15.083-0400: 10.460: Total time for which application threads were stopped: 0.0001605 seconds, Stopping threads took: 0.0000814 seconds
2017-04-17T13:56:15.084-0400: 10.461: Total time for which application threads were stopped: 0.0002628 seconds, Stopping threads took: 0.0001763 seconds
2017-04-17T13:56:15.086-0400: 10.462: Total time for which application threads were stopped: 0.0001103 seconds, Stopping threads took: 0.0000359 seconds
2017-04-17T13:56:15.086-0400: 10.463: Total time for which application threads were stopped: 0.0002225 seconds, Stopping threads took: 0.0001408 seconds
2017-04-17T13:56:15.086-0400: 10.463: Total time for which application threads were stopped: 0.0001309 seconds, Stopping threads took: 0.0000744 seconds
2017-04-17T13:56:15.087-0400: 10.464: Total time for which application threads were stopped: 0.0002163 seconds, Stopping threads took: 0.0001136 seconds
2017-04-17T13:56:15.088-0400: 10.465: Total time for which application threads were stopped: 0.0001818 seconds, Stopping threads took: 0.0001056 seconds
2017-04-17T13:56:15.090-0400: 10.466: Total time for which application threads were stopped: 0.0001649 seconds, Stopping threads took: 0.0000843 seconds
2017-04-17T13:56:15.091-0400: 10.467: Total time for which application threads were stopped: 0.0001180 seconds, Stopping threads took: 0.0000458 seconds
2017-04-17T13:56:15.092-0400: 10.468: Total time for which application threads were stopped: 0.0001140 seconds, Stopping threads took: 0.0000502 seconds
2017-04-17T13:56:15.093-0400: 10.469: Total time for which application threads were stopped: 0.0000942 seconds, Stopping threads took: 0.0000279 seconds
2017-04-17T13:56:15.093-0400: 10.470: Total time for which application threads were stopped: 0.0002247 seconds, Stopping threads took: 0.0001470 seconds
2017-04-17T13:56:15.095-0400: 10.471: Total time for which application threads were stopped: 0.0002276 seconds, Stopping threads took: 0.0001419 seconds
2017-04-17T13:56:15.095-0400: 10.472: Total time for which application threads were stopped: 0.0001550 seconds, Stopping threads took: 0.0000792 seconds
2017-04-17T13:56:15.096-0400: 10.473: Total time for which application threads were stopped: 0.0002152 seconds, Stopping threads took: 0.0001375 seconds
2017-04-17T13:56:15.098-0400: 10.474: Total time for which application threads were stopped: 0.0000982 seconds, Stopping threads took: 0.0000312 seconds
2017-04-17T13:56:15.100-0400: 10.477: Total time for which application threads were stopped: 0.0003581 seconds, Stopping threads took: 0.0000506 seconds
2017-04-17T13:56:15.101-0400: 10.477: Total time for which application threads were stopped: 0.0001118 seconds, Stopping threads took: 0.0000458 seconds
2017-04-17T13:56:15.102-0400: 10.479: Total time for which application threads were stopped: 0.0000894 seconds, Stopping threads took: 0.0000271 seconds
2017-04-17T13:56:15.104-0400: 10.481: Total time for which application threads were stopped: 0.0000990 seconds, Stopping threads took: 0.0000312 seconds
2017-04-17T13:56:15.108-0400: 10.485: Total time for which application threads were stopped: 0.0001217 seconds, Stopping threads took: 0.0000458 seconds
2017-04-17T13:56:15.109-0400: 10.486: Total time for which application threads were stopped: 0.0001158 seconds, Stopping threads took: 0.0000352 seconds
2017-04-17T13:56:15.111-0400: 10.487: Total time for which application threads were stopped: 0.0001342 seconds, Stopping threads took: 0.0000579 seconds
2017-04-17T13:56:15.113-0400: 10.489: Total time for which application threads were stopped: 0.0001836 seconds, Stopping threads took: 0.0000433 seconds
2017-04-17T13:56:15.114-0400: 10.491: Total time for which application threads were stopped: 0.0008027 seconds, Stopping threads took: 0.0007386 seconds
2017-04-17T13:56:15.122-0400: 10.499: Total time for which application threads were stopped: 0.0001243 seconds, Stopping threads took: 0.0000495 seconds
2017-04-17T13:56:15.124-0400: 10.500: Total time for which application threads were stopped: 0.0001301 seconds, Stopping threads took: 0.0000550 seconds
2017-04-17T13:56:15.125-0400: 10.501: Total time for which application threads were stopped: 0.0001162 seconds, Stopping threads took: 0.0000528 seconds
2017-04-17T13:56:15.127-0400: 10.503: Total time for which application threads were stopped: 0.0001389 seconds, Stopping threads took: 0.0000737 seconds
2017-04-17T13:56:15.129-0400: 10.505: Total time for which application threads were stopped: 0.0001701 seconds, Stopping threads took: 0.0001001 seconds
2017-04-17T13:56:15.133-0400: 10.509: Total time for which application threads were stopped: 0.0001151 seconds, Stopping threads took: 0.0000440 seconds
2017-04-17T13:56:15.134-0400: 10.511: Total time for which application threads were stopped: 0.0001059 seconds, Stopping threads took: 0.0000411 seconds
2017-04-17T13:56:15.135-0400: 10.512: Total time for which application threads were stopped: 0.0001004 seconds, Stopping threads took: 0.0000407 seconds
2017-04-17T13:56:15.136-0400: 10.512: Total time for which application threads were stopped: 0.0001056 seconds, Stopping threads took: 0.0000539 seconds
2017-04-17T13:56:15.136-0400: 10.513: Total time for which application threads were stopped: 0.0000788 seconds, Stopping threads took: 0.0000473 seconds
2017-04-17T13:56:15.136-0400: 10.513: Total time for which application threads were stopped: 0.0002196 seconds, Stopping threads took: 0.0000502 seconds
2017-04-17T13:56:15.136-0400: 10.513: Total time for which application threads were stopped: 0.0000737 seconds, Stopping threads took: 0.0000469 seconds
2017-04-17T13:56:15.152-0400: 10.529: Total time for which application threads were stopped: 0.0000876 seconds, Stopping threads took: 0.0000477 seconds
2017-04-17T13:56:15.203-0400: 10.580: Total time for which application threads were stopped: 0.0000781 seconds, Stopping threads took: 0.0000187 seconds
2017-04-17T13:56:15.254-0400: 10.631: Total time for which application threads were stopped: 0.0001111 seconds, Stopping threads took: 0.0000326 seconds
2017-04-17T13:56:15.429-0400: 10.806: Total time for which application threads were stopped: 0.0001763 seconds, Stopping threads took: 0.0000605 seconds
2017-04-17T13:56:15.467-0400: 10.844: Total time for which application threads were stopped: 0.0001356 seconds, Stopping threads took: 0.0000253 seconds
2017-04-17T13:56:15.521-0400: 10.897: Total time for which application threads were stopped: 0.0001565 seconds, Stopping threads took: 0.0000227 seconds
{Heap before GC invocations=2 (full 0):
 par new generation   total 109248K, used 101749K [0x00000000dae00000, 0x00000000e2e00000, 0x00000000e2e00000)
  eden space 87424K, 100% used [0x00000000dae00000, 0x00000000e0360000, 0x00000000e0360000)
  from space 21824K,  65% used [0x00000000e0360000, 0x00000000e115d528, 0x00000000e18b0000)
  to   space 21824K,   0% used [0x00000000e18b0000, 0x00000000e18b0000, 0x00000000e2e00000)
 concurrent mark-sweep generation total 393216K, used 0K [0x00000000e2e00000, 0x00000000fae00000, 0x00000000fae00000)
 concurrent-mark-sweep perm gen total 21248K, used 18636K [0x00000000fae00000, 0x00000000fc2c0000, 0x0000000100000000)
2017-04-17T13:56:15.633-0400: 11.010: [GC2017-04-17T13:56:15.633-0400: 11.010: [ParNew
Desired survivor size 20112992 bytes, new threshold 8 (max 8)
- age   1:    1283576 bytes,    1283576 total
- age   2:    4499960 bytes,    5783536 total
- age   3:    2176376 bytes,    7959912 total
: 101749K->12858K(109248K), 0.0062418 secs] 101749K->12858K(502464K), 0.0063126 secs] [Times: user=0.00 sys=0.00, real=0.01 secs] 
Heap after GC invocations=3 (full 0):
 par new generation   total 109248K, used 12858K [0x00000000dae00000, 0x00000000e2e00000, 0x00000000e2e00000)
  eden space 87424K,   0% used [0x00000000dae00000, 0x00000000dae00000, 0x00000000e0360000)
  from space 21824K,  58% used [0x00000000e18b0000, 0x00000000e253ead8, 0x00000000e2e00000)
  to   space 21824K,   0% used [0x00000000e0360000, 0x00000000e0360000, 0x00000000e18b0000)
 concurrent mark-sweep generation total 393216K, used 0K [0x00000000e2e00000, 0x00000000fae00000, 0x00000000fae00000)
 concurrent-mark-sweep perm gen total 21248K, used 18636K [0x00000000fae00000, 0x00000000fc2c0000, 0x0000000100000000)
}
2017-04-17T13:56:15.640-0400: 11.016: Total time for which application threads were stopped: 0.0065761 seconds, Stopping threads took: 0.0000715 seconds
2017-04-17T13:56:15.654-0400: 11.031: Total time for which application threads were stopped: 0.0000400 seconds, Stopping threads took: 0.0000161 seconds
2017-04-17T13:56:15.654-0400: 11.031: Total time for which application threads were stopped: 0.0000169 seconds, Stopping threads took: 0.0000066 seconds
2017-04-17T13:56:15.664-0400: 11.041: Total time for which application threads were stopped: 0.0000488 seconds, Stopping threads took: 0.0000282 seconds
2017-04-17T13:56:15.667-0400: 11.043: Total time for which application threads were stopped: 0.0000429 seconds, Stopping threads took: 0.0000308 seconds
2017-04-17T13:56:15.675-0400: 11.052: Total time for which application threads were stopped: 0.0000488 seconds, Stopping threads took: 0.0000282 seconds
2017-04-17T13:56:15.675-0400: 11.052: Total time for which application threads were stopped: 0.0000319 seconds, Stopping threads took: 0.0000205 seconds
2017-04-17T13:56:15.676-0400: 11.052: Total time for which application threads were stopped: 0.0000209 seconds, Stopping threads took: 0.0000095 seconds
2017-04-17T13:56:15.677-0400: 11.054: Total time for which application threads were stopped: 0.0000795 seconds, Stopping threads took: 0.0000535 seconds
2017-04-17T13:56:15.688-0400: 11.064: Total time for which application threads were stopped: 0.0000946 seconds, Stopping threads took: 0.0000557 seconds
2017-04-17T13:56:15.733-0400: 11.110: Total time for which application threads were stopped: 0.0000737 seconds, Stopping threads took: 0.0000242 seconds
2017-04-17T13:56:15.734-0400: 11.111: Total time for which application threads were stopped: 0.0001188 seconds, Stopping threads took: 0.0000634 seconds
2017-04-17T13:56:15.782-0400: 11.159: Total time for which application threads were stopped: 0.0001616 seconds, Stopping threads took: 0.0000726 seconds
2017-04-17T13:56:15.852-0400: 11.229: Total time for which application threads were stopped: 0.0000498 seconds, Stopping threads took: 0.0000260 seconds
2017-04-17T13:56:15.852-0400: 11.229: Total time for which application threads were stopped: 0.0000352 seconds, Stopping threads took: 0.0000191 seconds
2017-04-17T13:56:15.852-0400: 11.229: Total time for which application threads were stopped: 0.0000253 seconds, Stopping threads took: 0.0000147 seconds
2017-04-17T13:56:15.854-0400: 11.231: Total time for which application threads were stopped: 0.0000491 seconds, Stopping threads took: 0.0000264 seconds
2017-04-17T13:56:15.854-0400: 11.231: Total time for which application threads were stopped: 0.0000323 seconds, Stopping threads took: 0.0000198 seconds
2017-04-17T13:56:15.864-0400: 11.240: Total time for which application threads were stopped: 0.0000509 seconds, Stopping threads took: 0.0000282 seconds
2017-04-17T13:56:15.864-0400: 11.241: Total time for which application threads were stopped: 0.0000334 seconds, Stopping threads took: 0.0000180 seconds
2017-04-17T13:56:15.864-0400: 11.241: Total time for which application threads were stopped: 0.0000436 seconds, Stopping threads took: 0.0000293 seconds
2017-04-17T13:56:15.868-0400: 11.245: Total time for which application threads were stopped: 0.0000520 seconds, Stopping threads took: 0.0000172 seconds
2017-04-17T13:56:15.892-0400: 11.268: Total time for which application threads were stopped: 0.0000847 seconds, Stopping threads took: 0.0000169 seconds
2017-04-17T13:56:15.892-0400: 11.268: Total time for which application threads were stopped: 0.0000455 seconds, Stopping threads took: 0.0000224 seconds
2017-04-17T13:56:15.892-0400: 11.269: Total time for which application threads were stopped: 0.0000480 seconds, Stopping threads took: 0.0000220 seconds
2017-04-17T13:56:15.893-0400: 11.270: Total time for which application threads were stopped: 0.0000367 seconds, Stopping threads took: 0.0000128 seconds
2017-04-17T13:56:15.895-0400: 11.272: Total time for which application threads were stopped: 0.0000685 seconds, Stopping threads took: 0.0000381 seconds
2017-04-17T13:56:15.917-0400: 11.294: Total time for which application threads were stopped: 0.0000740 seconds, Stopping threads took: 0.0000187 seconds
2017-04-17T13:56:15.927-0400: 11.303: Total time for which application threads were stopped: 0.0000645 seconds, Stopping threads took: 0.0000209 seconds
2017-04-17T13:56:15.956-0400: 11.332: Total time for which application threads were stopped: 0.0000924 seconds, Stopping threads took: 0.0000209 seconds
2017-04-17T13:56:15.958-0400: 11.334: Total time for which application threads were stopped: 0.0000645 seconds, Stopping threads took: 0.0000308 seconds
2017-04-17T13:56:15.959-0400: 11.336: Total time for which application threads were stopped: 0.0000561 seconds, Stopping threads took: 0.0000264 seconds
2017-04-17T13:56:15.961-0400: 11.338: Total time for which application threads were stopped: 0.0000517 seconds, Stopping threads took: 0.0000176 seconds
2017-04-17T13:56:15.962-0400: 11.339: Total time for which application threads were stopped: 0.0000652 seconds, Stopping threads took: 0.0000345 seconds
2017-04-17T13:56:15.963-0400: 11.340: Total time for which application threads were stopped: 0.0000473 seconds, Stopping threads took: 0.0000176 seconds
2017-04-17T13:56:15.968-0400: 11.345: Total time for which application threads were stopped: 0.0000586 seconds, Stopping threads took: 0.0000257 seconds
2017-04-17T13:56:15.974-0400: 11.351: Total time for which application threads were stopped: 0.0000682 seconds, Stopping threads took: 0.0000275 seconds
2017-04-17T13:56:15.987-0400: 11.364: Total time for which application threads were stopped: 0.0000649 seconds, Stopping threads took: 0.0000279 seconds
{Heap before GC invocations=3 (full 0):
 par new generation   total 109248K, used 100282K [0x00000000dae00000, 0x00000000e2e00000, 0x00000000e2e00000)
  eden space 87424K, 100% used [0x00000000dae00000, 0x00000000e0360000, 0x00000000e0360000)
  from space 21824K,  58% used [0x00000000e18b0000, 0x00000000e253ead8, 0x00000000e2e00000)
  to   space 21824K,   0% used [0x00000000e0360000, 0x00000000e0360000, 0x00000000e18b0000)
 concurrent mark-sweep generation total 393216K, used 0K [0x00000000e2e00000, 0x00000000fae00000, 0x00000000fae00000)
 concurrent-mark-sweep perm gen total 21248K, used 19259K [0x00000000fae00000, 0x00000000fc2c0000, 0x0000000100000000)
2017-04-17T13:56:15.988-0400: 11.364: [GC2017-04-17T13:56:15.988-0400: 11.364: [ParNew
Desired survivor size 20112992 bytes, new threshold 8 (max 8)
- age   1:    3260328 bytes,    3260328 total
- age   2:     286808 bytes,    3547136 total
- age   3:    4465064 bytes,    8012200 total
- age   4:    2175424 bytes,   10187624 total
: 100282K->11287K(109248K), 0.0069812 secs] 100282K->11287K(502464K), 0.0070658 secs] [Times: user=0.00 sys=0.00, real=0.01 secs] 
Heap after GC invocations=4 (full 0):
 par new generation   total 109248K, used 11287K [0x00000000dae00000, 0x00000000e2e00000, 0x00000000e2e00000)
  eden space 87424K,   0% used [0x00000000dae00000, 0x00000000dae00000, 0x00000000e0360000)
  from space 21824K,  51% used [0x00000000e0360000, 0x00000000e0e65ea0, 0x00000000e18b0000)
  to   space 21824K,   0% used [0x00000000e18b0000, 0x00000000e18b0000, 0x00000000e2e00000)
 concurrent mark-sweep generation total 393216K, used 0K [0x00000000e2e00000, 0x00000000fae00000, 0x00000000fae00000)
 concurrent-mark-sweep perm gen total 21248K, used 19259K [0x00000000fae00000, 0x00000000fc2c0000, 0x0000000100000000)
}
2017-04-17T13:56:15.995-0400: 11.371: Total time for which application threads were stopped: 0.0071989 seconds, Stopping threads took: 0.0000271 seconds
2017-04-17T13:56:16.000-0400: 11.377: Total time for which application threads were stopped: 0.0001899 seconds, Stopping threads took: 0.0000198 seconds
2017-04-17T13:56:16.001-0400: 11.377: Total time for which application threads were stopped: 0.0000458 seconds, Stopping threads took: 0.0000161 seconds
2017-04-17T13:56:16.006-0400: 11.383: Total time for which application threads were stopped: 0.0000495 seconds, Stopping threads took: 0.0000158 seconds
2017-04-17T13:56:16.009-0400: 11.386: Total time for which application threads were stopped: 0.0000660 seconds, Stopping threads took: 0.0000176 seconds
2017-04-17T13:56:16.010-0400: 11.386: Total time for which application threads were stopped: 0.0000477 seconds, Stopping threads took: 0.0000191 seconds
2017-04-17T13:56:16.013-0400: 11.389: Total time for which application threads were stopped: 0.0000550 seconds, Stopping threads took: 0.0000183 seconds
2017-04-17T13:56:16.013-0400: 11.390: Total time for which application threads were stopped: 0.0000348 seconds, Stopping threads took: 0.0000106 seconds
2017-04-17T13:56:16.018-0400: 11.394: Total time for which application threads were stopped: 0.0000861 seconds, Stopping threads took: 0.0000348 seconds
2017-04-17T13:56:16.048-0400: 11.425: Total time for which application threads were stopped: 0.0000755 seconds, Stopping threads took: 0.0000304 seconds
2017-04-17T13:56:16.052-0400: 11.429: Total time for which application threads were stopped: 0.0000891 seconds, Stopping threads took: 0.0000257 seconds
2017-04-17T13:56:16.059-0400: 11.436: Total time for which application threads were stopped: 0.0000737 seconds, Stopping threads took: 0.0000359 seconds
2017-04-17T13:56:16.093-0400: 11.469: Total time for which application threads were stopped: 0.0000685 seconds, Stopping threads took: 0.0000297 seconds
2017-04-17T13:56:16.099-0400: 11.475: Total time for which application threads were stopped: 0.0000843 seconds, Stopping threads took: 0.0000440 seconds
{Heap before GC invocations=4 (full 0):
 par new generation   total 109248K, used 98711K [0x00000000dae00000, 0x00000000e2e00000, 0x00000000e2e00000)
  eden space 87424K, 100% used [0x00000000dae00000, 0x00000000e0360000, 0x00000000e0360000)
  from space 21824K,  51% used [0x00000000e0360000, 0x00000000e0e65ea0, 0x00000000e18b0000)
  to   space 21824K,   0% used [0x00000000e18b0000, 0x00000000e18b0000, 0x00000000e2e00000)
 concurrent mark-sweep generation total 393216K, used 0K [0x00000000e2e00000, 0x00000000fae00000, 0x00000000fae00000)
 concurrent-mark-sweep perm gen total 21248K, used 19472K [0x00000000fae00000, 0x00000000fc2c0000, 0x0000000100000000)
2017-04-17T13:56:16.124-0400: 11.501: [GC2017-04-17T13:56:16.124-0400: 11.501: [ParNew
Desired survivor size 20112992 bytes, new threshold 8 (max 8)
- age   1:     929664 bytes,     929664 total
- age   2:    2453272 bytes,    3382936 total
- age   3:     285088 bytes,    3668024 total
- age   4:    4462792 bytes,    8130816 total
- age   5:    2173760 bytes,   10304576 total
: 98711K->15033K(109248K), 0.0077916 secs] 98711K->15033K(502464K), 0.0078788 secs] [Times: user=0.06 sys=0.00, real=0.01 secs] 
Heap after GC invocations=5 (full 0):
 par new generation   total 109248K, used 15033K [0x00000000dae00000, 0x00000000e2e00000, 0x00000000e2e00000)
  eden space 87424K,   0% used [0x00000000dae00000, 0x00000000dae00000, 0x00000000e0360000)
  from space 21824K,  68% used [0x00000000e18b0000, 0x00000000e275e510, 0x00000000e2e00000)
  to   space 21824K,   0% used [0x00000000e0360000, 0x00000000e0360000, 0x00000000e18b0000)
 concurrent mark-sweep generation total 393216K, used 0K [0x00000000e2e00000, 0x00000000fae00000, 0x00000000fae00000)
 concurrent-mark-sweep perm gen total 21248K, used 19472K [0x00000000fae00000, 0x00000000fc2c0000, 0x0000000100000000)
}
2017-04-17T13:56:16.132-0400: 11.508: Total time for which application threads were stopped: 0.0080852 seconds, Stopping threads took: 0.0000304 seconds
2017-04-17T13:56:16.144-0400: 11.520: Total time for which application threads were stopped: 0.0001195 seconds, Stopping threads took: 0.0000422 seconds
2017-04-17T13:56:16.144-0400: 11.520: Total time for which application threads were stopped: 0.0000528 seconds, Stopping threads took: 0.0000330 seconds
2017-04-17T13:56:16.144-0400: 11.521: Total time for which application threads were stopped: 0.0000462 seconds, Stopping threads took: 0.0000293 seconds
2017-04-17T13:56:16.169-0400: 11.546: Total time for which application threads were stopped: 0.0001679 seconds, Stopping threads took: 0.0001210 seconds
2017-04-17T13:56:16.172-0400: 11.548: Total time for which application threads were stopped: 0.0001008 seconds, Stopping threads took: 0.0000367 seconds
2017-04-17T13:56:16.176-0400: 11.553: Total time for which application threads were stopped: 0.0000605 seconds, Stopping threads took: 0.0000286 seconds
2017-04-17T13:56:16.182-0400: 11.558: Total time for which application threads were stopped: 0.0000477 seconds, Stopping threads took: 0.0000268 seconds
2017-04-17T13:56:16.182-0400: 11.558: Total time for which application threads were stopped: 0.0001411 seconds, Stopping threads took: 0.0000297 seconds
2017-04-17T13:56:16.182-0400: 11.559: Total time for which application threads were stopped: 0.0000433 seconds, Stopping threads took: 0.0000304 seconds
2017-04-17T13:56:16.183-0400: 11.559: Total time for which application threads were stopped: 0.0000337 seconds, Stopping threads took: 0.0000213 seconds
2017-04-17T13:56:16.183-0400: 11.560: Total time for which application threads were stopped: 0.0000326 seconds, Stopping threads took: 0.0000205 seconds
2017-04-17T13:56:16.186-0400: 11.562: Total time for which application threads were stopped: 0.0000359 seconds, Stopping threads took: 0.0000077 seconds
2017-04-17T13:56:16.186-0400: 11.562: Total time for which application threads were stopped: 0.0000249 seconds, Stopping threads took: 0.0000154 seconds
2017-04-17T13:56:16.203-0400: 11.579: Total time for which application threads were stopped: 0.0000205 seconds, Stopping threads took: 0.0000077 seconds
2017-04-17T13:56:16.373-0400: 11.750: Total time for which application threads were stopped: 0.0002434 seconds, Stopping threads took: 0.0000290 seconds
{Heap before GC invocations=5 (full 0):
 par new generation   total 109248K, used 102457K [0x00000000dae00000, 0x00000000e2e00000, 0x00000000e2e00000)
  eden space 87424K, 100% used [0x00000000dae00000, 0x00000000e0360000, 0x00000000e0360000)
  from space 21824K,  68% used [0x00000000e18b0000, 0x00000000e275e510, 0x00000000e2e00000)
  to   space 21824K,   0% used [0x00000000e0360000, 0x00000000e0360000, 0x00000000e18b0000)
 concurrent mark-sweep generation total 393216K, used 0K [0x00000000e2e00000, 0x00000000fae00000, 0x00000000fae00000)
 concurrent-mark-sweep perm gen total 21248K, used 20156K [0x00000000fae00000, 0x00000000fc2c0000, 0x0000000100000000)
2017-04-17T13:56:16.374-0400: 11.751: [GC2017-04-17T13:56:16.374-0400: 11.751: [ParNew
Desired survivor size 20112992 bytes, new threshold 8 (max 8)
- age   1:     947600 bytes,     947600 total
- age   2:     152200 bytes,    1099800 total
- age   3:    2453144 bytes,    3552944 total
- age   4:     284800 bytes,    3837744 total
- age   5:    4461080 bytes,    8298824 total
- age   6:    2172864 bytes,   10471688 total
: 102457K->13322K(109248K), 0.0166938 secs] 102457K->13322K(502464K), 0.0168338 secs] [Times: user=0.06 sys=0.00, real=0.02 secs] 
Heap after GC invocations=6 (full 0):
 par new generation   total 109248K, used 13322K [0x00000000dae00000, 0x00000000e2e00000, 0x00000000e2e00000)
  eden space 87424K,   0% used [0x00000000dae00000, 0x00000000dae00000, 0x00000000e0360000)
  from space 21824K,  61% used [0x00000000e0360000, 0x00000000e1062b88, 0x00000000e18b0000)
  to   space 21824K,   0% used [0x00000000e18b0000, 0x00000000e18b0000, 0x00000000e2e00000)
 concurrent mark-sweep generation total 393216K, used 0K [0x00000000e2e00000, 0x00000000fae00000, 0x00000000fae00000)
 concurrent-mark-sweep perm gen total 21248K, used 20156K [0x00000000fae00000, 0x00000000fc2c0000, 0x0000000100000000)
}
2017-04-17T13:56:16.391-0400: 11.768: Total time for which application threads were stopped: 0.0170632 seconds, Stopping threads took: 0.0000213 seconds
{Heap before GC invocations=6 (full 0):
 par new generation   total 109248K, used 100745K [0x00000000dae00000, 0x00000000e2e00000, 0x00000000e2e00000)
  eden space 87424K,  99% used [0x00000000dae00000, 0x00000000e035f8e0, 0x00000000e0360000)
  from space 21824K,  61% used [0x00000000e0360000, 0x00000000e1062b88, 0x00000000e18b0000)
  to   space 21824K,   0% used [0x00000000e18b0000, 0x00000000e18b0000, 0x00000000e2e00000)
 concurrent mark-sweep generation total 393216K, used 0K [0x00000000e2e00000, 0x00000000fae00000, 0x00000000fae00000)
 concurrent-mark-sweep perm gen total 21248K, used 20259K [0x00000000fae00000, 0x00000000fc2c0000, 0x0000000100000000)
2017-04-17T13:56:16.518-0400: 11.895: [GC2017-04-17T13:56:16.518-0400: 11.895: [ParNew
Desired survivor size 20112992 bytes, new threshold 8 (max 8)
- age   1:    1264024 bytes,    1264024 total
- age   2:     123896 bytes,    1387920 total
- age   3:     152016 bytes,    1539936 total
- age   4:    2453048 bytes,    3992984 total
- age   5:     284560 bytes,    4277544 total
- age   6:    4459976 bytes,    8737520 total
- age   7:    2172816 bytes,   10910336 total
: 100745K->11959K(109248K), 0.0101440 secs] 100745K->11959K(502464K), 0.0102910 secs] [Times: user=0.00 sys=0.00, real=0.01 secs] 
Heap after GC invocations=7 (full 0):
 par new generation   total 109248K, used 11959K [0x00000000dae00000, 0x00000000e2e00000, 0x00000000e2e00000)
  eden space 87424K,   0% used [0x00000000dae00000, 0x00000000dae00000, 0x00000000e0360000)
  from space 21824K,  54% used [0x00000000e18b0000, 0x00000000e245dc68, 0x00000000e2e00000)
  to   space 21824K,   0% used [0x00000000e0360000, 0x00000000e0360000, 0x00000000e18b0000)
 concurrent mark-sweep generation total 393216K, used 0K [0x00000000e2e00000, 0x00000000fae00000, 0x00000000fae00000)
 concurrent-mark-sweep perm gen total 21248K, used 20259K [0x00000000fae00000, 0x00000000fc2c0000, 0x0000000100000000)
}
2017-04-17T13:56:16.529-0400: 11.905: Total time for which application threads were stopped: 0.0105601 seconds, Stopping threads took: 0.0000616 seconds
{Heap before GC invocations=7 (full 0):
 par new generation   total 109248K, used 99383K [0x00000000dae00000, 0x00000000e2e00000, 0x00000000e2e00000)
  eden space 87424K, 100% used [0x00000000dae00000, 0x00000000e0360000, 0x00000000e0360000)
  from space 21824K,  54% used [0x00000000e18b0000, 0x00000000e245dc68, 0x00000000e2e00000)
  to   space 21824K,   0% used [0x00000000e0360000, 0x00000000e0360000, 0x00000000e18b0000)
 concurrent mark-sweep generation total 393216K, used 0K [0x00000000e2e00000, 0x00000000fae00000, 0x00000000fae00000)
 concurrent-mark-sweep perm gen total 21248K, used 20309K [0x00000000fae00000, 0x00000000fc2c0000, 0x0000000100000000)
2017-04-17T13:56:16.586-0400: 11.963: [GC2017-04-17T13:56:16.586-0400: 11.963: [ParNew
Desired survivor size 20112992 bytes, new threshold 8 (max 8)
- age   1:     891328 bytes,     891328 total
- age   2:      75928 bytes,     967256 total
- age   3:     123080 bytes,    1090336 total
- age   4:     151840 bytes,    1242176 total
- age   5:    2453080 bytes,    3695256 total
- age   6:     284584 bytes,    3979840 total
- age   7:    4458912 bytes,    8438752 total
- age   8:    2172816 bytes,   10611568 total
: 99383K->18639K(109248K), 0.0072157 secs] 99383K->18639K(502464K), 0.0073011 secs] [Times: user=0.00 sys=0.00, real=0.01 secs] 
Heap after GC invocations=8 (full 0):
 par new generation   total 109248K, used 18639K [0x00000000dae00000, 0x00000000e2e00000, 0x00000000e2e00000)
  eden space 87424K,   0% used [0x00000000dae00000, 0x00000000dae00000, 0x00000000e0360000)
  from space 21824K,  85% used [0x00000000e0360000, 0x00000000e1593e00, 0x00000000e18b0000)
  to   space 21824K,   0% used [0x00000000e18b0000, 0x00000000e18b0000, 0x00000000e2e00000)
 concurrent mark-sweep generation total 393216K, used 0K [0x00000000e2e00000, 0x00000000fae00000, 0x00000000fae00000)
 concurrent-mark-sweep perm gen total 21248K, used 20309K [0x00000000fae00000, 0x00000000fc2c0000, 0x0000000100000000)
}
2017-04-17T13:56:16.593-0400: 11.970: Total time for which application threads were stopped: 0.0074745 seconds, Stopping threads took: 0.0000524 seconds
2017-04-17T13:56:16.605-0400: 11.982: Total time for which application threads were stopped: 0.0002097 seconds, Stopping threads took: 0.0000557 seconds
2017-04-17T13:56:16.606-0400: 11.982: Total time for which application threads were stopped: 0.0000264 seconds, Stopping threads took: 0.0000139 seconds
{Heap before GC invocations=8 (full 0):
 par new generation   total 109248K, used 106063K [0x00000000dae00000, 0x00000000e2e00000, 0x00000000e2e00000)
  eden space 87424K, 100% used [0x00000000dae00000, 0x00000000e0360000, 0x00000000e0360000)
  from space 21824K,  85% used [0x00000000e0360000, 0x00000000e1593e00, 0x00000000e18b0000)
  to   space 21824K,   0% used [0x00000000e18b0000, 0x00000000e18b0000, 0x00000000e2e00000)
 concurrent mark-sweep generation total 393216K, used 0K [0x00000000e2e00000, 0x00000000fae00000, 0x00000000fae00000)
 concurrent-mark-sweep perm gen total 21248K, used 20883K [0x00000000fae00000, 0x00000000fc2c0000, 0x0000000100000000)
2017-04-17T13:56:16.717-0400: 12.094: [GC2017-04-17T13:56:16.717-0400: 12.094: [ParNew
Desired survivor size 20112992 bytes, new threshold 8 (max 8)
- age   1:    1741512 bytes,    1741512 total
- age   2:      91936 bytes,    1833448 total
- age   3:      75928 bytes,    1909376 total
- age   4:     123000 bytes,    2032376 total
- age   5:     151760 bytes,    2184136 total
- age   6:    2453008 bytes,    4637144 total
- age   7:     284560 bytes,    4921704 total
- age   8:    4458184 bytes,    9379888 total
: 106063K->12301K(109248K), 0.0223480 secs] 106063K->14636K(502464K), 0.0224397 secs] [Times: user=0.06 sys=0.00, real=0.02 secs] 
Heap after GC invocations=9 (full 0):
 par new generation   total 109248K, used 12301K [0x00000000dae00000, 0x00000000e2e00000, 0x00000000e2e00000)
  eden space 87424K,   0% used [0x00000000dae00000, 0x00000000dae00000, 0x00000000e0360000)
  from space 21824K,  56% used [0x00000000e18b0000, 0x00000000e24b3640, 0x00000000e2e00000)
  to   space 21824K,   0% used [0x00000000e0360000, 0x00000000e0360000, 0x00000000e18b0000)
 concurrent mark-sweep generation total 393216K, used 2334K [0x00000000e2e00000, 0x00000000fae00000, 0x00000000fae00000)
 concurrent-mark-sweep perm gen total 21248K, used 20883K [0x00000000fae00000, 0x00000000fc2c0000, 0x0000000100000000)
}
2017-04-17T13:56:16.740-0400: 12.116: Total time for which application threads were stopped: 0.0227029 seconds, Stopping threads took: 0.0000707 seconds
2017-04-17T13:56:16.811-0400: 12.188: Total time for which application threads were stopped: 0.0000649 seconds, Stopping threads took: 0.0000249 seconds
2017-04-17T13:56:16.848-0400: 12.225: Total time for which application threads were stopped: 0.0001869 seconds, Stopping threads took: 0.0001151 seconds
2017-04-17T13:56:16.865-0400: 12.242: Total time for which application threads were stopped: 0.0000528 seconds, Stopping threads took: 0.0000216 seconds
2017-04-17T13:56:16.885-0400: 12.261: Total time for which application threads were stopped: 0.0000656 seconds, Stopping threads took: 0.0000213 seconds
2017-04-17T13:56:16.889-0400: 12.266: Total time for which application threads were stopped: 0.0000883 seconds, Stopping threads took: 0.0000231 seconds
2017-04-17T13:56:16.924-0400: 12.301: Total time for which application threads were stopped: 0.0000777 seconds, Stopping threads took: 0.0000209 seconds
2017-04-17T13:56:16.971-0400: 12.347: Total time for which application threads were stopped: 0.0003500 seconds, Stopping threads took: 0.0000444 seconds
2017-04-17T13:56:17.049-0400: 12.426: Total time for which application threads were stopped: 0.0002320 seconds, Stopping threads took: 0.0001232 seconds
2017-04-17T13:56:17.053-0400: 12.430: Total time for which application threads were stopped: 0.0002100 seconds, Stopping threads took: 0.0001155 seconds
2017-04-17T13:56:17.056-0400: 12.432: Total time for which application threads were stopped: 0.0000711 seconds, Stopping threads took: 0.0000253 seconds
2017-04-17T13:56:17.178-0400: 12.555: Total time for which application threads were stopped: 0.0002199 seconds, Stopping threads took: 0.0001353 seconds
2017-04-17T13:56:17.179-0400: 12.556: Total time for which application threads were stopped: 0.0002822 seconds, Stopping threads took: 0.0000773 seconds
2017-04-17T13:56:17.344-0400: 12.721: Total time for which application threads were stopped: 0.0001921 seconds, Stopping threads took: 0.0000290 seconds
2017-04-17T13:56:17.388-0400: 12.764: Total time for which application threads were stopped: 0.0002049 seconds, Stopping threads took: 0.0000645 seconds
2017-04-17T13:56:17.434-0400: 12.811: Total time for which application threads were stopped: 0.0000422 seconds, Stopping threads took: 0.0000180 seconds
2017-04-17T13:56:17.586-0400: 12.963: Total time for which application threads were stopped: 0.0001169 seconds, Stopping threads took: 0.0000235 seconds
2017-04-17T13:56:17.594-0400: 12.970: Total time for which application threads were stopped: 0.0001151 seconds, Stopping threads took: 0.0000660 seconds
2017-04-17T13:56:17.696-0400: 13.073: Total time for which application threads were stopped: 0.0001001 seconds, Stopping threads took: 0.0000367 seconds
2017-04-17T13:56:17.699-0400: 13.075: Total time for which application threads were stopped: 0.0000619 seconds, Stopping threads took: 0.0000235 seconds
2017-04-17T13:56:17.851-0400: 13.228: Total time for which application threads were stopped: 0.0001851 seconds, Stopping threads took: 0.0000352 seconds
2017-04-17T13:56:17.851-0400: 13.228: Total time for which application threads were stopped: 0.0000693 seconds, Stopping threads took: 0.0000227 seconds
2017-04-17T13:56:18.007-0400: 13.384: Total time for which application threads were stopped: 0.0000608 seconds, Stopping threads took: 0.0000293 seconds
2017-04-17T13:56:18.189-0400: 13.566: Total time for which application threads were stopped: 0.0001279 seconds, Stopping threads took: 0.0000286 seconds
2017-04-17T13:56:18.631-0400: 14.007: Total time for which application threads were stopped: 0.0001320 seconds, Stopping threads took: 0.0000205 seconds
2017-04-17T13:56:18.631-0400: 14.008: Total time for which application threads were stopped: 0.0000224 seconds, Stopping threads took: 0.0000095 seconds
2017-04-17T13:56:18.632-0400: 14.008: Total time for which application threads were stopped: 0.0000909 seconds, Stopping threads took: 0.0000077 seconds
2017-04-17T13:56:18.632-0400: 14.009: Total time for which application threads were stopped: 0.0000187 seconds, Stopping threads took: 0.0000081 seconds
2017-04-17T13:56:18.684-0400: 14.060: Total time for which application threads were stopped: 0.0000477 seconds, Stopping threads took: 0.0000172 seconds
2017-04-17T13:56:18.707-0400: 14.084: Total time for which application threads were stopped: 0.0001829 seconds, Stopping threads took: 0.0000773 seconds
2017-04-17T13:56:18.789-0400: 14.166: Total time for which application threads were stopped: 0.0001184 seconds, Stopping threads took: 0.0000550 seconds
2017-04-17T13:56:18.859-0400: 14.236: Total time for which application threads were stopped: 0.0001037 seconds, Stopping threads took: 0.0000319 seconds
2017-04-17T13:56:18.866-0400: 14.242: Total time for which application threads were stopped: 0.0002221 seconds, Stopping threads took: 0.0001239 seconds
2017-04-17T13:56:18.866-0400: 14.243: Total time for which application threads were stopped: 0.0002225 seconds, Stopping threads took: 0.0001294 seconds
2017-04-17T13:56:18.867-0400: 14.243: Total time for which application threads were stopped: 0.0001495 seconds, Stopping threads took: 0.0000726 seconds
2017-04-17T13:56:18.877-0400: 14.253: Total time for which application threads were stopped: 0.0003086 seconds, Stopping threads took: 0.0000579 seconds
2017-04-17T13:56:18.877-0400: 14.254: Total time for which application threads were stopped: 0.0001616 seconds, Stopping threads took: 0.0000784 seconds
2017-04-17T13:56:18.903-0400: 14.280: Total time for which application threads were stopped: 0.0001265 seconds, Stopping threads took: 0.0000814 seconds
2017-04-17T13:56:18.903-0400: 14.280: Total time for which application threads were stopped: 0.0001283 seconds, Stopping threads took: 0.0000546 seconds
2017-04-17T13:56:19.069-0400: 14.445: Total time for which application threads were stopped: 0.0000792 seconds, Stopping threads took: 0.0000271 seconds
2017-04-17T13:56:19.110-0400: 14.487: Total time for which application threads were stopped: 0.0000693 seconds, Stopping threads took: 0.0000275 seconds
2017-04-17T13:56:19.129-0400: 14.506: Total time for which application threads were stopped: 0.0000891 seconds, Stopping threads took: 0.0000264 seconds
2017-04-17T13:56:19.132-0400: 14.508: Total time for which application threads were stopped: 0.0000498 seconds, Stopping threads took: 0.0000172 seconds
2017-04-17T13:56:19.132-0400: 14.508: Total time for which application threads were stopped: 0.0001202 seconds, Stopping threads took: 0.0000172 seconds
{Heap before GC invocations=9 (full 0):
 par new generation   total 109248K, used 99725K [0x00000000dae00000, 0x00000000e2e00000, 0x00000000e2e00000)
  eden space 87424K, 100% used [0x00000000dae00000, 0x00000000e0360000, 0x00000000e0360000)
  from space 21824K,  56% used [0x00000000e18b0000, 0x00000000e24b3640, 0x00000000e2e00000)
  to   space 21824K,   0% used [0x00000000e0360000, 0x00000000e0360000, 0x00000000e18b0000)
 concurrent mark-sweep generation total 393216K, used 2334K [0x00000000e2e00000, 0x00000000fae00000, 0x00000000fae00000)
 concurrent-mark-sweep perm gen total 24896K, used 24867K [0x00000000fae00000, 0x00000000fc650000, 0x0000000100000000)
2017-04-17T13:56:19.207-0400: 14.584: [GC2017-04-17T13:56:19.207-0400: 14.584: [ParNew
Desired survivor size 20112992 bytes, new threshold 8 (max 8)
- age   1:    5553456 bytes,    5553456 total
- age   2:     143240 bytes,    5696696 total
- age   3:      89320 bytes,    5786016 total
- age   4:      75088 bytes,    5861104 total
- age   5:     121704 bytes,    5982808 total
- age   6:     149616 bytes,    6132424 total
- age   7:     270608 bytes,    6403032 total
- age   8:     282848 bytes,    6685880 total
: 99725K->9330K(109248K), 0.0284539 secs] 102060K->16286K(502464K), 0.0286247 secs] [Times: user=0.05 sys=0.00, real=0.03 secs] 
Heap after GC invocations=10 (full 0):
 par new generation   total 109248K, used 9330K [0x00000000dae00000, 0x00000000e2e00000, 0x00000000e2e00000)
  eden space 87424K,   0% used [0x00000000dae00000, 0x00000000dae00000, 0x00000000e0360000)
  from space 21824K,  42% used [0x00000000e0360000, 0x00000000e0c7c8c0, 0x00000000e18b0000)
  to   space 21824K,   0% used [0x00000000e18b0000, 0x00000000e18b0000, 0x00000000e2e00000)
 concurrent mark-sweep generation total 393216K, used 6956K [0x00000000e2e00000, 0x00000000fae00000, 0x00000000fae00000)
 concurrent-mark-sweep perm gen total 24896K, used 24867K [0x00000000fae00000, 0x00000000fc650000, 0x0000000100000000)
}
2017-04-17T13:56:19.236-0400: 14.613: Total time for which application threads were stopped: 0.0289128 seconds, Stopping threads took: 0.0000363 seconds
2017-04-17T13:56:19.370-0400: 14.747: Total time for which application threads were stopped: 0.0002159 seconds, Stopping threads took: 0.0001202 seconds
2017-04-17T13:56:19.372-0400: 14.749: Total time for which application threads were stopped: 0.0002243 seconds, Stopping threads took: 0.0001246 seconds
2017-04-17T13:56:19.373-0400: 14.749: Total time for which application threads were stopped: 0.0001111 seconds, Stopping threads took: 0.0000286 seconds
2017-04-17T13:56:19.373-0400: 14.750: Total time for which application threads were stopped: 0.0001074 seconds, Stopping threads took: 0.0000290 seconds
2017-04-17T13:56:19.384-0400: 14.761: Total time for which application threads were stopped: 0.0000759 seconds, Stopping threads took: 0.0000290 seconds
2017-04-17T13:56:19.388-0400: 14.765: Total time for which application threads were stopped: 0.0001514 seconds, Stopping threads took: 0.0000938 seconds
2017-04-17T13:56:19.427-0400: 14.804: Total time for which application threads were stopped: 0.0001847 seconds, Stopping threads took: 0.0001089 seconds
2017-04-17T13:56:19.428-0400: 14.805: Total time for which application threads were stopped: 0.0000495 seconds, Stopping threads took: 0.0000139 seconds
2017-04-17T13:56:19.439-0400: 14.816: Total time for which application threads were stopped: 0.0002544 seconds, Stopping threads took: 0.0001627 seconds
2017-04-17T13:56:19.439-0400: 14.816: Total time for which application threads were stopped: 0.0000634 seconds, Stopping threads took: 0.0000136 seconds
2017-04-17T13:56:19.439-0400: 14.816: Total time for which application threads were stopped: 0.0000605 seconds, Stopping threads took: 0.0000139 seconds
2017-04-17T13:56:19.452-0400: 14.829: Total time for which application threads were stopped: 0.0000755 seconds, Stopping threads took: 0.0000264 seconds
2017-04-17T13:56:19.455-0400: 14.831: Total time for which application threads were stopped: 0.0000550 seconds, Stopping threads took: 0.0000227 seconds
2017-04-17T13:56:19.476-0400: 14.852: Total time for which application threads were stopped: 0.0001741 seconds, Stopping threads took: 0.0001151 seconds
2017-04-17T13:56:19.476-0400: 14.852: Total time for which application threads were stopped: 0.0000396 seconds, Stopping threads took: 0.0000165 seconds
2017-04-17T13:56:19.486-0400: 14.863: Total time for which application threads were stopped: 0.0000759 seconds, Stopping threads took: 0.0000282 seconds
2017-04-17T13:56:19.524-0400: 14.901: Total time for which application threads were stopped: 0.0001906 seconds, Stopping threads took: 0.0000462 seconds
2017-04-17T13:56:19.525-0400: 14.902: Total time for which application threads were stopped: 0.0001547 seconds, Stopping threads took: 0.0000854 seconds
2017-04-17T13:56:20.525-0400: 15.901: Total time for which application threads were stopped: 0.0002984 seconds, Stopping threads took: 0.0000348 seconds
2017-04-17T13:56:20.890-0400: 16.267: Total time for which application threads were stopped: 0.0004329 seconds, Stopping threads took: 0.0000341 seconds
2017-04-17T13:56:21.041-0400: 16.417: Total time for which application threads were stopped: 0.0002262 seconds, Stopping threads took: 0.0000795 seconds
2017-04-17T13:56:21.043-0400: 16.419: Total time for which application threads were stopped: 0.0000817 seconds, Stopping threads took: 0.0000238 seconds
2017-04-17T13:56:21.053-0400: 16.430: Total time for which application threads were stopped: 0.0001781 seconds, Stopping threads took: 0.0000949 seconds
2017-04-17T13:56:21.087-0400: 16.464: Total time for which application threads were stopped: 0.0001144 seconds, Stopping threads took: 0.0000370 seconds
2017-04-17T13:56:21.106-0400: 16.482: Total time for which application threads were stopped: 0.0001598 seconds, Stopping threads took: 0.0000396 seconds
2017-04-17T13:56:21.106-0400: 16.482: Total time for which application threads were stopped: 0.0000696 seconds, Stopping threads took: 0.0000213 seconds
2017-04-17T13:56:21.106-0400: 16.482: Total time for which application threads were stopped: 0.0000671 seconds, Stopping threads took: 0.0000227 seconds
2017-04-17T13:56:21.131-0400: 16.508: Total time for which application threads were stopped: 0.0000909 seconds, Stopping threads took: 0.0000293 seconds
2017-04-17T13:56:21.148-0400: 16.525: Total time for which application threads were stopped: 0.0000803 seconds, Stopping threads took: 0.0000403 seconds
2017-04-17T13:56:21.148-0400: 16.525: Total time for which application threads were stopped: 0.0000392 seconds, Stopping threads took: 0.0000095 seconds
2017-04-17T13:56:21.173-0400: 16.549: Total time for which application threads were stopped: 0.0000894 seconds, Stopping threads took: 0.0000345 seconds
2017-04-17T13:56:21.278-0400: 16.654: Total time for which application threads were stopped: 0.0001833 seconds, Stopping threads took: 0.0000656 seconds
2017-04-17T13:56:21.330-0400: 16.706: Total time for which application threads were stopped: 0.0000689 seconds, Stopping threads took: 0.0000297 seconds
2017-04-17T13:56:21.480-0400: 16.857: Total time for which application threads were stopped: 0.0005047 seconds, Stopping threads took: 0.0004442 seconds
2017-04-17T13:56:21.489-0400: 16.866: Total time for which application threads were stopped: 0.0001367 seconds, Stopping threads took: 0.0000553 seconds
2017-04-17T13:56:21.491-0400: 16.867: Total time for which application threads were stopped: 0.0000627 seconds, Stopping threads took: 0.0000231 seconds
2017-04-17T13:56:21.504-0400: 16.880: Total time for which application threads were stopped: 0.0000660 seconds, Stopping threads took: 0.0000334 seconds
2017-04-17T13:56:21.506-0400: 16.883: Total time for which application threads were stopped: 0.0000986 seconds, Stopping threads took: 0.0000539 seconds
2017-04-17T13:56:21.571-0400: 16.947: Total time for which application threads were stopped: 0.0063782 seconds, Stopping threads took: 0.0062514 seconds
2017-04-17T13:56:21.581-0400: 16.957: Total time for which application threads were stopped: 0.0064119 seconds, Stopping threads took: 0.0063016 seconds
2017-04-17T13:56:21.582-0400: 16.958: Total time for which application threads were stopped: 0.0000612 seconds, Stopping threads took: 0.0000319 seconds
2017-04-17T13:56:21.594-0400: 16.970: Total time for which application threads were stopped: 0.0001213 seconds, Stopping threads took: 0.0000693 seconds
2017-04-17T13:56:21.618-0400: 16.994: Total time for which application threads were stopped: 0.0204589 seconds, Stopping threads took: 0.0204006 seconds
2017-04-17T13:56:21.619-0400: 16.996: Total time for which application threads were stopped: 0.0001221 seconds, Stopping threads took: 0.0000744 seconds
{Heap before GC invocations=10 (full 0):
 par new generation   total 109248K, used 96754K [0x00000000dae00000, 0x00000000e2e00000, 0x00000000e2e00000)
  eden space 87424K, 100% used [0x00000000dae00000, 0x00000000e0360000, 0x00000000e0360000)
  from space 21824K,  42% used [0x00000000e0360000, 0x00000000e0c7c8c0, 0x00000000e18b0000)
  to   space 21824K,   0% used [0x00000000e18b0000, 0x00000000e18b0000, 0x00000000e2e00000)
 concurrent mark-sweep generation total 393216K, used 6956K [0x00000000e2e00000, 0x00000000fae00000, 0x00000000fae00000)
 concurrent-mark-sweep perm gen total 27968K, used 27916K [0x00000000fae00000, 0x00000000fc950000, 0x0000000100000000)
2017-04-17T13:56:21.634-0400: 17.010: [GC2017-04-17T13:56:21.634-0400: 17.010: [ParNew
Desired survivor size 20112992 bytes, new threshold 8 (max 8)
- age   1:   13393040 bytes,   13393040 total
- age   2:    2421360 bytes,   15814400 total
- age   3:     143192 bytes,   15957592 total
- age   4:      89192 bytes,   16046784 total
- age   5:      74576 bytes,   16121360 total
- age   6:     120920 bytes,   16242280 total
- age   7:     146232 bytes,   16388512 total
- age   8:     267848 bytes,   16656360 total
: 96754K->17794K(109248K), 0.0129627 secs] 103710K->25023K(502464K), 0.0130276 secs] [Times: user=0.00 sys=0.00, real=0.01 secs] 
Heap after GC invocations=11 (full 0):
 par new generation   total 109248K, used 17794K [0x00000000dae00000, 0x00000000e2e00000, 0x00000000e2e00000)
  eden space 87424K,   0% used [0x00000000dae00000, 0x00000000dae00000, 0x00000000e0360000)
  from space 21824K,  81% used [0x00000000e18b0000, 0x00000000e2a10a58, 0x00000000e2e00000)
  to   space 21824K,   0% used [0x00000000e0360000, 0x00000000e0360000, 0x00000000e18b0000)
 concurrent mark-sweep generation total 393216K, used 7228K [0x00000000e2e00000, 0x00000000fae00000, 0x00000000fae00000)
 concurrent-mark-sweep perm gen total 27968K, used 27916K [0x00000000fae00000, 0x00000000fc950000, 0x0000000100000000)
}
2017-04-17T13:56:21.647-0400: 17.023: Total time for which application threads were stopped: 0.0235488 seconds, Stopping threads took: 0.0103566 seconds
2017-04-17T13:56:21.669-0400: 17.046: Total time for which application threads were stopped: 0.0211297 seconds, Stopping threads took: 0.0209013 seconds
2017-04-17T13:56:21.739-0400: 17.115: Total time for which application threads were stopped: 0.0312352 seconds, Stopping threads took: 0.0311949 seconds
{Heap before GC invocations=11 (full 0):
 par new generation   total 109248K, used 105218K [0x00000000dae00000, 0x00000000e2e00000, 0x00000000e2e00000)
  eden space 87424K, 100% used [0x00000000dae00000, 0x00000000e0360000, 0x00000000e0360000)
  from space 21824K,  81% used [0x00000000e18b0000, 0x00000000e2a10a58, 0x00000000e2e00000)
  to   space 21824K,   0% used [0x00000000e0360000, 0x00000000e0360000, 0x00000000e18b0000)
 concurrent mark-sweep generation total 393216K, used 7228K [0x00000000e2e00000, 0x00000000fae00000, 0x00000000fae00000)
 concurrent-mark-sweep perm gen total 27968K, used 27943K [0x00000000fae00000, 0x00000000fc950000, 0x0000000100000000)
2017-04-17T13:56:21.788-0400: 17.165: [GC2017-04-17T13:56:21.788-0400: 17.165: [ParNew
Desired survivor size 20112992 bytes, new threshold 8 (max 8)
- age   1:    2336440 bytes,    2336440 total
- age   2:   10434128 bytes,   12770568 total
- age   3:    2421024 bytes,   15191592 total
- age   4:     143192 bytes,   15334784 total
- age   5:      89192 bytes,   15423976 total
- age   6:      74576 bytes,   15498552 total
- age   7:     120920 bytes,   15619472 total
- age   8:     146232 bytes,   15765704 total
: 105218K->21824K(109248K), 0.0116087 secs] 112447K->29317K(502464K), 0.0117011 secs] [Times: user=0.08 sys=0.00, real=0.01 secs] 
Heap after GC invocations=12 (full 0):
 par new generation   total 109248K, used 21824K [0x00000000dae00000, 0x00000000e2e00000, 0x00000000e2e00000)
  eden space 87424K,   0% used [0x00000000dae00000, 0x00000000dae00000, 0x00000000e0360000)
  from space 21824K, 100% used [0x00000000e0360000, 0x00000000e18b0000, 0x00000000e18b0000)
  to   space 21824K,   0% used [0x00000000e18b0000, 0x00000000e18b0000, 0x00000000e2e00000)
 concurrent mark-sweep generation total 393216K, used 7493K [0x00000000e2e00000, 0x00000000fae00000, 0x00000000fae00000)
 concurrent-mark-sweep perm gen total 27968K, used 27943K [0x00000000fae00000, 0x00000000fc950000, 0x0000000100000000)
}
2017-04-17T13:56:21.800-0400: 17.176: Total time for which application threads were stopped: 0.0119445 seconds, Stopping threads took: 0.0000722 seconds
2017-04-17T13:56:21.800-0400: 17.177: Total time for which application threads were stopped: 0.0000652 seconds, Stopping threads took: 0.0000286 seconds
{Heap before GC invocations=12 (full 0):
 par new generation   total 109248K, used 109248K [0x00000000dae00000, 0x00000000e2e00000, 0x00000000e2e00000)
  eden space 87424K, 100% used [0x00000000dae00000, 0x00000000e0360000, 0x00000000e0360000)
  from space 21824K, 100% used [0x00000000e0360000, 0x00000000e18b0000, 0x00000000e18b0000)
  to   space 21824K,   0% used [0x00000000e18b0000, 0x00000000e18b0000, 0x00000000e2e00000)
 concurrent mark-sweep generation total 393216K, used 7493K [0x00000000e2e00000, 0x00000000fae00000, 0x00000000fae00000)
 concurrent-mark-sweep perm gen total 28160K, used 27955K [0x00000000fae00000, 0x00000000fc980000, 0x0000000100000000)
2017-04-17T13:56:21.845-0400: 17.222: [GC2017-04-17T13:56:21.846-0400: 17.222: [ParNew
Desired survivor size 20112992 bytes, new threshold 8 (max 8)
- age   1:    1039960 bytes,    1039960 total
- age   2:    1544696 bytes,    2584656 total
- age   3:   10433696 bytes,   13018352 total
- age   4:    2421024 bytes,   15439376 total
- age   5:     143192 bytes,   15582568 total
- age   6:      89192 bytes,   15671760 total
- age   7:      74576 bytes,   15746336 total
- age   8:     120920 bytes,   15867256 total
: 109248K->21511K(109248K), 0.0092511 secs] 116741K->29151K(502464K), 0.0093303 secs] [Times: user=0.06 sys=0.00, real=0.01 secs] 
Heap after GC invocations=13 (full 0):
 par new generation   total 109248K, used 21511K [0x00000000dae00000, 0x00000000e2e00000, 0x00000000e2e00000)
  eden space 87424K,   0% used [0x00000000dae00000, 0x00000000dae00000, 0x00000000e0360000)
  from space 21824K,  98% used [0x00000000e18b0000, 0x00000000e2db1c70, 0x00000000e2e00000)
  to   space 21824K,   0% used [0x00000000e0360000, 0x00000000e0360000, 0x00000000e18b0000)
 concurrent mark-sweep generation total 393216K, used 7640K [0x00000000e2e00000, 0x00000000fae00000, 0x00000000fae00000)
 concurrent-mark-sweep perm gen total 28160K, used 27955K [0x00000000fae00000, 0x00000000fc980000, 0x0000000100000000)
}
2017-04-17T13:56:21.855-0400: 17.232: Total time for which application threads were stopped: 0.0095488 seconds, Stopping threads took: 0.0000667 seconds
{Heap before GC invocations=13 (full 0):
 par new generation   total 109248K, used 108935K [0x00000000dae00000, 0x00000000e2e00000, 0x00000000e2e00000)
  eden space 87424K, 100% used [0x00000000dae00000, 0x00000000e0360000, 0x00000000e0360000)
  from space 21824K,  98% used [0x00000000e18b0000, 0x00000000e2db1c70, 0x00000000e2e00000)
  to   space 21824K,   0% used [0x00000000e0360000, 0x00000000e0360000, 0x00000000e18b0000)
 concurrent mark-sweep generation total 393216K, used 7640K [0x00000000e2e00000, 0x00000000fae00000, 0x00000000fae00000)
 concurrent-mark-sweep perm gen total 28160K, used 27996K [0x00000000fae00000, 0x00000000fc980000, 0x0000000100000000)
2017-04-17T13:56:21.956-0400: 17.333: [GC2017-04-17T13:56:21.956-0400: 17.333: [ParNew
Desired survivor size 20112992 bytes, new threshold 8 (max 8)
- age   1:    1167008 bytes,    1167008 total
- age   2:     126336 bytes,    1293344 total
- age   3:    1169088 bytes,    2462432 total
- age   4:   10433536 bytes,   12895968 total
- age   5:    2420928 bytes,   15316896 total
- age   6:     143192 bytes,   15460088 total
- age   7:      89192 bytes,   15549280 total
- age   8:      74576 bytes,   15623856 total
: 108935K->20033K(109248K), 0.0085899 secs] 116575K->27796K(502464K), 0.0086603 secs] [Times: user=0.06 sys=0.00, real=0.01 secs] 
Heap after GC invocations=14 (full 0):
 par new generation   total 109248K, used 20033K [0x00000000dae00000, 0x00000000e2e00000, 0x00000000e2e00000)
  eden space 87424K,   0% used [0x00000000dae00000, 0x00000000dae00000, 0x00000000e0360000)
  from space 21824K,  91% used [0x00000000e0360000, 0x00000000e16f0700, 0x00000000e18b0000)
  to   space 21824K,   0% used [0x00000000e18b0000, 0x00000000e18b0000, 0x00000000e2e00000)
 concurrent mark-sweep generation total 393216K, used 7762K [0x00000000e2e00000, 0x00000000fae00000, 0x00000000fae00000)
 concurrent-mark-sweep perm gen total 28160K, used 27996K [0x00000000fae00000, 0x00000000fc980000, 0x0000000100000000)
}
2017-04-17T13:56:21.965-0400: 17.342: Total time for which application threads were stopped: 0.0088267 seconds, Stopping threads took: 0.0000158 seconds
2017-04-17T13:56:22.015-0400: 17.392: Total time for which application threads were stopped: 0.0001129 seconds, Stopping threads took: 0.0000660 seconds
2017-04-17T13:56:22.053-0400: 17.429: Total time for which application threads were stopped: 0.0002031 seconds, Stopping threads took: 0.0000726 seconds
{Heap before GC invocations=14 (full 0):
 par new generation   total 109248K, used 107457K [0x00000000dae00000, 0x00000000e2e00000, 0x00000000e2e00000)
  eden space 87424K, 100% used [0x00000000dae00000, 0x00000000e0360000, 0x00000000e0360000)
  from space 21824K,  91% used [0x00000000e0360000, 0x00000000e16f0700, 0x00000000e18b0000)
  to   space 21824K,   0% used [0x00000000e18b0000, 0x00000000e18b0000, 0x00000000e2e00000)
 concurrent mark-sweep generation total 393216K, used 7762K [0x00000000e2e00000, 0x00000000fae00000, 0x00000000fae00000)
 concurrent-mark-sweep perm gen total 28160K, used 28026K [0x00000000fae00000, 0x00000000fc980000, 0x0000000100000000)
2017-04-17T13:56:22.062-0400: 17.438: [GC2017-04-17T13:56:22.062-0400: 17.438: [ParNew
Desired survivor size 20112992 bytes, new threshold 8 (max 8)
- age   1:    4159000 bytes,    4159000 total
- age   2:    1139368 bytes,    5298368 total
- age   3:     126096 bytes,    5424464 total
- age   4:    1168696 bytes,    6593160 total
- age   5:   10430624 bytes,   17023784 total
- age   6:    2420824 bytes,   19444608 total
- age   7:     143192 bytes,   19587800 total
- age   8:      89192 bytes,   19676992 total
: 107457K->21824K(109248K), 0.0105938 secs] 115220K->29660K(502464K), 0.0106726 secs] [Times: user=0.06 sys=0.00, real=0.01 secs] 
Heap after GC invocations=15 (full 0):
 par new generation   total 109248K, used 21824K [0x00000000dae00000, 0x00000000e2e00000, 0x00000000e2e00000)
  eden space 87424K,   0% used [0x00000000dae00000, 0x00000000dae00000, 0x00000000e0360000)
  from space 21824K, 100% used [0x00000000e18b0000, 0x00000000e2e00000, 0x00000000e2e00000)
  to   space 21824K,   0% used [0x00000000e0360000, 0x00000000e0360000, 0x00000000e18b0000)
 concurrent mark-sweep generation total 393216K, used 7836K [0x00000000e2e00000, 0x00000000fae00000, 0x00000000fae00000)
 concurrent-mark-sweep perm gen total 28160K, used 28026K [0x00000000fae00000, 0x00000000fc980000, 0x0000000100000000)
}
2017-04-17T13:56:22.072-0400: 17.449: Total time for which application threads were stopped: 0.0108152 seconds, Stopping threads took: 0.0000191 seconds
2017-04-17T13:56:22.866-0400: 18.242: Total time for which application threads were stopped: 0.0003061 seconds, Stopping threads took: 0.0000403 seconds
2017-04-17T13:56:23.698-0400: 19.075: Total time for which application threads were stopped: 0.0003226 seconds, Stopping threads took: 0.0000528 seconds
2017-04-17T13:56:24.698-0400: 20.075: Total time for which application threads were stopped: 0.0002943 seconds, Stopping threads took: 0.0000469 seconds
2017-04-17T13:56:39.607-0400: 34.983: Total time for which application threads were stopped: 0.0001444 seconds, Stopping threads took: 0.0000209 seconds
2017-04-17T13:56:39.607-0400: 34.984: Total time for which application threads were stopped: 0.0000396 seconds, Stopping threads took: 0.0000172 seconds
2017-04-17T13:56:39.686-0400: 35.063: Total time for which application threads were stopped: 0.0000638 seconds, Stopping threads took: 0.0000202 seconds
2017-04-17T13:56:39.728-0400: 35.105: Total time for which application threads were stopped: 0.0000586 seconds, Stopping threads took: 0.0000205 seconds
2017-04-17T13:56:39.729-0400: 35.105: Total time for which application threads were stopped: 0.0000301 seconds, Stopping threads took: 0.0000106 seconds
2017-04-17T13:56:39.773-0400: 35.150: Total time for which application threads were stopped: 0.0000509 seconds, Stopping threads took: 0.0000213 seconds
2017-04-17T13:56:39.773-0400: 35.150: Total time for which application threads were stopped: 0.0000418 seconds, Stopping threads took: 0.0000220 seconds
2017-04-17T13:56:39.774-0400: 35.150: Total time for which application threads were stopped: 0.0000319 seconds, Stopping threads took: 0.0000125 seconds
2017-04-17T13:56:39.774-0400: 35.150: Total time for which application threads were stopped: 0.0000422 seconds, Stopping threads took: 0.0000227 seconds
2017-04-17T13:56:39.831-0400: 35.208: Total time for which application threads were stopped: 0.0001103 seconds, Stopping threads took: 0.0000205 seconds
2017-04-17T13:56:39.832-0400: 35.209: Total time for which application threads were stopped: 0.0000418 seconds, Stopping threads took: 0.0000128 seconds
2017-04-17T13:56:39.833-0400: 35.210: Total time for which application threads were stopped: 0.0000444 seconds, Stopping threads took: 0.0000242 seconds
2017-04-17T13:56:39.833-0400: 35.210: Total time for which application threads were stopped: 0.0000411 seconds, Stopping threads took: 0.0000220 seconds
2017-04-17T13:56:39.834-0400: 35.210: Total time for which application threads were stopped: 0.0000308 seconds, Stopping threads took: 0.0000114 seconds
2017-04-17T13:56:39.834-0400: 35.211: Total time for which application threads were stopped: 0.0000425 seconds, Stopping threads took: 0.0000235 seconds
2017-04-17T13:56:39.845-0400: 35.222: Total time for which application threads were stopped: 0.0000557 seconds, Stopping threads took: 0.0000213 seconds
2017-04-17T13:56:39.845-0400: 35.222: Total time for which application threads were stopped: 0.0000418 seconds, Stopping threads took: 0.0000224 seconds
2017-04-17T13:56:39.845-0400: 35.222: Total time for which application threads were stopped: 0.0000433 seconds, Stopping threads took: 0.0000235 seconds
2017-04-17T13:56:39.918-0400: 35.294: Total time for which application threads were stopped: 0.0001210 seconds, Stopping threads took: 0.0000389 seconds
2017-04-17T13:56:39.918-0400: 35.294: Total time for which application threads were stopped: 0.0000433 seconds, Stopping threads took: 0.0000198 seconds
{Heap before GC invocations=15 (full 0):
 par new generation   total 109248K, used 109248K [0x00000000dae00000, 0x00000000e2e00000, 0x00000000e2e00000)
  eden space 87424K, 100% used [0x00000000dae00000, 0x00000000e0360000, 0x00000000e0360000)
  from space 21824K, 100% used [0x00000000e18b0000, 0x00000000e2e00000, 0x00000000e2e00000)
  to   space 21824K,   0% used [0x00000000e0360000, 0x00000000e0360000, 0x00000000e18b0000)
 concurrent mark-sweep generation total 393216K, used 7836K [0x00000000e2e00000, 0x00000000fae00000, 0x00000000fae00000)
 concurrent-mark-sweep perm gen total 30656K, used 30488K [0x00000000fae00000, 0x00000000fcbf0000, 0x0000000100000000)
2017-04-17T13:56:40.382-0400: 35.759: [GC2017-04-17T13:56:40.382-0400: 35.759: [ParNew
Desired survivor size 20112992 bytes, new threshold 7 (max 8)
- age   1:    6440696 bytes,    6440696 total
- age   2:    1875584 bytes,    8316280 total
- age   3:     405496 bytes,    8721776 total
- age   4:     122896 bytes,    8844672 total
- age   5:     786272 bytes,    9630944 total
- age   6:   10401368 bytes,   20032312 total
- age   7:    2196320 bytes,   22228632 total
- age   8:     119064 bytes,   22347696 total
: 109248K->21824K(109248K), 0.0350788 secs] 117084K->34709K(502464K), 0.0352052 secs] [Times: user=0.13 sys=0.05, real=0.04 secs] 
Heap after GC invocations=16 (full 0):
 par new generation   total 109248K, used 21824K [0x00000000dae00000, 0x00000000e2e00000, 0x00000000e2e00000)
  eden space 87424K,   0% used [0x00000000dae00000, 0x00000000dae00000, 0x00000000e0360000)
  from space 21824K, 100% used [0x00000000e0360000, 0x00000000e18b0000, 0x00000000e18b0000)
  to   space 21824K,   0% used [0x00000000e18b0000, 0x00000000e18b0000, 0x00000000e2e00000)
 concurrent mark-sweep generation total 393216K, used 12885K [0x00000000e2e00000, 0x00000000fae00000, 0x00000000fae00000)
 concurrent-mark-sweep perm gen total 30656K, used 30488K [0x00000000fae00000, 0x00000000fcbf0000, 0x0000000100000000)
}
2017-04-17T13:56:40.417-0400: 35.794: Total time for which application threads were stopped: 0.0354853 seconds, Stopping threads took: 0.0000231 seconds
2017-04-17T13:56:40.685-0400: 36.062: Total time for which application threads were stopped: 0.0001111 seconds, Stopping threads took: 0.0000231 seconds
2017-04-17T13:56:40.685-0400: 36.062: Total time for which application threads were stopped: 0.0000433 seconds, Stopping threads took: 0.0000191 seconds
2017-04-17T13:56:40.688-0400: 36.065: Total time for which application threads were stopped: 0.0000623 seconds, Stopping threads took: 0.0000238 seconds
2017-04-17T13:56:40.690-0400: 36.067: Total time for which application threads were stopped: 0.0000913 seconds, Stopping threads took: 0.0000583 seconds
2017-04-17T13:57:23.727-0400: 79.104: Total time for which application threads were stopped: 0.0003094 seconds, Stopping threads took: 0.0000444 seconds
2017-04-17T13:57:24.146-0400: 79.523: Total time for which application threads were stopped: 0.0004219 seconds, Stopping threads took: 0.0003112 seconds
2017-04-17T13:57:24.151-0400: 79.527: Total time for which application threads were stopped: 0.0002192 seconds, Stopping threads took: 0.0001239 seconds
2017-04-17T13:57:24.155-0400: 79.531: Total time for which application threads were stopped: 0.0003702 seconds, Stopping threads took: 0.0002870 seconds
2017-04-17T13:57:24.155-0400: 79.531: Total time for which application threads were stopped: 0.0000898 seconds, Stopping threads took: 0.0000282 seconds
2017-04-17T13:57:24.155-0400: 79.532: Total time for which application threads were stopped: 0.0001624 seconds, Stopping threads took: 0.0000630 seconds
2017-04-17T13:57:24.155-0400: 79.532: Total time for which application threads were stopped: 0.0001217 seconds, Stopping threads took: 0.0000700 seconds
2017-04-17T13:57:24.170-0400: 79.546: Total time for which application threads were stopped: 0.0000759 seconds, Stopping threads took: 0.0000257 seconds
2017-04-17T13:57:24.170-0400: 79.546: Total time for which application threads were stopped: 0.0000473 seconds, Stopping threads took: 0.0000136 seconds
2017-04-17T13:57:24.170-0400: 79.547: Total time for which application threads were stopped: 0.0000491 seconds, Stopping threads took: 0.0000154 seconds
2017-04-17T13:57:25.170-0400: 80.547: Total time for which application threads were stopped: 0.0003314 seconds, Stopping threads took: 0.0000451 seconds
2017-04-17T13:57:26.234-0400: 81.611: Total time for which application threads were stopped: 0.0002683 seconds, Stopping threads took: 0.0000400 seconds
2017-04-17T13:57:26.243-0400: 81.619: Total time for which application threads were stopped: 0.0003720 seconds, Stopping threads took: 0.0000337 seconds
2017-04-17T13:57:26.305-0400: 81.682: Total time for which application threads were stopped: 0.0001444 seconds, Stopping threads took: 0.0000539 seconds
2017-04-17T13:57:26.306-0400: 81.682: Total time for which application threads were stopped: 0.0000990 seconds, Stopping threads took: 0.0000323 seconds
2017-04-17T13:57:26.317-0400: 81.693: Total time for which application threads were stopped: 0.0002188 seconds, Stopping threads took: 0.0000982 seconds
2017-04-17T13:57:26.317-0400: 81.694: Total time for which application threads were stopped: 0.0001928 seconds, Stopping threads took: 0.0001206 seconds
2017-04-17T13:57:26.318-0400: 81.695: Total time for which application threads were stopped: 0.0001946 seconds, Stopping threads took: 0.0001162 seconds
2017-04-17T13:57:26.319-0400: 81.695: Total time for which application threads were stopped: 0.0001298 seconds, Stopping threads took: 0.0000733 seconds
2017-04-17T13:57:26.319-0400: 81.696: Total time for which application threads were stopped: 0.0001034 seconds, Stopping threads took: 0.0000367 seconds
2017-04-17T13:57:26.320-0400: 81.696: Total time for which application threads were stopped: 0.0000803 seconds, Stopping threads took: 0.0000341 seconds
2017-04-17T13:57:26.320-0400: 81.697: Total time for which application threads were stopped: 0.0001558 seconds, Stopping threads took: 0.0000839 seconds
2017-04-17T13:57:26.321-0400: 81.697: Total time for which application threads were stopped: 0.0001004 seconds, Stopping threads took: 0.0000337 seconds
2017-04-17T13:57:26.323-0400: 81.700: Total time for which application threads were stopped: 0.0001056 seconds, Stopping threads took: 0.0000392 seconds
2017-04-17T13:57:26.324-0400: 81.700: Total time for which application threads were stopped: 0.0001015 seconds, Stopping threads took: 0.0000400 seconds
2017-04-17T13:57:26.324-0400: 81.701: Total time for which application threads were stopped: 0.0002137 seconds, Stopping threads took: 0.0001444 seconds
2017-04-17T13:57:26.324-0400: 81.701: Total time for which application threads were stopped: 0.0002144 seconds, Stopping threads took: 0.0001448 seconds
2017-04-17T13:57:26.325-0400: 81.701: Total time for which application threads were stopped: 0.0001492 seconds, Stopping threads took: 0.0000850 seconds
2017-04-17T13:57:26.325-0400: 81.702: Total time for which application threads were stopped: 0.0001917 seconds, Stopping threads took: 0.0001221 seconds
2017-04-17T13:57:26.325-0400: 81.702: Total time for which application threads were stopped: 0.0001803 seconds, Stopping threads took: 0.0001111 seconds
2017-04-17T13:57:26.326-0400: 81.702: Total time for which application threads were stopped: 0.0001452 seconds, Stopping threads took: 0.0000792 seconds
2017-04-17T13:57:26.327-0400: 81.704: Total time for which application threads were stopped: 0.0000924 seconds, Stopping threads took: 0.0000323 seconds
2017-04-17T13:57:26.336-0400: 81.712: Total time for which application threads were stopped: 0.0002199 seconds, Stopping threads took: 0.0001415 seconds
2017-04-17T13:57:26.349-0400: 81.726: Total time for which application threads were stopped: 0.0001851 seconds, Stopping threads took: 0.0000997 seconds
2017-04-17T13:57:26.419-0400: 81.795: Total time for which application threads were stopped: 0.0001001 seconds, Stopping threads took: 0.0000231 seconds
2017-04-17T13:57:26.439-0400: 81.815: Total time for which application threads were stopped: 0.0000484 seconds, Stopping threads took: 0.0000216 seconds
2017-04-17T13:57:26.486-0400: 81.863: Total time for which application threads were stopped: 0.0000597 seconds, Stopping threads took: 0.0000209 seconds
2017-04-17T13:57:26.486-0400: 81.863: Total time for which application threads were stopped: 0.0000315 seconds, Stopping threads took: 0.0000099 seconds
2017-04-17T13:57:26.486-0400: 81.863: Total time for which application threads were stopped: 0.0000330 seconds, Stopping threads took: 0.0000114 seconds
2017-04-17T13:57:26.494-0400: 81.870: Total time for which application threads were stopped: 0.0000385 seconds, Stopping threads took: 0.0000128 seconds
2017-04-17T13:57:26.494-0400: 81.871: Total time for which application threads were stopped: 0.0000363 seconds, Stopping threads took: 0.0000125 seconds
2017-04-17T13:57:26.579-0400: 81.956: Total time for which application threads were stopped: 0.0001441 seconds, Stopping threads took: 0.0000964 seconds
2017-04-17T13:57:40.451-0400: 95.828: Total time for which application threads were stopped: 0.0003434 seconds, Stopping threads took: 0.0000444 seconds
2017-04-17T13:57:41.451-0400: 96.828: Total time for which application threads were stopped: 0.0003706 seconds, Stopping threads took: 0.0000488 seconds
2017-04-17T13:57:46.225-0400: 101.602: Total time for which application threads were stopped: 0.0008049 seconds, Stopping threads took: 0.0000429 seconds
2017-04-17T13:57:46.312-0400: 101.689: Total time for which application threads were stopped: 0.0001726 seconds, Stopping threads took: 0.0000440 seconds
2017-04-17T13:57:46.313-0400: 101.689: Total time for which application threads were stopped: 0.0001265 seconds, Stopping threads took: 0.0000301 seconds
2017-04-17T13:57:46.313-0400: 101.690: Total time for which application threads were stopped: 0.0001320 seconds, Stopping threads took: 0.0000304 seconds
2017-04-17T13:57:46.313-0400: 101.690: Total time for which application threads were stopped: 0.0001814 seconds, Stopping threads took: 0.0000770 seconds
2017-04-17T13:57:46.314-0400: 101.690: Total time for which application threads were stopped: 0.0001400 seconds, Stopping threads took: 0.0000363 seconds
2017-04-17T13:57:46.314-0400: 101.691: Total time for which application threads were stopped: 0.0002104 seconds, Stopping threads took: 0.0001081 seconds
2017-04-17T13:57:47.314-0400: 102.691: Total time for which application threads were stopped: 0.0004530 seconds, Stopping threads took: 0.0000601 seconds
2017-04-17T13:57:53.314-0400: 108.691: Total time for which application threads were stopped: 0.0004065 seconds, Stopping threads took: 0.0000564 seconds
2017-04-17T13:57:53.728-0400: 109.105: Total time for which application threads were stopped: 0.0001026 seconds, Stopping threads took: 0.0000436 seconds
2017-04-17T13:57:53.731-0400: 109.108: Total time for which application threads were stopped: 0.0001151 seconds, Stopping threads took: 0.0000374 seconds
2017-04-17T13:57:53.889-0400: 109.266: Total time for which application threads were stopped: 0.0003068 seconds, Stopping threads took: 0.0000282 seconds
2017-04-17T13:57:54.889-0400: 110.266: Total time for which application threads were stopped: 0.0002841 seconds, Stopping threads took: 0.0000370 seconds
2017-04-17T13:58:06.927-0400: 122.304: Total time for which application threads were stopped: 0.0003687 seconds, Stopping threads took: 0.0000433 seconds
{Heap before GC invocations=16 (full 0):
 par new generation   total 109248K, used 109248K [0x00000000dae00000, 0x00000000e2e00000, 0x00000000e2e00000)
  eden space 87424K, 100% used [0x00000000dae00000, 0x00000000e0360000, 0x00000000e0360000)
  from space 21824K, 100% used [0x00000000e0360000, 0x00000000e18b0000, 0x00000000e18b0000)
  to   space 21824K,   0% used [0x00000000e18b0000, 0x00000000e18b0000, 0x00000000e2e00000)
 concurrent mark-sweep generation total 393216K, used 12885K [0x00000000e2e00000, 0x00000000fae00000, 0x00000000fae00000)
 concurrent-mark-sweep perm gen total 31808K, used 31644K [0x00000000fae00000, 0x00000000fcd10000, 0x0000000100000000)
2017-04-17T13:58:06.958-0400: 122.335: [GC2017-04-17T13:58:06.958-0400: 122.335: [ParNew
Desired survivor size 20112992 bytes, new threshold 8 (max 8)
- age   1:    1636592 bytes,    1636592 total
- age   2:    3321088 bytes,    4957680 total
- age   3:    1875584 bytes,    6833264 total
- age   4:     405496 bytes,    7238760 total
- age   5:     122856 bytes,    7361616 total
- age   6:     786088 bytes,    8147704 total
- age   7:   10400248 bytes,   18547952 total
: 109248K->21824K(109248K), 0.0311168 secs] 122133K->36968K(502464K), 0.0313239 secs] [Times: user=0.11 sys=0.00, real=0.03 secs] 
Heap after GC invocations=17 (full 0):
 par new generation   total 109248K, used 21824K [0x00000000dae00000, 0x00000000e2e00000, 0x00000000e2e00000)
  eden space 87424K,   0% used [0x00000000dae00000, 0x00000000dae00000, 0x00000000e0360000)
  from space 21824K, 100% used [0x00000000e18b0000, 0x00000000e2e00000, 0x00000000e2e00000)
  to   space 21824K,   0% used [0x00000000e0360000, 0x00000000e0360000, 0x00000000e18b0000)
 concurrent mark-sweep generation total 393216K, used 15144K [0x00000000e2e00000, 0x00000000fae00000, 0x00000000fae00000)
 concurrent-mark-sweep perm gen total 31808K, used 31644K [0x00000000fae00000, 0x00000000fcd10000, 0x0000000100000000)
}
2017-04-17T13:58:06.990-0400: 122.366: Total time for which application threads were stopped: 0.0316641 seconds, Stopping threads took: 0.0000480 seconds
2017-04-17T13:58:07.990-0400: 123.367: Total time for which application threads were stopped: 0.0004278 seconds, Stopping threads took: 0.0000433 seconds
2017-04-17T13:59:47.145-0400: 222.565: Total time for which application threads were stopped: 0.0005436 seconds, Stopping threads took: 0.0000832 seconds
2017-04-17T13:59:47.145-0400: 222.565: Total time for which application threads were stopped: 0.0001587 seconds, Stopping threads took: 0.0000865 seconds
2017-04-17T14:18:52.739-0400: 1368.030: Total time for which application threads were stopped: 0.0002071 seconds, Stopping threads took: 0.0000531 seconds
2017-04-17T14:18:52.739-0400: 1368.030: Total time for which application threads were stopped: 0.0000290 seconds, Stopping threads took: 0.0000103 seconds
2017-04-17T14:18:52.740-0400: 1368.030: Total time for which application threads were stopped: 0.0000345 seconds, Stopping threads took: 0.0000191 seconds
2017-04-17T14:18:52.740-0400: 1368.031: Total time for which application threads were stopped: 0.0000224 seconds, Stopping threads took: 0.0000073 seconds
2017-04-17T14:18:52.740-0400: 1368.031: Total time for which application threads were stopped: 0.0001697 seconds, Stopping threads took: 0.0000073 seconds
2017-04-17T14:18:52.741-0400: 1368.032: Total time for which application threads were stopped: 0.0000440 seconds, Stopping threads took: 0.0000312 seconds
2017-04-17T14:18:52.742-0400: 1368.033: Total time for which application threads were stopped: 0.0000334 seconds, Stopping threads took: 0.0000198 seconds
2017-04-17T14:18:52.742-0400: 1368.033: Total time for which application threads were stopped: 0.0000422 seconds, Stopping threads took: 0.0000290 seconds
2017-04-17T14:18:52.742-0400: 1368.033: Total time for which application threads were stopped: 0.0000194 seconds, Stopping threads took: 0.0000062 seconds
2017-04-17T14:18:52.743-0400: 1368.033: Total time for which application threads were stopped: 0.0000458 seconds, Stopping threads took: 0.0000191 seconds
2017-04-17T14:18:52.743-0400: 1368.033: Total time for which application threads were stopped: 0.0000323 seconds, Stopping threads took: 0.0000191 seconds
2017-04-17T14:18:52.743-0400: 1368.034: Total time for which application threads were stopped: 0.0000191 seconds, Stopping threads took: 0.0000059 seconds
2017-04-17T14:18:52.743-0400: 1368.034: Total time for which application threads were stopped: 0.0000202 seconds, Stopping threads took: 0.0000070 seconds
2017-04-17T14:18:52.743-0400: 1368.034: Total time for which application threads were stopped: 0.0000326 seconds, Stopping threads took: 0.0000198 seconds
2017-04-17T14:18:52.743-0400: 1368.034: Total time for which application threads were stopped: 0.0000194 seconds, Stopping threads took: 0.0000066 seconds
2017-04-17T14:18:52.743-0400: 1368.034: Total time for which application threads were stopped: 0.0000242 seconds, Stopping threads took: 0.0000150 seconds
2017-04-17T14:18:52.743-0400: 1368.034: Total time for which application threads were stopped: 0.0000385 seconds, Stopping threads took: 0.0000172 seconds
2017-04-17T14:18:52.743-0400: 1368.034: Total time for which application threads were stopped: 0.0000381 seconds, Stopping threads took: 0.0000150 seconds
2017-04-17T14:18:52.744-0400: 1368.034: Total time for which application threads were stopped: 0.0000480 seconds, Stopping threads took: 0.0000059 seconds
2017-04-17T14:18:52.744-0400: 1368.034: Total time for which application threads were stopped: 0.0000136 seconds, Stopping threads took: 0.0000048 seconds
2017-04-17T14:18:52.744-0400: 1368.035: Total time for which application threads were stopped: 0.0000246 seconds, Stopping threads took: 0.0000055 seconds
2017-04-17T14:18:52.744-0400: 1368.035: Total time for which application threads were stopped: 0.0000114 seconds, Stopping threads took: 0.0000040 seconds
2017-04-17T14:18:52.744-0400: 1368.035: Total time for which application threads were stopped: 0.0000231 seconds, Stopping threads took: 0.0000051 seconds
2017-04-17T14:18:52.744-0400: 1368.035: Total time for which application threads were stopped: 0.0000110 seconds, Stopping threads took: 0.0000037 seconds
2017-04-17T14:18:52.744-0400: 1368.035: Total time for which application threads were stopped: 0.0000132 seconds, Stopping threads took: 0.0000051 seconds
2017-04-17T14:18:52.744-0400: 1368.035: Total time for which application threads were stopped: 0.0000110 seconds, Stopping threads took: 0.0000040 seconds
2017-04-17T14:18:52.744-0400: 1368.035: Total time for which application threads were stopped: 0.0000125 seconds, Stopping threads took: 0.0000048 seconds
2017-04-17T14:18:52.744-0400: 1368.035: Total time for which application threads were stopped: 0.0000121 seconds, Stopping threads took: 0.0000048 seconds
2017-04-17T14:18:52.744-0400: 1368.035: Total time for which application threads were stopped: 0.0000121 seconds, Stopping threads took: 0.0000048 seconds
2017-04-17T14:18:52.744-0400: 1368.035: Total time for which application threads were stopped: 0.0000114 seconds, Stopping threads took: 0.0000044 seconds
2017-04-17T14:18:52.744-0400: 1368.035: Total time for which application threads were stopped: 0.0000224 seconds, Stopping threads took: 0.0000084 seconds
2017-04-17T14:18:52.745-0400: 1368.035: Total time for which application threads were stopped: 0.0000147 seconds, Stopping threads took: 0.0000051 seconds
2017-04-17T14:18:52.746-0400: 1368.037: Total time for which application threads were stopped: 0.0000235 seconds, Stopping threads took: 0.0000092 seconds
2017-04-17T14:18:52.747-0400: 1368.037: Total time for which application threads were stopped: 0.0000235 seconds, Stopping threads took: 0.0000084 seconds
2017-04-17T14:18:52.747-0400: 1368.037: Total time for which application threads were stopped: 0.0000161 seconds, Stopping threads took: 0.0000059 seconds
2017-04-17T14:18:52.747-0400: 1368.037: Total time for which application threads were stopped: 0.0000147 seconds, Stopping threads took: 0.0000055 seconds
2017-04-17T14:18:52.747-0400: 1368.037: Total time for which application threads were stopped: 0.0000143 seconds, Stopping threads took: 0.0000055 seconds
2017-04-17T14:18:52.747-0400: 1368.037: Total time for which application threads were stopped: 0.0000194 seconds, Stopping threads took: 0.0000073 seconds
2017-04-17T14:18:52.748-0400: 1368.039: Total time for which application threads were stopped: 0.0000198 seconds, Stopping threads took: 0.0000070 seconds
2017-04-17T14:18:52.748-0400: 1368.039: Total time for which application threads were stopped: 0.0000260 seconds, Stopping threads took: 0.0000055 seconds
2017-04-17T14:18:52.748-0400: 1368.039: Total time for which application threads were stopped: 0.0000246 seconds, Stopping threads took: 0.0000051 seconds
2017-04-17T14:18:52.749-0400: 1368.040: Total time for which application threads were stopped: 0.0000275 seconds, Stopping threads took: 0.0000070 seconds
2017-04-17T14:18:52.749-0400: 1368.040: Total time for which application threads were stopped: 0.0000154 seconds, Stopping threads took: 0.0000059 seconds
2017-04-17T14:18:52.750-0400: 1368.040: Total time for which application threads were stopped: 0.0000264 seconds, Stopping threads took: 0.0000051 seconds
2017-04-17T14:18:52.750-0400: 1368.040: Total time for which application threads were stopped: 0.0000271 seconds, Stopping threads took: 0.0000044 seconds
2017-04-17T14:18:52.750-0400: 1368.040: Total time for which application threads were stopped: 0.0000242 seconds, Stopping threads took: 0.0000051 seconds
2017-04-17T14:18:52.750-0400: 1368.041: Total time for which application threads were stopped: 0.0000235 seconds, Stopping threads took: 0.0000055 seconds
2017-04-17T14:18:52.750-0400: 1368.041: Total time for which application threads were stopped: 0.0000224 seconds, Stopping threads took: 0.0000048 seconds
2017-04-17T14:18:52.750-0400: 1368.041: Total time for which application threads were stopped: 0.0000224 seconds, Stopping threads took: 0.0000051 seconds
2017-04-17T14:18:52.751-0400: 1368.041: Total time for which application threads were stopped: 0.0000235 seconds, Stopping threads took: 0.0000055 seconds
2017-04-17T14:18:52.751-0400: 1368.042: Total time for which application threads were stopped: 0.0000227 seconds, Stopping threads took: 0.0000055 seconds
2017-04-17T14:18:52.751-0400: 1368.042: Total time for which application threads were stopped: 0.0000224 seconds, Stopping threads took: 0.0000044 seconds
2017-04-17T14:18:52.751-0400: 1368.042: Total time for which application threads were stopped: 0.0000220 seconds, Stopping threads took: 0.0000044 seconds
2017-04-17T14:18:52.751-0400: 1368.042: Total time for which application threads were stopped: 0.0000238 seconds, Stopping threads took: 0.0000051 seconds
2017-04-17T14:18:52.751-0400: 1368.042: Total time for which application threads were stopped: 0.0000220 seconds, Stopping threads took: 0.0000048 seconds
2017-04-17T14:18:52.751-0400: 1368.042: Total time for which application threads were stopped: 0.0000224 seconds, Stopping threads took: 0.0000044 seconds
2017-04-17T14:18:52.752-0400: 1368.043: Total time for which application threads were stopped: 0.0000242 seconds, Stopping threads took: 0.0000055 seconds
2017-04-17T14:18:52.752-0400: 1368.043: Total time for which application threads were stopped: 0.0000235 seconds, Stopping threads took: 0.0000051 seconds
2017-04-17T14:18:52.752-0400: 1368.043: Total time for which application threads were stopped: 0.0000220 seconds, Stopping threads took: 0.0000044 seconds
2017-04-17T14:18:52.752-0400: 1368.043: Total time for which application threads were stopped: 0.0000117 seconds, Stopping threads took: 0.0000048 seconds
2017-04-17T14:18:52.767-0400: 1368.058: Total time for which application threads were stopped: 0.0000425 seconds, Stopping threads took: 0.0000161 seconds
2017-04-17T14:18:52.768-0400: 1368.058: Total time for which application threads were stopped: 0.0000220 seconds, Stopping threads took: 0.0000088 seconds
2017-04-17T14:18:52.768-0400: 1368.059: Total time for which application threads were stopped: 0.0000147 seconds, Stopping threads took: 0.0000051 seconds
2017-04-17T14:18:52.768-0400: 1368.059: Total time for which application threads were stopped: 0.0000147 seconds, Stopping threads took: 0.0000055 seconds
2017-04-17T14:18:52.768-0400: 1368.059: Total time for which application threads were stopped: 0.0000147 seconds, Stopping threads took: 0.0000055 seconds
2017-04-17T14:18:52.768-0400: 1368.059: Total time for which application threads were stopped: 0.0000143 seconds, Stopping threads took: 0.0000051 seconds
2017-04-17T14:18:52.768-0400: 1368.059: Total time for which application threads were stopped: 0.0000143 seconds, Stopping threads took: 0.0000055 seconds
2017-04-17T14:18:52.768-0400: 1368.059: Total time for which application threads were stopped: 0.0000136 seconds, Stopping threads took: 0.0000051 seconds
2017-04-17T14:18:52.768-0400: 1368.059: Total time for which application threads were stopped: 0.0000136 seconds, Stopping threads took: 0.0000051 seconds
2017-04-17T14:18:52.769-0400: 1368.060: Total time for which application threads were stopped: 0.0000381 seconds, Stopping threads took: 0.0000158 seconds
2017-04-17T14:18:52.769-0400: 1368.060: Total time for which application threads were stopped: 0.0000378 seconds, Stopping threads took: 0.0000154 seconds
2017-04-17T14:18:52.769-0400: 1368.060: Total time for which application threads were stopped: 0.0000385 seconds, Stopping threads took: 0.0000158 seconds
2017-04-17T14:18:52.770-0400: 1368.060: Total time for which application threads were stopped: 0.0000385 seconds, Stopping threads took: 0.0000165 seconds
2017-04-17T14:18:52.770-0400: 1368.061: Total time for which application threads were stopped: 0.0000374 seconds, Stopping threads took: 0.0000150 seconds
2017-04-17T14:18:52.770-0400: 1368.061: Total time for which application threads were stopped: 0.0000378 seconds, Stopping threads took: 0.0000154 seconds
2017-04-17T14:18:52.771-0400: 1368.061: Total time for which application threads were stopped: 0.0000271 seconds, Stopping threads took: 0.0000180 seconds
2017-04-17T14:18:52.771-0400: 1368.062: Total time for which application threads were stopped: 0.0000165 seconds, Stopping threads took: 0.0000062 seconds
2017-04-17T14:18:52.772-0400: 1368.062: Total time for which application threads were stopped: 0.0001184 seconds, Stopping threads took: 0.0000051 seconds
2017-04-17T14:18:52.772-0400: 1368.063: Total time for which application threads were stopped: 0.0000143 seconds, Stopping threads took: 0.0000059 seconds
2017-04-17T14:18:52.772-0400: 1368.063: Total time for which application threads were stopped: 0.0000132 seconds, Stopping threads took: 0.0000051 seconds
2017-04-17T14:18:52.773-0400: 1368.064: Total time for which application threads were stopped: 0.0000114 seconds, Stopping threads took: 0.0000044 seconds
2017-04-17T14:18:52.774-0400: 1368.064: Total time for which application threads were stopped: 0.0000235 seconds, Stopping threads took: 0.0000044 seconds
2017-04-17T14:18:52.774-0400: 1368.064: Total time for which application threads were stopped: 0.0000216 seconds, Stopping threads took: 0.0000048 seconds
2017-04-17T14:18:52.774-0400: 1368.064: Total time for which application threads were stopped: 0.0000103 seconds, Stopping threads took: 0.0000040 seconds
2017-04-17T14:18:52.774-0400: 1368.064: Total time for which application threads were stopped: 0.0000092 seconds, Stopping threads took: 0.0000033 seconds
2017-04-17T14:18:52.774-0400: 1368.065: Total time for which application threads were stopped: 0.0000103 seconds, Stopping threads took: 0.0000040 seconds
2017-04-17T14:18:52.774-0400: 1368.065: Total time for which application threads were stopped: 0.0000092 seconds, Stopping threads took: 0.0000033 seconds
2017-04-17T14:18:52.774-0400: 1368.065: Total time for which application threads were stopped: 0.0000106 seconds, Stopping threads took: 0.0000044 seconds
2017-04-17T14:18:52.774-0400: 1368.065: Total time for which application threads were stopped: 0.0000194 seconds, Stopping threads took: 0.0000125 seconds
2017-04-17T14:18:52.774-0400: 1368.065: Total time for which application threads were stopped: 0.0000114 seconds, Stopping threads took: 0.0000044 seconds
2017-04-17T14:18:52.774-0400: 1368.065: Total time for which application threads were stopped: 0.0000114 seconds, Stopping threads took: 0.0000044 seconds
2017-04-17T14:18:52.774-0400: 1368.065: Total time for which application threads were stopped: 0.0000110 seconds, Stopping threads took: 0.0000044 seconds
2017-04-17T14:18:52.774-0400: 1368.065: Total time for which application threads were stopped: 0.0000117 seconds, Stopping threads took: 0.0000048 seconds
2017-04-17T14:18:52.775-0400: 1368.066: Total time for which application threads were stopped: 0.0000110 seconds, Stopping threads took: 0.0000040 seconds
2017-04-17T14:18:52.775-0400: 1368.066: Total time for which application threads were stopped: 0.0000110 seconds, Stopping threads took: 0.0000044 seconds
2017-04-17T14:18:52.775-0400: 1368.066: Total time for which application threads were stopped: 0.0000110 seconds, Stopping threads took: 0.0000044 seconds
2017-04-17T14:18:52.775-0400: 1368.066: Total time for which application threads were stopped: 0.0000114 seconds, Stopping threads took: 0.0000048 seconds
2017-04-17T14:18:52.775-0400: 1368.066: Total time for which application threads were stopped: 0.0000114 seconds, Stopping threads took: 0.0000048 seconds
2017-04-17T14:18:52.775-0400: 1368.066: Total time for which application threads were stopped: 0.0000147 seconds, Stopping threads took: 0.0000055 seconds
2017-04-17T14:18:52.775-0400: 1368.066: Total time for which application threads were stopped: 0.0000114 seconds, Stopping threads took: 0.0000048 seconds
2017-04-17T14:18:52.775-0400: 1368.066: Total time for which application threads were stopped: 0.0000114 seconds, Stopping threads took: 0.0000044 seconds
2017-04-17T14:18:52.776-0400: 1368.067: Total time for which application threads were stopped: 0.0000187 seconds, Stopping threads took: 0.0000073 seconds
2017-04-17T14:18:52.776-0400: 1368.067: Total time for which application threads were stopped: 0.0000150 seconds, Stopping threads took: 0.0000059 seconds
2017-04-17T14:18:52.777-0400: 1368.067: Total time for which application threads were stopped: 0.0000290 seconds, Stopping threads took: 0.0000106 seconds
2017-04-17T14:18:52.778-0400: 1368.068: Total time for which application threads were stopped: 0.0000271 seconds, Stopping threads took: 0.0000077 seconds
2017-04-17T14:18:52.778-0400: 1368.068: Total time for which application threads were stopped: 0.0000180 seconds, Stopping threads took: 0.0000051 seconds
2017-04-17T14:18:52.779-0400: 1368.069: Total time for which application threads were stopped: 0.0000414 seconds, Stopping threads took: 0.0000110 seconds
2017-04-17T14:18:52.781-0400: 1368.072: Total time for which application threads were stopped: 0.0000194 seconds, Stopping threads took: 0.0000081 seconds
2017-04-17T14:18:52.781-0400: 1368.072: Total time for which application threads were stopped: 0.0000147 seconds, Stopping threads took: 0.0000059 seconds
2017-04-17T14:18:52.782-0400: 1368.072: Total time for which application threads were stopped: 0.0000209 seconds, Stopping threads took: 0.0000070 seconds
2017-04-17T14:18:52.782-0400: 1368.072: Total time for which application threads were stopped: 0.0000238 seconds, Stopping threads took: 0.0000055 seconds
2017-04-17T14:18:52.782-0400: 1368.072: Total time for which application threads were stopped: 0.0000224 seconds, Stopping threads took: 0.0000048 seconds
2017-04-17T14:18:52.782-0400: 1368.073: Total time for which application threads were stopped: 0.0000191 seconds, Stopping threads took: 0.0000066 seconds
2017-04-17T14:18:52.782-0400: 1368.073: Total time for which application threads were stopped: 0.0000194 seconds, Stopping threads took: 0.0000066 seconds
2017-04-17T14:18:52.783-0400: 1368.074: Total time for which application threads were stopped: 0.0000194 seconds, Stopping threads took: 0.0000070 seconds
2017-04-17T14:18:52.783-0400: 1368.074: Total time for which application threads were stopped: 0.0000191 seconds, Stopping threads took: 0.0000066 seconds
2017-04-17T14:18:52.783-0400: 1368.074: Total time for which application threads were stopped: 0.0000191 seconds, Stopping threads took: 0.0000062 seconds
2017-04-17T14:18:52.784-0400: 1368.074: Total time for which application threads were stopped: 0.0000550 seconds, Stopping threads took: 0.0000400 seconds
2017-04-17T14:18:52.784-0400: 1368.075: Total time for which application threads were stopped: 0.0000191 seconds, Stopping threads took: 0.0000066 seconds
2017-04-17T14:18:52.785-0400: 1368.076: Total time for which application threads were stopped: 0.0000191 seconds, Stopping threads took: 0.0000062 seconds
2017-04-17T14:18:52.785-0400: 1368.076: Total time for which application threads were stopped: 0.0000187 seconds, Stopping threads took: 0.0000062 seconds
2017-04-17T14:18:52.785-0400: 1368.076: Total time for which application threads were stopped: 0.0000191 seconds, Stopping threads took: 0.0000066 seconds
2017-04-17T14:18:52.785-0400: 1368.076: Total time for which application threads were stopped: 0.0000187 seconds, Stopping threads took: 0.0000066 seconds
2017-04-17T14:18:52.785-0400: 1368.076: Total time for which application threads were stopped: 0.0000187 seconds, Stopping threads took: 0.0000066 seconds
2017-04-17T14:18:52.785-0400: 1368.076: Total time for which application threads were stopped: 0.0000191 seconds, Stopping threads took: 0.0000066 seconds
2017-04-17T14:18:52.787-0400: 1368.078: Total time for which application threads were stopped: 0.0000330 seconds, Stopping threads took: 0.0000088 seconds
2017-04-17T14:18:52.787-0400: 1368.078: Total time for which application threads were stopped: 0.0000198 seconds, Stopping threads took: 0.0000073 seconds
2017-04-17T14:18:52.787-0400: 1368.078: Total time for which application threads were stopped: 0.0000169 seconds, Stopping threads took: 0.0000059 seconds
2017-04-17T14:18:52.787-0400: 1368.078: Total time for which application threads were stopped: 0.0000216 seconds, Stopping threads took: 0.0000084 seconds
2017-04-17T14:18:52.788-0400: 1368.079: Total time for which application threads were stopped: 0.0000308 seconds, Stopping threads took: 0.0000070 seconds
2017-04-17T14:18:52.789-0400: 1368.079: Total time for which application threads were stopped: 0.0000444 seconds, Stopping threads took: 0.0000070 seconds
2017-04-17T14:18:52.789-0400: 1368.080: Total time for which application threads were stopped: 0.0001045 seconds, Stopping threads took: 0.0000073 seconds
2017-04-17T14:18:52.789-0400: 1368.080: Total time for which application threads were stopped: 0.0000191 seconds, Stopping threads took: 0.0000066 seconds
2017-04-17T14:18:52.789-0400: 1368.080: Total time for which application threads were stopped: 0.0000194 seconds, Stopping threads took: 0.0000066 seconds
2017-04-17T14:18:52.789-0400: 1368.080: Total time for which application threads were stopped: 0.0000147 seconds, Stopping threads took: 0.0000055 seconds
2017-04-17T14:18:52.789-0400: 1368.080: Total time for which application threads were stopped: 0.0000143 seconds, Stopping threads took: 0.0000055 seconds
2017-04-17T14:18:52.789-0400: 1368.080: Total time for which application threads were stopped: 0.0000191 seconds, Stopping threads took: 0.0000066 seconds
2017-04-17T14:18:52.789-0400: 1368.080: Total time for which application threads were stopped: 0.0000194 seconds, Stopping threads took: 0.0000066 seconds
2017-04-17T14:18:52.790-0400: 1368.081: Total time for which application threads were stopped: 0.0000194 seconds, Stopping threads took: 0.0000066 seconds
2017-04-17T14:18:52.790-0400: 1368.081: Total time for which application threads were stopped: 0.0000150 seconds, Stopping threads took: 0.0000055 seconds
2017-04-17T14:18:52.790-0400: 1368.081: Total time for which application threads were stopped: 0.0000143 seconds, Stopping threads took: 0.0000055 seconds
2017-04-17T14:18:52.790-0400: 1368.081: Total time for which application threads were stopped: 0.0000139 seconds, Stopping threads took: 0.0000055 seconds
2017-04-17T14:18:52.791-0400: 1368.082: Total time for which application threads were stopped: 0.0000183 seconds, Stopping threads took: 0.0000062 seconds
2017-04-17T14:18:52.791-0400: 1368.082: Total time for which application threads were stopped: 0.0000194 seconds, Stopping threads took: 0.0000066 seconds
2017-04-17T14:18:52.792-0400: 1368.082: Total time for which application threads were stopped: 0.0000297 seconds, Stopping threads took: 0.0000077 seconds
2017-04-17T14:18:52.792-0400: 1368.083: Total time for which application threads were stopped: 0.0000293 seconds, Stopping threads took: 0.0000172 seconds
2017-04-17T14:18:52.793-0400: 1368.083: Total time for which application threads were stopped: 0.0000213 seconds, Stopping threads took: 0.0000084 seconds
2017-04-17T14:18:52.793-0400: 1368.084: Total time for which application threads were stopped: 0.0000198 seconds, Stopping threads took: 0.0000073 seconds
2017-04-17T14:18:52.793-0400: 1368.084: Total time for which application threads were stopped: 0.0000191 seconds, Stopping threads took: 0.0000066 seconds
2017-04-17T14:18:52.794-0400: 1368.085: Total time for which application threads were stopped: 0.0000297 seconds, Stopping threads took: 0.0000081 seconds
2017-04-17T14:18:52.795-0400: 1368.085: Total time for which application threads were stopped: 0.0000154 seconds, Stopping threads took: 0.0000055 seconds
2017-04-17T14:18:52.797-0400: 1368.087: Total time for which application threads were stopped: 0.0000370 seconds, Stopping threads took: 0.0000143 seconds
2017-04-17T14:18:52.797-0400: 1368.087: Total time for which application threads were stopped: 0.0000359 seconds, Stopping threads took: 0.0000224 seconds
2017-04-17T14:18:52.797-0400: 1368.088: Total time for which application threads were stopped: 0.0000260 seconds, Stopping threads took: 0.0000103 seconds
2017-04-17T14:18:52.797-0400: 1368.088: Total time for which application threads were stopped: 0.0000770 seconds, Stopping threads took: 0.0000143 seconds
2017-04-17T14:18:52.797-0400: 1368.088: Total time for which application threads were stopped: 0.0000407 seconds, Stopping threads took: 0.0000297 seconds
2017-04-17T14:18:52.798-0400: 1368.088: Total time for which application threads were stopped: 0.0000202 seconds, Stopping threads took: 0.0000081 seconds
2017-04-17T14:18:52.798-0400: 1368.089: Total time for which application threads were stopped: 0.0000209 seconds, Stopping threads took: 0.0000081 seconds
2017-04-17T14:18:52.798-0400: 1368.089: Total time for which application threads were stopped: 0.0000436 seconds, Stopping threads took: 0.0000337 seconds
2017-04-17T14:18:52.798-0400: 1368.089: Total time for which application threads were stopped: 0.0000150 seconds, Stopping threads took: 0.0000070 seconds
2017-04-17T14:18:52.798-0400: 1368.089: Total time for which application threads were stopped: 0.0000125 seconds, Stopping threads took: 0.0000044 seconds
Heap
 par new generation   total 109248K, used 53666K [0x00000000dae00000, 0x00000000e2e00000, 0x00000000e2e00000)
  eden space 87424K,  36% used [0x00000000dae00000, 0x00000000dcd18878, 0x00000000e0360000)
  from space 21824K, 100% used [0x00000000e18b0000, 0x00000000e2e00000, 0x00000000e2e00000)
  to   space 21824K,   0% used [0x00000000e0360000, 0x00000000e0360000, 0x00000000e18b0000)
 concurrent mark-sweep generation total 393216K, used 15144K [0x00000000e2e00000, 0x00000000fae00000, 0x00000000fae00000)
 concurrent-mark-sweep perm gen total 31808K, used 31732K [0x00000000fae00000, 0x00000000fcd10000, 0x0000000100000000)
