Java HotSpot(TM) 64-Bit Server VM (24.80-b11) for windows-amd64 JRE (1.7.0_80-b15), built on Apr 10 2015 11:26:34 by "java_re" with unknown MS VC++:1600
Memory: 4k page, physical 8291420k(5019220k free), swap 16580980k(12929112k free)
CommandLine flags: -XX:CMSFullGCsBeforeCompaction=1 -XX:CMSInitiatingOccupancyFraction=50 -XX:CMSMaxAbortablePrecleanTime=6000 -XX:+CMSParallelRemarkEnabled -XX:+CMSScavengeBeforeRemark -XX:CMSTriggerPermRatio=80 -XX:ConcGCThreads=4 -XX:InitialHeapSize=536870912 -XX:MaxHeapSize=536870912 -XX:MaxTenuringThreshold=8 -XX:NewRatio=3 -XX:OldPLABSize=16 -XX:ParallelGCThreads=4 -XX:+ParallelRefProcEnabled -XX:PretenureSizeThreshold=67108864 -XX:+PrintGC -XX:+PrintGCApplicationStoppedTime -XX:+PrintGCDateStamps -XX:+PrintGCDetails -XX:+PrintGCTimeStamps -XX:+PrintHeapAtGC -XX:+PrintTenuringDistribution -XX:SurvivorRatio=4 -XX:TargetSurvivorRatio=90 -XX:ThreadStackSize=256 -XX:+UseCMSInitiatingOccupancyOnly -XX:+UseCompressedOops -XX:+UseConcMarkSweepGC -XX:-UseLargePagesIndividualAllocation -XX:+UseParNewGC 
2017-01-19T09:51:43.392-0500: 4.845: Total time for which application threads were stopped: 0.0940869 seconds, Stopping threads took: 0.0000132 seconds
2017-01-19T09:51:50.621-0500: 12.032: Total time for which application threads were stopped: 0.0000847 seconds, Stopping threads took: 0.0000117 seconds
2017-01-19T09:51:50.622-0500: 12.032: Total time for which application threads were stopped: 0.0000356 seconds, Stopping threads took: 0.0000147 seconds
2017-01-19T09:51:50.622-0500: 12.032: Total time for which application threads were stopped: 0.0000374 seconds, Stopping threads took: 0.0000132 seconds
{Heap before GC invocations=0 (full 0):
 par new generation   total 109248K, used 87424K [0x00000000dae00000, 0x00000000e2e00000, 0x00000000e2e00000)
  eden space 87424K, 100% used [0x00000000dae00000, 0x00000000e0360000, 0x00000000e0360000)
  from space 21824K,   0% used [0x00000000e0360000, 0x00000000e0360000, 0x00000000e18b0000)
  to   space 21824K,   0% used [0x00000000e18b0000, 0x00000000e18b0000, 0x00000000e2e00000)
 concurrent mark-sweep generation total 393216K, used 0K [0x00000000e2e00000, 0x00000000fae00000, 0x00000000fae00000)
 concurrent-mark-sweep perm gen total 21248K, used 9607K [0x00000000fae00000, 0x00000000fc2c0000, 0x0000000100000000)
2017-01-19T09:51:51.793-0500: 13.203: [GC2017-01-19T09:51:51.793-0500: 13.203: [ParNew
Desired survivor size 20112992 bytes, new threshold 8 (max 8)
- age   1:    5377520 bytes,    5377520 total
: 87424K->5301K(109248K), 0.0776858 secs] 87424K->5301K(502464K), 0.0778489 secs] [Times: user=0.06 sys=0.00, real=0.08 secs] 
Heap after GC invocations=1 (full 0):
 par new generation   total 109248K, used 5301K [0x00000000dae00000, 0x00000000e2e00000, 0x00000000e2e00000)
  eden space 87424K,   0% used [0x00000000dae00000, 0x00000000dae00000, 0x00000000e0360000)
  from space 21824K,  24% used [0x00000000e18b0000, 0x00000000e1ddd5e8, 0x00000000e2e00000)
  to   space 21824K,   0% used [0x00000000e0360000, 0x00000000e0360000, 0x00000000e18b0000)
 concurrent mark-sweep generation total 393216K, used 0K [0x00000000e2e00000, 0x00000000fae00000, 0x00000000fae00000)
 concurrent-mark-sweep perm gen total 21248K, used 9607K [0x00000000fae00000, 0x00000000fc2c0000, 0x0000000100000000)
}
2017-01-19T09:51:51.871-0500: 13.281: Total time for which application threads were stopped: 0.0780219 seconds, Stopping threads took: 0.0000235 seconds
2017-01-19T09:51:51.871-0500: 13.281: Total time for which application threads were stopped: 0.0000323 seconds, Stopping threads took: 0.0000092 seconds
2017-01-19T09:51:51.871-0500: 13.281: Total time for which application threads were stopped: 0.0000231 seconds, Stopping threads took: 0.0000165 seconds
2017-01-19T09:51:51.871-0500: 13.281: Total time for which application threads were stopped: 0.0000103 seconds, Stopping threads took: 0.0000040 seconds
2017-01-19T09:51:51.872-0500: 13.281: Total time for which application threads were stopped: 0.0000147 seconds, Stopping threads took: 0.0000081 seconds
2017-01-19T09:51:51.872-0500: 13.281: Total time for which application threads were stopped: 0.0000194 seconds, Stopping threads took: 0.0000110 seconds
2017-01-19T09:51:51.872-0500: 13.281: Total time for which application threads were stopped: 0.0000198 seconds, Stopping threads took: 0.0000110 seconds
2017-01-19T09:51:51.872-0500: 13.281: Total time for which application threads were stopped: 0.0000242 seconds, Stopping threads took: 0.0000158 seconds
2017-01-19T09:51:51.872-0500: 13.281: Total time for which application threads were stopped: 0.0000249 seconds, Stopping threads took: 0.0000172 seconds
2017-01-19T09:51:51.872-0500: 13.281: Total time for which application threads were stopped: 0.0000183 seconds, Stopping threads took: 0.0000103 seconds
2017-01-19T09:51:51.872-0500: 13.281: Total time for which application threads were stopped: 0.0000238 seconds, Stopping threads took: 0.0000084 seconds
2017-01-19T09:51:51.872-0500: 13.281: Total time for which application threads were stopped: 0.0000202 seconds, Stopping threads took: 0.0000117 seconds
2017-01-19T09:51:51.872-0500: 13.281: Total time for which application threads were stopped: 0.0000224 seconds, Stopping threads took: 0.0000125 seconds
2017-01-19T09:51:51.872-0500: 13.281: Total time for which application threads were stopped: 0.0000235 seconds, Stopping threads took: 0.0000092 seconds
2017-01-19T09:51:51.872-0500: 13.282: Total time for which application threads were stopped: 0.0000198 seconds, Stopping threads took: 0.0000110 seconds
2017-01-19T09:51:51.872-0500: 13.282: Total time for which application threads were stopped: 0.0000202 seconds, Stopping threads took: 0.0000125 seconds
2017-01-19T09:51:51.872-0500: 13.282: Total time for which application threads were stopped: 0.0000172 seconds, Stopping threads took: 0.0000099 seconds
2017-01-19T09:51:51.872-0500: 13.282: Total time for which application threads were stopped: 0.0000172 seconds, Stopping threads took: 0.0000095 seconds
2017-01-19T09:51:51.872-0500: 13.282: Total time for which application threads were stopped: 0.0000172 seconds, Stopping threads took: 0.0000095 seconds
2017-01-19T09:51:51.872-0500: 13.282: Total time for which application threads were stopped: 0.0000172 seconds, Stopping threads took: 0.0000095 seconds
2017-01-19T09:51:51.872-0500: 13.282: Total time for which application threads were stopped: 0.0000473 seconds, Stopping threads took: 0.0000099 seconds
2017-01-19T09:51:51.872-0500: 13.282: Total time for which application threads were stopped: 0.0000828 seconds, Stopping threads took: 0.0000125 seconds
2017-01-19T09:51:51.872-0500: 13.282: Total time for which application threads were stopped: 0.0000341 seconds, Stopping threads took: 0.0000128 seconds
2017-01-19T09:51:51.872-0500: 13.282: Total time for which application threads were stopped: 0.0000242 seconds, Stopping threads took: 0.0000125 seconds
2017-01-19T09:51:51.872-0500: 13.282: Total time for which application threads were stopped: 0.0000341 seconds, Stopping threads took: 0.0000103 seconds
2017-01-19T09:51:51.872-0500: 13.282: Total time for which application threads were stopped: 0.0000202 seconds, Stopping threads took: 0.0000106 seconds
2017-01-19T09:51:51.873-0500: 13.282: Total time for which application threads were stopped: 0.0000359 seconds, Stopping threads took: 0.0000128 seconds
2017-01-19T09:51:51.873-0500: 13.282: Total time for which application threads were stopped: 0.0000220 seconds, Stopping threads took: 0.0000128 seconds
2017-01-19T09:51:51.873-0500: 13.282: Total time for which application threads were stopped: 0.0000348 seconds, Stopping threads took: 0.0000062 seconds
2017-01-19T09:51:51.873-0500: 13.282: Total time for which application threads were stopped: 0.0000213 seconds, Stopping threads took: 0.0000106 seconds
2017-01-19T09:51:51.873-0500: 13.282: Total time for which application threads were stopped: 0.0000392 seconds, Stopping threads took: 0.0000139 seconds
2017-01-19T09:51:51.873-0500: 13.282: Total time for which application threads were stopped: 0.0000227 seconds, Stopping threads took: 0.0000132 seconds
2017-01-19T09:51:51.873-0500: 13.282: Total time for which application threads were stopped: 0.0000370 seconds, Stopping threads took: 0.0000070 seconds
2017-01-19T09:51:51.873-0500: 13.282: Total time for which application threads were stopped: 0.0000147 seconds, Stopping threads took: 0.0000059 seconds
2017-01-19T09:51:51.873-0500: 13.282: Total time for which application threads were stopped: 0.0000260 seconds, Stopping threads took: 0.0000051 seconds
2017-01-19T09:51:51.873-0500: 13.283: Total time for which application threads were stopped: 0.0000132 seconds, Stopping threads took: 0.0000051 seconds
2017-01-19T09:51:51.873-0500: 13.283: Total time for which application threads were stopped: 0.0000334 seconds, Stopping threads took: 0.0000114 seconds
2017-01-19T09:51:51.873-0500: 13.283: Total time for which application threads were stopped: 0.0000242 seconds, Stopping threads took: 0.0000150 seconds
2017-01-19T09:51:51.873-0500: 13.283: Total time for which application threads were stopped: 0.0000249 seconds, Stopping threads took: 0.0000048 seconds
2017-01-19T09:51:51.873-0500: 13.283: Total time for which application threads were stopped: 0.0000125 seconds, Stopping threads took: 0.0000048 seconds
2017-01-19T09:51:51.873-0500: 13.283: Total time for which application threads were stopped: 0.0000271 seconds, Stopping threads took: 0.0000092 seconds
2017-01-19T09:51:51.873-0500: 13.283: Total time for which application threads were stopped: 0.0000125 seconds, Stopping threads took: 0.0000048 seconds
2017-01-19T09:51:51.873-0500: 13.283: Total time for which application threads were stopped: 0.0000165 seconds, Stopping threads took: 0.0000092 seconds
2017-01-19T09:51:51.873-0500: 13.283: Total time for which application threads were stopped: 0.0000176 seconds, Stopping threads took: 0.0000099 seconds
2017-01-19T09:51:51.873-0500: 13.283: Total time for which application threads were stopped: 0.0000165 seconds, Stopping threads took: 0.0000092 seconds
2017-01-19T09:51:51.873-0500: 13.283: Total time for which application threads were stopped: 0.0000205 seconds, Stopping threads took: 0.0000128 seconds
2017-01-19T09:51:51.873-0500: 13.283: Total time for which application threads were stopped: 0.0000198 seconds, Stopping threads took: 0.0000125 seconds
2017-01-19T09:51:51.873-0500: 13.283: Total time for which application threads were stopped: 0.0000202 seconds, Stopping threads took: 0.0000125 seconds
2017-01-19T09:51:51.873-0500: 13.283: Total time for which application threads were stopped: 0.0000213 seconds, Stopping threads took: 0.0000136 seconds
2017-01-19T09:51:51.873-0500: 13.283: Total time for which application threads were stopped: 0.0000407 seconds, Stopping threads took: 0.0000128 seconds
2017-01-19T09:51:51.873-0500: 13.283: Total time for which application threads were stopped: 0.0000213 seconds, Stopping threads took: 0.0000110 seconds
2017-01-19T09:51:51.874-0500: 13.283: Total time for which application threads were stopped: 0.0000638 seconds, Stopping threads took: 0.0000136 seconds
2017-01-19T09:51:51.874-0500: 13.283: Total time for which application threads were stopped: 0.0000418 seconds, Stopping threads took: 0.0000143 seconds
2017-01-19T09:51:51.874-0500: 13.283: Total time for which application threads were stopped: 0.0000359 seconds, Stopping threads took: 0.0000110 seconds
2017-01-19T09:51:51.874-0500: 13.284: Total time for which application threads were stopped: 0.0000330 seconds, Stopping threads took: 0.0000099 seconds
2017-01-19T09:51:51.874-0500: 13.284: Total time for which application threads were stopped: 0.0000381 seconds, Stopping threads took: 0.0000139 seconds
2017-01-19T09:51:51.874-0500: 13.284: Total time for which application threads were stopped: 0.0000352 seconds, Stopping threads took: 0.0000110 seconds
2017-01-19T09:51:51.874-0500: 13.284: Total time for which application threads were stopped: 0.0000242 seconds, Stopping threads took: 0.0000070 seconds
2017-01-19T09:51:51.874-0500: 13.284: Total time for which application threads were stopped: 0.0000231 seconds, Stopping threads took: 0.0000055 seconds
2017-01-19T09:51:51.874-0500: 13.284: Total time for which application threads were stopped: 0.0000216 seconds, Stopping threads took: 0.0000044 seconds
2017-01-19T09:51:51.875-0500: 13.284: Total time for which application threads were stopped: 0.0000297 seconds, Stopping threads took: 0.0000114 seconds
2017-01-19T09:51:51.875-0500: 13.284: Total time for which application threads were stopped: 0.0000315 seconds, Stopping threads took: 0.0000106 seconds
2017-01-19T09:51:51.875-0500: 13.284: Total time for which application threads were stopped: 0.0000312 seconds, Stopping threads took: 0.0000106 seconds
2017-01-19T09:51:51.875-0500: 13.284: Total time for which application threads were stopped: 0.0000253 seconds, Stopping threads took: 0.0000051 seconds
2017-01-19T09:51:51.875-0500: 13.284: Total time for which application threads were stopped: 0.0000275 seconds, Stopping threads took: 0.0000051 seconds
2017-01-19T09:51:51.875-0500: 13.284: Total time for which application threads were stopped: 0.0000319 seconds, Stopping threads took: 0.0000103 seconds
2017-01-19T09:51:51.875-0500: 13.284: Total time for which application threads were stopped: 0.0000293 seconds, Stopping threads took: 0.0000095 seconds
2017-01-19T09:51:51.875-0500: 13.284: Total time for which application threads were stopped: 0.0000293 seconds, Stopping threads took: 0.0000103 seconds
2017-01-19T09:51:51.875-0500: 13.285: Total time for which application threads were stopped: 0.0000308 seconds, Stopping threads took: 0.0000117 seconds
2017-01-19T09:51:51.875-0500: 13.285: Total time for which application threads were stopped: 0.0000550 seconds, Stopping threads took: 0.0000099 seconds
2017-01-19T09:51:51.875-0500: 13.285: Total time for which application threads were stopped: 0.0000297 seconds, Stopping threads took: 0.0000110 seconds
2017-01-19T09:51:51.875-0500: 13.285: Total time for which application threads were stopped: 0.0000308 seconds, Stopping threads took: 0.0000114 seconds
2017-01-19T09:51:51.875-0500: 13.285: Total time for which application threads were stopped: 0.0000282 seconds, Stopping threads took: 0.0000051 seconds
2017-01-19T09:51:51.875-0500: 13.285: Total time for which application threads were stopped: 0.0000260 seconds, Stopping threads took: 0.0000051 seconds
2017-01-19T09:51:52.101-0500: 13.511: Total time for which application threads were stopped: 0.0000682 seconds, Stopping threads took: 0.0000213 seconds
2017-01-19T09:51:55.104-0500: 16.510: Total time for which application threads were stopped: 0.0001085 seconds, Stopping threads took: 0.0000150 seconds
2017-01-19T09:51:56.828-0500: 18.232: Total time for which application threads were stopped: 0.0001070 seconds, Stopping threads took: 0.0000172 seconds
2017-01-19T09:51:57.829-0500: 19.232: Total time for which application threads were stopped: 0.0001210 seconds, Stopping threads took: 0.0000154 seconds
2017-01-19T09:51:57.903-0500: 19.306: Total time for which application threads were stopped: 0.0002210 seconds, Stopping threads took: 0.0001360 seconds
2017-01-19T09:51:57.903-0500: 19.306: Total time for which application threads were stopped: 0.0001829 seconds, Stopping threads took: 0.0001279 seconds
2017-01-19T09:51:57.903-0500: 19.306: Total time for which application threads were stopped: 0.0000953 seconds, Stopping threads took: 0.0000264 seconds
2017-01-19T09:51:57.904-0500: 19.306: Total time for which application threads were stopped: 0.0001404 seconds, Stopping threads took: 0.0000553 seconds
2017-01-19T09:51:57.904-0500: 19.307: Total time for which application threads were stopped: 0.0002192 seconds, Stopping threads took: 0.0001561 seconds
2017-01-19T09:51:57.904-0500: 19.307: Total time for which application threads were stopped: 0.0001067 seconds, Stopping threads took: 0.0000553 seconds
2017-01-19T09:51:57.905-0500: 19.307: Total time for which application threads were stopped: 0.0002097 seconds, Stopping threads took: 0.0001349 seconds
2017-01-19T09:51:57.905-0500: 19.308: Total time for which application threads were stopped: 0.0002584 seconds, Stopping threads took: 0.0001785 seconds
2017-01-19T09:51:57.905-0500: 19.308: Total time for which application threads were stopped: 0.0001924 seconds, Stopping threads took: 0.0001125 seconds
2017-01-19T09:51:57.906-0500: 19.308: Total time for which application threads were stopped: 0.0001543 seconds, Stopping threads took: 0.0000722 seconds
2017-01-19T09:51:57.906-0500: 19.308: Total time for which application threads were stopped: 0.0000843 seconds, Stopping threads took: 0.0000205 seconds
2017-01-19T09:51:57.906-0500: 19.309: Total time for which application threads were stopped: 0.0001928 seconds, Stopping threads took: 0.0001118 seconds
2017-01-19T09:51:57.906-0500: 19.309: Total time for which application threads were stopped: 0.0000821 seconds, Stopping threads took: 0.0000191 seconds
2017-01-19T09:51:57.906-0500: 19.309: Total time for which application threads were stopped: 0.0001899 seconds, Stopping threads took: 0.0001118 seconds
2017-01-19T09:51:57.907-0500: 19.309: Total time for which application threads were stopped: 0.0000634 seconds, Stopping threads took: 0.0000169 seconds
2017-01-19T09:51:57.907-0500: 19.309: Total time for which application threads were stopped: 0.0000751 seconds, Stopping threads took: 0.0000161 seconds
2017-01-19T09:51:57.907-0500: 19.310: Total time for which application threads were stopped: 0.0000744 seconds, Stopping threads took: 0.0000158 seconds
2017-01-19T09:51:57.907-0500: 19.310: Total time for which application threads were stopped: 0.0000704 seconds, Stopping threads took: 0.0000242 seconds
2017-01-19T09:51:57.907-0500: 19.310: Total time for which application threads were stopped: 0.0000685 seconds, Stopping threads took: 0.0000238 seconds
2017-01-19T09:51:57.908-0500: 19.310: Total time for which application threads were stopped: 0.0002031 seconds, Stopping threads took: 0.0000264 seconds
2017-01-19T09:51:57.908-0500: 19.311: Total time for which application threads were stopped: 0.0000704 seconds, Stopping threads took: 0.0000231 seconds
2017-01-19T09:51:57.908-0500: 19.311: Total time for which application threads were stopped: 0.0000671 seconds, Stopping threads took: 0.0000238 seconds
2017-01-19T09:51:57.908-0500: 19.311: Total time for which application threads were stopped: 0.0000663 seconds, Stopping threads took: 0.0000227 seconds
2017-01-19T09:51:57.909-0500: 19.311: Total time for which application threads were stopped: 0.0000737 seconds, Stopping threads took: 0.0000154 seconds
2017-01-19T09:51:57.909-0500: 19.312: Total time for which application threads were stopped: 0.0000740 seconds, Stopping threads took: 0.0000161 seconds
2017-01-19T09:51:57.909-0500: 19.312: Total time for which application threads were stopped: 0.0000715 seconds, Stopping threads took: 0.0000143 seconds
2017-01-19T09:51:57.909-0500: 19.312: Total time for which application threads were stopped: 0.0000751 seconds, Stopping threads took: 0.0000158 seconds
2017-01-19T09:51:57.910-0500: 19.313: Total time for which application threads were stopped: 0.0000733 seconds, Stopping threads took: 0.0000158 seconds
2017-01-19T09:51:57.910-0500: 19.313: Total time for which application threads were stopped: 0.0000638 seconds, Stopping threads took: 0.0000290 seconds
2017-01-19T09:51:57.910-0500: 19.313: Total time for which application threads were stopped: 0.0000480 seconds, Stopping threads took: 0.0000246 seconds
2017-01-19T09:51:57.911-0500: 19.313: Total time for which application threads were stopped: 0.0000462 seconds, Stopping threads took: 0.0000238 seconds
2017-01-19T09:51:57.911-0500: 19.313: Total time for which application threads were stopped: 0.0000326 seconds, Stopping threads took: 0.0000110 seconds
2017-01-19T09:51:57.911-0500: 19.314: Total time for which application threads were stopped: 0.0000451 seconds, Stopping threads took: 0.0000231 seconds
2017-01-19T09:51:57.911-0500: 19.314: Total time for which application threads were stopped: 0.0000334 seconds, Stopping threads took: 0.0000114 seconds
2017-01-19T09:51:57.911-0500: 19.314: Total time for which application threads were stopped: 0.0000334 seconds, Stopping threads took: 0.0000117 seconds
2017-01-19T09:51:57.911-0500: 19.314: Total time for which application threads were stopped: 0.0000293 seconds, Stopping threads took: 0.0000099 seconds
2017-01-19T09:51:57.911-0500: 19.314: Total time for which application threads were stopped: 0.0000297 seconds, Stopping threads took: 0.0000103 seconds
2017-01-19T09:51:57.911-0500: 19.314: Total time for which application threads were stopped: 0.0000290 seconds, Stopping threads took: 0.0000099 seconds
2017-01-19T09:51:57.911-0500: 19.314: Total time for which application threads were stopped: 0.0000293 seconds, Stopping threads took: 0.0000099 seconds
2017-01-19T09:51:57.911-0500: 19.314: Total time for which application threads were stopped: 0.0000312 seconds, Stopping threads took: 0.0000099 seconds
2017-01-19T09:51:57.912-0500: 19.314: Total time for which application threads were stopped: 0.0000301 seconds, Stopping threads took: 0.0000103 seconds
2017-01-19T09:51:57.912-0500: 19.314: Total time for which application threads were stopped: 0.0000293 seconds, Stopping threads took: 0.0000103 seconds
2017-01-19T09:51:57.912-0500: 19.314: Total time for which application threads were stopped: 0.0000337 seconds, Stopping threads took: 0.0000117 seconds
2017-01-19T09:51:57.912-0500: 19.314: Total time for which application threads were stopped: 0.0000297 seconds, Stopping threads took: 0.0000106 seconds
2017-01-19T09:51:57.912-0500: 19.314: Total time for which application threads were stopped: 0.0000297 seconds, Stopping threads took: 0.0000106 seconds
2017-01-19T09:51:57.912-0500: 19.315: Total time for which application threads were stopped: 0.0000297 seconds, Stopping threads took: 0.0000103 seconds
2017-01-19T09:51:57.912-0500: 19.315: Total time for which application threads were stopped: 0.0000297 seconds, Stopping threads took: 0.0000103 seconds
2017-01-19T09:51:57.912-0500: 19.315: Total time for which application threads were stopped: 0.0001646 seconds, Stopping threads took: 0.0000106 seconds
2017-01-19T09:51:57.913-0500: 19.316: Total time for which application threads were stopped: 0.0002331 seconds, Stopping threads took: 0.0001664 seconds
2017-01-19T09:51:57.914-0500: 19.316: Total time for which application threads were stopped: 0.0001737 seconds, Stopping threads took: 0.0000205 seconds
2017-01-19T09:51:57.914-0500: 19.317: Total time for which application threads were stopped: 0.0001048 seconds, Stopping threads took: 0.0000455 seconds
2017-01-19T09:51:57.914-0500: 19.317: Total time for which application threads were stopped: 0.0000718 seconds, Stopping threads took: 0.0000143 seconds
2017-01-19T09:51:57.914-0500: 19.317: Total time for which application threads were stopped: 0.0001063 seconds, Stopping threads took: 0.0000477 seconds
2017-01-19T09:51:57.914-0500: 19.317: Total time for which application threads were stopped: 0.0000993 seconds, Stopping threads took: 0.0000433 seconds
2017-01-19T09:51:57.915-0500: 19.317: Total time for which application threads were stopped: 0.0001100 seconds, Stopping threads took: 0.0000469 seconds
2017-01-19T09:51:57.915-0500: 19.317: Total time for which application threads were stopped: 0.0000755 seconds, Stopping threads took: 0.0000158 seconds
2017-01-19T09:51:57.915-0500: 19.318: Total time for which application threads were stopped: 0.0001118 seconds, Stopping threads took: 0.0000583 seconds
2017-01-19T09:51:57.915-0500: 19.318: Total time for which application threads were stopped: 0.0001173 seconds, Stopping threads took: 0.0000506 seconds
2017-01-19T09:51:57.915-0500: 19.318: Total time for which application threads were stopped: 0.0000792 seconds, Stopping threads took: 0.0000165 seconds
2017-01-19T09:51:57.916-0500: 19.318: Total time for which application threads were stopped: 0.0000718 seconds, Stopping threads took: 0.0000213 seconds
2017-01-19T09:51:57.916-0500: 19.319: Total time for which application threads were stopped: 0.0001569 seconds, Stopping threads took: 0.0000814 seconds
2017-01-19T09:51:57.917-0500: 19.319: Total time for which application threads were stopped: 0.0000861 seconds, Stopping threads took: 0.0000290 seconds
2017-01-19T09:51:57.917-0500: 19.319: Total time for which application threads were stopped: 0.0000905 seconds, Stopping threads took: 0.0000253 seconds
2017-01-19T09:51:57.917-0500: 19.319: Total time for which application threads were stopped: 0.0000847 seconds, Stopping threads took: 0.0000209 seconds
2017-01-19T09:51:57.917-0500: 19.320: Total time for which application threads were stopped: 0.0001122 seconds, Stopping threads took: 0.0000498 seconds
2017-01-19T09:51:57.918-0500: 19.320: Total time for which application threads were stopped: 0.0001078 seconds, Stopping threads took: 0.0000502 seconds
2017-01-19T09:51:57.918-0500: 19.321: Total time for which application threads were stopped: 0.0001052 seconds, Stopping threads took: 0.0000491 seconds
2017-01-19T09:51:57.918-0500: 19.321: Total time for which application threads were stopped: 0.0001096 seconds, Stopping threads took: 0.0000440 seconds
2017-01-19T09:51:57.918-0500: 19.321: Total time for which application threads were stopped: 0.0000891 seconds, Stopping threads took: 0.0000191 seconds
2017-01-19T09:51:57.919-0500: 19.321: Total time for which application threads were stopped: 0.0000810 seconds, Stopping threads took: 0.0000187 seconds
2017-01-19T09:51:57.919-0500: 19.322: Total time for which application threads were stopped: 0.0000667 seconds, Stopping threads took: 0.0000117 seconds
2017-01-19T09:51:57.919-0500: 19.322: Total time for which application threads were stopped: 0.0000630 seconds, Stopping threads took: 0.0000110 seconds
2017-01-19T09:51:57.920-0500: 19.322: Total time for which application threads were stopped: 0.0000619 seconds, Stopping threads took: 0.0000110 seconds
2017-01-19T09:51:57.920-0500: 19.322: Total time for which application threads were stopped: 0.0000616 seconds, Stopping threads took: 0.0000110 seconds
2017-01-19T09:51:57.920-0500: 19.323: Total time for which application threads were stopped: 0.0000634 seconds, Stopping threads took: 0.0000125 seconds
2017-01-19T09:51:57.920-0500: 19.323: Total time for which application threads were stopped: 0.0002287 seconds, Stopping threads took: 0.0000308 seconds
2017-01-19T09:51:57.921-0500: 19.323: Total time for which application threads were stopped: 0.0000520 seconds, Stopping threads took: 0.0000246 seconds
2017-01-19T09:51:57.921-0500: 19.323: Total time for which application threads were stopped: 0.0000433 seconds, Stopping threads took: 0.0000121 seconds
2017-01-19T09:51:57.921-0500: 19.324: Total time for which application threads were stopped: 0.0000414 seconds, Stopping threads took: 0.0000125 seconds
2017-01-19T09:51:57.921-0500: 19.324: Total time for which application threads were stopped: 0.0000682 seconds, Stopping threads took: 0.0000143 seconds
2017-01-19T09:51:57.921-0500: 19.324: Total time for which application threads were stopped: 0.0000638 seconds, Stopping threads took: 0.0000128 seconds
2017-01-19T09:51:57.921-0500: 19.324: Total time for which application threads were stopped: 0.0000726 seconds, Stopping threads took: 0.0000114 seconds
2017-01-19T09:51:57.922-0500: 19.324: Total time for which application threads were stopped: 0.0000502 seconds, Stopping threads took: 0.0000143 seconds
2017-01-19T09:51:57.922-0500: 19.324: Total time for which application threads were stopped: 0.0000561 seconds, Stopping threads took: 0.0000253 seconds
2017-01-19T09:51:57.922-0500: 19.324: Total time for which application threads were stopped: 0.0000400 seconds, Stopping threads took: 0.0000121 seconds
2017-01-19T09:51:57.922-0500: 19.325: Total time for which application threads were stopped: 0.0000619 seconds, Stopping threads took: 0.0000125 seconds
2017-01-19T09:51:57.922-0500: 19.325: Total time for which application threads were stopped: 0.0000865 seconds, Stopping threads took: 0.0000345 seconds
2017-01-19T09:51:57.922-0500: 19.325: Total time for which application threads were stopped: 0.0000913 seconds, Stopping threads took: 0.0000396 seconds
2017-01-19T09:51:57.923-0500: 19.325: Total time for which application threads were stopped: 0.0000579 seconds, Stopping threads took: 0.0000257 seconds
2017-01-19T09:51:57.923-0500: 19.326: Total time for which application threads were stopped: 0.0000861 seconds, Stopping threads took: 0.0000348 seconds
2017-01-19T09:51:57.923-0500: 19.326: Total time for which application threads were stopped: 0.0000627 seconds, Stopping threads took: 0.0000128 seconds
2017-01-19T09:51:57.923-0500: 19.326: Total time for which application threads were stopped: 0.0000638 seconds, Stopping threads took: 0.0000139 seconds
2017-01-19T09:51:57.924-0500: 19.326: Total time for which application threads were stopped: 0.0001103 seconds, Stopping threads took: 0.0000374 seconds
2017-01-19T09:51:57.955-0500: 19.357: Total time for which application threads were stopped: 0.0309143 seconds, Stopping threads took: 0.0308025 seconds
2017-01-19T09:51:57.956-0500: 19.358: Total time for which application threads were stopped: 0.0001624 seconds, Stopping threads took: 0.0001070 seconds
2017-01-19T09:51:57.957-0500: 19.359: Total time for which application threads were stopped: 0.0004428 seconds, Stopping threads took: 0.0003911 seconds
2017-01-19T09:51:57.957-0500: 19.360: Total time for which application threads were stopped: 0.0001495 seconds, Stopping threads took: 0.0000971 seconds
2017-01-19T09:51:57.958-0500: 19.360: Total time for which application threads were stopped: 0.0001561 seconds, Stopping threads took: 0.0001048 seconds
2017-01-19T09:51:57.958-0500: 19.361: Total time for which application threads were stopped: 0.0001243 seconds, Stopping threads took: 0.0000825 seconds
2017-01-19T09:51:57.958-0500: 19.361: Total time for which application threads were stopped: 0.0001492 seconds, Stopping threads took: 0.0000828 seconds
2017-01-19T09:51:57.961-0500: 19.364: Total time for which application threads were stopped: 0.0000979 seconds, Stopping threads took: 0.0000531 seconds
2017-01-19T09:51:57.962-0500: 19.364: Total time for which application threads were stopped: 0.0001030 seconds, Stopping threads took: 0.0000531 seconds
2017-01-19T09:51:57.962-0500: 19.364: Total time for which application threads were stopped: 0.0001506 seconds, Stopping threads took: 0.0000957 seconds
2017-01-19T09:51:57.963-0500: 19.365: Total time for which application threads were stopped: 0.0001008 seconds, Stopping threads took: 0.0000513 seconds
2017-01-19T09:51:57.963-0500: 19.366: Total time for which application threads were stopped: 0.0000858 seconds, Stopping threads took: 0.0000337 seconds
2017-01-19T09:51:57.964-0500: 19.366: Total time for which application threads were stopped: 0.0003519 seconds, Stopping threads took: 0.0000286 seconds
2017-01-19T09:51:57.965-0500: 19.367: Total time for which application threads were stopped: 0.0001239 seconds, Stopping threads took: 0.0000319 seconds
2017-01-19T09:51:57.979-0500: 19.382: Total time for which application threads were stopped: 0.0004637 seconds, Stopping threads took: 0.0003673 seconds
2017-01-19T09:51:57.980-0500: 19.382: Total time for which application threads were stopped: 0.0001070 seconds, Stopping threads took: 0.0000436 seconds
2017-01-19T09:51:57.980-0500: 19.382: Total time for which application threads were stopped: 0.0000946 seconds, Stopping threads took: 0.0000447 seconds
2017-01-19T09:51:57.981-0500: 19.383: Total time for which application threads were stopped: 0.0001096 seconds, Stopping threads took: 0.0000458 seconds
2017-01-19T09:51:57.981-0500: 19.383: Total time for which application threads were stopped: 0.0001169 seconds, Stopping threads took: 0.0000612 seconds
2017-01-19T09:51:57.981-0500: 19.384: Total time for which application threads were stopped: 0.0000957 seconds, Stopping threads took: 0.0000403 seconds
2017-01-19T09:51:57.983-0500: 19.385: Total time for which application threads were stopped: 0.0007188 seconds, Stopping threads took: 0.0006730 seconds
2017-01-19T09:51:57.984-0500: 19.386: Total time for which application threads were stopped: 0.0001514 seconds, Stopping threads took: 0.0000509 seconds
2017-01-19T09:51:57.989-0500: 19.392: Total time for which application threads were stopped: 0.0002683 seconds, Stopping threads took: 0.0002229 seconds
2017-01-19T09:51:57.989-0500: 19.392: Total time for which application threads were stopped: 0.0000583 seconds, Stopping threads took: 0.0000260 seconds
2017-01-19T09:51:57.989-0500: 19.392: Total time for which application threads were stopped: 0.0000411 seconds, Stopping threads took: 0.0000099 seconds
2017-01-19T09:51:57.990-0500: 19.392: Total time for which application threads were stopped: 0.0000733 seconds, Stopping threads took: 0.0000400 seconds
2017-01-19T09:51:57.991-0500: 19.394: Total time for which application threads were stopped: 0.0000894 seconds, Stopping threads took: 0.0000524 seconds
2017-01-19T09:51:58.056-0500: 19.459: Total time for which application threads were stopped: 0.0000792 seconds, Stopping threads took: 0.0000323 seconds
2017-01-19T09:51:58.057-0500: 19.460: Total time for which application threads were stopped: 0.0000905 seconds, Stopping threads took: 0.0000414 seconds
2017-01-19T09:51:58.245-0500: 19.648: Total time for which application threads were stopped: 0.0000693 seconds, Stopping threads took: 0.0000345 seconds
2017-01-19T09:51:58.248-0500: 19.651: Total time for which application threads were stopped: 0.0001019 seconds, Stopping threads took: 0.0000696 seconds
2017-01-19T09:51:58.250-0500: 19.653: Total time for which application threads were stopped: 0.0000766 seconds, Stopping threads took: 0.0000422 seconds
2017-01-19T09:51:58.251-0500: 19.653: Total time for which application threads were stopped: 0.0000436 seconds, Stopping threads took: 0.0000172 seconds
2017-01-19T09:51:58.251-0500: 19.654: Total time for which application threads were stopped: 0.0000444 seconds, Stopping threads took: 0.0000235 seconds
2017-01-19T09:51:58.312-0500: 19.715: Total time for which application threads were stopped: 0.0000839 seconds, Stopping threads took: 0.0000150 seconds
2017-01-19T09:51:58.313-0500: 19.715: Total time for which application threads were stopped: 0.0000220 seconds, Stopping threads took: 0.0000048 seconds
2017-01-19T09:51:58.313-0500: 19.715: Total time for which application threads were stopped: 0.0000202 seconds, Stopping threads took: 0.0000048 seconds
2017-01-19T09:51:58.313-0500: 19.715: Total time for which application threads were stopped: 0.0000191 seconds, Stopping threads took: 0.0000044 seconds
2017-01-19T09:51:58.313-0500: 19.716: Total time for which application threads were stopped: 0.0000198 seconds, Stopping threads took: 0.0000048 seconds
2017-01-19T09:51:58.316-0500: 19.719: Total time for which application threads were stopped: 0.0000444 seconds, Stopping threads took: 0.0000092 seconds
2017-01-19T09:51:58.318-0500: 19.721: Total time for which application threads were stopped: 0.0000253 seconds, Stopping threads took: 0.0000066 seconds
2017-01-19T09:51:58.318-0500: 19.721: Total time for which application threads were stopped: 0.0000169 seconds, Stopping threads took: 0.0000040 seconds
2017-01-19T09:51:58.318-0500: 19.721: Total time for which application threads were stopped: 0.0000165 seconds, Stopping threads took: 0.0000040 seconds
2017-01-19T09:51:58.319-0500: 19.721: Total time for which application threads were stopped: 0.0000187 seconds, Stopping threads took: 0.0000055 seconds
2017-01-19T09:51:58.319-0500: 19.721: Total time for which application threads were stopped: 0.0000161 seconds, Stopping threads took: 0.0000040 seconds
2017-01-19T09:51:58.320-0500: 19.722: Total time for which application threads were stopped: 0.0000304 seconds, Stopping threads took: 0.0000136 seconds
2017-01-19T09:51:58.329-0500: 19.731: Total time for which application threads were stopped: 0.0000315 seconds, Stopping threads took: 0.0000081 seconds
2017-01-19T09:51:58.387-0500: 19.789: Total time for which application threads were stopped: 0.0001125 seconds, Stopping threads took: 0.0000187 seconds
2017-01-19T09:51:58.387-0500: 19.790: Total time for which application threads were stopped: 0.0000616 seconds, Stopping threads took: 0.0000238 seconds
2017-01-19T09:51:58.387-0500: 19.790: Total time for which application threads were stopped: 0.0000473 seconds, Stopping threads took: 0.0000150 seconds
2017-01-19T09:51:58.387-0500: 19.790: Total time for which application threads were stopped: 0.0000381 seconds, Stopping threads took: 0.0000084 seconds
2017-01-19T09:51:58.387-0500: 19.790: Total time for which application threads were stopped: 0.0000733 seconds, Stopping threads took: 0.0000363 seconds
2017-01-19T09:51:58.387-0500: 19.790: Total time for which application threads were stopped: 0.0000374 seconds, Stopping threads took: 0.0000099 seconds
2017-01-19T09:51:58.387-0500: 19.790: Total time for which application threads were stopped: 0.0000337 seconds, Stopping threads took: 0.0000077 seconds
2017-01-19T09:51:58.388-0500: 19.791: Total time for which application threads were stopped: 0.0000597 seconds, Stopping threads took: 0.0000253 seconds
2017-01-19T09:51:58.388-0500: 19.791: Total time for which application threads were stopped: 0.0000290 seconds, Stopping threads took: 0.0000055 seconds
2017-01-19T09:51:58.388-0500: 19.791: Total time for which application threads were stopped: 0.0000546 seconds, Stopping threads took: 0.0000246 seconds
2017-01-19T09:51:58.388-0500: 19.791: Total time for which application threads were stopped: 0.0000487 seconds, Stopping threads took: 0.0000209 seconds
2017-01-19T09:51:58.506-0500: 19.909: Total time for which application threads were stopped: 0.0000715 seconds, Stopping threads took: 0.0000180 seconds
2017-01-19T09:51:58.506-0500: 19.909: Total time for which application threads were stopped: 0.0000257 seconds, Stopping threads took: 0.0000110 seconds
2017-01-19T09:51:58.506-0500: 19.909: Total time for which application threads were stopped: 0.0000257 seconds, Stopping threads took: 0.0000103 seconds
2017-01-19T09:51:58.507-0500: 19.909: Total time for which application threads were stopped: 0.0000187 seconds, Stopping threads took: 0.0000084 seconds
2017-01-19T09:51:58.804-0500: 20.206: Total time for which application threads were stopped: 0.0000297 seconds, Stopping threads took: 0.0000121 seconds
2017-01-19T09:51:58.804-0500: 20.206: Total time for which application threads were stopped: 0.0000095 seconds, Stopping threads took: 0.0000037 seconds
2017-01-19T09:51:58.804-0500: 20.206: Total time for which application threads were stopped: 0.0000088 seconds, Stopping threads took: 0.0000037 seconds
2017-01-19T09:51:58.804-0500: 20.206: Total time for which application threads were stopped: 0.0000084 seconds, Stopping threads took: 0.0000033 seconds
2017-01-19T09:51:58.830-0500: 20.232: Total time for which application threads were stopped: 0.0000356 seconds, Stopping threads took: 0.0000143 seconds
2017-01-19T09:51:58.879-0500: 20.281: Total time for which application threads were stopped: 0.0000469 seconds, Stopping threads took: 0.0000264 seconds
2017-01-19T09:51:58.879-0500: 20.281: Total time for which application threads were stopped: 0.0000315 seconds, Stopping threads took: 0.0000202 seconds
2017-01-19T09:51:58.879-0500: 20.281: Total time for which application threads were stopped: 0.0000315 seconds, Stopping threads took: 0.0000202 seconds
2017-01-19T09:51:58.880-0500: 20.281: Total time for which application threads were stopped: 0.0000319 seconds, Stopping threads took: 0.0000205 seconds
2017-01-19T09:51:58.881-0500: 20.282: Total time for which application threads were stopped: 0.0000161 seconds, Stopping threads took: 0.0000059 seconds
2017-01-19T09:51:58.881-0500: 20.282: Total time for which application threads were stopped: 0.0000099 seconds, Stopping threads took: 0.0000040 seconds
2017-01-19T09:51:58.881-0500: 20.282: Total time for which application threads were stopped: 0.0000099 seconds, Stopping threads took: 0.0000040 seconds
2017-01-19T09:51:58.881-0500: 20.282: Total time for which application threads were stopped: 0.0000095 seconds, Stopping threads took: 0.0000040 seconds
2017-01-19T09:51:58.884-0500: 20.285: Total time for which application threads were stopped: 0.0000209 seconds, Stopping threads took: 0.0000088 seconds
2017-01-19T09:51:58.918-0500: 20.320: Total time for which application threads were stopped: 0.0000660 seconds, Stopping threads took: 0.0000136 seconds
2017-01-19T09:51:58.922-0500: 20.323: Total time for which application threads were stopped: 0.0000356 seconds, Stopping threads took: 0.0000205 seconds
2017-01-19T09:51:58.926-0500: 20.327: Total time for which application threads were stopped: 0.0000290 seconds, Stopping threads took: 0.0000103 seconds
2017-01-19T09:51:58.927-0500: 20.329: Total time for which application threads were stopped: 0.0000172 seconds, Stopping threads took: 0.0000070 seconds
2017-01-19T09:51:58.928-0500: 20.329: Total time for which application threads were stopped: 0.0000883 seconds, Stopping threads took: 0.0000051 seconds
2017-01-19T09:51:58.928-0500: 20.329: Total time for which application threads were stopped: 0.0000147 seconds, Stopping threads took: 0.0000059 seconds
2017-01-19T09:51:58.928-0500: 20.329: Total time for which application threads were stopped: 0.0000147 seconds, Stopping threads took: 0.0000059 seconds
2017-01-19T09:51:58.930-0500: 20.332: Total time for which application threads were stopped: 0.0000150 seconds, Stopping threads took: 0.0000062 seconds
2017-01-19T09:51:58.930-0500: 20.332: Total time for which application threads were stopped: 0.0000103 seconds, Stopping threads took: 0.0000044 seconds
2017-01-19T09:51:58.930-0500: 20.332: Total time for which application threads were stopped: 0.0000099 seconds, Stopping threads took: 0.0000040 seconds
2017-01-19T09:51:58.954-0500: 20.356: Total time for which application threads were stopped: 0.0000462 seconds, Stopping threads took: 0.0000268 seconds
2017-01-19T09:51:58.954-0500: 20.356: Total time for which application threads were stopped: 0.0000403 seconds, Stopping threads took: 0.0000301 seconds
2017-01-19T09:51:58.969-0500: 20.371: Total time for which application threads were stopped: 0.0000385 seconds, Stopping threads took: 0.0000176 seconds
2017-01-19T09:51:58.971-0500: 20.373: Total time for which application threads were stopped: 0.0000469 seconds, Stopping threads took: 0.0000271 seconds
2017-01-19T09:51:58.972-0500: 20.373: Total time for which application threads were stopped: 0.0001459 seconds, Stopping threads took: 0.0000205 seconds
2017-01-19T09:51:58.972-0500: 20.373: Total time for which application threads were stopped: 0.0000315 seconds, Stopping threads took: 0.0000202 seconds
2017-01-19T09:51:58.973-0500: 20.374: Total time for which application threads were stopped: 0.0001089 seconds, Stopping threads took: 0.0000202 seconds
2017-01-19T09:51:58.973-0500: 20.375: Total time for which application threads were stopped: 0.0000396 seconds, Stopping threads took: 0.0000297 seconds
2017-01-19T09:51:58.975-0500: 20.377: Total time for which application threads were stopped: 0.0000242 seconds, Stopping threads took: 0.0000110 seconds
2017-01-19T09:51:59.066-0500: 20.467: Total time for which application threads were stopped: 0.0001719 seconds, Stopping threads took: 0.0000986 seconds
{Heap before GC invocations=1 (full 0):
 par new generation   total 109248K, used 92725K [0x00000000dae00000, 0x00000000e2e00000, 0x00000000e2e00000)
  eden space 87424K, 100% used [0x00000000dae00000, 0x00000000e0360000, 0x00000000e0360000)
  from space 21824K,  24% used [0x00000000e18b0000, 0x00000000e1ddd5e8, 0x00000000e2e00000)
  to   space 21824K,   0% used [0x00000000e0360000, 0x00000000e0360000, 0x00000000e18b0000)
 concurrent mark-sweep generation total 393216K, used 0K [0x00000000e2e00000, 0x00000000fae00000, 0x00000000fae00000)
 concurrent-mark-sweep perm gen total 21248K, used 18959K [0x00000000fae00000, 0x00000000fc2c0000, 0x0000000100000000)
2017-01-19T09:51:59.141-0500: 20.542: [GC2017-01-19T09:51:59.141-0500: 20.542: [ParNew
Desired survivor size 20112992 bytes, new threshold 8 (max 8)
- age   1:   10868808 bytes,   10868808 total
- age   2:    2193096 bytes,   13061904 total
: 92725K->15363K(109248K), 0.0114159 secs] 92725K->15363K(502464K), 0.0114796 secs] [Times: user=0.05 sys=0.00, real=0.01 secs] 
Heap after GC invocations=2 (full 0):
 par new generation   total 109248K, used 15363K [0x00000000dae00000, 0x00000000e2e00000, 0x00000000e2e00000)
  eden space 87424K,   0% used [0x00000000dae00000, 0x00000000dae00000, 0x00000000e0360000)
  from space 21824K,  70% used [0x00000000e0360000, 0x00000000e1260d50, 0x00000000e18b0000)
  to   space 21824K,   0% used [0x00000000e18b0000, 0x00000000e18b0000, 0x00000000e2e00000)
 concurrent mark-sweep generation total 393216K, used 0K [0x00000000e2e00000, 0x00000000fae00000, 0x00000000fae00000)
 concurrent-mark-sweep perm gen total 21248K, used 18959K [0x00000000fae00000, 0x00000000fc2c0000, 0x0000000100000000)
}
2017-01-19T09:51:59.152-0500: 20.554: Total time for which application threads were stopped: 0.0116838 seconds, Stopping threads took: 0.0000949 seconds
2017-01-19T09:51:59.154-0500: 20.556: Total time for which application threads were stopped: 0.0000403 seconds, Stopping threads took: 0.0000209 seconds
2017-01-19T09:51:59.154-0500: 20.556: Total time for which application threads were stopped: 0.0000323 seconds, Stopping threads took: 0.0000205 seconds
2017-01-19T09:51:59.154-0500: 20.556: Total time for which application threads were stopped: 0.0000231 seconds, Stopping threads took: 0.0000128 seconds
2017-01-19T09:51:59.154-0500: 20.556: Total time for which application threads were stopped: 0.0000312 seconds, Stopping threads took: 0.0000205 seconds
2017-01-19T09:51:59.155-0500: 20.556: Total time for which application threads were stopped: 0.0000286 seconds, Stopping threads took: 0.0000169 seconds
2017-01-19T09:51:59.155-0500: 20.556: Total time for which application threads were stopped: 0.0000147 seconds, Stopping threads took: 0.0000055 seconds
2017-01-19T09:51:59.155-0500: 20.556: Total time for which application threads were stopped: 0.0000220 seconds, Stopping threads took: 0.0000128 seconds
2017-01-19T09:51:59.155-0500: 20.556: Total time for which application threads were stopped: 0.0000095 seconds, Stopping threads took: 0.0000040 seconds
2017-01-19T09:51:59.155-0500: 20.556: Total time for which application threads were stopped: 0.0000099 seconds, Stopping threads took: 0.0000048 seconds
2017-01-19T09:51:59.155-0500: 20.556: Total time for which application threads were stopped: 0.0000092 seconds, Stopping threads took: 0.0000044 seconds
2017-01-19T09:51:59.155-0500: 20.556: Total time for which application threads were stopped: 0.0000202 seconds, Stopping threads took: 0.0000121 seconds
2017-01-19T09:51:59.155-0500: 20.556: Total time for which application threads were stopped: 0.0000088 seconds, Stopping threads took: 0.0000037 seconds
2017-01-19T09:51:59.155-0500: 20.556: Total time for which application threads were stopped: 0.0000147 seconds, Stopping threads took: 0.0000088 seconds
2017-01-19T09:51:59.155-0500: 20.556: Total time for which application threads were stopped: 0.0000081 seconds, Stopping threads took: 0.0000033 seconds
2017-01-19T09:51:59.155-0500: 20.556: Total time for which application threads were stopped: 0.0000158 seconds, Stopping threads took: 0.0000099 seconds
2017-01-19T09:51:59.155-0500: 20.556: Total time for which application threads were stopped: 0.0000084 seconds, Stopping threads took: 0.0000033 seconds
2017-01-19T09:51:59.155-0500: 20.556: Total time for which application threads were stopped: 0.0000139 seconds, Stopping threads took: 0.0000081 seconds
2017-01-19T09:51:59.155-0500: 20.556: Total time for which application threads were stopped: 0.0000081 seconds, Stopping threads took: 0.0000033 seconds
2017-01-19T09:51:59.155-0500: 20.556: Total time for which application threads were stopped: 0.0000099 seconds, Stopping threads took: 0.0000051 seconds
2017-01-19T09:51:59.155-0500: 20.557: Total time for which application threads were stopped: 0.0001506 seconds, Stopping threads took: 0.0000066 seconds
2017-01-19T09:51:59.785-0500: 21.186: Total time for which application threads were stopped: 0.0000711 seconds, Stopping threads took: 0.0000139 seconds
2017-01-19T09:51:59.785-0500: 21.186: Total time for which application threads were stopped: 0.0000169 seconds, Stopping threads took: 0.0000062 seconds
2017-01-19T09:51:59.826-0500: 21.227: Total time for which application threads were stopped: 0.0000861 seconds, Stopping threads took: 0.0000367 seconds
2017-01-19T09:51:59.912-0500: 21.312: Total time for which application threads were stopped: 0.0000385 seconds, Stopping threads took: 0.0000161 seconds
2017-01-19T09:51:59.912-0500: 21.313: Total time for which application threads were stopped: 0.0000213 seconds, Stopping threads took: 0.0000084 seconds
2017-01-19T09:51:59.912-0500: 21.313: Total time for which application threads were stopped: 0.0000202 seconds, Stopping threads took: 0.0000081 seconds
2017-01-19T09:52:00.036-0500: 21.436: Total time for which application threads were stopped: 0.0000564 seconds, Stopping threads took: 0.0000235 seconds
2017-01-19T09:52:00.079-0500: 21.480: Total time for which application threads were stopped: 0.0001118 seconds, Stopping threads took: 0.0000579 seconds
2017-01-19T09:52:00.192-0500: 21.593: Total time for which application threads were stopped: 0.0001056 seconds, Stopping threads took: 0.0000381 seconds
2017-01-19T09:52:00.266-0500: 21.667: Total time for which application threads were stopped: 0.0000942 seconds, Stopping threads took: 0.0000400 seconds
2017-01-19T09:52:00.268-0500: 21.669: Total time for which application threads were stopped: 0.0000656 seconds, Stopping threads took: 0.0000257 seconds
2017-01-19T09:52:00.341-0500: 21.741: Total time for which application threads were stopped: 0.0001023 seconds, Stopping threads took: 0.0000187 seconds
2017-01-19T09:52:00.674-0500: 22.073: Total time for which application threads were stopped: 0.0003310 seconds, Stopping threads took: 0.0001353 seconds
2017-01-19T09:52:00.674-0500: 22.074: Total time for which application threads were stopped: 0.0002555 seconds, Stopping threads took: 0.0001364 seconds
2017-01-19T09:52:01.487-0500: 22.886: Total time for which application threads were stopped: 0.0004406 seconds, Stopping threads took: 0.0001451 seconds
2017-01-19T09:52:01.487-0500: 22.886: Total time for which application threads were stopped: 0.0002060 seconds, Stopping threads took: 0.0001224 seconds
2017-01-19T09:52:01.489-0500: 22.887: Total time for which application threads were stopped: 0.0002441 seconds, Stopping threads took: 0.0001620 seconds
2017-01-19T09:52:01.490-0500: 22.888: Total time for which application threads were stopped: 0.0001265 seconds, Stopping threads took: 0.0000326 seconds
2017-01-19T09:52:01.491-0500: 22.890: Total time for which application threads were stopped: 0.0001943 seconds, Stopping threads took: 0.0001092 seconds
2017-01-19T09:52:01.492-0500: 22.890: Total time for which application threads were stopped: 0.0002185 seconds, Stopping threads took: 0.0001437 seconds
2017-01-19T09:52:01.493-0500: 22.891: Total time for which application threads were stopped: 0.0001869 seconds, Stopping threads took: 0.0001004 seconds
2017-01-19T09:52:01.493-0500: 22.892: Total time for which application threads were stopped: 0.0001569 seconds, Stopping threads took: 0.0000817 seconds
2017-01-19T09:52:01.496-0500: 22.895: Total time for which application threads were stopped: 0.0001169 seconds, Stopping threads took: 0.0000334 seconds
2017-01-19T09:52:01.497-0500: 22.895: Total time for which application threads were stopped: 0.0001484 seconds, Stopping threads took: 0.0000839 seconds
2017-01-19T09:52:01.498-0500: 22.897: Total time for which application threads were stopped: 0.0001481 seconds, Stopping threads took: 0.0000799 seconds
2017-01-19T09:52:01.499-0500: 22.897: Total time for which application threads were stopped: 0.0001309 seconds, Stopping threads took: 0.0000553 seconds
2017-01-19T09:52:01.499-0500: 22.898: Total time for which application threads were stopped: 0.0001059 seconds, Stopping threads took: 0.0000469 seconds
2017-01-19T09:52:01.500-0500: 22.899: Total time for which application threads were stopped: 0.0001096 seconds, Stopping threads took: 0.0000502 seconds
2017-01-19T09:52:01.501-0500: 22.899: Total time for which application threads were stopped: 0.0003031 seconds, Stopping threads took: 0.0001188 seconds
2017-01-19T09:52:01.503-0500: 22.901: Total time for which application threads were stopped: 0.0000803 seconds, Stopping threads took: 0.0000367 seconds
2017-01-19T09:52:01.504-0500: 22.902: Total time for which application threads were stopped: 0.0000594 seconds, Stopping threads took: 0.0000194 seconds
2017-01-19T09:52:01.504-0500: 22.903: Total time for which application threads were stopped: 0.0001888 seconds, Stopping threads took: 0.0000411 seconds
2017-01-19T09:52:01.505-0500: 22.903: Total time for which application threads were stopped: 0.0000627 seconds, Stopping threads took: 0.0000279 seconds
2017-01-19T09:52:01.506-0500: 22.904: Total time for which application threads were stopped: 0.0000740 seconds, Stopping threads took: 0.0000326 seconds
2017-01-19T09:52:01.506-0500: 22.905: Total time for which application threads were stopped: 0.0001147 seconds, Stopping threads took: 0.0000715 seconds
2017-01-19T09:52:01.507-0500: 22.906: Total time for which application threads were stopped: 0.0000667 seconds, Stopping threads took: 0.0000279 seconds
2017-01-19T09:52:01.508-0500: 22.906: Total time for which application threads were stopped: 0.0000590 seconds, Stopping threads took: 0.0000227 seconds
2017-01-19T09:52:01.509-0500: 22.908: Total time for which application threads were stopped: 0.0000605 seconds, Stopping threads took: 0.0000238 seconds
2017-01-19T09:52:01.511-0500: 22.910: Total time for which application threads were stopped: 0.0000645 seconds, Stopping threads took: 0.0000209 seconds
2017-01-19T09:52:01.512-0500: 22.911: Total time for which application threads were stopped: 0.0000685 seconds, Stopping threads took: 0.0000282 seconds
2017-01-19T09:52:01.513-0500: 22.911: Total time for which application threads were stopped: 0.0000594 seconds, Stopping threads took: 0.0000187 seconds
2017-01-19T09:52:01.514-0500: 22.913: Total time for which application threads were stopped: 0.0001041 seconds, Stopping threads took: 0.0000583 seconds
2017-01-19T09:52:01.515-0500: 22.913: Total time for which application threads were stopped: 0.0001276 seconds, Stopping threads took: 0.0000755 seconds
2017-01-19T09:52:01.515-0500: 22.914: Total time for which application threads were stopped: 0.0000685 seconds, Stopping threads took: 0.0000301 seconds
2017-01-19T09:52:01.519-0500: 22.917: Total time for which application threads were stopped: 0.0001177 seconds, Stopping threads took: 0.0000704 seconds
2017-01-19T09:52:01.520-0500: 22.918: Total time for which application threads were stopped: 0.0001477 seconds, Stopping threads took: 0.0000975 seconds
2017-01-19T09:52:01.520-0500: 22.919: Total time for which application threads were stopped: 0.0001111 seconds, Stopping threads took: 0.0000678 seconds
2017-01-19T09:52:01.522-0500: 22.921: Total time for which application threads were stopped: 0.0000979 seconds, Stopping threads took: 0.0000517 seconds
2017-01-19T09:52:01.523-0500: 22.921: Total time for which application threads were stopped: 0.0000924 seconds, Stopping threads took: 0.0000473 seconds
2017-01-19T09:52:01.524-0500: 22.923: Total time for which application threads were stopped: 0.0001202 seconds, Stopping threads took: 0.0000726 seconds
2017-01-19T09:52:01.527-0500: 22.925: Total time for which application threads were stopped: 0.0001169 seconds, Stopping threads took: 0.0000689 seconds
2017-01-19T09:52:01.528-0500: 22.926: Total time for which application threads were stopped: 0.0002225 seconds, Stopping threads took: 0.0001598 seconds
2017-01-19T09:52:01.528-0500: 22.926: Total time for which application threads were stopped: 0.0001499 seconds, Stopping threads took: 0.0001001 seconds
2017-01-19T09:52:01.528-0500: 22.927: Total time for which application threads were stopped: 0.0002522 seconds, Stopping threads took: 0.0002020 seconds
2017-01-19T09:52:01.617-0500: 23.015: Total time for which application threads were stopped: 0.0000766 seconds, Stopping threads took: 0.0000158 seconds
2017-01-19T09:52:01.742-0500: 23.141: Total time for which application threads were stopped: 0.0001697 seconds, Stopping threads took: 0.0000843 seconds
2017-01-19T09:52:01.830-0500: 23.228: Total time for which application threads were stopped: 0.0001045 seconds, Stopping threads took: 0.0000224 seconds
2017-01-19T09:52:01.846-0500: 23.245: Total time for which application threads were stopped: 0.0000590 seconds, Stopping threads took: 0.0000165 seconds
2017-01-19T09:52:01.951-0500: 23.349: Total time for which application threads were stopped: 0.0000909 seconds, Stopping threads took: 0.0000128 seconds
{Heap before GC invocations=2 (full 0):
 par new generation   total 109248K, used 102758K [0x00000000dae00000, 0x00000000e2e00000, 0x00000000e2e00000)
  eden space 87424K,  99% used [0x00000000dae00000, 0x00000000e0358c38, 0x00000000e0360000)
  from space 21824K,  70% used [0x00000000e0360000, 0x00000000e1260d50, 0x00000000e18b0000)
  to   space 21824K,   0% used [0x00000000e18b0000, 0x00000000e18b0000, 0x00000000e2e00000)
 concurrent mark-sweep generation total 393216K, used 0K [0x00000000e2e00000, 0x00000000fae00000, 0x00000000fae00000)
 concurrent-mark-sweep perm gen total 21248K, used 19742K [0x00000000fae00000, 0x00000000fc2c0000, 0x0000000100000000)
2017-01-19T09:52:02.009-0500: 23.407: [GC2017-01-19T09:52:02.009-0500: 23.407: [ParNew
Desired survivor size 20112992 bytes, new threshold 8 (max 8)
- age   1:    2392448 bytes,    2392448 total
- age   2:    4501640 bytes,    6894088 total
- age   3:    2171120 bytes,    9065208 total
: 102758K->15472K(109248K), 0.0067278 secs] 102758K->15472K(502464K), 0.0067938 secs] [Times: user=0.00 sys=0.00, real=0.01 secs] 
Heap after GC invocations=3 (full 0):
 par new generation   total 109248K, used 15472K [0x00000000dae00000, 0x00000000e2e00000, 0x00000000e2e00000)
  eden space 87424K,   0% used [0x00000000dae00000, 0x00000000dae00000, 0x00000000e0360000)
  from space 21824K,  70% used [0x00000000e18b0000, 0x00000000e27cc2f0, 0x00000000e2e00000)
  to   space 21824K,   0% used [0x00000000e0360000, 0x00000000e0360000, 0x00000000e18b0000)
 concurrent mark-sweep generation total 393216K, used 0K [0x00000000e2e00000, 0x00000000fae00000, 0x00000000fae00000)
 concurrent-mark-sweep perm gen total 21248K, used 19742K [0x00000000fae00000, 0x00000000fc2c0000, 0x0000000100000000)
}
2017-01-19T09:52:02.016-0500: 23.414: Total time for which application threads were stopped: 0.0070042 seconds, Stopping threads took: 0.0000235 seconds
2017-01-19T09:52:02.016-0500: 23.414: Total time for which application threads were stopped: 0.0000572 seconds, Stopping threads took: 0.0000202 seconds
2017-01-19T09:52:02.016-0500: 23.415: Total time for which application threads were stopped: 0.0000586 seconds, Stopping threads took: 0.0000345 seconds
2017-01-19T09:52:02.017-0500: 23.415: Total time for which application threads were stopped: 0.0000326 seconds, Stopping threads took: 0.0000161 seconds
2017-01-19T09:52:02.061-0500: 23.459: Total time for which application threads were stopped: 0.0000619 seconds, Stopping threads took: 0.0000216 seconds
2017-01-19T09:52:02.072-0500: 23.470: Total time for which application threads were stopped: 0.0000429 seconds, Stopping threads took: 0.0000176 seconds
2017-01-19T09:52:02.121-0500: 23.520: Total time for which application threads were stopped: 0.0001510 seconds, Stopping threads took: 0.0000524 seconds
2017-01-19T09:52:02.216-0500: 23.615: Total time for which application threads were stopped: 0.0001822 seconds, Stopping threads took: 0.0001301 seconds
2017-01-19T09:52:02.240-0500: 23.639: Total time for which application threads were stopped: 0.0001180 seconds, Stopping threads took: 0.0000612 seconds
2017-01-19T09:52:02.242-0500: 23.640: Total time for which application threads were stopped: 0.0000462 seconds, Stopping threads took: 0.0000286 seconds
2017-01-19T09:52:02.242-0500: 23.640: Total time for which application threads were stopped: 0.0000389 seconds, Stopping threads took: 0.0000154 seconds
2017-01-19T09:52:02.242-0500: 23.640: Total time for which application threads were stopped: 0.0000249 seconds, Stopping threads took: 0.0000158 seconds
2017-01-19T09:52:02.297-0500: 23.695: Total time for which application threads were stopped: 0.0000671 seconds, Stopping threads took: 0.0000161 seconds
2017-01-19T09:52:02.297-0500: 23.695: Total time for which application threads were stopped: 0.0000136 seconds, Stopping threads took: 0.0000048 seconds
2017-01-19T09:52:02.297-0500: 23.695: Total time for which application threads were stopped: 0.0000224 seconds, Stopping threads took: 0.0000139 seconds
2017-01-19T09:52:02.298-0500: 23.697: Total time for which application threads were stopped: 0.0000396 seconds, Stopping threads took: 0.0000114 seconds
2017-01-19T09:52:02.316-0500: 23.714: Total time for which application threads were stopped: 0.0001272 seconds, Stopping threads took: 0.0000308 seconds
2017-01-19T09:52:02.316-0500: 23.714: Total time for which application threads were stopped: 0.0000462 seconds, Stopping threads took: 0.0000227 seconds
2017-01-19T09:52:02.316-0500: 23.715: Total time for which application threads were stopped: 0.0000389 seconds, Stopping threads took: 0.0000154 seconds
2017-01-19T09:52:02.317-0500: 23.716: Total time for which application threads were stopped: 0.0000473 seconds, Stopping threads took: 0.0000238 seconds
2017-01-19T09:52:02.319-0500: 23.717: Total time for which application threads were stopped: 0.0000616 seconds, Stopping threads took: 0.0000260 seconds
2017-01-19T09:52:02.325-0500: 23.724: Total time for which application threads were stopped: 0.0000466 seconds, Stopping threads took: 0.0000165 seconds
2017-01-19T09:52:02.372-0500: 23.771: Total time for which application threads were stopped: 0.0000685 seconds, Stopping threads took: 0.0000279 seconds
2017-01-19T09:52:02.377-0500: 23.776: Total time for which application threads were stopped: 0.0000649 seconds, Stopping threads took: 0.0000154 seconds
2017-01-19T09:52:02.381-0500: 23.780: Total time for which application threads were stopped: 0.0001356 seconds, Stopping threads took: 0.0000158 seconds
2017-01-19T09:52:02.381-0500: 23.780: Total time for which application threads were stopped: 0.0000411 seconds, Stopping threads took: 0.0000147 seconds
2017-01-19T09:52:02.385-0500: 23.784: Total time for which application threads were stopped: 0.0000506 seconds, Stopping threads took: 0.0000165 seconds
{Heap before GC invocations=3 (full 0):
 par new generation   total 109248K, used 102896K [0x00000000dae00000, 0x00000000e2e00000, 0x00000000e2e00000)
  eden space 87424K, 100% used [0x00000000dae00000, 0x00000000e0360000, 0x00000000e0360000)
  from space 21824K,  70% used [0x00000000e18b0000, 0x00000000e27cc2f0, 0x00000000e2e00000)
  to   space 21824K,   0% used [0x00000000e0360000, 0x00000000e0360000, 0x00000000e18b0000)
 concurrent mark-sweep generation total 393216K, used 0K [0x00000000e2e00000, 0x00000000fae00000, 0x00000000fae00000)
 concurrent-mark-sweep perm gen total 21248K, used 20258K [0x00000000fae00000, 0x00000000fc2c0000, 0x0000000100000000)
2017-01-19T09:52:02.392-0500: 23.790: [GC2017-01-19T09:52:02.392-0500: 23.790: [ParNew
Desired survivor size 20112992 bytes, new threshold 8 (max 8)
- age   1:    3112944 bytes,    3112944 total
- age   2:     703888 bytes,    3816832 total
- age   3:    4499696 bytes,    8316528 total
- age   4:    2171080 bytes,   10487608 total
: 102896K->13177K(109248K), 0.0076148 secs] 102896K->13177K(502464K), 0.0076926 secs] [Times: user=0.08 sys=0.00, real=0.01 secs] 
Heap after GC invocations=4 (full 0):
 par new generation   total 109248K, used 13177K [0x00000000dae00000, 0x00000000e2e00000, 0x00000000e2e00000)
  eden space 87424K,   0% used [0x00000000dae00000, 0x00000000dae00000, 0x00000000e0360000)
  from space 21824K,  60% used [0x00000000e0360000, 0x00000000e103e750, 0x00000000e18b0000)
  to   space 21824K,   0% used [0x00000000e18b0000, 0x00000000e18b0000, 0x00000000e2e00000)
 concurrent mark-sweep generation total 393216K, used 0K [0x00000000e2e00000, 0x00000000fae00000, 0x00000000fae00000)
 concurrent-mark-sweep perm gen total 21248K, used 20258K [0x00000000fae00000, 0x00000000fc2c0000, 0x0000000100000000)
}
2017-01-19T09:52:02.400-0500: 23.798: Total time for which application threads were stopped: 0.0078828 seconds, Stopping threads took: 0.0000176 seconds
2017-01-19T09:52:02.400-0500: 23.798: Total time for which application threads were stopped: 0.0000484 seconds, Stopping threads took: 0.0000202 seconds
2017-01-19T09:52:02.409-0500: 23.806: Total time for which application threads were stopped: 0.0000586 seconds, Stopping threads took: 0.0000268 seconds
2017-01-19T09:52:02.414-0500: 23.811: Total time for which application threads were stopped: 0.0000751 seconds, Stopping threads took: 0.0000429 seconds
2017-01-19T09:52:02.418-0500: 23.816: Total time for which application threads were stopped: 0.0000568 seconds, Stopping threads took: 0.0000271 seconds
2017-01-19T09:52:02.421-0500: 23.819: Total time for which application threads were stopped: 0.0000484 seconds, Stopping threads took: 0.0000169 seconds
2017-01-19T09:52:02.421-0500: 23.819: Total time for which application threads were stopped: 0.0000257 seconds, Stopping threads took: 0.0000081 seconds
2017-01-19T09:52:02.421-0500: 23.819: Total time for which application threads were stopped: 0.0000180 seconds, Stopping threads took: 0.0000044 seconds
2017-01-19T09:52:02.421-0500: 23.819: Total time for which application threads were stopped: 0.0000154 seconds, Stopping threads took: 0.0000048 seconds
2017-01-19T09:52:02.459-0500: 23.856: Total time for which application threads were stopped: 0.0000539 seconds, Stopping threads took: 0.0000169 seconds
2017-01-19T09:52:02.461-0500: 23.859: Total time for which application threads were stopped: 0.0000597 seconds, Stopping threads took: 0.0000169 seconds
2017-01-19T09:52:02.470-0500: 23.868: Total time for which application threads were stopped: 0.0000832 seconds, Stopping threads took: 0.0000444 seconds
2017-01-19T09:52:02.473-0500: 23.871: Total time for which application threads were stopped: 0.0000883 seconds, Stopping threads took: 0.0000524 seconds
2017-01-19T09:52:02.475-0500: 23.872: Total time for which application threads were stopped: 0.0000363 seconds, Stopping threads took: 0.0000161 seconds
2017-01-19T09:52:02.480-0500: 23.878: Total time for which application threads were stopped: 0.0000619 seconds, Stopping threads took: 0.0000187 seconds
2017-01-19T09:52:02.502-0500: 23.899: Total time for which application threads were stopped: 0.0000843 seconds, Stopping threads took: 0.0000348 seconds
{Heap before GC invocations=4 (full 0):
 par new generation   total 109248K, used 100601K [0x00000000dae00000, 0x00000000e2e00000, 0x00000000e2e00000)
  eden space 87424K, 100% used [0x00000000dae00000, 0x00000000e0360000, 0x00000000e0360000)
  from space 21824K,  60% used [0x00000000e0360000, 0x00000000e103e750, 0x00000000e18b0000)
  to   space 21824K,   0% used [0x00000000e18b0000, 0x00000000e18b0000, 0x00000000e2e00000)
 concurrent mark-sweep generation total 393216K, used 0K [0x00000000e2e00000, 0x00000000fae00000, 0x00000000fae00000)
 concurrent-mark-sweep perm gen total 21248K, used 20473K [0x00000000fae00000, 0x00000000fc2c0000, 0x0000000100000000)
2017-01-19T09:52:02.515-0500: 23.912: [GC2017-01-19T09:52:02.515-0500: 23.913: [ParNew
Desired survivor size 20112992 bytes, new threshold 8 (max 8)
- age   1:     467656 bytes,     467656 total
- age   2:    2462656 bytes,    2930312 total
- age   3:     692352 bytes,    3622664 total
- age   4:    4493472 bytes,    8116136 total
- age   5:    2171064 bytes,   10287200 total
: 100601K->15538K(109248K), 0.0096972 secs] 100601K->15538K(502464K), 0.0097998 secs] [Times: user=0.06 sys=0.00, real=0.01 secs] 
Heap after GC invocations=5 (full 0):
 par new generation   total 109248K, used 15538K [0x00000000dae00000, 0x00000000e2e00000, 0x00000000e2e00000)
  eden space 87424K,   0% used [0x00000000dae00000, 0x00000000dae00000, 0x00000000e0360000)
  from space 21824K,  71% used [0x00000000e18b0000, 0x00000000e27dcac0, 0x00000000e2e00000)
  to   space 21824K,   0% used [0x00000000e0360000, 0x00000000e0360000, 0x00000000e18b0000)
 concurrent mark-sweep generation total 393216K, used 0K [0x00000000e2e00000, 0x00000000fae00000, 0x00000000fae00000)
 concurrent-mark-sweep perm gen total 21248K, used 20473K [0x00000000fae00000, 0x00000000fc2c0000, 0x0000000100000000)
}
2017-01-19T09:52:02.525-0500: 23.922: Total time for which application threads were stopped: 0.0100149 seconds, Stopping threads took: 0.0000330 seconds
2017-01-19T09:52:02.541-0500: 23.938: Total time for which application threads were stopped: 0.0002196 seconds, Stopping threads took: 0.0000597 seconds
2017-01-19T09:52:02.546-0500: 23.943: Total time for which application threads were stopped: 0.0000458 seconds, Stopping threads took: 0.0000249 seconds
2017-01-19T09:52:02.549-0500: 23.947: Total time for which application threads were stopped: 0.0000693 seconds, Stopping threads took: 0.0000370 seconds
2017-01-19T09:52:02.626-0500: 24.023: Total time for which application threads were stopped: 0.0002104 seconds, Stopping threads took: 0.0000821 seconds
{Heap before GC invocations=5 (full 0):
 par new generation   total 109248K, used 102962K [0x00000000dae00000, 0x00000000e2e00000, 0x00000000e2e00000)
  eden space 87424K, 100% used [0x00000000dae00000, 0x00000000e0360000, 0x00000000e0360000)
  from space 21824K,  71% used [0x00000000e18b0000, 0x00000000e27dcac0, 0x00000000e2e00000)
  to   space 21824K,   0% used [0x00000000e0360000, 0x00000000e0360000, 0x00000000e18b0000)
 concurrent mark-sweep generation total 393216K, used 0K [0x00000000e2e00000, 0x00000000fae00000, 0x00000000fae00000)
 concurrent-mark-sweep perm gen total 21248K, used 20581K [0x00000000fae00000, 0x00000000fc2c0000, 0x0000000100000000)
2017-01-19T09:52:02.633-0500: 24.031: [GC2017-01-19T09:52:02.633-0500: 24.031: [ParNew
Desired survivor size 20112992 bytes, new threshold 8 (max 8)
- age   1:     500040 bytes,     500040 total
- age   2:     141400 bytes,     641440 total
- age   3:    2462592 bytes,    3104032 total
- age   4:     692184 bytes,    3796216 total
- age   5:    4492496 bytes,    8288712 total
- age   6:    2171064 bytes,   10459776 total
: 102962K->13011K(109248K), 0.0075320 secs] 102962K->13011K(502464K), 0.0076105 secs] [Times: user=0.00 sys=0.00, real=0.01 secs] 
Heap after GC invocations=6 (full 0):
 par new generation   total 109248K, used 13011K [0x00000000dae00000, 0x00000000e2e00000, 0x00000000e2e00000)
  eden space 87424K,   0% used [0x00000000dae00000, 0x00000000dae00000, 0x00000000e0360000)
  from space 21824K,  59% used [0x00000000e0360000, 0x00000000e1014cc8, 0x00000000e18b0000)
  to   space 21824K,   0% used [0x00000000e18b0000, 0x00000000e18b0000, 0x00000000e2e00000)
 concurrent mark-sweep generation total 393216K, used 0K [0x00000000e2e00000, 0x00000000fae00000, 0x00000000fae00000)
 concurrent-mark-sweep perm gen total 21248K, used 20581K [0x00000000fae00000, 0x00000000fc2c0000, 0x0000000100000000)
}
2017-01-19T09:52:02.641-0500: 24.038: Total time for which application threads were stopped: 0.0077582 seconds, Stopping threads took: 0.0000367 seconds
2017-01-19T09:52:02.644-0500: 24.042: Total time for which application threads were stopped: 0.0000348 seconds, Stopping threads took: 0.0000139 seconds
2017-01-19T09:52:02.645-0500: 24.043: Total time for which application threads were stopped: 0.0001268 seconds, Stopping threads took: 0.0000088 seconds
2017-01-19T09:52:02.647-0500: 24.045: Total time for which application threads were stopped: 0.0000268 seconds, Stopping threads took: 0.0000099 seconds
2017-01-19T09:52:02.647-0500: 24.045: Total time for which application threads were stopped: 0.0000128 seconds, Stopping threads took: 0.0000040 seconds
2017-01-19T09:52:02.647-0500: 24.045: Total time for which application threads were stopped: 0.0000121 seconds, Stopping threads took: 0.0000048 seconds
2017-01-19T09:52:02.805-0500: 24.202: Total time for which application threads were stopped: 0.0000854 seconds, Stopping threads took: 0.0000242 seconds
2017-01-19T09:52:02.805-0500: 24.202: Total time for which application threads were stopped: 0.0000590 seconds, Stopping threads took: 0.0000158 seconds
2017-01-19T09:52:02.805-0500: 24.202: Total time for which application threads were stopped: 0.0000370 seconds, Stopping threads took: 0.0000106 seconds
2017-01-19T09:52:02.805-0500: 24.203: Total time for which application threads were stopped: 0.0000348 seconds, Stopping threads took: 0.0000099 seconds
{Heap before GC invocations=6 (full 0):
 par new generation   total 109248K, used 100435K [0x00000000dae00000, 0x00000000e2e00000, 0x00000000e2e00000)
  eden space 87424K, 100% used [0x00000000dae00000, 0x00000000e0360000, 0x00000000e0360000)
  from space 21824K,  59% used [0x00000000e0360000, 0x00000000e1014cc8, 0x00000000e18b0000)
  to   space 21824K,   0% used [0x00000000e18b0000, 0x00000000e18b0000, 0x00000000e2e00000)
 concurrent mark-sweep generation total 393216K, used 0K [0x00000000e2e00000, 0x00000000fae00000, 0x00000000fae00000)
 concurrent-mark-sweep perm gen total 21440K, used 21258K [0x00000000fae00000, 0x00000000fc2f0000, 0x0000000100000000)
2017-01-19T09:52:02.887-0500: 24.285: [GC2017-01-19T09:52:02.887-0500: 24.285: [ParNew
Desired survivor size 20112992 bytes, new threshold 8 (max 8)
- age   1:    1193136 bytes,    1193136 total
- age   2:      79760 bytes,    1272896 total
- age   3:     141088 bytes,    1413984 total
- age   4:    2462464 bytes,    3876448 total
- age   5:     691680 bytes,    4568128 total
- age   6:    4491224 bytes,    9059352 total
- age   7:    2170968 bytes,   11230320 total
: 100435K->17687K(109248K), 0.0064507 secs] 100435K->17687K(502464K), 0.0065314 secs] [Times: user=0.00 sys=0.00, real=0.01 secs] 
Heap after GC invocations=7 (full 0):
 par new generation   total 109248K, used 17687K [0x00000000dae00000, 0x00000000e2e00000, 0x00000000e2e00000)
  eden space 87424K,   0% used [0x00000000dae00000, 0x00000000dae00000, 0x00000000e0360000)
  from space 21824K,  81% used [0x00000000e18b0000, 0x00000000e29f5ec0, 0x00000000e2e00000)
  to   space 21824K,   0% used [0x00000000e0360000, 0x00000000e0360000, 0x00000000e18b0000)
 concurrent mark-sweep generation total 393216K, used 0K [0x00000000e2e00000, 0x00000000fae00000, 0x00000000fae00000)
 concurrent-mark-sweep perm gen total 21440K, used 21258K [0x00000000fae00000, 0x00000000fc2f0000, 0x0000000100000000)
}
2017-01-19T09:52:02.894-0500: 24.291: Total time for which application threads were stopped: 0.0066996 seconds, Stopping threads took: 0.0000312 seconds
{Heap before GC invocations=7 (full 0):
 par new generation   total 109248K, used 105111K [0x00000000dae00000, 0x00000000e2e00000, 0x00000000e2e00000)
  eden space 87424K, 100% used [0x00000000dae00000, 0x00000000e0360000, 0x00000000e0360000)
  from space 21824K,  81% used [0x00000000e18b0000, 0x00000000e29f5ec0, 0x00000000e2e00000)
  to   space 21824K,   0% used [0x00000000e0360000, 0x00000000e0360000, 0x00000000e18b0000)
 concurrent mark-sweep generation total 393216K, used 0K [0x00000000e2e00000, 0x00000000fae00000, 0x00000000fae00000)
 concurrent-mark-sweep perm gen total 21440K, used 21298K [0x00000000fae00000, 0x00000000fc2f0000, 0x0000000100000000)
2017-01-19T09:52:02.952-0500: 24.350: [GC2017-01-19T09:52:02.952-0500: 24.350: [ParNew
Desired survivor size 20112992 bytes, new threshold 8 (max 8)
- age   1:    1051832 bytes,    1051832 total
- age   2:     127464 bytes,    1179296 total
- age   3:      78792 bytes,    1258088 total
- age   4:     140936 bytes,    1399024 total
- age   5:    2462464 bytes,    3861488 total
- age   6:     691680 bytes,    4553168 total
- age   7:    4490160 bytes,    9043328 total
- age   8:    2170968 bytes,   11214296 total
: 105111K->13620K(109248K), 0.0071482 secs] 105111K->13620K(502464K), 0.0072278 secs] [Times: user=0.06 sys=0.00, real=0.01 secs] 
Heap after GC invocations=8 (full 0):
 par new generation   total 109248K, used 13620K [0x00000000dae00000, 0x00000000e2e00000, 0x00000000e2e00000)
  eden space 87424K,   0% used [0x00000000dae00000, 0x00000000dae00000, 0x00000000e0360000)
  from space 21824K,  62% used [0x00000000e0360000, 0x00000000e10ad040, 0x00000000e18b0000)
  to   space 21824K,   0% used [0x00000000e18b0000, 0x00000000e18b0000, 0x00000000e2e00000)
 concurrent mark-sweep generation total 393216K, used 0K [0x00000000e2e00000, 0x00000000fae00000, 0x00000000fae00000)
 concurrent-mark-sweep perm gen total 21440K, used 21298K [0x00000000fae00000, 0x00000000fc2f0000, 0x0000000100000000)
}
2017-01-19T09:52:02.959-0500: 24.357: Total time for which application threads were stopped: 0.0073579 seconds, Stopping threads took: 0.0000253 seconds
2017-01-19T09:52:02.981-0500: 24.379: Total time for which application threads were stopped: 0.0000803 seconds, Stopping threads took: 0.0000172 seconds
2017-01-19T09:52:02.981-0500: 24.379: Total time for which application threads were stopped: 0.0000191 seconds, Stopping threads took: 0.0000048 seconds
2017-01-19T09:52:02.981-0500: 24.379: Total time for which application threads were stopped: 0.0000227 seconds, Stopping threads took: 0.0000048 seconds
2017-01-19T09:52:02.981-0500: 24.379: Total time for which application threads were stopped: 0.0000279 seconds, Stopping threads took: 0.0000088 seconds
{Heap before GC invocations=8 (full 0):
 par new generation   total 109248K, used 101044K [0x00000000dae00000, 0x00000000e2e00000, 0x00000000e2e00000)
  eden space 87424K, 100% used [0x00000000dae00000, 0x00000000e0360000, 0x00000000e0360000)
  from space 21824K,  62% used [0x00000000e0360000, 0x00000000e10ad040, 0x00000000e18b0000)
  to   space 21824K,   0% used [0x00000000e18b0000, 0x00000000e18b0000, 0x00000000e2e00000)
 concurrent mark-sweep generation total 393216K, used 0K [0x00000000e2e00000, 0x00000000fae00000, 0x00000000fae00000)
 concurrent-mark-sweep perm gen total 22016K, used 21881K [0x00000000fae00000, 0x00000000fc380000, 0x0000000100000000)
2017-01-19T09:52:03.256-0500: 24.654: [GC2017-01-19T09:52:03.256-0500: 24.654: [ParNew
Desired survivor size 20112992 bytes, new threshold 8 (max 8)
- age   1:    1378608 bytes,    1378608 total
- age   2:      90240 bytes,    1468848 total
- age   3:     127368 bytes,    1596216 total
- age   4:      78712 bytes,    1674928 total
- age   5:     140832 bytes,    1815760 total
- age   6:    2462464 bytes,    4278224 total
- age   7:     691680 bytes,    4969904 total
- age   8:    4489176 bytes,    9459080 total
: 101044K->14177K(109248K), 0.0110739 secs] 101044K->16525K(502464K), 0.0111527 secs] [Times: user=0.00 sys=0.00, real=0.01 secs] 
Heap after GC invocations=9 (full 0):
 par new generation   total 109248K, used 14177K [0x00000000dae00000, 0x00000000e2e00000, 0x00000000e2e00000)
  eden space 87424K,   0% used [0x00000000dae00000, 0x00000000dae00000, 0x00000000e0360000)
  from space 21824K,  64% used [0x00000000e18b0000, 0x00000000e26886e0, 0x00000000e2e00000)
  to   space 21824K,   0% used [0x00000000e0360000, 0x00000000e0360000, 0x00000000e18b0000)
 concurrent mark-sweep generation total 393216K, used 2347K [0x00000000e2e00000, 0x00000000fae00000, 0x00000000fae00000)
 concurrent-mark-sweep perm gen total 22016K, used 21881K [0x00000000fae00000, 0x00000000fc380000, 0x0000000100000000)
}
2017-01-19T09:52:03.268-0500: 24.665: Total time for which application threads were stopped: 0.0113594 seconds, Stopping threads took: 0.0000396 seconds
2017-01-19T09:52:03.620-0500: 25.016: Total time for which application threads were stopped: 0.0001034 seconds, Stopping threads took: 0.0000282 seconds
2017-01-19T09:52:03.620-0500: 25.016: Total time for which application threads were stopped: 0.0000711 seconds, Stopping threads took: 0.0000169 seconds
2017-01-19T09:52:03.620-0500: 25.016: Total time for which application threads were stopped: 0.0000707 seconds, Stopping threads took: 0.0000187 seconds
2017-01-19T09:52:03.651-0500: 25.048: Total time for which application threads were stopped: 0.0000821 seconds, Stopping threads took: 0.0000352 seconds
2017-01-19T09:52:03.701-0500: 25.097: Total time for which application threads were stopped: 0.0000704 seconds, Stopping threads took: 0.0000143 seconds
2017-01-19T09:52:03.721-0500: 25.118: Total time for which application threads were stopped: 0.0000469 seconds, Stopping threads took: 0.0000154 seconds
2017-01-19T09:52:03.729-0500: 25.126: Total time for which application threads were stopped: 0.0000455 seconds, Stopping threads took: 0.0000128 seconds
2017-01-19T09:52:03.729-0500: 25.126: Total time for which application threads were stopped: 0.0000150 seconds, Stopping threads took: 0.0000044 seconds
2017-01-19T09:52:03.729-0500: 25.126: Total time for which application threads were stopped: 0.0000202 seconds, Stopping threads took: 0.0000059 seconds
2017-01-19T09:52:03.730-0500: 25.126: Total time for which application threads were stopped: 0.0000198 seconds, Stopping threads took: 0.0000055 seconds
2017-01-19T09:52:03.730-0500: 25.127: Total time for which application threads were stopped: 0.0000407 seconds, Stopping threads took: 0.0000183 seconds
2017-01-19T09:52:03.768-0500: 25.164: Total time for which application threads were stopped: 0.0001840 seconds, Stopping threads took: 0.0000150 seconds
2017-01-19T09:52:03.861-0500: 25.258: Total time for which application threads were stopped: 0.0000506 seconds, Stopping threads took: 0.0000158 seconds
2017-01-19T09:52:03.863-0500: 25.260: Total time for which application threads were stopped: 0.0000169 seconds, Stopping threads took: 0.0000066 seconds
2017-01-19T09:52:03.867-0500: 25.264: Total time for which application threads were stopped: 0.0000271 seconds, Stopping threads took: 0.0000117 seconds
2017-01-19T09:52:03.909-0500: 25.306: Total time for which application threads were stopped: 0.0000341 seconds, Stopping threads took: 0.0000128 seconds
2017-01-19T09:52:04.154-0500: 25.551: Total time for which application threads were stopped: 0.0000458 seconds, Stopping threads took: 0.0000139 seconds
2017-01-19T09:52:04.172-0500: 25.568: Total time for which application threads were stopped: 0.0001228 seconds, Stopping threads took: 0.0000147 seconds
2017-01-19T09:52:04.587-0500: 25.982: Total time for which application threads were stopped: 0.0001331 seconds, Stopping threads took: 0.0000161 seconds
2017-01-19T09:52:04.587-0500: 25.983: Total time for which application threads were stopped: 0.0001100 seconds, Stopping threads took: 0.0000095 seconds
2017-01-19T09:52:04.587-0500: 25.983: Total time for which application threads were stopped: 0.0000191 seconds, Stopping threads took: 0.0000077 seconds
2017-01-19T09:52:04.661-0500: 26.057: Total time for which application threads were stopped: 0.0000949 seconds, Stopping threads took: 0.0000447 seconds
2017-01-19T09:52:04.727-0500: 26.123: Total time for which application threads were stopped: 0.0001298 seconds, Stopping threads took: 0.0000356 seconds
2017-01-19T09:52:04.862-0500: 26.258: Total time for which application threads were stopped: 0.0002097 seconds, Stopping threads took: 0.0000935 seconds
2017-01-19T09:52:04.978-0500: 26.374: Total time for which application threads were stopped: 0.0002060 seconds, Stopping threads took: 0.0001114 seconds
2017-01-19T09:52:05.099-0500: 26.495: Total time for which application threads were stopped: 0.0001690 seconds, Stopping threads took: 0.0000275 seconds
2017-01-19T09:52:05.105-0500: 26.501: Total time for which application threads were stopped: 0.0001913 seconds, Stopping threads took: 0.0001118 seconds
2017-01-19T09:52:05.111-0500: 26.506: Total time for which application threads were stopped: 0.0001386 seconds, Stopping threads took: 0.0000700 seconds
2017-01-19T09:52:05.124-0500: 26.518: Total time for which application threads were stopped: 0.0000968 seconds, Stopping threads took: 0.0000268 seconds
2017-01-19T09:52:05.191-0500: 26.585: Total time for which application threads were stopped: 0.0001627 seconds, Stopping threads took: 0.0001118 seconds
2017-01-19T09:52:05.192-0500: 26.586: Total time for which application threads were stopped: 0.0002914 seconds, Stopping threads took: 0.0000986 seconds
2017-01-19T09:52:05.433-0500: 26.828: Total time for which application threads were stopped: 0.0000641 seconds, Stopping threads took: 0.0000158 seconds
2017-01-19T09:52:05.453-0500: 26.848: Total time for which application threads were stopped: 0.0001664 seconds, Stopping threads took: 0.0000458 seconds
2017-01-19T09:52:05.515-0500: 26.910: Total time for which application threads were stopped: 0.0000531 seconds, Stopping threads took: 0.0000191 seconds
2017-01-19T09:52:05.516-0500: 26.910: Total time for which application threads were stopped: 0.0000304 seconds, Stopping threads took: 0.0000117 seconds
{Heap before GC invocations=9 (full 0):
 par new generation   total 109248K, used 101580K [0x00000000dae00000, 0x00000000e2e00000, 0x00000000e2e00000)
  eden space 87424K,  99% used [0x00000000dae00000, 0x00000000e035abe0, 0x00000000e0360000)
  from space 21824K,  64% used [0x00000000e18b0000, 0x00000000e26886e0, 0x00000000e2e00000)
  to   space 21824K,   0% used [0x00000000e0360000, 0x00000000e0360000, 0x00000000e18b0000)
 concurrent mark-sweep generation total 393216K, used 2347K [0x00000000e2e00000, 0x00000000fae00000, 0x00000000fae00000)
 concurrent-mark-sweep perm gen total 24896K, used 24828K [0x00000000fae00000, 0x00000000fc650000, 0x0000000100000000)
2017-01-19T09:52:05.633-0500: 27.028: [GC2017-01-19T09:52:05.633-0500: 27.028: [ParNew
Desired survivor size 20112992 bytes, new threshold 8 (max 8)
- age   1:    4399528 bytes,    4399528 total
- age   2:     143224 bytes,    4542752 total
- age   3:      87672 bytes,    4630424 total
- age   4:     126400 bytes,    4756824 total
- age   5:      77544 bytes,    4834368 total
- age   6:     134320 bytes,    4968688 total
- age   7:     280736 bytes,    5249424 total
- age   8:     690088 bytes,    5939512 total
: 101580K->9344K(109248K), 0.0234713 secs] 103928K->16314K(502464K), 0.0235916 secs] [Times: user=0.06 sys=0.00, real=0.02 secs] 
Heap after GC invocations=10 (full 0):
 par new generation   total 109248K, used 9344K [0x00000000dae00000, 0x00000000e2e00000, 0x00000000e2e00000)
  eden space 87424K,   0% used [0x00000000dae00000, 0x00000000dae00000, 0x00000000e0360000)
  from space 21824K,  42% used [0x00000000e0360000, 0x00000000e0c80240, 0x00000000e18b0000)
  to   space 21824K,   0% used [0x00000000e18b0000, 0x00000000e18b0000, 0x00000000e2e00000)
 concurrent mark-sweep generation total 393216K, used 6970K [0x00000000e2e00000, 0x00000000fae00000, 0x00000000fae00000)
 concurrent-mark-sweep perm gen total 24896K, used 24828K [0x00000000fae00000, 0x00000000fc650000, 0x0000000100000000)
}
2017-01-19T09:52:05.657-0500: 27.051: Total time for which application threads were stopped: 0.0238826 seconds, Stopping threads took: 0.0000253 seconds
2017-01-19T09:52:05.871-0500: 27.266: Total time for which application threads were stopped: 0.0001155 seconds, Stopping threads took: 0.0000301 seconds
2017-01-19T09:52:05.872-0500: 27.267: Total time for which application threads were stopped: 0.0000649 seconds, Stopping threads took: 0.0000275 seconds
2017-01-19T09:52:05.872-0500: 27.267: Total time for which application threads were stopped: 0.0000520 seconds, Stopping threads took: 0.0000224 seconds
2017-01-19T09:52:05.872-0500: 27.267: Total time for which application threads were stopped: 0.0000348 seconds, Stopping threads took: 0.0000110 seconds
2017-01-19T09:52:05.914-0500: 27.309: Total time for which application threads were stopped: 0.0000477 seconds, Stopping threads took: 0.0000147 seconds
2017-01-19T09:52:05.914-0500: 27.309: Total time for which application threads were stopped: 0.0000180 seconds, Stopping threads took: 0.0000044 seconds
2017-01-19T09:52:05.914-0500: 27.309: Total time for which application threads were stopped: 0.0000169 seconds, Stopping threads took: 0.0000055 seconds
2017-01-19T09:52:05.915-0500: 27.309: Total time for which application threads were stopped: 0.0000194 seconds, Stopping threads took: 0.0000051 seconds
2017-01-19T09:52:05.915-0500: 27.310: Total time for which application threads were stopped: 0.0000374 seconds, Stopping threads took: 0.0000150 seconds
2017-01-19T09:52:05.916-0500: 27.310: Total time for which application threads were stopped: 0.0001151 seconds, Stopping threads took: 0.0000106 seconds
2017-01-19T09:52:05.933-0500: 27.327: Total time for which application threads were stopped: 0.0000473 seconds, Stopping threads took: 0.0000139 seconds
2017-01-19T09:52:05.933-0500: 27.328: Total time for which application threads were stopped: 0.0000498 seconds, Stopping threads took: 0.0000183 seconds
2017-01-19T09:52:05.933-0500: 27.328: Total time for which application threads were stopped: 0.0000323 seconds, Stopping threads took: 0.0000110 seconds
2017-01-19T09:52:05.934-0500: 27.328: Total time for which application threads were stopped: 0.0000612 seconds, Stopping threads took: 0.0000370 seconds
2017-01-19T09:52:05.939-0500: 27.334: Total time for which application threads were stopped: 0.0000370 seconds, Stopping threads took: 0.0000125 seconds
2017-01-19T09:52:05.941-0500: 27.335: Total time for which application threads were stopped: 0.0000502 seconds, Stopping threads took: 0.0000191 seconds
2017-01-19T09:52:05.954-0500: 27.348: Total time for which application threads were stopped: 0.0000495 seconds, Stopping threads took: 0.0000139 seconds
2017-01-19T09:52:05.986-0500: 27.380: Total time for which application threads were stopped: 0.0000674 seconds, Stopping threads took: 0.0000169 seconds
2017-01-19T09:52:05.986-0500: 27.381: Total time for which application threads were stopped: 0.0000367 seconds, Stopping threads took: 0.0000114 seconds
2017-01-19T09:52:07.019-0500: 28.411: Total time for which application threads were stopped: 0.0311903 seconds, Stopping threads took: 0.0308501 seconds
2017-01-19T09:52:07.756-0500: 29.149: Total time for which application threads were stopped: 0.0226712 seconds, Stopping threads took: 0.0224996 seconds
2017-01-19T09:52:07.758-0500: 29.151: Total time for which application threads were stopped: 0.0001954 seconds, Stopping threads took: 0.0001338 seconds
2017-01-19T09:52:07.785-0500: 29.178: Total time for which application threads were stopped: 0.0106238 seconds, Stopping threads took: 0.0105230 seconds
2017-01-19T09:52:07.875-0500: 29.267: Total time for which application threads were stopped: 0.0145725 seconds, Stopping threads took: 0.0144574 seconds
2017-01-19T09:52:07.922-0500: 29.314: Total time for which application threads were stopped: 0.0209096 seconds, Stopping threads took: 0.0207974 seconds
2017-01-19T09:52:07.922-0500: 29.314: Total time for which application threads were stopped: 0.0001822 seconds, Stopping threads took: 0.0001140 seconds
2017-01-19T09:52:07.922-0500: 29.314: Total time for which application threads were stopped: 0.0001155 seconds, Stopping threads took: 0.0000564 seconds
2017-01-19T09:52:07.923-0500: 29.315: Total time for which application threads were stopped: 0.0000861 seconds, Stopping threads took: 0.0000253 seconds
2017-01-19T09:52:07.951-0500: 29.342: Total time for which application threads were stopped: 0.0116732 seconds, Stopping threads took: 0.0115713 seconds
2017-01-19T09:52:08.015-0500: 29.406: Total time for which application threads were stopped: 0.0111164 seconds, Stopping threads took: 0.0110226 seconds
2017-01-19T09:52:08.043-0500: 29.435: Total time for which application threads were stopped: 0.0279405 seconds, Stopping threads took: 0.0278841 seconds
2017-01-19T09:52:08.114-0500: 29.505: Total time for which application threads were stopped: 0.0000564 seconds, Stopping threads took: 0.0000161 seconds
2017-01-19T09:52:08.316-0500: 29.707: Total time for which application threads were stopped: 0.0382062 seconds, Stopping threads took: 0.0380574 seconds
2017-01-19T09:52:08.317-0500: 29.709: Total time for which application threads were stopped: 0.0000502 seconds, Stopping threads took: 0.0000154 seconds
2017-01-19T09:52:08.365-0500: 29.756: Total time for which application threads were stopped: 0.0067663 seconds, Stopping threads took: 0.0066563 seconds
2017-01-19T09:52:08.367-0500: 29.759: Total time for which application threads were stopped: 0.0001334 seconds, Stopping threads took: 0.0000891 seconds
2017-01-19T09:52:08.371-0500: 29.763: Total time for which application threads were stopped: 0.0000715 seconds, Stopping threads took: 0.0000271 seconds
2017-01-19T09:52:08.372-0500: 29.763: Total time for which application threads were stopped: 0.0000696 seconds, Stopping threads took: 0.0000385 seconds
2017-01-19T09:52:08.376-0500: 29.768: Total time for which application threads were stopped: 0.0000869 seconds, Stopping threads took: 0.0000557 seconds
2017-01-19T09:52:08.448-0500: 29.839: Total time for which application threads were stopped: 0.0002342 seconds, Stopping threads took: 0.0001547 seconds
2017-01-19T09:52:08.531-0500: 29.923: Total time for which application threads were stopped: 0.0001100 seconds, Stopping threads took: 0.0000484 seconds
{Heap before GC invocations=10 (full 0):
 par new generation   total 109248K, used 96768K [0x00000000dae00000, 0x00000000e2e00000, 0x00000000e2e00000)
  eden space 87424K, 100% used [0x00000000dae00000, 0x00000000e0360000, 0x00000000e0360000)
  from space 21824K,  42% used [0x00000000e0360000, 0x00000000e0c80240, 0x00000000e18b0000)
  to   space 21824K,   0% used [0x00000000e18b0000, 0x00000000e18b0000, 0x00000000e2e00000)
 concurrent mark-sweep generation total 393216K, used 6970K [0x00000000e2e00000, 0x00000000fae00000, 0x00000000fae00000)
 concurrent-mark-sweep perm gen total 27968K, used 27912K [0x00000000fae00000, 0x00000000fc950000, 0x0000000100000000)
2017-01-19T09:52:08.633-0500: 30.024: [GC2017-01-19T09:52:08.633-0500: 30.024: [ParNew
Desired survivor size 20112992 bytes, new threshold 8 (max 8)
- age   1:   13192584 bytes,   13192584 total
- age   2:    2020168 bytes,   15212752 total
- age   3:     143176 bytes,   15355928 total
- age   4:      87544 bytes,   15443472 total
- age   5:     125680 bytes,   15569152 total
- age   6:      77048 bytes,   15646200 total
- age   7:     131520 bytes,   15777720 total
- age   8:     277888 bytes,   16055608 total
: 96768K->16689K(109248K), 0.0114587 secs] 103738K->24330K(502464K), 0.0115665 secs] [Times: user=0.06 sys=0.00, real=0.01 secs] 
Heap after GC invocations=11 (full 0):
 par new generation   total 109248K, used 16689K [0x00000000dae00000, 0x00000000e2e00000, 0x00000000e2e00000)
  eden space 87424K,   0% used [0x00000000dae00000, 0x00000000dae00000, 0x00000000e0360000)
  from space 21824K,  76% used [0x00000000e18b0000, 0x00000000e28fc4e0, 0x00000000e2e00000)
  to   space 21824K,   0% used [0x00000000e0360000, 0x00000000e0360000, 0x00000000e18b0000)
 concurrent mark-sweep generation total 393216K, used 7641K [0x00000000e2e00000, 0x00000000fae00000, 0x00000000fae00000)
 concurrent-mark-sweep perm gen total 27968K, used 27912K [0x00000000fae00000, 0x00000000fc950000, 0x0000000100000000)
}
2017-01-19T09:52:08.644-0500: 30.036: Total time for which application threads were stopped: 0.0400488 seconds, Stopping threads took: 0.0283507 seconds
2017-01-19T09:52:08.687-0500: 30.078: Total time for which application threads were stopped: 0.0367082 seconds, Stopping threads took: 0.0364655 seconds
2017-01-19T09:52:08.776-0500: 30.166: Total time for which application threads were stopped: 0.0255474 seconds, Stopping threads took: 0.0255053 seconds
2017-01-19T09:52:08.903-0500: 30.293: Total time for which application threads were stopped: 0.1263222 seconds, Stopping threads took: 0.1261855 seconds
2017-01-19T09:52:08.974-0500: 30.364: Total time for which application threads were stopped: 0.0705327 seconds, Stopping threads took: 0.0704840 seconds
{Heap before GC invocations=11 (full 0):
 par new generation   total 109248K, used 104113K [0x00000000dae00000, 0x00000000e2e00000, 0x00000000e2e00000)
  eden space 87424K, 100% used [0x00000000dae00000, 0x00000000e0360000, 0x00000000e0360000)
  from space 21824K,  76% used [0x00000000e18b0000, 0x00000000e28fc4e0, 0x00000000e2e00000)
  to   space 21824K,   0% used [0x00000000e0360000, 0x00000000e0360000, 0x00000000e18b0000)
 concurrent mark-sweep generation total 393216K, used 7641K [0x00000000e2e00000, 0x00000000fae00000, 0x00000000fae00000)
 concurrent-mark-sweep perm gen total 28160K, used 27969K [0x00000000fae00000, 0x00000000fc980000, 0x0000000100000000)
2017-01-19T09:52:09.148-0500: 30.538: [GC2017-01-19T09:52:09.148-0500: 30.538: [ParNew
Desired survivor size 20112992 bytes, new threshold 8 (max 8)
- age   1:    1999048 bytes,    1999048 total
- age   2:   10415104 bytes,   12414152 total
- age   3:    2017472 bytes,   14431624 total
- age   4:     143176 bytes,   14574800 total
- age   5:      87544 bytes,   14662344 total
- age   6:     125680 bytes,   14788024 total
- age   7:      77048 bytes,   14865072 total
- age   8:     131488 bytes,   14996560 total
: 104113K->17860K(109248K), 0.0092518 secs] 111754K->25776K(502464K), 0.0093343 secs] [Times: user=0.00 sys=0.00, real=0.01 secs] 
Heap after GC invocations=12 (full 0):
 par new generation   total 109248K, used 17860K [0x00000000dae00000, 0x00000000e2e00000, 0x00000000e2e00000)
  eden space 87424K,   0% used [0x00000000dae00000, 0x00000000dae00000, 0x00000000e0360000)
  from space 21824K,  81% used [0x00000000e0360000, 0x00000000e14d11c8, 0x00000000e18b0000)
  to   space 21824K,   0% used [0x00000000e18b0000, 0x00000000e18b0000, 0x00000000e2e00000)
 concurrent mark-sweep generation total 393216K, used 7916K [0x00000000e2e00000, 0x00000000fae00000, 0x00000000fae00000)
 concurrent-mark-sweep perm gen total 28160K, used 27969K [0x00000000fae00000, 0x00000000fc980000, 0x0000000100000000)
}
2017-01-19T09:52:09.157-0500: 30.548: Total time for which application threads were stopped: 0.0124326 seconds, Stopping threads took: 0.0029202 seconds
2017-01-19T09:52:09.176-0500: 30.566: Total time for which application threads were stopped: 0.0185938 seconds, Stopping threads took: 0.0184168 seconds
2017-01-19T09:52:09.176-0500: 30.566: Total time for which application threads were stopped: 0.0000575 seconds, Stopping threads took: 0.0000293 seconds
{Heap before GC invocations=12 (full 0):
 par new generation   total 109248K, used 105284K [0x00000000dae00000, 0x00000000e2e00000, 0x00000000e2e00000)
  eden space 87424K, 100% used [0x00000000dae00000, 0x00000000e0360000, 0x00000000e0360000)
  from space 21824K,  81% used [0x00000000e0360000, 0x00000000e14d11c8, 0x00000000e18b0000)
  to   space 21824K,   0% used [0x00000000e18b0000, 0x00000000e18b0000, 0x00000000e2e00000)
 concurrent mark-sweep generation total 393216K, used 7916K [0x00000000e2e00000, 0x00000000fae00000, 0x00000000fae00000)
 concurrent-mark-sweep perm gen total 28160K, used 27986K [0x00000000fae00000, 0x00000000fc980000, 0x0000000100000000)
2017-01-19T09:52:09.371-0500: 30.761: [GC2017-01-19T09:52:09.371-0500: 30.761: [ParNew
Desired survivor size 20112992 bytes, new threshold 8 (max 8)
- age   1:    1087648 bytes,    1087648 total
- age   2:     853000 bytes,    1940648 total
- age   3:   10414136 bytes,   12354784 total
- age   4:    2017472 bytes,   14372256 total
- age   5:     143176 bytes,   14515432 total
- age   6:      87544 bytes,   14602976 total
- age   7:     125680 bytes,   14728656 total
- age   8:      77048 bytes,   14805704 total
: 105284K->20302K(109248K), 0.0096370 secs] 113200K->28351K(502464K), 0.0097301 secs] [Times: user=0.06 sys=0.00, real=0.01 secs] 
Heap after GC invocations=13 (full 0):
 par new generation   total 109248K, used 20302K [0x00000000dae00000, 0x00000000e2e00000, 0x00000000e2e00000)
  eden space 87424K,   0% used [0x00000000dae00000, 0x00000000dae00000, 0x00000000e0360000)
  from space 21824K,  93% used [0x00000000e18b0000, 0x00000000e2c83be0, 0x00000000e2e00000)
  to   space 21824K,   0% used [0x00000000e0360000, 0x00000000e0360000, 0x00000000e18b0000)
 concurrent mark-sweep generation total 393216K, used 8048K [0x00000000e2e00000, 0x00000000fae00000, 0x00000000fae00000)
 concurrent-mark-sweep perm gen total 28160K, used 27986K [0x00000000fae00000, 0x00000000fc980000, 0x0000000100000000)
}
2017-01-19T09:52:09.381-0500: 30.771: Total time for which application threads were stopped: 0.0762933 seconds, Stopping threads took: 0.0663102 seconds
{Heap before GC invocations=13 (full 0):
 par new generation   total 109248K, used 107726K [0x00000000dae00000, 0x00000000e2e00000, 0x00000000e2e00000)
  eden space 87424K, 100% used [0x00000000dae00000, 0x00000000e0360000, 0x00000000e0360000)
  from space 21824K,  93% used [0x00000000e18b0000, 0x00000000e2c83be0, 0x00000000e2e00000)
  to   space 21824K,   0% used [0x00000000e0360000, 0x00000000e0360000, 0x00000000e18b0000)
 concurrent mark-sweep generation total 393216K, used 8048K [0x00000000e2e00000, 0x00000000fae00000, 0x00000000fae00000)
 concurrent-mark-sweep perm gen total 28160K, used 28108K [0x00000000fae00000, 0x00000000fc980000, 0x0000000100000000)
2017-01-19T09:52:09.529-0500: 30.919: [GC2017-01-19T09:52:09.529-0500: 30.919: [ParNew
Desired survivor size 20112992 bytes, new threshold 8 (max 8)
- age   1:     298528 bytes,     298528 total
- age   2:     942720 bytes,    1241248 total
- age   3:     851472 bytes,    2092720 total
- age   4:   10413904 bytes,   12506624 total
- age   5:    2013136 bytes,   14519760 total
- age   6:     143176 bytes,   14662936 total
- age   7:      87544 bytes,   14750480 total
- age   8:     125584 bytes,   14876064 total
: 107726K->19787K(109248K), 0.0089344 secs] 115775K->27914K(502464K), 0.0090271 secs] [Times: user=0.06 sys=0.00, real=0.01 secs] 
Heap after GC invocations=14 (full 0):
 par new generation   total 109248K, used 19787K [0x00000000dae00000, 0x00000000e2e00000, 0x00000000e2e00000)
  eden space 87424K,   0% used [0x00000000dae00000, 0x00000000dae00000, 0x00000000e0360000)
  from space 21824K,  90% used [0x00000000e0360000, 0x00000000e16b2e90, 0x00000000e18b0000)
  to   space 21824K,   0% used [0x00000000e18b0000, 0x00000000e18b0000, 0x00000000e2e00000)
 concurrent mark-sweep generation total 393216K, used 8126K [0x00000000e2e00000, 0x00000000fae00000, 0x00000000fae00000)
 concurrent-mark-sweep perm gen total 28160K, used 28108K [0x00000000fae00000, 0x00000000fc980000, 0x0000000100000000)
}
2017-01-19T09:52:09.538-0500: 30.928: Total time for which application threads were stopped: 0.0391603 seconds, Stopping threads took: 0.0299576 seconds
2017-01-19T09:52:09.995-0500: 31.384: Total time for which application threads were stopped: 0.0000931 seconds, Stopping threads took: 0.0000161 seconds
2017-01-19T09:52:10.054-0500: 31.444: Total time for which application threads were stopped: 0.0001103 seconds, Stopping threads took: 0.0000246 seconds
2017-01-19T09:52:10.326-0500: 31.715: Total time for which application threads were stopped: 0.0000832 seconds, Stopping threads took: 0.0000429 seconds
2017-01-19T09:52:10.326-0500: 31.716: Total time for which application threads were stopped: 0.0001448 seconds, Stopping threads took: 0.0001129 seconds
2017-01-19T09:52:10.327-0500: 31.716: Total time for which application threads were stopped: 0.0000927 seconds, Stopping threads took: 0.0000704 seconds
2017-01-19T09:52:10.327-0500: 31.716: Total time for which application threads were stopped: 0.0000513 seconds, Stopping threads took: 0.0000172 seconds
2017-01-19T09:52:10.330-0500: 31.719: Total time for which application threads were stopped: 0.0000509 seconds, Stopping threads took: 0.0000183 seconds
2017-01-19T09:52:10.530-0500: 31.920: Total time for which application threads were stopped: 0.0002976 seconds, Stopping threads took: 0.0001888 seconds
2017-01-19T09:52:10.655-0500: 32.044: Total time for which application threads were stopped: 0.0307937 seconds, Stopping threads took: 0.0306804 seconds
2017-01-19T09:52:10.655-0500: 32.044: Total time for which application threads were stopped: 0.0000458 seconds, Stopping threads took: 0.0000238 seconds
2017-01-19T09:52:10.665-0500: 32.054: Total time for which application threads were stopped: 0.0093911 seconds, Stopping threads took: 0.0093387 seconds
2017-01-19T09:52:12.104-0500: 33.492: Total time for which application threads were stopped: 0.0001609 seconds, Stopping threads took: 0.0000235 seconds
2017-01-19T09:52:15.396-0500: 36.779: Total time for which application threads were stopped: 0.0002155 seconds, Stopping threads took: 0.0000275 seconds
2017-01-19T09:52:15.414-0500: 36.798: Total time for which application threads were stopped: 0.0000634 seconds, Stopping threads took: 0.0000213 seconds
2017-01-19T09:52:15.663-0500: 37.047: Total time for which application threads were stopped: 0.0000960 seconds, Stopping threads took: 0.0000506 seconds
2017-01-19T09:52:15.704-0500: 37.087: Total time for which application threads were stopped: 0.0001323 seconds, Stopping threads took: 0.0000389 seconds
2017-01-19T09:52:17.880-0500: 39.260: Total time for which application threads were stopped: 0.0001649 seconds, Stopping threads took: 0.0000172 seconds
2017-01-19T09:52:18.005-0500: 39.386: Total time for which application threads were stopped: 0.0001378 seconds, Stopping threads took: 0.0001063 seconds
2017-01-19T09:52:18.005-0500: 39.386: Total time for which application threads were stopped: 0.0000345 seconds, Stopping threads took: 0.0000172 seconds
2017-01-19T09:52:19.006-0500: 40.385: Total time for which application threads were stopped: 0.0001224 seconds, Stopping threads took: 0.0000183 seconds
2017-01-19T09:52:23.057-0500: 44.433: Total time for which application threads were stopped: 0.0002335 seconds, Stopping threads took: 0.0000389 seconds
2017-01-19T09:52:28.076-0500: 49.445: Total time for which application threads were stopped: 0.0001059 seconds, Stopping threads took: 0.0000161 seconds
2017-01-19T09:52:29.923-0500: 51.290: Total time for which application threads were stopped: 0.0001228 seconds, Stopping threads took: 0.0000367 seconds
2017-01-19T09:52:30.076-0500: 51.444: Total time for which application threads were stopped: 0.0000608 seconds, Stopping threads took: 0.0000363 seconds
2017-01-19T09:52:30.077-0500: 51.444: Total time for which application threads were stopped: 0.0000411 seconds, Stopping threads took: 0.0000044 seconds
2017-01-19T09:52:30.184-0500: 51.552: Total time for which application threads were stopped: 0.0000491 seconds, Stopping threads took: 0.0000198 seconds
2017-01-19T09:52:30.184-0500: 51.552: Total time for which application threads were stopped: 0.0000198 seconds, Stopping threads took: 0.0000073 seconds
2017-01-19T09:52:30.185-0500: 51.552: Total time for which application threads were stopped: 0.0000205 seconds, Stopping threads took: 0.0000073 seconds
2017-01-19T09:52:30.185-0500: 51.552: Total time for which application threads were stopped: 0.0000187 seconds, Stopping threads took: 0.0000070 seconds
2017-01-19T09:52:30.337-0500: 51.704: Total time for which application threads were stopped: 0.0001206 seconds, Stopping threads took: 0.0000370 seconds
2017-01-19T09:52:30.337-0500: 51.705: Total time for which application threads were stopped: 0.0000843 seconds, Stopping threads took: 0.0000231 seconds
2017-01-19T09:52:30.337-0500: 51.705: Total time for which application threads were stopped: 0.0000872 seconds, Stopping threads took: 0.0000260 seconds
2017-01-19T09:52:30.338-0500: 51.706: Total time for which application threads were stopped: 0.0000869 seconds, Stopping threads took: 0.0000257 seconds
2017-01-19T09:52:30.593-0500: 51.961: Total time for which application threads were stopped: 0.0001624 seconds, Stopping threads took: 0.0000198 seconds
2017-01-19T09:52:30.594-0500: 51.962: Total time for which application threads were stopped: 0.0000524 seconds, Stopping threads took: 0.0000161 seconds
2017-01-19T09:52:30.596-0500: 51.964: Total time for which application threads were stopped: 0.0000564 seconds, Stopping threads took: 0.0000238 seconds
2017-01-19T09:52:30.596-0500: 51.964: Total time for which application threads were stopped: 0.0000359 seconds, Stopping threads took: 0.0000128 seconds
2017-01-19T09:52:30.596-0500: 51.964: Total time for which application threads were stopped: 0.0000495 seconds, Stopping threads took: 0.0000165 seconds
2017-01-19T09:52:30.596-0500: 51.964: Total time for which application threads were stopped: 0.0000363 seconds, Stopping threads took: 0.0000136 seconds
2017-01-19T09:52:30.661-0500: 52.028: Total time for which application threads were stopped: 0.0000517 seconds, Stopping threads took: 0.0000275 seconds
2017-01-19T09:52:30.661-0500: 52.028: Total time for which application threads were stopped: 0.0000330 seconds, Stopping threads took: 0.0000198 seconds
2017-01-19T09:52:30.661-0500: 52.028: Total time for which application threads were stopped: 0.0000209 seconds, Stopping threads took: 0.0000077 seconds
2017-01-19T09:52:30.662-0500: 52.028: Total time for which application threads were stopped: 0.0000242 seconds, Stopping threads took: 0.0000092 seconds
2017-01-19T09:52:30.721-0500: 52.088: Total time for which application threads were stopped: 0.0000949 seconds, Stopping threads took: 0.0000367 seconds
2017-01-19T09:52:30.722-0500: 52.088: Total time for which application threads were stopped: 0.0000414 seconds, Stopping threads took: 0.0000304 seconds
2017-01-19T09:52:30.723-0500: 52.089: Total time for which application threads were stopped: 0.0000400 seconds, Stopping threads took: 0.0000191 seconds
2017-01-19T09:52:30.723-0500: 52.090: Total time for which application threads were stopped: 0.0000403 seconds, Stopping threads took: 0.0000191 seconds
2017-01-19T09:52:30.723-0500: 52.090: Total time for which application threads were stopped: 0.0000403 seconds, Stopping threads took: 0.0000187 seconds
2017-01-19T09:52:30.725-0500: 52.091: Total time for which application threads were stopped: 0.0000564 seconds, Stopping threads took: 0.0000084 seconds
2017-01-19T09:52:30.725-0500: 52.092: Total time for which application threads were stopped: 0.0000128 seconds, Stopping threads took: 0.0000051 seconds
2017-01-19T09:52:30.725-0500: 52.092: Total time for which application threads were stopped: 0.0000125 seconds, Stopping threads took: 0.0000055 seconds
2017-01-19T09:52:31.559-0500: 52.924: Total time for which application threads were stopped: 0.0001327 seconds, Stopping threads took: 0.0000370 seconds
2017-01-19T09:52:31.559-0500: 52.924: Total time for which application threads were stopped: 0.0000396 seconds, Stopping threads took: 0.0000191 seconds
2017-01-19T09:52:31.559-0500: 52.924: Total time for which application threads were stopped: 0.0000396 seconds, Stopping threads took: 0.0000191 seconds
{Heap before GC invocations=14 (full 0):
 par new generation   total 109248K, used 107211K [0x00000000dae00000, 0x00000000e2e00000, 0x00000000e2e00000)
  eden space 87424K, 100% used [0x00000000dae00000, 0x00000000e0360000, 0x00000000e0360000)
  from space 21824K,  90% used [0x00000000e0360000, 0x00000000e16b2e90, 0x00000000e18b0000)
  to   space 21824K,   0% used [0x00000000e18b0000, 0x00000000e18b0000, 0x00000000e2e00000)
 concurrent mark-sweep generation total 393216K, used 8126K [0x00000000e2e00000, 0x00000000fae00000, 0x00000000fae00000)
 concurrent-mark-sweep perm gen total 30848K, used 30654K [0x00000000fae00000, 0x00000000fcc20000, 0x0000000100000000)
2017-01-19T09:52:31.824-0500: 53.190: [GC2017-01-19T09:52:31.824-0500: 53.190: [ParNew
Desired survivor size 20112992 bytes, new threshold 6 (max 8)
- age   1:    8476224 bytes,    8476224 total
- age   2:     162272 bytes,    8638496 total
- age   3:     182224 bytes,    8820720 total
- age   4:     836832 bytes,    9657552 total
- age   5:   10405808 bytes,   20063360 total
- age   6:    2010616 bytes,   22073976 total
- age   7:     143176 bytes,   22217152 total
- age   8:      87544 bytes,   22304696 total
: 107211K->21824K(109248K), 0.0139534 secs] 115338K->32308K(502464K), 0.0140304 secs] [Times: user=0.05 sys=0.02, real=0.01 secs] 
Heap after GC invocations=15 (full 0):
 par new generation   total 109248K, used 21824K [0x00000000dae00000, 0x00000000e2e00000, 0x00000000e2e00000)
  eden space 87424K,   0% used [0x00000000dae00000, 0x00000000dae00000, 0x00000000e0360000)
  from space 21824K, 100% used [0x00000000e18b0000, 0x00000000e2e00000, 0x00000000e2e00000)
  to   space 21824K,   0% used [0x00000000e0360000, 0x00000000e0360000, 0x00000000e18b0000)
 concurrent mark-sweep generation total 393216K, used 10484K [0x00000000e2e00000, 0x00000000fae00000, 0x00000000fae00000)
 concurrent-mark-sweep perm gen total 30848K, used 30654K [0x00000000fae00000, 0x00000000fcc20000, 0x0000000100000000)
}
2017-01-19T09:52:31.838-0500: 53.204: Total time for which application threads were stopped: 0.0141579 seconds, Stopping threads took: 0.0000147 seconds
2017-01-19T09:52:32.839-0500: 54.203: Total time for which application threads were stopped: 0.0002152 seconds, Stopping threads took: 0.0000194 seconds
2017-01-19T09:53:12.289-0500: 93.635: Total time for which application threads were stopped: 0.0003387 seconds, Stopping threads took: 0.0000411 seconds
2017-01-19T09:56:14.977-0500: 276.249: Total time for which application threads were stopped: 0.0002005 seconds, Stopping threads took: 0.0000231 seconds
2017-01-19T09:56:14.980-0500: 276.252: Total time for which application threads were stopped: 0.0000330 seconds, Stopping threads took: 0.0000114 seconds
2017-01-19T09:56:14.981-0500: 276.253: Total time for which application threads were stopped: 0.0000341 seconds, Stopping threads took: 0.0000117 seconds
2017-01-19T09:56:14.981-0500: 276.253: Total time for which application threads were stopped: 0.0000231 seconds, Stopping threads took: 0.0000066 seconds
2017-01-19T09:56:14.981-0500: 276.253: Total time for which application threads were stopped: 0.0000249 seconds, Stopping threads took: 0.0000066 seconds
2017-01-19T09:56:14.981-0500: 276.253: Total time for which application threads were stopped: 0.0000224 seconds, Stopping threads took: 0.0000066 seconds
2017-01-19T09:56:14.981-0500: 276.253: Total time for which application threads were stopped: 0.0000180 seconds, Stopping threads took: 0.0000044 seconds
2017-01-19T09:56:14.981-0500: 276.253: Total time for which application threads were stopped: 0.0000209 seconds, Stopping threads took: 0.0000062 seconds
2017-01-19T09:56:14.981-0500: 276.253: Total time for which application threads were stopped: 0.0000180 seconds, Stopping threads took: 0.0000055 seconds
2017-01-19T09:56:14.981-0500: 276.253: Total time for which application threads were stopped: 0.0000143 seconds, Stopping threads took: 0.0000037 seconds
2017-01-19T09:56:14.982-0500: 276.253: Total time for which application threads were stopped: 0.0000180 seconds, Stopping threads took: 0.0000048 seconds
2017-01-19T09:56:14.990-0500: 276.262: Total time for which application threads were stopped: 0.0000869 seconds, Stopping threads took: 0.0000374 seconds
2017-01-19T09:56:14.991-0500: 276.263: Total time for which application threads were stopped: 0.0001375 seconds, Stopping threads took: 0.0000249 seconds
2017-01-19T09:56:15.042-0500: 276.313: Total time for which application threads were stopped: 0.0001734 seconds, Stopping threads took: 0.0000169 seconds
2017-01-19T09:56:15.043-0500: 276.314: Total time for which application threads were stopped: 0.0000356 seconds, Stopping threads took: 0.0000110 seconds
2017-01-19T09:56:15.043-0500: 276.314: Total time for which application threads were stopped: 0.0000242 seconds, Stopping threads took: 0.0000073 seconds
2017-01-19T09:56:15.043-0500: 276.314: Total time for which application threads were stopped: 0.0000187 seconds, Stopping threads took: 0.0000059 seconds
2017-01-19T09:56:15.043-0500: 276.314: Total time for which application threads were stopped: 0.0000861 seconds, Stopping threads took: 0.0000059 seconds
2017-01-19T09:56:15.048-0500: 276.319: Total time for which application threads were stopped: 0.0000425 seconds, Stopping threads took: 0.0000136 seconds
2017-01-19T09:56:15.048-0500: 276.319: Total time for which application threads were stopped: 0.0000315 seconds, Stopping threads took: 0.0000092 seconds
2017-01-19T09:56:15.077-0500: 276.347: Total time for which application threads were stopped: 0.0000891 seconds, Stopping threads took: 0.0000249 seconds
2017-01-19T09:56:15.077-0500: 276.348: Total time for which application threads were stopped: 0.0000411 seconds, Stopping threads took: 0.0000139 seconds
2017-01-19T09:56:15.222-0500: 276.493: Total time for which application threads were stopped: 0.0001569 seconds, Stopping threads took: 0.0000330 seconds
2017-01-19T09:56:15.225-0500: 276.496: Total time for which application threads were stopped: 0.0000682 seconds, Stopping threads took: 0.0000205 seconds
2017-01-19T09:56:15.226-0500: 276.497: Total time for which application threads were stopped: 0.0000634 seconds, Stopping threads took: 0.0000194 seconds
2017-01-19T09:56:16.007-0500: 277.277: Total time for which application threads were stopped: 0.0001888 seconds, Stopping threads took: 0.0000389 seconds
2017-01-19T09:56:16.033-0500: 277.304: Total time for which application threads were stopped: 0.0000755 seconds, Stopping threads took: 0.0000290 seconds
2017-01-19T09:56:16.034-0500: 277.305: Total time for which application threads were stopped: 0.0000345 seconds, Stopping threads took: 0.0000128 seconds
2017-01-19T09:56:16.039-0500: 277.310: Total time for which application threads were stopped: 0.0000748 seconds, Stopping threads took: 0.0000268 seconds
2017-01-19T09:56:16.131-0500: 277.402: Total time for which application threads were stopped: 0.0001840 seconds, Stopping threads took: 0.0000389 seconds
2017-01-19T09:56:16.562-0500: 277.833: Total time for which application threads were stopped: 0.0001517 seconds, Stopping threads took: 0.0000180 seconds
2017-01-19T09:56:16.624-0500: 277.895: Total time for which application threads were stopped: 0.0000623 seconds, Stopping threads took: 0.0000194 seconds
2017-01-19T09:56:16.625-0500: 277.895: Total time for which application threads were stopped: 0.0000187 seconds, Stopping threads took: 0.0000062 seconds
2017-01-19T09:56:16.625-0500: 277.895: Total time for which application threads were stopped: 0.0000143 seconds, Stopping threads took: 0.0000044 seconds
2017-01-19T09:56:16.625-0500: 277.895: Total time for which application threads were stopped: 0.0000150 seconds, Stopping threads took: 0.0000055 seconds
2017-01-19T09:56:16.788-0500: 278.058: Total time for which application threads were stopped: 0.0001045 seconds, Stopping threads took: 0.0000381 seconds
2017-01-19T09:56:16.976-0500: 278.247: Total time for which application threads were stopped: 0.0000920 seconds, Stopping threads took: 0.0000180 seconds
2017-01-19T09:56:17.977-0500: 279.246: Total time for which application threads were stopped: 0.0001290 seconds, Stopping threads took: 0.0000194 seconds
{Heap before GC invocations=15 (full 0):
 par new generation   total 109248K, used 109248K [0x00000000dae00000, 0x00000000e2e00000, 0x00000000e2e00000)
  eden space 87424K, 100% used [0x00000000dae00000, 0x00000000e0360000, 0x00000000e0360000)
  from space 21824K, 100% used [0x00000000e18b0000, 0x00000000e2e00000, 0x00000000e2e00000)
  to   space 21824K,   0% used [0x00000000e0360000, 0x00000000e0360000, 0x00000000e18b0000)
 concurrent mark-sweep generation total 393216K, used 10484K [0x00000000e2e00000, 0x00000000fae00000, 0x00000000fae00000)
 concurrent-mark-sweep perm gen total 31040K, used 30905K [0x00000000fae00000, 0x00000000fcc50000, 0x0000000100000000)
2017-01-19T09:56:28.529-0500: 289.794: [GC2017-01-19T09:56:28.529-0500: 289.794: [ParNew
Desired survivor size 20112992 bytes, new threshold 6 (max 8)
- age   1:    3405216 bytes,    3405216 total
- age   2:    5284160 bytes,    8689376 total
- age   3:     161792 bytes,    8851168 total
- age   4:     182224 bytes,    9033392 total
- age   5:     825896 bytes,    9859288 total
- age   6:   10405424 bytes,   20264712 total
: 109248K->21824K(109248K), 0.0150123 secs] 119732K->34518K(502464K), 0.0150948 secs] [Times: user=0.06 sys=0.00, real=0.01 secs] 
Heap after GC invocations=16 (full 0):
 par new generation   total 109248K, used 21824K [0x00000000dae00000, 0x00000000e2e00000, 0x00000000e2e00000)
  eden space 87424K,   0% used [0x00000000dae00000, 0x00000000dae00000, 0x00000000e0360000)
  from space 21824K, 100% used [0x00000000e0360000, 0x00000000e18b0000, 0x00000000e18b0000)
  to   space 21824K,   0% used [0x00000000e18b0000, 0x00000000e18b0000, 0x00000000e2e00000)
 concurrent mark-sweep generation total 393216K, used 12694K [0x00000000e2e00000, 0x00000000fae00000, 0x00000000fae00000)
 concurrent-mark-sweep perm gen total 31040K, used 30905K [0x00000000fae00000, 0x00000000fcc50000, 0x0000000100000000)
}
2017-01-19T09:56:28.544-0500: 289.810: Total time for which application threads were stopped: 0.0153173 seconds, Stopping threads took: 0.0000161 seconds
2017-01-19T09:56:30.349-0500: 291.614: Total time for which application threads were stopped: 0.0001543 seconds, Stopping threads took: 0.0000150 seconds
2017-01-19T09:56:31.349-0500: 292.614: Total time for which application threads were stopped: 0.0002778 seconds, Stopping threads took: 0.0000447 seconds
{Heap before GC invocations=16 (full 0):
 par new generation   total 109248K, used 109248K [0x00000000dae00000, 0x00000000e2e00000, 0x00000000e2e00000)
  eden space 87424K, 100% used [0x00000000dae00000, 0x00000000e0360000, 0x00000000e0360000)
  from space 21824K, 100% used [0x00000000e0360000, 0x00000000e18b0000, 0x00000000e18b0000)
  to   space 21824K,   0% used [0x00000000e18b0000, 0x00000000e18b0000, 0x00000000e2e00000)
 concurrent mark-sweep generation total 393216K, used 12694K [0x00000000e2e00000, 0x00000000fae00000, 0x00000000fae00000)
 concurrent-mark-sweep perm gen total 31040K, used 30955K [0x00000000fae00000, 0x00000000fcc50000, 0x0000000100000000)
2017-01-19T09:56:31.470-0500: 292.735: [GC2017-01-19T09:56:31.470-0500: 292.735: [ParNew
Desired survivor size 20112992 bytes, new threshold 8 (max 8)
- age   1:     313168 bytes,     313168 total
- age   2:     154736 bytes,     467904 total
- age   3:    5218008 bytes,    5685912 total
- age   4:     161792 bytes,    5847704 total
- age   5:     182224 bytes,    6029928 total
- age   6:     825896 bytes,    6855824 total
: 109248K->18897K(109248K), 0.0213417 secs] 121942K->43131K(502464K), 0.0214224 secs] [Times: user=0.08 sys=0.00, real=0.02 secs] 
Heap after GC invocations=17 (full 0):
 par new generation   total 109248K, used 18897K [0x00000000dae00000, 0x00000000e2e00000, 0x00000000e2e00000)
  eden space 87424K,   0% used [0x00000000dae00000, 0x00000000dae00000, 0x00000000e0360000)
  from space 21824K,  86% used [0x00000000e18b0000, 0x00000000e2b24600, 0x00000000e2e00000)
  to   space 21824K,   0% used [0x00000000e0360000, 0x00000000e0360000, 0x00000000e18b0000)
 concurrent mark-sweep generation total 393216K, used 24233K [0x00000000e2e00000, 0x00000000fae00000, 0x00000000fae00000)
 concurrent-mark-sweep perm gen total 31040K, used 30955K [0x00000000fae00000, 0x00000000fcc50000, 0x0000000100000000)
}
2017-01-19T09:56:31.491-0500: 292.756: Total time for which application threads were stopped: 0.0216196 seconds, Stopping threads took: 0.0000176 seconds
2017-01-19T09:56:32.491-0500: 293.755: Total time for which application threads were stopped: 0.0001257 seconds, Stopping threads took: 0.0000161 seconds
2017-01-19T09:56:41.495-0500: 302.755: Total time for which application threads were stopped: 0.0001602 seconds, Stopping threads took: 0.0000227 seconds
2017-01-19T09:58:01.100-0500: 382.334: Total time for which application threads were stopped: 0.0002734 seconds, Stopping threads took: 0.0000271 seconds
2017-01-19T09:58:01.191-0500: 382.424: Total time for which application threads were stopped: 0.0000891 seconds, Stopping threads took: 0.0000220 seconds
2017-01-19T09:58:01.193-0500: 382.426: Total time for which application threads were stopped: 0.0005146 seconds, Stopping threads took: 0.0004769 seconds
2017-01-19T09:58:01.194-0500: 382.427: Total time for which application threads were stopped: 0.0003149 seconds, Stopping threads took: 0.0002775 seconds
2017-01-19T09:58:02.188-0500: 383.421: Total time for which application threads were stopped: 0.0001265 seconds, Stopping threads took: 0.0000143 seconds
{Heap before GC invocations=17 (full 0):
 par new generation   total 109248K, used 106321K [0x00000000dae00000, 0x00000000e2e00000, 0x00000000e2e00000)
  eden space 87424K, 100% used [0x00000000dae00000, 0x00000000e0360000, 0x00000000e0360000)
  from space 21824K,  86% used [0x00000000e18b0000, 0x00000000e2b24600, 0x00000000e2e00000)
  to   space 21824K,   0% used [0x00000000e0360000, 0x00000000e0360000, 0x00000000e18b0000)
 concurrent mark-sweep generation total 393216K, used 24233K [0x00000000e2e00000, 0x00000000fae00000, 0x00000000fae00000)
 concurrent-mark-sweep perm gen total 31232K, used 31029K [0x00000000fae00000, 0x00000000fcc80000, 0x0000000100000000)
2017-01-19T09:58:02.205-0500: 383.438: [GC2017-01-19T09:58:02.205-0500: 383.438: [ParNew
Desired survivor size 20112992 bytes, new threshold 8 (max 8)
- age   1:    3085888 bytes,    3085888 total
- age   2:      11424 bytes,    3097312 total
- age   3:     122984 bytes,    3220296 total
- age   4:    5191664 bytes,    8411960 total
- age   5:     161792 bytes,    8573752 total
- age   6:     182224 bytes,    8755976 total
- age   7:     822856 bytes,    9578832 total
: 106321K->13145K(109248K), 0.0079836 secs] 130555K->37379K(502464K), 0.0080628 secs] [Times: user=0.00 sys=0.00, real=0.01 secs] 
Heap after GC invocations=18 (full 0):
 par new generation   total 109248K, used 13145K [0x00000000dae00000, 0x00000000e2e00000, 0x00000000e2e00000)
  eden space 87424K,   0% used [0x00000000dae00000, 0x00000000dae00000, 0x00000000e0360000)
  from space 21824K,  60% used [0x00000000e0360000, 0x00000000e10365b0, 0x00000000e18b0000)
  to   space 21824K,   0% used [0x00000000e18b0000, 0x00000000e18b0000, 0x00000000e2e00000)
 concurrent mark-sweep generation total 393216K, used 24233K [0x00000000e2e00000, 0x00000000fae00000, 0x00000000fae00000)
 concurrent-mark-sweep perm gen total 31232K, used 31029K [0x00000000fae00000, 0x00000000fcc80000, 0x0000000100000000)
}
2017-01-19T09:58:02.213-0500: 383.446: Total time for which application threads were stopped: 0.0081980 seconds, Stopping threads took: 0.0000150 seconds
2017-01-19T09:58:02.292-0500: 383.524: Total time for which application threads were stopped: 0.0004072 seconds, Stopping threads took: 0.0003101 seconds
2017-01-19T09:58:03.292-0500: 384.524: Total time for which application threads were stopped: 0.0001770 seconds, Stopping threads took: 0.0000205 seconds
2017-01-19T10:03:07.623-0500: 688.841: Total time for which application threads were stopped: 0.0002053 seconds, Stopping threads took: 0.0000315 seconds
2017-01-19T10:23:18.183-0500: 1898.194: Total time for which application threads were stopped: 0.0002287 seconds, Stopping threads took: 0.0000315 seconds
2017-01-19T10:25:27.967-0500: 2027.906: Total time for which application threads were stopped: 0.0004530 seconds, Stopping threads took: 0.0000509 seconds
2017-01-19T10:25:28.046-0500: 2027.985: Total time for which application threads were stopped: 0.0000495 seconds, Stopping threads took: 0.0000176 seconds
2017-01-19T10:25:28.046-0500: 2027.986: Total time for which application threads were stopped: 0.0000319 seconds, Stopping threads took: 0.0000139 seconds
2017-01-19T10:25:28.046-0500: 2027.986: Total time for which application threads were stopped: 0.0000411 seconds, Stopping threads took: 0.0000264 seconds
2017-01-19T10:25:28.822-0500: 2028.760: Total time for which application threads were stopped: 0.0003724 seconds, Stopping threads took: 0.0000381 seconds
{Heap before GC invocations=18 (full 0):
 par new generation   total 109248K, used 100569K [0x00000000dae00000, 0x00000000e2e00000, 0x00000000e2e00000)
  eden space 87424K, 100% used [0x00000000dae00000, 0x00000000e0360000, 0x00000000e0360000)
  from space 21824K,  60% used [0x00000000e0360000, 0x00000000e10365b0, 0x00000000e18b0000)
  to   space 21824K,   0% used [0x00000000e18b0000, 0x00000000e18b0000, 0x00000000e2e00000)
 concurrent mark-sweep generation total 393216K, used 24233K [0x00000000e2e00000, 0x00000000fae00000, 0x00000000fae00000)
 concurrent-mark-sweep perm gen total 31232K, used 31095K [0x00000000fae00000, 0x00000000fcc80000, 0x0000000100000000)
2017-01-19T10:25:28.900-0500: 2028.839: [GC2017-01-19T10:25:28.901-0500: 2028.839: [ParNew
Desired survivor size 20112992 bytes, new threshold 8 (max 8)
- age   1:    3475104 bytes,    3475104 total
- age   2:      27040 bytes,    3502144 total
- age   3:      11360 bytes,    3513504 total
- age   4:     108656 bytes,    3622160 total
- age   5:    5191552 bytes,    8813712 total
- age   6:     161792 bytes,    8975504 total
- age   7:     182224 bytes,    9157728 total
- age   8:     822856 bytes,    9980584 total
: 100569K->12110K(109248K), 0.0072076 secs] 124803K->36343K(502464K), 0.0073553 secs] [Times: user=0.00 sys=0.00, real=0.01 secs] 
Heap after GC invocations=19 (full 0):
 par new generation   total 109248K, used 12110K [0x00000000dae00000, 0x00000000e2e00000, 0x00000000e2e00000)
  eden space 87424K,   0% used [0x00000000dae00000, 0x00000000dae00000, 0x00000000e0360000)
  from space 21824K,  55% used [0x00000000e18b0000, 0x00000000e2483850, 0x00000000e2e00000)
  to   space 21824K,   0% used [0x00000000e0360000, 0x00000000e0360000, 0x00000000e18b0000)
 concurrent mark-sweep generation total 393216K, used 24233K [0x00000000e2e00000, 0x00000000fae00000, 0x00000000fae00000)
 concurrent-mark-sweep perm gen total 31232K, used 31095K [0x00000000fae00000, 0x00000000fcc80000, 0x0000000100000000)
}
2017-01-19T10:25:28.908-0500: 2028.846: Total time for which application threads were stopped: 0.0075221 seconds, Stopping threads took: 0.0000154 seconds
2017-01-19T10:25:28.930-0500: 2028.868: Total time for which application threads were stopped: 0.0002097 seconds, Stopping threads took: 0.0001136 seconds
2017-01-19T10:25:29.931-0500: 2029.868: Total time for which application threads were stopped: 0.0002276 seconds, Stopping threads took: 0.0000198 seconds
2017-01-19T10:26:03.951-0500: 2063.868: Total time for which application threads were stopped: 0.0001510 seconds, Stopping threads took: 0.0000396 seconds
{Heap before GC invocations=19 (full 0):
 par new generation   total 109248K, used 99534K [0x00000000dae00000, 0x00000000e2e00000, 0x00000000e2e00000)
  eden space 87424K, 100% used [0x00000000dae00000, 0x00000000e0360000, 0x00000000e0360000)
  from space 21824K,  55% used [0x00000000e18b0000, 0x00000000e2483850, 0x00000000e2e00000)
  to   space 21824K,   0% used [0x00000000e0360000, 0x00000000e0360000, 0x00000000e18b0000)
 concurrent mark-sweep generation total 393216K, used 24233K [0x00000000e2e00000, 0x00000000fae00000, 0x00000000fae00000)
 concurrent-mark-sweep perm gen total 31232K, used 31136K [0x00000000fae00000, 0x00000000fcc80000, 0x0000000100000000)
2017-01-19T10:26:04.604-0500: 2064.522: [GC2017-01-19T10:26:04.604-0500: 2064.522: [ParNew
Desired survivor size 20112992 bytes, new threshold 8 (max 8)
- age   1:     308064 bytes,     308064 total
- age   2:      70008 bytes,     378072 total
- age   3:      25528 bytes,     403600 total
- age   4:      11216 bytes,     414816 total
- age   5:     107240 bytes,     522056 total
- age   6:    5159808 bytes,    5681864 total
- age   7:     161648 bytes,    5843512 total
- age   8:     181936 bytes,    6025448 total
: 99534K->8521K(109248K), 0.0071684 secs] 123767K->33561K(502464K), 0.0072688 secs] [Times: user=0.06 sys=0.00, real=0.01 secs] 
Heap after GC invocations=20 (full 0):
 par new generation   total 109248K, used 8521K [0x00000000dae00000, 0x00000000e2e00000, 0x00000000e2e00000)
  eden space 87424K,   0% used [0x00000000dae00000, 0x00000000dae00000, 0x00000000e0360000)
  from space 21824K,  39% used [0x00000000e0360000, 0x00000000e0bb2420, 0x00000000e18b0000)
  to   space 21824K,   0% used [0x00000000e18b0000, 0x00000000e18b0000, 0x00000000e2e00000)
 concurrent mark-sweep generation total 393216K, used 25040K [0x00000000e2e00000, 0x00000000fae00000, 0x00000000fae00000)
 concurrent-mark-sweep perm gen total 31232K, used 31136K [0x00000000fae00000, 0x00000000fcc80000, 0x0000000100000000)
}
2017-01-19T10:26:04.612-0500: 2064.529: Total time for which application threads were stopped: 0.0075060 seconds, Stopping threads took: 0.0000389 seconds
{Heap before GC invocations=20 (full 0):
 par new generation   total 109248K, used 95945K [0x00000000dae00000, 0x00000000e2e00000, 0x00000000e2e00000)
  eden space 87424K, 100% used [0x00000000dae00000, 0x00000000e0360000, 0x00000000e0360000)
  from space 21824K,  39% used [0x00000000e0360000, 0x00000000e0bb2420, 0x00000000e18b0000)
  to   space 21824K,   0% used [0x00000000e18b0000, 0x00000000e18b0000, 0x00000000e2e00000)
 concurrent mark-sweep generation total 393216K, used 25040K [0x00000000e2e00000, 0x00000000fae00000, 0x00000000fae00000)
 concurrent-mark-sweep perm gen total 31232K, used 31162K [0x00000000fae00000, 0x00000000fcc80000, 0x0000000100000000)
2017-01-19T10:26:05.588-0500: 2065.504: [GC2017-01-19T10:26:05.588-0500: 2065.504: [ParNew
Desired survivor size 20112992 bytes, new threshold 8 (max 8)
- age   1:    3357256 bytes,    3357256 total
- age   2:      11368 bytes,    3368624 total
- age   3:      69224 bytes,    3437848 total
- age   4:      25528 bytes,    3463376 total
- age   5:      11216 bytes,    3474592 total
- age   6:     107200 bytes,    3581792 total
- age   7:    5159808 bytes,    8741600 total
- age   8:     161648 bytes,    8903248 total
: 95945K->11926K(109248K), 0.0067374 secs] 120985K->37147K(502464K), 0.0068195 secs] [Times: user=0.06 sys=0.00, real=0.01 secs] 
Heap after GC invocations=21 (full 0):
 par new generation   total 109248K, used 11926K [0x00000000dae00000, 0x00000000e2e00000, 0x00000000e2e00000)
  eden space 87424K,   0% used [0x00000000dae00000, 0x00000000dae00000, 0x00000000e0360000)
  from space 21824K,  54% used [0x00000000e18b0000, 0x00000000e2455948, 0x00000000e2e00000)
  to   space 21824K,   0% used [0x00000000e0360000, 0x00000000e0360000, 0x00000000e18b0000)
 concurrent mark-sweep generation total 393216K, used 25220K [0x00000000e2e00000, 0x00000000fae00000, 0x00000000fae00000)
 concurrent-mark-sweep perm gen total 31232K, used 31162K [0x00000000fae00000, 0x00000000fcc80000, 0x0000000100000000)
}
2017-01-19T10:26:05.595-0500: 2065.511: Total time for which application threads were stopped: 0.0070801 seconds, Stopping threads took: 0.0000150 seconds
2017-01-19T10:26:06.595-0500: 2066.511: Total time for which application threads were stopped: 0.0001517 seconds, Stopping threads took: 0.0000187 seconds
2017-01-19T10:26:39.610-0500: 2099.511: Total time for which application threads were stopped: 0.0001609 seconds, Stopping threads took: 0.0000224 seconds
2017-01-19T10:26:40.610-0500: 2100.511: Total time for which application threads were stopped: 0.0001734 seconds, Stopping threads took: 0.0000165 seconds
2017-01-19T10:31:19.587-0500: 2379.431: Total time for which application threads were stopped: 0.0002166 seconds, Stopping threads took: 0.0000235 seconds
2017-01-19T10:31:19.683-0500: 2379.527: Total time for which application threads were stopped: 0.0000630 seconds, Stopping threads took: 0.0000246 seconds
2017-01-19T10:31:19.683-0500: 2379.528: Total time for which application threads were stopped: 0.0000286 seconds, Stopping threads took: 0.0000128 seconds
2017-01-19T10:31:35.200-0500: 2395.042: Total time for which application threads were stopped: 0.0002844 seconds, Stopping threads took: 0.0000249 seconds
2017-01-19T10:31:35.810-0500: 2395.652: Total time for which application threads were stopped: 0.0001440 seconds, Stopping threads took: 0.0000183 seconds
2017-01-19T10:31:35.810-0500: 2395.652: Total time for which application threads were stopped: 0.0000154 seconds, Stopping threads took: 0.0000051 seconds
{Heap before GC invocations=21 (full 0):
 par new generation   total 109248K, used 99350K [0x00000000dae00000, 0x00000000e2e00000, 0x00000000e2e00000)
  eden space 87424K, 100% used [0x00000000dae00000, 0x00000000e0360000, 0x00000000e0360000)
  from space 21824K,  54% used [0x00000000e18b0000, 0x00000000e2455948, 0x00000000e2e00000)
  to   space 21824K,   0% used [0x00000000e0360000, 0x00000000e0360000, 0x00000000e18b0000)
 concurrent mark-sweep generation total 393216K, used 25220K [0x00000000e2e00000, 0x00000000fae00000, 0x00000000fae00000)
 concurrent-mark-sweep perm gen total 31232K, used 31180K [0x00000000fae00000, 0x00000000fcc80000, 0x0000000100000000)
2017-01-19T10:31:35.814-0500: 2395.657: [GC2017-01-19T10:31:35.815-0500: 2395.657: [ParNew
Desired survivor size 20112992 bytes, new threshold 8 (max 8)
- age   1:     353528 bytes,     353528 total
- age   2:      11024 bytes,     364552 total
- age   3:       8568 bytes,     373120 total
- age   4:      22552 bytes,     395672 total
- age   5:      25480 bytes,     421152 total
- age   6:      11216 bytes,     432368 total
- age   7:     107288 bytes,     539656 total
- age   8:    5159808 bytes,    5699464 total
: 99350K->8689K(109248K), 0.0057396 secs] 124571K->34069K(502464K), 0.0058467 secs] [Times: user=0.00 sys=0.00, real=0.01 secs] 
Heap after GC invocations=22 (full 0):
 par new generation   total 109248K, used 8689K [0x00000000dae00000, 0x00000000e2e00000, 0x00000000e2e00000)
  eden space 87424K,   0% used [0x00000000dae00000, 0x00000000dae00000, 0x00000000e0360000)
  from space 21824K,  39% used [0x00000000e0360000, 0x00000000e0bdc540, 0x00000000e18b0000)
  to   space 21824K,   0% used [0x00000000e18b0000, 0x00000000e18b0000, 0x00000000e2e00000)
 concurrent mark-sweep generation total 393216K, used 25380K [0x00000000e2e00000, 0x00000000fae00000, 0x00000000fae00000)
 concurrent-mark-sweep perm gen total 31232K, used 31180K [0x00000000fae00000, 0x00000000fcc80000, 0x0000000100000000)
}
2017-01-19T10:31:35.820-0500: 2395.663: Total time for which application threads were stopped: 0.0059859 seconds, Stopping threads took: 0.0000334 seconds
2017-01-19T10:31:35.867-0500: 2395.709: Total time for which application threads were stopped: 0.0000612 seconds, Stopping threads took: 0.0000202 seconds
2017-01-19T10:31:36.867-0500: 2396.709: Total time for which application threads were stopped: 0.0004446 seconds, Stopping threads took: 0.0000509 seconds
2017-01-19T10:31:44.868-0500: 2404.709: Total time for which application threads were stopped: 0.0003563 seconds, Stopping threads took: 0.0000433 seconds
2017-01-19T10:35:00.805-0500: 2600.626: Total time for which application threads were stopped: 0.0002020 seconds, Stopping threads took: 0.0000271 seconds
{Heap before GC invocations=22 (full 0):
 par new generation   total 109248K, used 96113K [0x00000000dae00000, 0x00000000e2e00000, 0x00000000e2e00000)
  eden space 87424K, 100% used [0x00000000dae00000, 0x00000000e0360000, 0x00000000e0360000)
  from space 21824K,  39% used [0x00000000e0360000, 0x00000000e0bdc540, 0x00000000e18b0000)
  to   space 21824K,   0% used [0x00000000e18b0000, 0x00000000e18b0000, 0x00000000e2e00000)
 concurrent mark-sweep generation total 393216K, used 25380K [0x00000000e2e00000, 0x00000000fae00000, 0x00000000fae00000)
 concurrent-mark-sweep perm gen total 31424K, used 31203K [0x00000000fae00000, 0x00000000fccb0000, 0x0000000100000000)
2017-01-19T10:35:00.822-0500: 2600.643: [GC2017-01-19T10:35:00.822-0500: 2600.643: [ParNew
Desired survivor size 20112992 bytes, new threshold 8 (max 8)
- age   1:    2828248 bytes,    2828248 total
- age   2:      51008 bytes,    2879256 total
- age   3:      10624 bytes,    2889880 total
- age   4:       8368 bytes,    2898248 total
- age   5:       8472 bytes,    2906720 total
- age   6:      25480 bytes,    2932200 total
- age   7:      11216 bytes,    2943416 total
- age   8:     107200 bytes,    3050616 total
: 96113K->4955K(109248K), 0.0136206 secs] 121493K->35413K(502464K), 0.0137302 secs] [Times: user=0.05 sys=0.00, real=0.01 secs] 
Heap after GC invocations=23 (full 0):
 par new generation   total 109248K, used 4955K [0x00000000dae00000, 0x00000000e2e00000, 0x00000000e2e00000)
  eden space 87424K,   0% used [0x00000000dae00000, 0x00000000dae00000, 0x00000000e0360000)
  from space 21824K,  22% used [0x00000000e18b0000, 0x00000000e1d86cc0, 0x00000000e2e00000)
  to   space 21824K,   0% used [0x00000000e0360000, 0x00000000e0360000, 0x00000000e18b0000)
 concurrent mark-sweep generation total 393216K, used 30457K [0x00000000e2e00000, 0x00000000fae00000, 0x00000000fae00000)
 concurrent-mark-sweep perm gen total 31424K, used 31203K [0x00000000fae00000, 0x00000000fccb0000, 0x0000000100000000)
}
2017-01-19T10:35:00.836-0500: 2600.656: Total time for which application threads were stopped: 0.0138614 seconds, Stopping threads took: 0.0000143 seconds
2017-01-19T10:35:00.899-0500: 2600.720: Total time for which application threads were stopped: 0.0000597 seconds, Stopping threads took: 0.0000191 seconds
2017-01-19T10:35:00.900-0500: 2600.721: Total time for which application threads were stopped: 0.0000612 seconds, Stopping threads took: 0.0000154 seconds
2017-01-19T10:35:00.901-0500: 2600.722: Total time for which application threads were stopped: 0.0000652 seconds, Stopping threads took: 0.0000231 seconds
2017-01-19T10:35:24.812-0500: 2624.631: Total time for which application threads were stopped: 0.0002276 seconds, Stopping threads took: 0.0000172 seconds
2017-01-19T10:35:24.865-0500: 2624.683: Total time for which application threads were stopped: 0.0000685 seconds, Stopping threads took: 0.0000205 seconds
2017-01-19T10:35:26.795-0500: 2626.614: Total time for which application threads were stopped: 0.0001499 seconds, Stopping threads took: 0.0000191 seconds
2017-01-19T10:35:27.191-0500: 2627.009: Total time for which application threads were stopped: 0.0000455 seconds, Stopping threads took: 0.0000161 seconds
{Heap before GC invocations=23 (full 0):
 par new generation   total 109248K, used 92379K [0x00000000dae00000, 0x00000000e2e00000, 0x00000000e2e00000)
  eden space 87424K, 100% used [0x00000000dae00000, 0x00000000e0360000, 0x00000000e0360000)
  from space 21824K,  22% used [0x00000000e18b0000, 0x00000000e1d86cc0, 0x00000000e2e00000)
  to   space 21824K,   0% used [0x00000000e0360000, 0x00000000e0360000, 0x00000000e18b0000)
 concurrent mark-sweep generation total 393216K, used 30457K [0x00000000e2e00000, 0x00000000fae00000, 0x00000000fae00000)
 concurrent-mark-sweep perm gen total 31424K, used 31212K [0x00000000fae00000, 0x00000000fccb0000, 0x0000000100000000)
2017-01-19T10:35:27.741-0500: 2627.560: [GC2017-01-19T10:35:27.741-0500: 2627.560: [ParNew
Desired survivor size 20112992 bytes, new threshold 8 (max 8)
- age   1:    3299128 bytes,    3299128 total
- age   2:      21656 bytes,    3320784 total
- age   3:      23032 bytes,    3343816 total
- age   4:      10624 bytes,    3354440 total
- age   5:       8368 bytes,    3362808 total
- age   6:       8424 bytes,    3371232 total
- age   7:      25480 bytes,    3396712 total
- age   8:      10832 bytes,    3407544 total
: 92379K->4092K(109248K), 0.0026669 secs] 122837K->34654K(502464K), 0.0027549 secs] [Times: user=0.00 sys=0.00, real=0.00 secs] 
Heap after GC invocations=24 (full 0):
 par new generation   total 109248K, used 4092K [0x00000000dae00000, 0x00000000e2e00000, 0x00000000e2e00000)
  eden space 87424K,   0% used [0x00000000dae00000, 0x00000000dae00000, 0x00000000e0360000)
  from space 21824K,  18% used [0x00000000e0360000, 0x00000000e075f1e0, 0x00000000e18b0000)
  to   space 21824K,   0% used [0x00000000e18b0000, 0x00000000e18b0000, 0x00000000e2e00000)
 concurrent mark-sweep generation total 393216K, used 30561K [0x00000000e2e00000, 0x00000000fae00000, 0x00000000fae00000)
 concurrent-mark-sweep perm gen total 31424K, used 31212K [0x00000000fae00000, 0x00000000fccb0000, 0x0000000100000000)
}
2017-01-19T10:35:27.744-0500: 2627.563: Total time for which application threads were stopped: 0.0029598 seconds, Stopping threads took: 0.0000154 seconds
2017-01-19T10:35:28.744-0500: 2628.563: Total time for which application threads were stopped: 0.0002701 seconds, Stopping threads took: 0.0000293 seconds
2017-01-19T10:39:30.503-0500: 2870.296: Total time for which application threads were stopped: 0.0001935 seconds, Stopping threads took: 0.0000227 seconds
2017-01-19T10:39:30.572-0500: 2870.365: Total time for which application threads were stopped: 0.0013525 seconds, Stopping threads took: 0.0013162 seconds
2017-01-19T10:39:30.574-0500: 2870.367: Total time for which application threads were stopped: 0.0000575 seconds, Stopping threads took: 0.0000209 seconds
2017-01-19T10:39:30.575-0500: 2870.368: Total time for which application threads were stopped: 0.0000715 seconds, Stopping threads took: 0.0000238 seconds
2017-01-19T10:39:31.318-0500: 2871.111: Total time for which application threads were stopped: 0.0002602 seconds, Stopping threads took: 0.0000271 seconds
2017-01-19T10:39:31.386-0500: 2871.179: Total time for which application threads were stopped: 0.0000583 seconds, Stopping threads took: 0.0000187 seconds
2017-01-19T10:39:32.386-0500: 2872.179: Total time for which application threads were stopped: 0.0003893 seconds, Stopping threads took: 0.0000433 seconds
2017-01-19T10:39:44.387-0500: 2884.179: Total time for which application threads were stopped: 0.0001587 seconds, Stopping threads took: 0.0000202 seconds
2017-01-19T10:40:05.389-0500: 2905.179: Total time for which application threads were stopped: 0.0001968 seconds, Stopping threads took: 0.0000202 seconds
{Heap before GC invocations=24 (full 0):
 par new generation   total 109248K, used 91516K [0x00000000dae00000, 0x00000000e2e00000, 0x00000000e2e00000)
  eden space 87424K, 100% used [0x00000000dae00000, 0x00000000e0360000, 0x00000000e0360000)
  from space 21824K,  18% used [0x00000000e0360000, 0x00000000e075f1e0, 0x00000000e18b0000)
  to   space 21824K,   0% used [0x00000000e18b0000, 0x00000000e18b0000, 0x00000000e2e00000)
 concurrent mark-sweep generation total 393216K, used 30561K [0x00000000e2e00000, 0x00000000fae00000, 0x00000000fae00000)
 concurrent-mark-sweep perm gen total 31424K, used 31256K [0x00000000fae00000, 0x00000000fccb0000, 0x0000000100000000)
2017-01-19T10:40:06.186-0500: 2905.976: [GC2017-01-19T10:40:06.186-0500: 2905.976: [ParNew
Desired survivor size 20112992 bytes, new threshold 8 (max 8)
- age   1:     484464 bytes,     484464 total
- age   2:       5088 bytes,     489552 total
- age   3:       6032 bytes,     495584 total
- age   4:       8904 bytes,     504488 total
- age   5:      10624 bytes,     515112 total
- age   6:       8368 bytes,     523480 total
- age   7:       7656 bytes,     531136 total
- age   8:      23176 bytes,     554312 total
: 91516K->2836K(109248K), 0.0199166 secs] 122078K->33407K(502464K), 0.0200724 secs] [Times: user=0.06 sys=0.00, real=0.02 secs] 
Heap after GC invocations=25 (full 0):
 par new generation   total 109248K, used 2836K [0x00000000dae00000, 0x00000000e2e00000, 0x00000000e2e00000)
  eden space 87424K,   0% used [0x00000000dae00000, 0x00000000dae00000, 0x00000000e0360000)
  from space 21824K,  12% used [0x00000000e18b0000, 0x00000000e1b75340, 0x00000000e2e00000)
  to   space 21824K,   0% used [0x00000000e0360000, 0x00000000e0360000, 0x00000000e18b0000)
 concurrent mark-sweep generation total 393216K, used 30570K [0x00000000e2e00000, 0x00000000fae00000, 0x00000000fae00000)
 concurrent-mark-sweep perm gen total 31424K, used 31256K [0x00000000fae00000, 0x00000000fccb0000, 0x0000000100000000)
}
2017-01-19T10:40:06.206-0500: 2905.996: Total time for which application threads were stopped: 0.0204287 seconds, Stopping threads took: 0.0000249 seconds
2017-01-19T10:40:55.211-0500: 2954.996: Total time for which application threads were stopped: 0.0003929 seconds, Stopping threads took: 0.0000469 seconds
2017-01-19T10:40:59.211-0500: 2958.996: Total time for which application threads were stopped: 0.0002841 seconds, Stopping threads took: 0.0000312 seconds
2017-01-19T10:43:21.533-0500: 3101.303: Total time for which application threads were stopped: 0.0004160 seconds, Stopping threads took: 0.0000477 seconds
2017-01-19T10:43:21.624-0500: 3101.393: Total time for which application threads were stopped: 0.0000722 seconds, Stopping threads took: 0.0000191 seconds
2017-01-19T10:43:21.625-0500: 3101.395: Total time for which application threads were stopped: 0.0000663 seconds, Stopping threads took: 0.0000308 seconds
2017-01-19T10:43:21.626-0500: 3101.396: Total time for which application threads were stopped: 0.0000722 seconds, Stopping threads took: 0.0000367 seconds
2017-01-19T10:43:22.340-0500: 3102.110: Total time for which application threads were stopped: 0.0002108 seconds, Stopping threads took: 0.0000224 seconds
2017-01-19T10:43:22.407-0500: 3102.176: Total time for which application threads were stopped: 0.0001056 seconds, Stopping threads took: 0.0000242 seconds
{Heap before GC invocations=25 (full 0):
 par new generation   total 109248K, used 90260K [0x00000000dae00000, 0x00000000e2e00000, 0x00000000e2e00000)
  eden space 87424K, 100% used [0x00000000dae00000, 0x00000000e0360000, 0x00000000e0360000)
  from space 21824K,  12% used [0x00000000e18b0000, 0x00000000e1b75340, 0x00000000e2e00000)
  to   space 21824K,   0% used [0x00000000e0360000, 0x00000000e0360000, 0x00000000e18b0000)
 concurrent mark-sweep generation total 393216K, used 30570K [0x00000000e2e00000, 0x00000000fae00000, 0x00000000fae00000)
 concurrent-mark-sweep perm gen total 31424K, used 31286K [0x00000000fae00000, 0x00000000fccb0000, 0x0000000100000000)
2017-01-19T10:43:22.560-0500: 3102.330: [GC2017-01-19T10:43:22.561-0500: 3102.330: [ParNew
Desired survivor size 20112992 bytes, new threshold 8 (max 8)
- age   1:    3342360 bytes,    3342360 total
- age   2:      86016 bytes,    3428376 total
- age   3:       4656 bytes,    3433032 total
- age   4:       6032 bytes,    3439064 total
- age   5:       8904 bytes,    3447968 total
- age   6:       9472 bytes,    3457440 total
- age   7:       6064 bytes,    3463504 total
- age   8:       5736 bytes,    3469240 total
: 90260K->3835K(109248K), 0.0032732 secs] 120831K->34430K(502464K), 0.0033623 secs] [Times: user=0.00 sys=0.00, real=0.00 secs] 
Heap after GC invocations=26 (full 0):
 par new generation   total 109248K, used 3835K [0x00000000dae00000, 0x00000000e2e00000, 0x00000000e2e00000)
  eden space 87424K,   0% used [0x00000000dae00000, 0x00000000dae00000, 0x00000000e0360000)
  from space 21824K,  17% used [0x00000000e0360000, 0x00000000e071efc0, 0x00000000e18b0000)
  to   space 21824K,   0% used [0x00000000e18b0000, 0x00000000e18b0000, 0x00000000e2e00000)
 concurrent mark-sweep generation total 393216K, used 30594K [0x00000000e2e00000, 0x00000000fae00000, 0x00000000fae00000)
 concurrent-mark-sweep perm gen total 31424K, used 31286K [0x00000000fae00000, 0x00000000fccb0000, 0x0000000100000000)
}
2017-01-19T10:43:22.564-0500: 3102.333: Total time for which application threads were stopped: 0.0034873 seconds, Stopping threads took: 0.0000143 seconds
2017-01-19T10:43:23.564-0500: 3103.333: Total time for which application threads were stopped: 0.0001675 seconds, Stopping threads took: 0.0000370 seconds
{Heap before GC invocations=26 (full 0):
 par new generation   total 109248K, used 91259K [0x00000000dae00000, 0x00000000e2e00000, 0x00000000e2e00000)
  eden space 87424K, 100% used [0x00000000dae00000, 0x00000000e0360000, 0x00000000e0360000)
  from space 21824K,  17% used [0x00000000e0360000, 0x00000000e071efc0, 0x00000000e18b0000)
  to   space 21824K,   0% used [0x00000000e18b0000, 0x00000000e18b0000, 0x00000000e2e00000)
 concurrent mark-sweep generation total 393216K, used 30594K [0x00000000e2e00000, 0x00000000fae00000, 0x00000000fae00000)
 concurrent-mark-sweep perm gen total 31424K, used 31304K [0x00000000fae00000, 0x00000000fccb0000, 0x0000000100000000)
2017-01-19T10:43:32.101-0500: 3111.870: [GC2017-01-19T10:43:32.101-0500: 3111.870: [ParNew
Desired survivor size 20112992 bytes, new threshold 8 (max 8)
- age   1:     316880 bytes,     316880 total
- age   2:      97728 bytes,     414608 total
- age   3:      83928 bytes,     498536 total
- age   4:       4656 bytes,     503192 total
- age   5:       6032 bytes,     509224 total
- age   6:       8136 bytes,     517360 total
- age   7:       7936 bytes,     525296 total
- age   8:       6064 bytes,     531360 total
: 91259K->2732K(109248K), 0.0061373 secs] 121854K->33332K(502464K), 0.0063001 secs] [Times: user=0.00 sys=0.00, real=0.01 secs] 
Heap after GC invocations=27 (full 0):
 par new generation   total 109248K, used 2732K [0x00000000dae00000, 0x00000000e2e00000, 0x00000000e2e00000)
  eden space 87424K,   0% used [0x00000000dae00000, 0x00000000dae00000, 0x00000000e0360000)
  from space 21824K,  12% used [0x00000000e18b0000, 0x00000000e1b5b300, 0x00000000e2e00000)
  to   space 21824K,   0% used [0x00000000e0360000, 0x00000000e0360000, 0x00000000e18b0000)
 concurrent mark-sweep generation total 393216K, used 30599K [0x00000000e2e00000, 0x00000000fae00000, 0x00000000fae00000)
 concurrent-mark-sweep perm gen total 31424K, used 31304K [0x00000000fae00000, 0x00000000fccb0000, 0x0000000100000000)
}
2017-01-19T10:43:32.108-0500: 3111.876: Total time for which application threads were stopped: 0.0067128 seconds, Stopping threads took: 0.0000264 seconds
2017-01-19T10:43:47.109-0500: 3126.876: Total time for which application threads were stopped: 0.0001411 seconds, Stopping threads took: 0.0000176 seconds
2017-01-19T10:45:39.126-0500: 3238.882: Total time for which application threads were stopped: 0.0002441 seconds, Stopping threads took: 0.0000326 seconds
2017-01-19T10:45:39.192-0500: 3238.948: Total time for which application threads were stopped: 0.0000506 seconds, Stopping threads took: 0.0000169 seconds
2017-01-19T10:45:39.193-0500: 3238.949: Total time for which application threads were stopped: 0.0000517 seconds, Stopping threads took: 0.0000198 seconds
2017-01-19T10:45:39.194-0500: 3238.950: Total time for which application threads were stopped: 0.0000444 seconds, Stopping threads took: 0.0000187 seconds
2017-01-19T10:45:56.320-0500: 3256.074: Total time for which application threads were stopped: 0.0002855 seconds, Stopping threads took: 0.0000381 seconds
2017-01-19T10:45:56.432-0500: 3256.186: Total time for which application threads were stopped: 0.0000975 seconds, Stopping threads took: 0.0000605 seconds
2017-01-19T10:45:56.432-0500: 3256.186: Total time for which application threads were stopped: 0.0000513 seconds, Stopping threads took: 0.0000242 seconds
2017-01-19T10:45:56.433-0500: 3256.187: Total time for which application threads were stopped: 0.0000539 seconds, Stopping threads took: 0.0000238 seconds
2017-01-19T10:47:49.445-0500: 3369.187: Total time for which application threads were stopped: 0.0005381 seconds, Stopping threads took: 0.0000663 seconds
2017-01-19T10:47:58.669-0500: 3378.411: Total time for which application threads were stopped: 0.0001587 seconds, Stopping threads took: 0.0000169 seconds
2017-01-19T10:47:58.762-0500: 3378.504: Total time for which application threads were stopped: 0.0000685 seconds, Stopping threads took: 0.0000202 seconds
2017-01-19T10:47:58.763-0500: 3378.504: Total time for which application threads were stopped: 0.0000498 seconds, Stopping threads took: 0.0000231 seconds
2017-01-19T10:47:58.763-0500: 3378.504: Total time for which application threads were stopped: 0.0000345 seconds, Stopping threads took: 0.0000139 seconds
2017-01-19T10:48:13.285-0500: 3393.025: Total time for which application threads were stopped: 0.0001712 seconds, Stopping threads took: 0.0000161 seconds
{Heap before GC invocations=27 (full 0):
 par new generation   total 109248K, used 90156K [0x00000000dae00000, 0x00000000e2e00000, 0x00000000e2e00000)
  eden space 87424K, 100% used [0x00000000dae00000, 0x00000000e0360000, 0x00000000e0360000)
  from space 21824K,  12% used [0x00000000e18b0000, 0x00000000e1b5b300, 0x00000000e2e00000)
  to   space 21824K,   0% used [0x00000000e0360000, 0x00000000e0360000, 0x00000000e18b0000)
 concurrent mark-sweep generation total 393216K, used 30599K [0x00000000e2e00000, 0x00000000fae00000, 0x00000000fae00000)
 concurrent-mark-sweep perm gen total 31424K, used 31323K [0x00000000fae00000, 0x00000000fccb0000, 0x0000000100000000)
2017-01-19T10:48:13.296-0500: 3393.035: [GC2017-01-19T10:48:13.296-0500: 3393.036: [ParNew
Desired survivor size 20112992 bytes, new threshold 8 (max 8)
- age   1:    2544848 bytes,    2544848 total
- age   2:       5520 bytes,    2550368 total
- age   3:      53640 bytes,    2604008 total
- age   4:      69600 bytes,    2673608 total
- age   5:       4656 bytes,    2678264 total
- age   6:       5264 bytes,    2683528 total
- age   7:       6600 bytes,    2690128 total
- age   8:       7936 bytes,    2698064 total
: 90156K->2955K(109248K), 0.0030206 secs] 120756K->33560K(502464K), 0.0031570 secs] [Times: user=0.00 sys=0.00, real=0.00 secs] 
Heap after GC invocations=28 (full 0):
 par new generation   total 109248K, used 2955K [0x00000000dae00000, 0x00000000e2e00000, 0x00000000e2e00000)
  eden space 87424K,   0% used [0x00000000dae00000, 0x00000000dae00000, 0x00000000e0360000)
  from space 21824K,  13% used [0x00000000e0360000, 0x00000000e0642c80, 0x00000000e18b0000)
  to   space 21824K,   0% used [0x00000000e18b0000, 0x00000000e18b0000, 0x00000000e2e00000)
 concurrent mark-sweep generation total 393216K, used 30605K [0x00000000e2e00000, 0x00000000fae00000, 0x00000000fae00000)
 concurrent-mark-sweep perm gen total 31424K, used 31323K [0x00000000fae00000, 0x00000000fccb0000, 0x0000000100000000)
}
2017-01-19T10:48:13.299-0500: 3393.039: Total time for which application threads were stopped: 0.0033245 seconds, Stopping threads took: 0.0000172 seconds
2017-01-19T10:48:13.349-0500: 3393.088: Total time for which application threads were stopped: 0.0000861 seconds, Stopping threads took: 0.0000286 seconds
2017-01-19T10:52:26.709-0500: 3646.440: Total time for which application threads were stopped: 0.0002148 seconds, Stopping threads took: 0.0000257 seconds
2017-01-19T10:52:26.810-0500: 3646.541: Total time for which application threads were stopped: 0.0000575 seconds, Stopping threads took: 0.0000169 seconds
2017-01-19T10:52:26.812-0500: 3646.542: Total time for which application threads were stopped: 0.0001411 seconds, Stopping threads took: 0.0000158 seconds
2017-01-19T10:52:27.448-0500: 3647.179: Total time for which application threads were stopped: 0.0001451 seconds, Stopping threads took: 0.0000169 seconds
2017-01-19T10:52:27.448-0500: 3647.179: Total time for which application threads were stopped: 0.0000224 seconds, Stopping threads took: 0.0000062 seconds
2017-01-19T10:52:27.497-0500: 3647.227: Total time for which application threads were stopped: 0.0000762 seconds, Stopping threads took: 0.0000374 seconds
2017-01-19T10:52:27.497-0500: 3647.227: Total time for which application threads were stopped: 0.0000345 seconds, Stopping threads took: 0.0000139 seconds
{Heap before GC invocations=28 (full 0):
 par new generation   total 109248K, used 90379K [0x00000000dae00000, 0x00000000e2e00000, 0x00000000e2e00000)
  eden space 87424K, 100% used [0x00000000dae00000, 0x00000000e0360000, 0x00000000e0360000)
  from space 21824K,  13% used [0x00000000e0360000, 0x00000000e0642c80, 0x00000000e18b0000)
  to   space 21824K,   0% used [0x00000000e18b0000, 0x00000000e18b0000, 0x00000000e2e00000)
 concurrent mark-sweep generation total 393216K, used 30605K [0x00000000e2e00000, 0x00000000fae00000, 0x00000000fae00000)
 concurrent-mark-sweep perm gen total 31424K, used 31343K [0x00000000fae00000, 0x00000000fccb0000, 0x0000000100000000)
2017-01-19T10:52:28.109-0500: 3647.840: [GC2017-01-19T10:52:28.109-0500: 3647.840: [ParNew
Desired survivor size 20112992 bytes, new threshold 8 (max 8)
- age   1:    3470144 bytes,    3470144 total
- age   2:      27648 bytes,    3497792 total
- age   3:       5408 bytes,    3503200 total
- age   4:      53640 bytes,    3556840 total
- age   5:      69600 bytes,    3626440 total
- age   6:       3504 bytes,    3629944 total
- age   7:       3728 bytes,    3633672 total
- age   8:       6600 bytes,    3640272 total
: 90379K->4321K(109248K), 0.0049765 secs] 120984K->34935K(502464K), 0.0051162 secs] [Times: user=0.00 sys=0.00, real=0.01 secs] 
Heap after GC invocations=29 (full 0):
 par new generation   total 109248K, used 4321K [0x00000000dae00000, 0x00000000e2e00000, 0x00000000e2e00000)
  eden space 87424K,   0% used [0x00000000dae00000, 0x00000000dae00000, 0x00000000e0360000)
  from space 21824K,  19% used [0x00000000e18b0000, 0x00000000e1ce86c0, 0x00000000e2e00000)
  to   space 21824K,   0% used [0x00000000e0360000, 0x00000000e0360000, 0x00000000e18b0000)
 concurrent mark-sweep generation total 393216K, used 30613K [0x00000000e2e00000, 0x00000000fae00000, 0x00000000fae00000)
 concurrent-mark-sweep perm gen total 31424K, used 31343K [0x00000000fae00000, 0x00000000fccb0000, 0x0000000100000000)
}
2017-01-19T10:52:28.115-0500: 3647.845: Total time for which application threads were stopped: 0.0054442 seconds, Stopping threads took: 0.0000154 seconds
2017-01-19T10:52:29.115-0500: 3648.845: Total time for which application threads were stopped: 0.0001668 seconds, Stopping threads took: 0.0000191 seconds
2017-01-19T10:52:48.115-0500: 3667.845: Total time for which application threads were stopped: 0.0001785 seconds, Stopping threads took: 0.0000235 seconds
2017-01-19T10:58:58.118-0500: 4037.848: Total time for which application threads were stopped: 0.0005846 seconds, Stopping threads took: 0.0000773 seconds
2017-01-19T11:08:12.203-0500: 4592.166: Total time for which application threads were stopped: 0.0002170 seconds, Stopping threads took: 0.0000326 seconds
2017-01-19T11:08:12.253-0500: 4592.216: Total time for which application threads were stopped: 0.0000579 seconds, Stopping threads took: 0.0000183 seconds
2017-01-19T11:08:12.255-0500: 4592.218: Total time for which application threads were stopped: 0.0000579 seconds, Stopping threads took: 0.0000194 seconds
2017-01-19T11:08:12.255-0500: 4592.219: Total time for which application threads were stopped: 0.0001334 seconds, Stopping threads took: 0.0001026 seconds
2017-01-19T11:08:43.853-0500: 4623.769: Total time for which application threads were stopped: 0.0005711 seconds, Stopping threads took: 0.0000766 seconds
2017-01-19T11:08:44.006-0500: 4623.922: Total time for which application threads were stopped: 0.0000854 seconds, Stopping threads took: 0.0000279 seconds
2017-01-19T11:14:42.007-0500: 4981.666: Total time for which application threads were stopped: 0.0007419 seconds, Stopping threads took: 0.0000715 seconds
2017-01-19T11:14:42.161-0500: 4981.820: Total time for which application threads were stopped: 0.0000861 seconds, Stopping threads took: 0.0000400 seconds
2017-01-19T11:14:42.161-0500: 4981.820: Total time for which application threads were stopped: 0.0000509 seconds, Stopping threads took: 0.0000271 seconds
2017-01-19T11:14:42.161-0500: 4981.821: Total time for which application threads were stopped: 0.0000784 seconds, Stopping threads took: 0.0000513 seconds
2017-01-19T11:15:24.189-0500: 5023.827: Total time for which application threads were stopped: 0.0005707 seconds, Stopping threads took: 0.0000740 seconds
{Heap before GC invocations=29 (full 0):
 par new generation   total 109248K, used 91745K [0x00000000dae00000, 0x00000000e2e00000, 0x00000000e2e00000)
  eden space 87424K, 100% used [0x00000000dae00000, 0x00000000e0360000, 0x00000000e0360000)
  from space 21824K,  19% used [0x00000000e18b0000, 0x00000000e1ce86c0, 0x00000000e2e00000)
  to   space 21824K,   0% used [0x00000000e0360000, 0x00000000e0360000, 0x00000000e18b0000)
 concurrent mark-sweep generation total 393216K, used 30613K [0x00000000e2e00000, 0x00000000fae00000, 0x00000000fae00000)
 concurrent-mark-sweep perm gen total 31424K, used 31350K [0x00000000fae00000, 0x00000000fccb0000, 0x0000000100000000)
2017-01-19T11:15:24.225-0500: 5023.863: [GC2017-01-19T11:15:24.225-0500: 5023.864: [ParNew
Desired survivor size 20112992 bytes, new threshold 8 (max 8)
- age   1:     473136 bytes,     473136 total
- age   2:      35808 bytes,     508944 total
- age   3:       9992 bytes,     518936 total
- age   4:       5408 bytes,     524344 total
- age   5:      53640 bytes,     577984 total
- age   6:      32896 bytes,     610880 total
- age   7:       1968 bytes,     612848 total
- age   8:       3728 bytes,     616576 total
: 91745K->3206K(109248K), 0.0102921 secs] 122359K->33826K(502464K), 0.0106164 secs] [Times: user=0.02 sys=0.00, real=0.01 secs] 
Heap after GC invocations=30 (full 0):
 par new generation   total 109248K, used 3206K [0x00000000dae00000, 0x00000000e2e00000, 0x00000000e2e00000)
  eden space 87424K,   0% used [0x00000000dae00000, 0x00000000dae00000, 0x00000000e0360000)
  from space 21824K,  14% used [0x00000000e0360000, 0x00000000e06819c0, 0x00000000e18b0000)
  to   space 21824K,   0% used [0x00000000e18b0000, 0x00000000e18b0000, 0x00000000e2e00000)
 concurrent mark-sweep generation total 393216K, used 30619K [0x00000000e2e00000, 0x00000000fae00000, 0x00000000fae00000)
 concurrent-mark-sweep perm gen total 31424K, used 31350K [0x00000000fae00000, 0x00000000fccb0000, 0x0000000100000000)
}
2017-01-19T11:15:24.236-0500: 5023.874: Total time for which application threads were stopped: 0.0111787 seconds, Stopping threads took: 0.0000374 seconds
2017-01-19T11:15:24.404-0500: 5024.042: Total time for which application threads were stopped: 0.0002445 seconds, Stopping threads took: 0.0000385 seconds
2017-01-19T11:19:59.513-0500: 5299.088: Total time for which application threads were stopped: 0.0009101 seconds, Stopping threads took: 0.0000755 seconds
2017-01-19T11:19:59.642-0500: 5299.218: Total time for which application threads were stopped: 0.0000630 seconds, Stopping threads took: 0.0000176 seconds
2017-01-19T11:19:59.643-0500: 5299.218: Total time for which application threads were stopped: 0.0000623 seconds, Stopping threads took: 0.0000312 seconds
2017-01-19T11:19:59.643-0500: 5299.219: Total time for which application threads were stopped: 0.0000429 seconds, Stopping threads took: 0.0000235 seconds
2017-01-19T11:20:00.476-0500: 5300.052: Total time for which application threads were stopped: 0.0003519 seconds, Stopping threads took: 0.0000436 seconds
2017-01-19T11:20:00.660-0500: 5300.235: Total time for which application threads were stopped: 0.0000975 seconds, Stopping threads took: 0.0000356 seconds
{Heap before GC invocations=30 (full 0):
 par new generation   total 109248K, used 90630K [0x00000000dae00000, 0x00000000e2e00000, 0x00000000e2e00000)
  eden space 87424K, 100% used [0x00000000dae00000, 0x00000000e0360000, 0x00000000e0360000)
  from space 21824K,  14% used [0x00000000e0360000, 0x00000000e06819c0, 0x00000000e18b0000)
  to   space 21824K,   0% used [0x00000000e18b0000, 0x00000000e18b0000, 0x00000000e2e00000)
 concurrent mark-sweep generation total 393216K, used 30619K [0x00000000e2e00000, 0x00000000fae00000, 0x00000000fae00000)
 concurrent-mark-sweep perm gen total 31424K, used 31359K [0x00000000fae00000, 0x00000000fccb0000, 0x0000000100000000)
2017-01-19T11:20:24.360-0500: 5323.928: [GC2017-01-19T11:20:24.360-0500: 5323.928: [ParNew
Desired survivor size 20112992 bytes, new threshold 8 (max 8)
- age   1:    3297120 bytes,    3297120 total
- age   2:      68616 bytes,    3365736 total
- age   3:      35448 bytes,    3401184 total
- age   4:       9968 bytes,    3411152 total
- age   5:       5408 bytes,    3416560 total
- age   6:      19248 bytes,    3435808 total
- age   7:      22264 bytes,    3458072 total
- age   8:       1968 bytes,    3460040 total
: 90630K->4113K(109248K), 0.0037614 secs] 121250K->34737K(502464K), 0.0038758 secs] [Times: user=0.06 sys=0.00, real=0.00 secs] 
Heap after GC invocations=31 (full 0):
 par new generation   total 109248K, used 4113K [0x00000000dae00000, 0x00000000e2e00000, 0x00000000e2e00000)
  eden space 87424K,   0% used [0x00000000dae00000, 0x00000000dae00000, 0x00000000e0360000)
  from space 21824K,  18% used [0x00000000e18b0000, 0x00000000e1cb47c8, 0x00000000e2e00000)
  to   space 21824K,   0% used [0x00000000e0360000, 0x00000000e0360000, 0x00000000e18b0000)
 concurrent mark-sweep generation total 393216K, used 30623K [0x00000000e2e00000, 0x00000000fae00000, 0x00000000fae00000)
 concurrent-mark-sweep perm gen total 31424K, used 31359K [0x00000000fae00000, 0x00000000fccb0000, 0x0000000100000000)
}
2017-01-19T11:20:24.363-0500: 5323.931: Total time for which application threads were stopped: 0.0041555 seconds, Stopping threads took: 0.0000191 seconds
2017-01-19T11:20:25.365-0500: 5324.932: Total time for which application threads were stopped: 0.0003948 seconds, Stopping threads took: 0.0000422 seconds
2017-01-19T11:20:28.363-0500: 5327.932: Total time for which application threads were stopped: 0.0002888 seconds, Stopping threads took: 0.0000297 seconds
{Heap before GC invocations=31 (full 0):
 par new generation   total 109248K, used 91537K [0x00000000dae00000, 0x00000000e2e00000, 0x00000000e2e00000)
  eden space 87424K, 100% used [0x00000000dae00000, 0x00000000e0360000, 0x00000000e0360000)
  from space 21824K,  18% used [0x00000000e18b0000, 0x00000000e1cb47c8, 0x00000000e2e00000)
  to   space 21824K,   0% used [0x00000000e0360000, 0x00000000e0360000, 0x00000000e18b0000)
 concurrent mark-sweep generation total 393216K, used 30623K [0x00000000e2e00000, 0x00000000fae00000, 0x00000000fae00000)
 concurrent-mark-sweep perm gen total 31424K, used 31366K [0x00000000fae00000, 0x00000000fccb0000, 0x0000000100000000)
2017-01-19T11:20:28.667-0500: 5328.237: [GC2017-01-19T11:20:28.667-0500: 5328.237: [ParNew
Desired survivor size 20112992 bytes, new threshold 8 (max 8)
- age   1:     330608 bytes,     330608 total
- age   2:      50960 bytes,     381568 total
- age   3:      68616 bytes,     450184 total
- age   4:      35448 bytes,     485632 total
- age   5:       9968 bytes,     495600 total
- age   6:       5408 bytes,     501008 total
- age   7:       7840 bytes,     508848 total
- age   8:      22264 bytes,     531112 total
: 91537K->2750K(109248K), 0.0065079 secs] 122161K->33376K(502464K), 0.0067315 secs] [Times: user=0.00 sys=0.00, real=0.01 secs] 
Heap after GC invocations=32 (full 0):
 par new generation   total 109248K, used 2750K [0x00000000dae00000, 0x00000000e2e00000, 0x00000000e2e00000)
  eden space 87424K,   0% used [0x00000000dae00000, 0x00000000dae00000, 0x00000000e0360000)
  from space 21824K,  12% used [0x00000000e0360000, 0x00000000e060fb00, 0x00000000e18b0000)
  to   space 21824K,   0% used [0x00000000e18b0000, 0x00000000e18b0000, 0x00000000e2e00000)
 concurrent mark-sweep generation total 393216K, used 30625K [0x00000000e2e00000, 0x00000000fae00000, 0x00000000fae00000)
 concurrent-mark-sweep perm gen total 31424K, used 31366K [0x00000000fae00000, 0x00000000fccb0000, 0x0000000100000000)
}
2017-01-19T11:20:28.674-0500: 5328.243: Total time for which application threads were stopped: 0.0070225 seconds, Stopping threads took: 0.0000455 seconds
2017-01-19T11:20:29.674-0500: 5329.244: Total time for which application threads were stopped: 0.0003724 seconds, Stopping threads took: 0.0000422 seconds
2017-01-19T11:21:21.678-0500: 5381.243: Total time for which application threads were stopped: 0.0004329 seconds, Stopping threads took: 0.0000627 seconds
2017-01-19T11:21:26.861-0500: 5386.427: Total time for which application threads were stopped: 0.0006429 seconds, Stopping threads took: 0.0000531 seconds
2017-01-19T11:21:26.951-0500: 5386.517: Total time for which application threads were stopped: 0.0000817 seconds, Stopping threads took: 0.0000253 seconds
2017-01-19T11:21:27.008-0500: 5386.573: Total time for which application threads were stopped: 0.0000517 seconds, Stopping threads took: 0.0000169 seconds
2017-01-19T11:21:27.023-0500: 5386.589: Total time for which application threads were stopped: 0.0000553 seconds, Stopping threads took: 0.0000180 seconds
2017-01-19T11:21:27.032-0500: 5386.598: Total time for which application threads were stopped: 0.0000458 seconds, Stopping threads took: 0.0000139 seconds
2017-01-19T11:21:27.033-0500: 5386.598: Total time for which application threads were stopped: 0.0000356 seconds, Stopping threads took: 0.0000106 seconds
2017-01-19T11:21:27.131-0500: 5386.696: Total time for which application threads were stopped: 0.0000440 seconds, Stopping threads took: 0.0000150 seconds
2017-01-19T11:21:28.131-0500: 5387.696: Total time for which application threads were stopped: 0.0004743 seconds, Stopping threads took: 0.0000575 seconds
2017-01-19T11:21:31.232-0500: 5390.798: Total time for which application threads were stopped: 0.0003874 seconds, Stopping threads took: 0.0000374 seconds
2017-01-19T11:21:31.285-0500: 5390.851: Total time for which application threads were stopped: 0.0002064 seconds, Stopping threads took: 0.0001199 seconds
2017-01-19T11:21:31.291-0500: 5390.856: Total time for which application threads were stopped: 0.0001056 seconds, Stopping threads took: 0.0000341 seconds
2017-01-19T11:21:31.335-0500: 5390.900: Total time for which application threads were stopped: 0.0001140 seconds, Stopping threads took: 0.0000345 seconds
2017-01-19T11:21:31.336-0500: 5390.901: Total time for which application threads were stopped: 0.0000704 seconds, Stopping threads took: 0.0000198 seconds
2017-01-19T11:21:31.336-0500: 5390.902: Total time for which application threads were stopped: 0.0001345 seconds, Stopping threads took: 0.0000682 seconds
2017-01-19T11:21:31.478-0500: 5391.043: Total time for which application threads were stopped: 0.0000755 seconds, Stopping threads took: 0.0000235 seconds
{Heap before GC invocations=32 (full 0):
 par new generation   total 109248K, used 90174K [0x00000000dae00000, 0x00000000e2e00000, 0x00000000e2e00000)
  eden space 87424K, 100% used [0x00000000dae00000, 0x00000000e0360000, 0x00000000e0360000)
  from space 21824K,  12% used [0x00000000e0360000, 0x00000000e060fb00, 0x00000000e18b0000)
  to   space 21824K,   0% used [0x00000000e18b0000, 0x00000000e18b0000, 0x00000000e2e00000)
 concurrent mark-sweep generation total 393216K, used 30625K [0x00000000e2e00000, 0x00000000fae00000, 0x00000000fae00000)
 concurrent-mark-sweep perm gen total 32000K, used 31905K [0x00000000fae00000, 0x00000000fcd40000, 0x0000000100000000)
2017-01-19T11:21:40.235-0500: 5399.800: [GC2017-01-19T11:21:40.235-0500: 5399.800: [ParNew
Desired survivor size 20112992 bytes, new threshold 8 (max 8)
- age   1:    3346096 bytes,    3346096 total
- age   2:       5944 bytes,    3352040 total
- age   3:      48880 bytes,    3400920 total
- age   4:      68616 bytes,    3469536 total
- age   5:      35448 bytes,    3504984 total
- age   6:       9968 bytes,    3514952 total
- age   7:       5408 bytes,    3520360 total
- age   8:       7456 bytes,    3527816 total
: 90174K->3741K(109248K), 0.0043827 secs] 120800K->34388K(502464K), 0.0044542 secs] [Times: user=0.05 sys=0.00, real=0.00 secs] 
Heap after GC invocations=33 (full 0):
 par new generation   total 109248K, used 3741K [0x00000000dae00000, 0x00000000e2e00000, 0x00000000e2e00000)
  eden space 87424K,   0% used [0x00000000dae00000, 0x00000000dae00000, 0x00000000e0360000)
  from space 21824K,  17% used [0x00000000e18b0000, 0x00000000e1c57528, 0x00000000e2e00000)
  to   space 21824K,   0% used [0x00000000e0360000, 0x00000000e0360000, 0x00000000e18b0000)
 concurrent mark-sweep generation total 393216K, used 30647K [0x00000000e2e00000, 0x00000000fae00000, 0x00000000fae00000)
 concurrent-mark-sweep perm gen total 32000K, used 31905K [0x00000000fae00000, 0x00000000fcd40000, 0x0000000100000000)
}
2017-01-19T11:21:40.239-0500: 5399.805: Total time for which application threads were stopped: 0.0047339 seconds, Stopping threads took: 0.0000176 seconds
2017-01-19T11:21:41.239-0500: 5400.804: Total time for which application threads were stopped: 0.0003581 seconds, Stopping threads took: 0.0000444 seconds
2017-01-19T11:21:47.239-0500: 5406.804: Total time for which application threads were stopped: 0.0004149 seconds, Stopping threads took: 0.0000462 seconds
2017-01-19T11:22:10.381-0500: 5429.917: Total time for which application threads were stopped: 0.0004516 seconds, Stopping threads took: 0.0000422 seconds
2017-01-19T11:22:52.367-0500: 5471.931: Total time for which application threads were stopped: 0.0001723 seconds, Stopping threads took: 0.0000216 seconds
2017-01-19T11:47:19.921-0500: 6939.278: Total time for which application threads were stopped: 0.0006447 seconds, Stopping threads took: 0.0000869 seconds
2017-01-19T11:47:20.034-0500: 6939.390: Total time for which application threads were stopped: 0.0000583 seconds, Stopping threads took: 0.0000191 seconds
2017-01-19T11:47:20.036-0500: 6939.392: Total time for which application threads were stopped: 0.0000667 seconds, Stopping threads took: 0.0000282 seconds
2017-01-19T11:47:20.036-0500: 6939.392: Total time for which application threads were stopped: 0.0000447 seconds, Stopping threads took: 0.0000180 seconds
2017-01-19T11:49:24.642-0500: 7063.986: Total time for which application threads were stopped: 0.0006532 seconds, Stopping threads took: 0.0000722 seconds
2017-01-19T11:49:24.777-0500: 7064.121: Total time for which application threads were stopped: 0.0000707 seconds, Stopping threads took: 0.0000183 seconds
2017-01-19T11:49:24.777-0500: 7064.121: Total time for which application threads were stopped: 0.0000352 seconds, Stopping threads took: 0.0000183 seconds
2017-01-19T11:49:24.777-0500: 7064.121: Total time for which application threads were stopped: 0.0000458 seconds, Stopping threads took: 0.0000253 seconds
2017-01-19T11:49:25.793-0500: 7065.136: Total time for which application threads were stopped: 0.0004281 seconds, Stopping threads took: 0.0000564 seconds
{Heap before GC invocations=33 (full 0):
 par new generation   total 109248K, used 91165K [0x00000000dae00000, 0x00000000e2e00000, 0x00000000e2e00000)
  eden space 87424K, 100% used [0x00000000dae00000, 0x00000000e0360000, 0x00000000e0360000)
  from space 21824K,  17% used [0x00000000e18b0000, 0x00000000e1c57528, 0x00000000e2e00000)
  to   space 21824K,   0% used [0x00000000e0360000, 0x00000000e0360000, 0x00000000e18b0000)
 concurrent mark-sweep generation total 393216K, used 30647K [0x00000000e2e00000, 0x00000000fae00000, 0x00000000fae00000)
 concurrent-mark-sweep perm gen total 32192K, used 32146K [0x00000000fae00000, 0x00000000fcd70000, 0x0000000100000000)
2017-01-19T11:49:25.902-0500: 7065.244: [GC2017-01-19T11:49:25.902-0500: 7065.244: [ParNew
Desired survivor size 20112992 bytes, new threshold 8 (max 8)
- age   1:    3653336 bytes,    3653336 total
- age   2:     441168 bytes,    4094504 total
- age   3:       5856 bytes,    4100360 total
- age   4:      19848 bytes,    4120208 total
- age   5:      68544 bytes,    4188752 total
- age   6:      35448 bytes,    4224200 total
- age   7:       9968 bytes,    4234168 total
- age   8:       5376 bytes,    4239544 total
: 91165K->5501K(109248K), 0.0056843 secs] 121812K->36154K(502464K), 0.0058364 secs] [Times: user=0.00 sys=0.00, real=0.01 secs] 
Heap after GC invocations=34 (full 0):
 par new generation   total 109248K, used 5501K [0x00000000dae00000, 0x00000000e2e00000, 0x00000000e2e00000)
  eden space 87424K,   0% used [0x00000000dae00000, 0x00000000dae00000, 0x00000000e0360000)
  from space 21824K,  25% used [0x00000000e0360000, 0x00000000e08bf740, 0x00000000e18b0000)
  to   space 21824K,   0% used [0x00000000e18b0000, 0x00000000e18b0000, 0x00000000e2e00000)
 concurrent mark-sweep generation total 393216K, used 30652K [0x00000000e2e00000, 0x00000000fae00000, 0x00000000fae00000)
 concurrent-mark-sweep perm gen total 32192K, used 32146K [0x00000000fae00000, 0x00000000fcd70000, 0x0000000100000000)
}
2017-01-19T11:49:25.907-0500: 7065.250: Total time for which application threads were stopped: 0.0061131 seconds, Stopping threads took: 0.0000685 seconds
2017-01-19T11:50:39.648-0500: 7138.988: Total time for which application threads were stopped: 0.0006162 seconds, Stopping threads took: 0.0000590 seconds
2017-01-19T11:50:39.761-0500: 7139.101: Total time for which application threads were stopped: 0.0000916 seconds, Stopping threads took: 0.0000271 seconds
2017-01-19T11:50:39.764-0500: 7139.105: Total time for which application threads were stopped: 0.0009438 seconds, Stopping threads took: 0.0009006 seconds
2017-01-19T11:50:39.767-0500: 7139.107: Total time for which application threads were stopped: 0.0001070 seconds, Stopping threads took: 0.0000202 seconds
2017-01-19T11:50:40.455-0500: 7139.795: Total time for which application threads were stopped: 0.0003046 seconds, Stopping threads took: 0.0000411 seconds
2017-01-19T11:50:40.543-0500: 7139.883: Total time for which application threads were stopped: 0.0000766 seconds, Stopping threads took: 0.0000220 seconds
2017-01-19T11:50:41.543-0500: 7140.883: Total time for which application threads were stopped: 0.0001620 seconds, Stopping threads took: 0.0000216 seconds
2017-01-19T11:53:34.767-0500: 7314.107: Total time for which application threads were stopped: 0.0010230 seconds, Stopping threads took: 0.0000729 seconds
2017-01-19T11:53:34.905-0500: 7314.245: Total time for which application threads were stopped: 0.0001023 seconds, Stopping threads took: 0.0000220 seconds
2017-01-19T11:53:34.905-0500: 7314.245: Total time for which application threads were stopped: 0.0000268 seconds, Stopping threads took: 0.0000095 seconds
2017-01-19T11:53:34.908-0500: 7314.248: Total time for which application threads were stopped: 0.0000671 seconds, Stopping threads took: 0.0000290 seconds
2017-01-19T11:53:34.908-0500: 7314.248: Total time for which application threads were stopped: 0.0000334 seconds, Stopping threads took: 0.0000139 seconds
2017-01-19T11:53:35.483-0500: 7314.823: Total time for which application threads were stopped: 0.0004343 seconds, Stopping threads took: 0.0000436 seconds
{Heap before GC invocations=34 (full 0):
 par new generation   total 109248K, used 92925K [0x00000000dae00000, 0x00000000e2e00000, 0x00000000e2e00000)
  eden space 87424K, 100% used [0x00000000dae00000, 0x00000000e0360000, 0x00000000e0360000)
  from space 21824K,  25% used [0x00000000e0360000, 0x00000000e08bf740, 0x00000000e18b0000)
  to   space 21824K,   0% used [0x00000000e18b0000, 0x00000000e18b0000, 0x00000000e2e00000)
 concurrent mark-sweep generation total 393216K, used 30652K [0x00000000e2e00000, 0x00000000fae00000, 0x00000000fae00000)
 concurrent-mark-sweep perm gen total 32192K, used 32154K [0x00000000fae00000, 0x00000000fcd70000, 0x0000000100000000)
2017-01-19T11:53:35.499-0500: 7314.839: [GC2017-01-19T11:53:35.500-0500: 7314.839: [ParNew
Desired survivor size 20112992 bytes, new threshold 8 (max 8)
- age   1:     391832 bytes,     391832 total
- age   2:      74248 bytes,     466080 total
- age   3:     435504 bytes,     901584 total
- age   4:       4416 bytes,     906000 total
- age   5:      18432 bytes,     924432 total
- age   6:      66888 bytes,     991320 total
- age   7:      13872 bytes,    1005192 total
- age   8:       9968 bytes,    1015160 total
: 92925K->2240K(109248K), 0.0271232 secs] 123578K->32896K(502464K), 0.0274593 secs] [Times: user=0.01 sys=0.01, real=0.03 secs] 
Heap after GC invocations=35 (full 0):
 par new generation   total 109248K, used 2240K [0x00000000dae00000, 0x00000000e2e00000, 0x00000000e2e00000)
  eden space 87424K,   0% used [0x00000000dae00000, 0x00000000dae00000, 0x00000000e0360000)
  from space 21824K,  10% used [0x00000000e18b0000, 0x00000000e1ae0120, 0x00000000e2e00000)
  to   space 21824K,   0% used [0x00000000e0360000, 0x00000000e0360000, 0x00000000e18b0000)
 concurrent mark-sweep generation total 393216K, used 30655K [0x00000000e2e00000, 0x00000000fae00000, 0x00000000fae00000)
 concurrent-mark-sweep perm gen total 32192K, used 32154K [0x00000000fae00000, 0x00000000fcd70000, 0x0000000100000000)
}
2017-01-19T11:53:35.527-0500: 7314.867: Total time for which application threads were stopped: 0.0279479 seconds, Stopping threads took: 0.0000480 seconds
2017-01-19T11:53:35.644-0500: 7314.984: Total time for which application threads were stopped: 0.0001041 seconds, Stopping threads took: 0.0000319 seconds
2017-01-19T11:55:12.894-0500: 7412.234: Total time for which application threads were stopped: 0.0007679 seconds, Stopping threads took: 0.0000601 seconds
2017-01-19T11:55:13.032-0500: 7412.371: Total time for which application threads were stopped: 0.0000704 seconds, Stopping threads took: 0.0000202 seconds
2017-01-19T11:55:13.032-0500: 7412.371: Total time for which application threads were stopped: 0.0000334 seconds, Stopping threads took: 0.0000136 seconds
2017-01-19T11:55:13.033-0500: 7412.373: Total time for which application threads were stopped: 0.0005700 seconds, Stopping threads took: 0.0005322 seconds
2017-01-19T11:55:13.862-0500: 7413.201: Total time for which application threads were stopped: 0.0003336 seconds, Stopping threads took: 0.0000337 seconds
2017-01-19T11:55:13.987-0500: 7413.326: Total time for which application threads were stopped: 0.0000641 seconds, Stopping threads took: 0.0000198 seconds
2017-01-19T11:55:14.987-0500: 7414.326: Total time for which application threads were stopped: 0.0004263 seconds, Stopping threads took: 0.0000528 seconds
{Heap before GC invocations=35 (full 0):
 par new generation   total 109248K, used 89664K [0x00000000dae00000, 0x00000000e2e00000, 0x00000000e2e00000)
  eden space 87424K, 100% used [0x00000000dae00000, 0x00000000e0360000, 0x00000000e0360000)
  from space 21824K,  10% used [0x00000000e18b0000, 0x00000000e1ae0120, 0x00000000e2e00000)
  to   space 21824K,   0% used [0x00000000e0360000, 0x00000000e0360000, 0x00000000e18b0000)
 concurrent mark-sweep generation total 393216K, used 30655K [0x00000000e2e00000, 0x00000000fae00000, 0x00000000fae00000)
 concurrent-mark-sweep perm gen total 32192K, used 32157K [0x00000000fae00000, 0x00000000fcd70000, 0x0000000100000000)
2017-01-19T11:55:23.707-0500: 7423.046: [GC2017-01-19T11:55:23.707-0500: 7423.046: [ParNew
Desired survivor size 20112992 bytes, new threshold 8 (max 8)
- age   1:    1255016 bytes,    1255016 total
- age   2:      47544 bytes,    1302560 total
- age   3:      73872 bytes,    1376432 total
- age   4:     435600 bytes,    1812032 total
- age   5:       4416 bytes,    1816448 total
- age   6:      18432 bytes,    1834880 total
- age   7:      66888 bytes,    1901768 total
- age   8:      13872 bytes,    1915640 total
: 89664K->2328K(109248K), 0.0070991 secs] 120320K->32992K(502464K), 0.0073106 secs] [Times: user=0.00 sys=0.02, real=0.01 secs] 
Heap after GC invocations=36 (full 0):
 par new generation   total 109248K, used 2328K [0x00000000dae00000, 0x00000000e2e00000, 0x00000000e2e00000)
  eden space 87424K,   0% used [0x00000000dae00000, 0x00000000dae00000, 0x00000000e0360000)
  from space 21824K,  10% used [0x00000000e0360000, 0x00000000e05a6250, 0x00000000e18b0000)
  to   space 21824K,   0% used [0x00000000e18b0000, 0x00000000e18b0000, 0x00000000e2e00000)
 concurrent mark-sweep generation total 393216K, used 30663K [0x00000000e2e00000, 0x00000000fae00000, 0x00000000fae00000)
 concurrent-mark-sweep perm gen total 32192K, used 32157K [0x00000000fae00000, 0x00000000fcd70000, 0x0000000100000000)
}
2017-01-19T11:55:23.714-0500: 7423.053: Total time for which application threads were stopped: 0.0077516 seconds, Stopping threads took: 0.0000330 seconds
2017-01-19T12:29:33.266-0500: 9472.479: Total time for which application threads were stopped: 0.0004941 seconds, Stopping threads took: 0.0000546 seconds
2017-01-19T12:29:33.378-0500: 9472.591: Total time for which application threads were stopped: 0.0000634 seconds, Stopping threads took: 0.0000165 seconds
2017-01-19T12:29:33.379-0500: 9472.592: Total time for which application threads were stopped: 0.0000535 seconds, Stopping threads took: 0.0000180 seconds
2017-01-19T12:29:33.380-0500: 9472.593: Total time for which application threads were stopped: 0.0000495 seconds, Stopping threads took: 0.0000191 seconds
2017-01-19T13:31:11.781-0500: 13170.682: Total time for which application threads were stopped: 0.0003244 seconds, Stopping threads took: 0.0000447 seconds
2017-01-19T13:31:11.782-0500: 13170.683: Total time for which application threads were stopped: 0.0000378 seconds, Stopping threads took: 0.0000128 seconds
2017-01-19T13:31:11.782-0500: 13170.683: Total time for which application threads were stopped: 0.0000308 seconds, Stopping threads took: 0.0000103 seconds
2017-01-19T13:31:11.783-0500: 13170.684: Total time for which application threads were stopped: 0.0000374 seconds, Stopping threads took: 0.0000132 seconds
2017-01-19T13:31:11.815-0500: 13170.716: Total time for which application threads were stopped: 0.0000509 seconds, Stopping threads took: 0.0000187 seconds
2017-01-19T13:31:11.817-0500: 13170.718: Total time for which application threads were stopped: 0.0000389 seconds, Stopping threads took: 0.0000125 seconds
2017-01-19T13:31:11.817-0500: 13170.718: Total time for which application threads were stopped: 0.0000319 seconds, Stopping threads took: 0.0000099 seconds
2017-01-19T13:31:11.817-0500: 13170.718: Total time for which application threads were stopped: 0.0000323 seconds, Stopping threads took: 0.0000106 seconds
2017-01-19T13:31:11.817-0500: 13170.718: Total time for which application threads were stopped: 0.0000231 seconds, Stopping threads took: 0.0000077 seconds
2017-01-19T13:31:11.817-0500: 13170.718: Total time for which application threads were stopped: 0.0000319 seconds, Stopping threads took: 0.0000103 seconds
2017-01-19T13:31:11.817-0500: 13170.718: Total time for which application threads were stopped: 0.0000224 seconds, Stopping threads took: 0.0000073 seconds
2017-01-19T13:31:11.817-0500: 13170.718: Total time for which application threads were stopped: 0.0000315 seconds, Stopping threads took: 0.0000106 seconds
2017-01-19T13:31:11.817-0500: 13170.718: Total time for which application threads were stopped: 0.0000231 seconds, Stopping threads took: 0.0000073 seconds
2017-01-19T13:31:11.818-0500: 13170.718: Total time for which application threads were stopped: 0.0000319 seconds, Stopping threads took: 0.0000106 seconds
2017-01-19T13:31:11.818-0500: 13170.719: Total time for which application threads were stopped: 0.0000227 seconds, Stopping threads took: 0.0000073 seconds
2017-01-19T13:31:11.818-0500: 13170.719: Total time for which application threads were stopped: 0.0000312 seconds, Stopping threads took: 0.0000106 seconds
2017-01-19T13:31:11.818-0500: 13170.719: Total time for which application threads were stopped: 0.0000227 seconds, Stopping threads took: 0.0000077 seconds
2017-01-19T13:31:11.818-0500: 13170.719: Total time for which application threads were stopped: 0.0000748 seconds, Stopping threads took: 0.0000103 seconds
2017-01-19T13:31:11.818-0500: 13170.719: Total time for which application threads were stopped: 0.0000235 seconds, Stopping threads took: 0.0000077 seconds
2017-01-19T13:31:11.818-0500: 13170.719: Total time for which application threads were stopped: 0.0000312 seconds, Stopping threads took: 0.0000103 seconds
2017-01-19T13:31:11.818-0500: 13170.719: Total time for which application threads were stopped: 0.0000227 seconds, Stopping threads took: 0.0000077 seconds
2017-01-19T13:31:11.818-0500: 13170.719: Total time for which application threads were stopped: 0.0000308 seconds, Stopping threads took: 0.0000103 seconds
2017-01-19T13:31:11.818-0500: 13170.719: Total time for which application threads were stopped: 0.0000290 seconds, Stopping threads took: 0.0000088 seconds
2017-01-19T13:31:11.818-0500: 13170.719: Total time for which application threads were stopped: 0.0000469 seconds, Stopping threads took: 0.0000315 seconds
2017-01-19T13:31:11.819-0500: 13170.719: Total time for which application threads were stopped: 0.0000209 seconds, Stopping threads took: 0.0000073 seconds
2017-01-19T13:31:11.819-0500: 13170.720: Total time for which application threads were stopped: 0.0000473 seconds, Stopping threads took: 0.0000319 seconds
2017-01-19T13:31:11.819-0500: 13170.720: Total time for which application threads were stopped: 0.0000451 seconds, Stopping threads took: 0.0000315 seconds
2017-01-19T13:31:11.819-0500: 13170.720: Total time for which application threads were stopped: 0.0000455 seconds, Stopping threads took: 0.0000315 seconds
2017-01-19T13:31:11.819-0500: 13170.720: Total time for which application threads were stopped: 0.0000455 seconds, Stopping threads took: 0.0000319 seconds
2017-01-19T13:31:11.819-0500: 13170.720: Total time for which application threads were stopped: 0.0000444 seconds, Stopping threads took: 0.0000308 seconds
2017-01-19T13:31:11.819-0500: 13170.720: Total time for which application threads were stopped: 0.0000187 seconds, Stopping threads took: 0.0000070 seconds
2017-01-19T13:31:11.855-0500: 13170.756: Total time for which application threads were stopped: 0.0000480 seconds, Stopping threads took: 0.0000172 seconds
2017-01-19T13:31:11.855-0500: 13170.756: Total time for which application threads were stopped: 0.0000418 seconds, Stopping threads took: 0.0000216 seconds
2017-01-19T13:31:11.855-0500: 13170.756: Total time for which application threads were stopped: 0.0000414 seconds, Stopping threads took: 0.0000213 seconds
2017-01-19T13:31:11.855-0500: 13170.756: Total time for which application threads were stopped: 0.0000418 seconds, Stopping threads took: 0.0000213 seconds
2017-01-19T13:31:11.855-0500: 13170.756: Total time for which application threads were stopped: 0.0000422 seconds, Stopping threads took: 0.0000216 seconds
2017-01-19T13:31:11.855-0500: 13170.756: Total time for which application threads were stopped: 0.0000411 seconds, Stopping threads took: 0.0000209 seconds
2017-01-19T13:31:11.857-0500: 13170.758: Total time for which application threads were stopped: 0.0000414 seconds, Stopping threads took: 0.0000213 seconds
2017-01-19T13:31:11.857-0500: 13170.758: Total time for which application threads were stopped: 0.0000418 seconds, Stopping threads took: 0.0000213 seconds
2017-01-19T13:31:11.857-0500: 13170.758: Total time for which application threads were stopped: 0.0000418 seconds, Stopping threads took: 0.0000216 seconds
2017-01-19T13:31:11.858-0500: 13170.759: Total time for which application threads were stopped: 0.0000429 seconds, Stopping threads took: 0.0000224 seconds
2017-01-19T13:31:11.859-0500: 13170.760: Total time for which application threads were stopped: 0.0000422 seconds, Stopping threads took: 0.0000220 seconds
2017-01-19T13:31:11.859-0500: 13170.760: Total time for which application threads were stopped: 0.0000414 seconds, Stopping threads took: 0.0000213 seconds
2017-01-19T13:31:11.859-0500: 13170.760: Total time for which application threads were stopped: 0.0000418 seconds, Stopping threads took: 0.0000213 seconds
2017-01-19T13:31:11.859-0500: 13170.760: Total time for which application threads were stopped: 0.0000418 seconds, Stopping threads took: 0.0000216 seconds
2017-01-19T13:31:11.860-0500: 13170.761: Total time for which application threads were stopped: 0.0000422 seconds, Stopping threads took: 0.0000216 seconds
2017-01-19T13:31:11.860-0500: 13170.761: Total time for which application threads were stopped: 0.0000462 seconds, Stopping threads took: 0.0000312 seconds
2017-01-19T13:31:11.860-0500: 13170.761: Total time for which application threads were stopped: 0.0000447 seconds, Stopping threads took: 0.0000312 seconds
2017-01-19T13:31:11.860-0500: 13170.761: Total time for which application threads were stopped: 0.0000447 seconds, Stopping threads took: 0.0000312 seconds
2017-01-19T13:31:11.861-0500: 13170.762: Total time for which application threads were stopped: 0.0000447 seconds, Stopping threads took: 0.0000312 seconds
2017-01-19T13:31:11.861-0500: 13170.762: Total time for which application threads were stopped: 0.0000444 seconds, Stopping threads took: 0.0000312 seconds
2017-01-19T13:31:11.861-0500: 13170.762: Total time for which application threads were stopped: 0.0000447 seconds, Stopping threads took: 0.0000312 seconds
2017-01-19T13:31:11.861-0500: 13170.762: Total time for which application threads were stopped: 0.0000444 seconds, Stopping threads took: 0.0000312 seconds
2017-01-19T13:31:11.862-0500: 13170.763: Total time for which application threads were stopped: 0.0000209 seconds, Stopping threads took: 0.0000077 seconds
2017-01-19T13:31:11.862-0500: 13170.763: Total time for which application threads were stopped: 0.0000455 seconds, Stopping threads took: 0.0000319 seconds
2017-01-19T13:31:11.862-0500: 13170.763: Total time for which application threads were stopped: 0.0000444 seconds, Stopping threads took: 0.0000312 seconds
2017-01-19T13:31:11.862-0500: 13170.763: Total time for which application threads were stopped: 0.0000451 seconds, Stopping threads took: 0.0000319 seconds
2017-01-19T13:31:11.862-0500: 13170.763: Total time for which application threads were stopped: 0.0000444 seconds, Stopping threads took: 0.0000312 seconds
2017-01-19T13:31:11.863-0500: 13170.764: Total time for which application threads were stopped: 0.0000337 seconds, Stopping threads took: 0.0000202 seconds
2017-01-19T13:31:11.880-0500: 13170.781: Total time for which application threads were stopped: 0.0000480 seconds, Stopping threads took: 0.0000169 seconds
2017-01-19T13:31:11.880-0500: 13170.781: Total time for which application threads were stopped: 0.0000359 seconds, Stopping threads took: 0.0000121 seconds
2017-01-19T13:31:11.881-0500: 13170.782: Total time for which application threads were stopped: 0.0000447 seconds, Stopping threads took: 0.0000242 seconds
2017-01-19T13:31:11.881-0500: 13170.782: Total time for which application threads were stopped: 0.0000414 seconds, Stopping threads took: 0.0000216 seconds
2017-01-19T13:31:11.881-0500: 13170.782: Total time for which application threads were stopped: 0.0000425 seconds, Stopping threads took: 0.0000220 seconds
2017-01-19T13:31:11.881-0500: 13170.782: Total time for which application threads were stopped: 0.0000422 seconds, Stopping threads took: 0.0000216 seconds
2017-01-19T13:31:11.881-0500: 13170.782: Total time for which application threads were stopped: 0.0000422 seconds, Stopping threads took: 0.0000220 seconds
2017-01-19T13:31:11.881-0500: 13170.782: Total time for which application threads were stopped: 0.0000422 seconds, Stopping threads took: 0.0000216 seconds
2017-01-19T13:31:11.882-0500: 13170.783: Total time for which application threads were stopped: 0.0000308 seconds, Stopping threads took: 0.0000103 seconds
2017-01-19T13:31:11.883-0500: 13170.784: Total time for which application threads were stopped: 0.0000422 seconds, Stopping threads took: 0.0000216 seconds
2017-01-19T13:31:11.883-0500: 13170.784: Total time for which application threads were stopped: 0.0000418 seconds, Stopping threads took: 0.0000216 seconds
2017-01-19T13:31:11.883-0500: 13170.784: Total time for which application threads were stopped: 0.0000414 seconds, Stopping threads took: 0.0000209 seconds
2017-01-19T13:31:11.883-0500: 13170.784: Total time for which application threads were stopped: 0.0000411 seconds, Stopping threads took: 0.0000209 seconds
2017-01-19T13:31:11.884-0500: 13170.785: Total time for which application threads were stopped: 0.0000414 seconds, Stopping threads took: 0.0000213 seconds
2017-01-19T13:31:11.885-0500: 13170.786: Total time for which application threads were stopped: 0.0000304 seconds, Stopping threads took: 0.0000099 seconds
2017-01-19T13:31:11.885-0500: 13170.786: Total time for which application threads were stopped: 0.0000414 seconds, Stopping threads took: 0.0000213 seconds
2017-01-19T13:31:11.886-0500: 13170.787: Total time for which application threads were stopped: 0.0000418 seconds, Stopping threads took: 0.0000216 seconds
2017-01-19T13:31:11.886-0500: 13170.787: Total time for which application threads were stopped: 0.0001840 seconds, Stopping threads took: 0.0000103 seconds
2017-01-19T13:31:11.887-0500: 13170.788: Total time for which application threads were stopped: 0.0000308 seconds, Stopping threads took: 0.0000106 seconds
2017-01-19T13:31:11.887-0500: 13170.788: Total time for which application threads were stopped: 0.0000418 seconds, Stopping threads took: 0.0000216 seconds
2017-01-19T13:31:11.888-0500: 13170.789: Total time for which application threads were stopped: 0.0000414 seconds, Stopping threads took: 0.0000213 seconds
2017-01-19T13:31:11.889-0500: 13170.790: Total time for which application threads were stopped: 0.0000414 seconds, Stopping threads took: 0.0000213 seconds
2017-01-19T13:31:11.889-0500: 13170.790: Total time for which application threads were stopped: 0.0000286 seconds, Stopping threads took: 0.0000084 seconds
2017-01-19T13:31:11.889-0500: 13170.790: Total time for which application threads were stopped: 0.0000411 seconds, Stopping threads took: 0.0000209 seconds
2017-01-19T13:31:11.890-0500: 13170.790: Total time for which application threads were stopped: 0.0000414 seconds, Stopping threads took: 0.0000202 seconds
2017-01-19T13:31:11.890-0500: 13170.791: Total time for which application threads were stopped: 0.0000418 seconds, Stopping threads took: 0.0000216 seconds
2017-01-19T13:31:11.890-0500: 13170.791: Total time for which application threads were stopped: 0.0000216 seconds, Stopping threads took: 0.0000073 seconds
2017-01-19T13:31:11.890-0500: 13170.791: Total time for which application threads were stopped: 0.0000447 seconds, Stopping threads took: 0.0000312 seconds
2017-01-19T13:31:11.890-0500: 13170.791: Total time for which application threads were stopped: 0.0000447 seconds, Stopping threads took: 0.0000315 seconds
2017-01-19T13:31:11.890-0500: 13170.791: Total time for which application threads were stopped: 0.0000447 seconds, Stopping threads took: 0.0000315 seconds
2017-01-19T13:31:11.890-0500: 13170.791: Total time for which application threads were stopped: 0.0000451 seconds, Stopping threads took: 0.0000315 seconds
2017-01-19T13:31:11.891-0500: 13170.792: Total time for which application threads were stopped: 0.0000209 seconds, Stopping threads took: 0.0000073 seconds
2017-01-19T13:31:11.892-0500: 13170.793: Total time for which application threads were stopped: 0.0000356 seconds, Stopping threads took: 0.0000117 seconds
2017-01-19T13:31:11.892-0500: 13170.793: Total time for which application threads were stopped: 0.0000301 seconds, Stopping threads took: 0.0000099 seconds
2017-01-19T13:31:11.892-0500: 13170.793: Total time for which application threads were stopped: 0.0000293 seconds, Stopping threads took: 0.0000095 seconds
2017-01-19T13:31:11.892-0500: 13170.793: Total time for which application threads were stopped: 0.0000301 seconds, Stopping threads took: 0.0000099 seconds
2017-01-19T13:31:11.892-0500: 13170.793: Total time for which application threads were stopped: 0.0000301 seconds, Stopping threads took: 0.0000099 seconds
2017-01-19T13:31:11.892-0500: 13170.793: Total time for which application threads were stopped: 0.0000301 seconds, Stopping threads took: 0.0000099 seconds
2017-01-19T13:31:11.892-0500: 13170.793: Total time for which application threads were stopped: 0.0000297 seconds, Stopping threads took: 0.0000099 seconds
2017-01-19T13:31:11.893-0500: 13170.793: Total time for which application threads were stopped: 0.0000319 seconds, Stopping threads took: 0.0000095 seconds
2017-01-19T13:31:11.894-0500: 13170.795: Total time for which application threads were stopped: 0.0000682 seconds, Stopping threads took: 0.0000224 seconds
2017-01-19T13:31:11.895-0500: 13170.796: Total time for which application threads were stopped: 0.0000795 seconds, Stopping threads took: 0.0000264 seconds
2017-01-19T13:31:11.897-0500: 13170.798: Total time for which application threads were stopped: 0.0000982 seconds, Stopping threads took: 0.0000242 seconds
2017-01-19T13:31:11.899-0500: 13170.800: Total time for which application threads were stopped: 0.0000726 seconds, Stopping threads took: 0.0000268 seconds
2017-01-19T13:31:11.904-0500: 13170.805: Total time for which application threads were stopped: 0.0000682 seconds, Stopping threads took: 0.0000257 seconds
2017-01-19T13:31:11.906-0500: 13170.807: Total time for which application threads were stopped: 0.0000553 seconds, Stopping threads took: 0.0000231 seconds
2017-01-19T13:31:11.906-0500: 13170.807: Total time for which application threads were stopped: 0.0000817 seconds, Stopping threads took: 0.0000282 seconds
2017-01-19T13:31:11.906-0500: 13170.807: Total time for which application threads were stopped: 0.0000781 seconds, Stopping threads took: 0.0000249 seconds
2017-01-19T13:31:11.906-0500: 13170.807: Total time for which application threads were stopped: 0.0000678 seconds, Stopping threads took: 0.0000227 seconds
2017-01-19T13:31:11.906-0500: 13170.807: Total time for which application threads were stopped: 0.0000674 seconds, Stopping threads took: 0.0000224 seconds
2017-01-19T13:31:11.907-0500: 13170.808: Total time for which application threads were stopped: 0.0000682 seconds, Stopping threads took: 0.0000231 seconds
2017-01-19T13:31:11.910-0500: 13170.811: Total time for which application threads were stopped: 0.0000671 seconds, Stopping threads took: 0.0000224 seconds
2017-01-19T13:31:11.910-0500: 13170.811: Total time for which application threads were stopped: 0.0000674 seconds, Stopping threads took: 0.0000224 seconds
2017-01-19T13:31:11.910-0500: 13170.811: Total time for which application threads were stopped: 0.0000678 seconds, Stopping threads took: 0.0000224 seconds
2017-01-19T13:31:11.911-0500: 13170.812: Total time for which application threads were stopped: 0.0000825 seconds, Stopping threads took: 0.0000367 seconds
2017-01-19T13:31:11.913-0500: 13170.814: Total time for which application threads were stopped: 0.0000663 seconds, Stopping threads took: 0.0000216 seconds
2017-01-19T13:31:11.915-0500: 13170.816: Total time for which application threads were stopped: 0.0000660 seconds, Stopping threads took: 0.0000213 seconds
2017-01-19T13:31:11.915-0500: 13170.816: Total time for which application threads were stopped: 0.0000630 seconds, Stopping threads took: 0.0000194 seconds
2017-01-19T13:31:11.915-0500: 13170.816: Total time for which application threads were stopped: 0.0000660 seconds, Stopping threads took: 0.0000220 seconds
2017-01-19T13:31:11.916-0500: 13170.817: Total time for which application threads were stopped: 0.0000660 seconds, Stopping threads took: 0.0000213 seconds
2017-01-19T13:31:11.916-0500: 13170.817: Total time for which application threads were stopped: 0.0000671 seconds, Stopping threads took: 0.0000216 seconds
2017-01-19T13:31:11.916-0500: 13170.817: Total time for which application threads were stopped: 0.0000667 seconds, Stopping threads took: 0.0000216 seconds
2017-01-19T13:31:11.916-0500: 13170.817: Total time for which application threads were stopped: 0.0000667 seconds, Stopping threads took: 0.0000220 seconds
2017-01-19T13:31:11.917-0500: 13170.818: Total time for which application threads were stopped: 0.0001594 seconds, Stopping threads took: 0.0000224 seconds
2017-01-19T13:31:11.919-0500: 13170.820: Total time for which application threads were stopped: 0.0000674 seconds, Stopping threads took: 0.0000220 seconds
2017-01-19T13:31:11.919-0500: 13170.820: Total time for which application threads were stopped: 0.0000667 seconds, Stopping threads took: 0.0000220 seconds
2017-01-19T13:31:11.919-0500: 13170.820: Total time for which application threads were stopped: 0.0000696 seconds, Stopping threads took: 0.0000224 seconds
2017-01-19T13:31:11.920-0500: 13170.821: Total time for which application threads were stopped: 0.0000667 seconds, Stopping threads took: 0.0000220 seconds
2017-01-19T13:31:11.922-0500: 13170.823: Total time for which application threads were stopped: 0.0002980 seconds, Stopping threads took: 0.0000242 seconds
2017-01-19T13:31:11.922-0500: 13170.823: Total time for which application threads were stopped: 0.0000696 seconds, Stopping threads took: 0.0000220 seconds
2017-01-19T13:31:11.922-0500: 13170.823: Total time for which application threads were stopped: 0.0000696 seconds, Stopping threads took: 0.0000220 seconds
2017-01-19T13:31:11.924-0500: 13170.825: Total time for which application threads were stopped: 0.0000777 seconds, Stopping threads took: 0.0000264 seconds
2017-01-19T13:31:11.925-0500: 13170.826: Total time for which application threads were stopped: 0.0000685 seconds, Stopping threads took: 0.0000235 seconds
2017-01-19T13:31:11.926-0500: 13170.827: Total time for which application threads were stopped: 0.0000682 seconds, Stopping threads took: 0.0000231 seconds
2017-01-19T13:31:11.928-0500: 13170.829: Total time for which application threads were stopped: 0.0000678 seconds, Stopping threads took: 0.0000231 seconds
2017-01-19T13:31:11.929-0500: 13170.830: Total time for which application threads were stopped: 0.0000663 seconds, Stopping threads took: 0.0000216 seconds
2017-01-19T13:31:11.931-0500: 13170.832: Total time for which application threads were stopped: 0.0001008 seconds, Stopping threads took: 0.0000246 seconds
2017-01-19T13:31:11.931-0500: 13170.832: Total time for which application threads were stopped: 0.0002375 seconds, Stopping threads took: 0.0000264 seconds
2017-01-19T13:31:11.933-0500: 13170.834: Total time for which application threads were stopped: 0.0000663 seconds, Stopping threads took: 0.0000216 seconds
2017-01-19T13:31:11.939-0500: 13170.840: Total time for which application threads were stopped: 0.0001950 seconds, Stopping threads took: 0.0001309 seconds
2017-01-19T13:31:11.941-0500: 13170.842: Total time for which application threads were stopped: 0.0001569 seconds, Stopping threads took: 0.0001048 seconds
2017-01-19T13:31:11.941-0500: 13170.842: Total time for which application threads were stopped: 0.0000693 seconds, Stopping threads took: 0.0000257 seconds
2017-01-19T13:31:11.941-0500: 13170.842: Total time for which application threads were stopped: 0.0000737 seconds, Stopping threads took: 0.0000293 seconds
2017-01-19T13:31:11.941-0500: 13170.842: Total time for which application threads were stopped: 0.0000759 seconds, Stopping threads took: 0.0000312 seconds
2017-01-19T13:31:11.942-0500: 13170.843: Total time for which application threads were stopped: 0.0000477 seconds, Stopping threads took: 0.0000154 seconds
Heap
 par new generation   total 109248K, used 70239K [0x00000000dae00000, 0x00000000e2e00000, 0x00000000e2e00000)
  eden space 87424K,  77% used [0x00000000dae00000, 0x00000000df051d30, 0x00000000e0360000)
  from space 21824K,  10% used [0x00000000e0360000, 0x00000000e05a6250, 0x00000000e18b0000)
  to   space 21824K,   0% used [0x00000000e18b0000, 0x00000000e18b0000, 0x00000000e2e00000)
 concurrent mark-sweep generation total 393216K, used 30663K [0x00000000e2e00000, 0x00000000fae00000, 0x00000000fae00000)
 concurrent-mark-sweep perm gen total 32384K, used 32221K [0x00000000fae00000, 0x00000000fcda0000, 0x0000000100000000)
