Java HotSpot(TM) 64-Bit Server VM (25.131-b11) for windows-amd64 JRE (1.8.0_131-b11), built on Mar 15 2017 01:23:53 by "java_re" with MS VC++ 10.0 (VS2010)
Memory: 4k page, physical 8291468k(3931076k free), swap 16581076k(11683460k free)
CommandLine flags: -XX:CMSInitiatingOccupancyFraction=50 -XX:CMSMaxAbortablePrecleanTime=6000 -XX:+CMSParallelRemarkEnabled -XX:+CMSScavengeBeforeRemark -XX:ConcGCThreads=4 -XX:InitialHeapSize=536870912 -XX:MaxHeapSize=536870912 -XX:MaxTenuringThreshold=8 -XX:NewRatio=3 -XX:OldPLABSize=16 -XX:ParallelGCThreads=4 -XX:+ParallelRefProcEnabled -XX:PretenureSizeThreshold=67108864 -XX:+PrintGC -XX:+PrintGCApplicationStoppedTime -XX:+PrintGCDateStamps -XX:+PrintGCDetails -XX:+PrintGCTimeStamps -XX:+PrintHeapAtGC -XX:+PrintTenuringDistribution -XX:SurvivorRatio=4 -XX:TargetSurvivorRatio=90 -XX:ThreadStackSize=256 -XX:+UseCMSInitiatingOccupancyOnly -XX:+UseCompressedClassPointers -XX:+UseCompressedOops -XX:+UseConcMarkSweepGC -XX:-UseLargePagesIndividualAllocation -XX:+UseParNewGC 
2017-07-24T13:36:39.342-0400: 1.020: Total time for which application threads were stopped: 0.0002778 seconds, Stopping threads took: 0.0000488 seconds
2017-07-24T13:36:39.927-0400: 1.605: Total time for which application threads were stopped: 0.0001246 seconds, Stopping threads took: 0.0000114 seconds
2017-07-24T13:36:40.703-0400: 2.382: Total time for which application threads were stopped: 0.0001312 seconds, Stopping threads took: 0.0000345 seconds
2017-07-24T13:36:40.764-0400: 2.443: Total time for which application threads were stopped: 0.0001323 seconds, Stopping threads took: 0.0000121 seconds
2017-07-24T13:36:40.771-0400: 2.449: Total time for which application threads were stopped: 0.0001213 seconds, Stopping threads took: 0.0000330 seconds
{Heap before GC invocations=0 (full 0):
 par new generation   total 109248K, used 87424K [0x00000000e0000000, 0x00000000e8000000, 0x00000000e8000000)
  eden space 87424K, 100% used [0x00000000e0000000, 0x00000000e5560000, 0x00000000e5560000)
  from space 21824K,   0% used [0x00000000e5560000, 0x00000000e5560000, 0x00000000e6ab0000)
  to   space 21824K,   0% used [0x00000000e6ab0000, 0x00000000e6ab0000, 0x00000000e8000000)
 concurrent mark-sweep generation total 393216K, used 0K [0x00000000e8000000, 0x0000000100000000, 0x0000000100000000)
 Metaspace       used 9930K, capacity 10076K, committed 10240K, reserved 1058816K
  class space    used 1172K, capacity 1208K, committed 1280K, reserved 1048576K
2017-07-24T13:36:41.496-0400: 3.175: [GC (Allocation Failure) 2017-07-24T13:36:41.496-0400: 3.175: [ParNew
Desired survivor size 20112992 bytes, new threshold 8 (max 8)
- age   1:    5748280 bytes,    5748280 total
: 87424K->5676K(109248K), 0.0047405 secs] 87424K->5676K(502464K), 0.0048728 secs] [Times: user=0.00 sys=0.00, real=0.00 secs] 
Heap after GC invocations=1 (full 0):
 par new generation   total 109248K, used 5676K [0x00000000e0000000, 0x00000000e8000000, 0x00000000e8000000)
  eden space 87424K,   0% used [0x00000000e0000000, 0x00000000e0000000, 0x00000000e5560000)
  from space 21824K,  26% used [0x00000000e6ab0000, 0x00000000e703b010, 0x00000000e8000000)
  to   space 21824K,   0% used [0x00000000e5560000, 0x00000000e5560000, 0x00000000e6ab0000)
 concurrent mark-sweep generation total 393216K, used 0K [0x00000000e8000000, 0x0000000100000000, 0x0000000100000000)
 Metaspace       used 9930K, capacity 10076K, committed 10240K, reserved 1058816K
  class space    used 1172K, capacity 1208K, committed 1280K, reserved 1048576K
}
2017-07-24T13:36:41.501-0400: 3.180: Total time for which application threads were stopped: 0.0050110 seconds, Stopping threads took: 0.0000154 seconds
2017-07-24T13:36:41.852-0400: 3.530: Total time for which application threads were stopped: 0.0001649 seconds, Stopping threads took: 0.0000139 seconds
2017-07-24T13:36:42.501-0400: 4.179: Total time for which application threads were stopped: 0.0003614 seconds, Stopping threads took: 0.0000407 seconds
2017-07-24T13:36:43.501-0400: 5.178: Total time for which application threads were stopped: 0.0000590 seconds, Stopping threads took: 0.0000147 seconds
2017-07-24T13:36:44.501-0400: 6.178: Total time for which application threads were stopped: 0.0001023 seconds, Stopping threads took: 0.0000183 seconds
2017-07-24T13:36:44.979-0400: 6.656: Total time for which application threads were stopped: 0.0002368 seconds, Stopping threads took: 0.0000176 seconds
2017-07-24T13:36:44.980-0400: 6.657: Total time for which application threads were stopped: 0.0001074 seconds, Stopping threads took: 0.0000088 seconds
2017-07-24T13:36:44.982-0400: 6.660: Total time for which application threads were stopped: 0.0001411 seconds, Stopping threads took: 0.0000106 seconds
2017-07-24T13:36:45.015-0400: 6.693: Total time for which application threads were stopped: 0.0000935 seconds, Stopping threads took: 0.0000114 seconds
2017-07-24T13:36:45.158-0400: 6.835: Total time for which application threads were stopped: 0.0001781 seconds, Stopping threads took: 0.0000165 seconds
2017-07-24T13:36:46.158-0400: 7.835: Total time for which application threads were stopped: 0.0001265 seconds, Stopping threads took: 0.0000220 seconds
2017-07-24T13:36:46.267-0400: 7.944: Total time for which application threads were stopped: 0.0001543 seconds, Stopping threads took: 0.0000938 seconds
2017-07-24T13:36:46.267-0400: 7.944: Total time for which application threads were stopped: 0.0000619 seconds, Stopping threads took: 0.0000224 seconds
2017-07-24T13:36:46.267-0400: 7.944: Total time for which application threads were stopped: 0.0000850 seconds, Stopping threads took: 0.0000433 seconds
2017-07-24T13:36:46.267-0400: 7.945: Total time for which application threads were stopped: 0.0000451 seconds, Stopping threads took: 0.0000165 seconds
2017-07-24T13:36:46.268-0400: 7.945: Total time for which application threads were stopped: 0.0000993 seconds, Stopping threads took: 0.0000612 seconds
2017-07-24T13:36:46.268-0400: 7.945: Total time for which application threads were stopped: 0.0000843 seconds, Stopping threads took: 0.0000495 seconds
2017-07-24T13:36:46.268-0400: 7.946: Total time for which application threads were stopped: 0.0001048 seconds, Stopping threads took: 0.0000575 seconds
2017-07-24T13:36:46.268-0400: 7.946: Total time for which application threads were stopped: 0.0000799 seconds, Stopping threads took: 0.0000451 seconds
2017-07-24T13:36:46.268-0400: 7.946: Total time for which application threads were stopped: 0.0000641 seconds, Stopping threads took: 0.0000367 seconds
2017-07-24T13:36:46.268-0400: 7.946: Total time for which application threads were stopped: 0.0000506 seconds, Stopping threads took: 0.0000191 seconds
2017-07-24T13:36:46.269-0400: 7.946: Total time for which application threads were stopped: 0.0000663 seconds, Stopping threads took: 0.0000205 seconds
2017-07-24T13:36:46.269-0400: 7.946: Total time for which application threads were stopped: 0.0000546 seconds, Stopping threads took: 0.0000183 seconds
2017-07-24T13:36:46.269-0400: 7.946: Total time for which application threads were stopped: 0.0000520 seconds, Stopping threads took: 0.0000180 seconds
2017-07-24T13:36:46.269-0400: 7.947: Total time for which application threads were stopped: 0.0000488 seconds, Stopping threads took: 0.0000161 seconds
2017-07-24T13:36:46.269-0400: 7.947: Total time for which application threads were stopped: 0.0000495 seconds, Stopping threads took: 0.0000128 seconds
2017-07-24T13:36:46.269-0400: 7.947: Total time for which application threads were stopped: 0.0000645 seconds, Stopping threads took: 0.0000139 seconds
2017-07-24T13:36:46.269-0400: 7.947: Total time for which application threads were stopped: 0.0000828 seconds, Stopping threads took: 0.0000293 seconds
2017-07-24T13:36:46.269-0400: 7.947: Total time for which application threads were stopped: 0.0000685 seconds, Stopping threads took: 0.0000301 seconds
2017-07-24T13:36:46.270-0400: 7.947: Total time for which application threads were stopped: 0.0000660 seconds, Stopping threads took: 0.0000242 seconds
2017-07-24T13:36:46.270-0400: 7.947: Total time for which application threads were stopped: 0.0000531 seconds, Stopping threads took: 0.0000117 seconds
2017-07-24T13:36:46.270-0400: 7.947: Total time for which application threads were stopped: 0.0000447 seconds, Stopping threads took: 0.0000110 seconds
2017-07-24T13:36:46.270-0400: 7.947: Total time for which application threads were stopped: 0.0000458 seconds, Stopping threads took: 0.0000132 seconds
2017-07-24T13:36:46.270-0400: 7.947: Total time for which application threads were stopped: 0.0000418 seconds, Stopping threads took: 0.0000106 seconds
2017-07-24T13:36:46.270-0400: 7.947: Total time for which application threads were stopped: 0.0000491 seconds, Stopping threads took: 0.0000103 seconds
2017-07-24T13:36:46.270-0400: 7.947: Total time for which application threads were stopped: 0.0000411 seconds, Stopping threads took: 0.0000088 seconds
2017-07-24T13:36:46.270-0400: 7.948: Total time for which application threads were stopped: 0.0000367 seconds, Stopping threads took: 0.0000044 seconds
2017-07-24T13:36:46.270-0400: 7.948: Total time for which application threads were stopped: 0.0000356 seconds, Stopping threads took: 0.0000040 seconds
2017-07-24T13:36:46.270-0400: 7.948: Total time for which application threads were stopped: 0.0000429 seconds, Stopping threads took: 0.0000092 seconds
2017-07-24T13:36:46.270-0400: 7.948: Total time for which application threads were stopped: 0.0000400 seconds, Stopping threads took: 0.0000062 seconds
2017-07-24T13:36:46.270-0400: 7.948: Total time for which application threads were stopped: 0.0000671 seconds, Stopping threads took: 0.0000117 seconds
2017-07-24T13:36:46.271-0400: 7.948: Total time for which application threads were stopped: 0.0000590 seconds, Stopping threads took: 0.0000092 seconds
2017-07-24T13:36:46.271-0400: 7.948: Total time for which application threads were stopped: 0.0001481 seconds, Stopping threads took: 0.0000198 seconds
2017-07-24T13:36:46.271-0400: 7.948: Total time for which application threads were stopped: 0.0000550 seconds, Stopping threads took: 0.0000176 seconds
2017-07-24T13:36:46.271-0400: 7.949: Total time for which application threads were stopped: 0.0000436 seconds, Stopping threads took: 0.0000121 seconds
2017-07-24T13:36:46.271-0400: 7.949: Total time for which application threads were stopped: 0.0000711 seconds, Stopping threads took: 0.0000205 seconds
2017-07-24T13:36:46.271-0400: 7.949: Total time for which application threads were stopped: 0.0000667 seconds, Stopping threads took: 0.0000147 seconds
2017-07-24T13:36:46.271-0400: 7.949: Total time for which application threads were stopped: 0.0000641 seconds, Stopping threads took: 0.0000150 seconds
2017-07-24T13:36:46.271-0400: 7.949: Total time for which application threads were stopped: 0.0000425 seconds, Stopping threads took: 0.0000147 seconds
2017-07-24T13:36:46.303-0400: 7.980: Total time for which application threads were stopped: 0.0002207 seconds, Stopping threads took: 0.0000180 seconds
2017-07-24T13:36:46.303-0400: 7.981: Total time for which application threads were stopped: 0.0001704 seconds, Stopping threads took: 0.0000971 seconds
2017-07-24T13:36:46.303-0400: 7.981: Total time for which application threads were stopped: 0.0001737 seconds, Stopping threads took: 0.0001250 seconds
2017-07-24T13:36:46.304-0400: 7.981: Total time for which application threads were stopped: 0.0001213 seconds, Stopping threads took: 0.0000722 seconds
2017-07-24T13:36:46.304-0400: 7.981: Total time for which application threads were stopped: 0.0001386 seconds, Stopping threads took: 0.0000667 seconds
2017-07-24T13:36:46.304-0400: 7.982: Total time for which application threads were stopped: 0.0001576 seconds, Stopping threads took: 0.0000971 seconds
2017-07-24T13:36:46.304-0400: 7.982: Total time for which application threads were stopped: 0.0000469 seconds, Stopping threads took: 0.0000095 seconds
2017-07-24T13:36:46.305-0400: 7.982: Total time for which application threads were stopped: 0.0001631 seconds, Stopping threads took: 0.0001070 seconds
2017-07-24T13:36:46.305-0400: 7.982: Total time for which application threads were stopped: 0.0001257 seconds, Stopping threads took: 0.0000784 seconds
2017-07-24T13:36:46.305-0400: 7.982: Total time for which application threads were stopped: 0.0001510 seconds, Stopping threads took: 0.0001059 seconds
2017-07-24T13:36:46.305-0400: 7.983: Total time for which application threads were stopped: 0.0000773 seconds, Stopping threads took: 0.0000345 seconds
2017-07-24T13:36:46.305-0400: 7.983: Total time for which application threads were stopped: 0.0000957 seconds, Stopping threads took: 0.0000586 seconds
2017-07-24T13:36:46.305-0400: 7.983: Total time for which application threads were stopped: 0.0000495 seconds, Stopping threads took: 0.0000172 seconds
2017-07-24T13:36:46.305-0400: 7.983: Total time for which application threads were stopped: 0.0000407 seconds, Stopping threads took: 0.0000092 seconds
2017-07-24T13:36:46.306-0400: 7.983: Total time for which application threads were stopped: 0.0000667 seconds, Stopping threads took: 0.0000279 seconds
2017-07-24T13:36:46.306-0400: 7.983: Total time for which application threads were stopped: 0.0000392 seconds, Stopping threads took: 0.0000084 seconds
2017-07-24T13:36:46.306-0400: 7.983: Total time for which application threads were stopped: 0.0000458 seconds, Stopping threads took: 0.0000154 seconds
2017-07-24T13:36:46.306-0400: 7.983: Total time for which application threads were stopped: 0.0000480 seconds, Stopping threads took: 0.0000154 seconds
2017-07-24T13:36:46.306-0400: 7.983: Total time for which application threads were stopped: 0.0000572 seconds, Stopping threads took: 0.0000282 seconds
2017-07-24T13:36:46.306-0400: 7.984: Total time for which application threads were stopped: 0.0000502 seconds, Stopping threads took: 0.0000132 seconds
2017-07-24T13:36:46.306-0400: 7.984: Total time for which application threads were stopped: 0.0000575 seconds, Stopping threads took: 0.0000165 seconds
2017-07-24T13:36:46.306-0400: 7.984: Total time for which application threads were stopped: 0.0000462 seconds, Stopping threads took: 0.0000161 seconds
2017-07-24T13:36:46.306-0400: 7.984: Total time for which application threads were stopped: 0.0000480 seconds, Stopping threads took: 0.0000154 seconds
2017-07-24T13:36:46.306-0400: 7.984: Total time for which application threads were stopped: 0.0000466 seconds, Stopping threads took: 0.0000088 seconds
2017-07-24T13:36:46.307-0400: 7.985: Total time for which application threads were stopped: 0.0000630 seconds, Stopping threads took: 0.0000150 seconds
2017-07-24T13:36:46.308-0400: 7.985: Total time for which application threads were stopped: 0.0000656 seconds, Stopping threads took: 0.0000191 seconds
2017-07-24T13:36:46.308-0400: 7.985: Total time for which application threads were stopped: 0.0000396 seconds, Stopping threads took: 0.0000092 seconds
2017-07-24T13:36:46.308-0400: 7.985: Total time for which application threads were stopped: 0.0000616 seconds, Stopping threads took: 0.0000114 seconds
2017-07-24T13:36:46.308-0400: 7.986: Total time for which application threads were stopped: 0.0000411 seconds, Stopping threads took: 0.0000114 seconds
2017-07-24T13:36:46.308-0400: 7.986: Total time for which application threads were stopped: 0.0000531 seconds, Stopping threads took: 0.0000088 seconds
2017-07-24T13:36:46.308-0400: 7.986: Total time for which application threads were stopped: 0.0000506 seconds, Stopping threads took: 0.0000169 seconds
2017-07-24T13:36:46.309-0400: 7.986: Total time for which application threads were stopped: 0.0001906 seconds, Stopping threads took: 0.0001569 seconds
2017-07-24T13:36:46.309-0400: 7.986: Total time for which application threads were stopped: 0.0000663 seconds, Stopping threads took: 0.0000128 seconds
2017-07-24T13:36:46.309-0400: 7.986: Total time for which application threads were stopped: 0.0000458 seconds, Stopping threads took: 0.0000125 seconds
2017-07-24T13:36:46.309-0400: 7.987: Total time for which application threads were stopped: 0.0003009 seconds, Stopping threads took: 0.0002412 seconds
2017-07-24T13:36:46.309-0400: 7.987: Total time for which application threads were stopped: 0.0001188 seconds, Stopping threads took: 0.0000246 seconds
2017-07-24T13:36:46.310-0400: 7.987: Total time for which application threads were stopped: 0.0000363 seconds, Stopping threads took: 0.0000128 seconds
2017-07-24T13:36:46.310-0400: 7.987: Total time for which application threads were stopped: 0.0000682 seconds, Stopping threads took: 0.0000301 seconds
2017-07-24T13:36:46.310-0400: 7.987: Total time for which application threads were stopped: 0.0000429 seconds, Stopping threads took: 0.0000150 seconds
2017-07-24T13:36:46.310-0400: 7.988: Total time for which application threads were stopped: 0.0001162 seconds, Stopping threads took: 0.0000711 seconds
2017-07-24T13:36:46.311-0400: 7.988: Total time for which application threads were stopped: 0.0001419 seconds, Stopping threads took: 0.0000396 seconds
2017-07-24T13:36:46.313-0400: 7.990: Total time for which application threads were stopped: 0.0000854 seconds, Stopping threads took: 0.0000224 seconds
2017-07-24T13:36:46.313-0400: 7.991: Total time for which application threads were stopped: 0.0000865 seconds, Stopping threads took: 0.0000367 seconds
2017-07-24T13:36:46.315-0400: 7.993: Total time for which application threads were stopped: 0.0000726 seconds, Stopping threads took: 0.0000172 seconds
2017-07-24T13:36:46.319-0400: 7.996: Total time for which application threads were stopped: 0.0000825 seconds, Stopping threads took: 0.0000202 seconds
2017-07-24T13:36:46.383-0400: 8.060: Total time for which application threads were stopped: 0.0001902 seconds, Stopping threads took: 0.0000121 seconds
2017-07-24T13:36:46.401-0400: 8.078: Total time for which application threads were stopped: 0.0000715 seconds, Stopping threads took: 0.0000246 seconds
2017-07-24T13:36:46.401-0400: 8.079: Total time for which application threads were stopped: 0.0000396 seconds, Stopping threads took: 0.0000136 seconds
2017-07-24T13:36:46.403-0400: 8.080: Total time for which application threads were stopped: 0.0000561 seconds, Stopping threads took: 0.0000231 seconds
2017-07-24T13:36:46.403-0400: 8.081: Total time for which application threads were stopped: 0.0000484 seconds, Stopping threads took: 0.0000260 seconds
2017-07-24T13:36:46.429-0400: 8.106: Total time for which application threads were stopped: 0.0000905 seconds, Stopping threads took: 0.0000242 seconds
2017-07-24T13:36:46.430-0400: 8.107: Total time for which application threads were stopped: 0.0000564 seconds, Stopping threads took: 0.0000304 seconds
2017-07-24T13:36:46.431-0400: 8.109: Total time for which application threads were stopped: 0.0000645 seconds, Stopping threads took: 0.0000253 seconds
2017-07-24T13:36:46.724-0400: 8.401: Total time for which application threads were stopped: 0.0003544 seconds, Stopping threads took: 0.0002089 seconds
2017-07-24T13:36:46.728-0400: 8.406: Total time for which application threads were stopped: 0.0002544 seconds, Stopping threads took: 0.0000502 seconds
2017-07-24T13:36:46.996-0400: 8.674: Total time for which application threads were stopped: 0.0001034 seconds, Stopping threads took: 0.0000451 seconds
{Heap before GC invocations=1 (full 0):
 par new generation   total 109248K, used 93244K [0x00000000e0000000, 0x00000000e8000000, 0x00000000e8000000)
  eden space 87424K, 100% used [0x00000000e0000000, 0x00000000e5560000, 0x00000000e5560000)
  from space 21824K,  26% used [0x00000000e6ab0000, 0x00000000e705f1b0, 0x00000000e8000000)
  to   space 21824K,   0% used [0x00000000e5560000, 0x00000000e5560000, 0x00000000e6ab0000)
 concurrent mark-sweep generation total 393216K, used 0K [0x00000000e8000000, 0x0000000100000000, 0x0000000100000000)
 Metaspace       used 19507K, capacity 19870K, committed 20224K, reserved 1067008K
  class space    used 2354K, capacity 2489K, committed 2560K, reserved 1048576K
2017-07-24T13:36:46.996-0400: 8.674: [GC (GCLocker Initiated GC) 2017-07-24T13:36:46.996-0400: 8.674: [ParNew
Desired survivor size 20112992 bytes, new threshold 8 (max 8)
- age   1:   11132328 bytes,   11132328 total
- age   2:    2562120 bytes,   13694448 total
: 93244K->14918K(109248K), 0.0094634 secs] 93244K->14918K(502464K), 0.0095286 secs] [Times: user=0.05 sys=0.02, real=0.01 secs] 
Heap after GC invocations=2 (full 0):
 par new generation   total 109248K, used 14918K [0x00000000e0000000, 0x00000000e8000000, 0x00000000e8000000)
  eden space 87424K,   0% used [0x00000000e0000000, 0x00000000e0000000, 0x00000000e5560000)
  from space 21824K,  68% used [0x00000000e5560000, 0x00000000e63f1800, 0x00000000e6ab0000)
  to   space 21824K,   0% used [0x00000000e6ab0000, 0x00000000e6ab0000, 0x00000000e8000000)
 concurrent mark-sweep generation total 393216K, used 0K [0x00000000e8000000, 0x0000000100000000, 0x0000000100000000)
 Metaspace       used 19507K, capacity 19870K, committed 20224K, reserved 1067008K
  class space    used 2354K, capacity 2489K, committed 2560K, reserved 1048576K
}
2017-07-24T13:36:47.006-0400: 8.683: Total time for which application threads were stopped: 0.0096631 seconds, Stopping threads took: 0.0000209 seconds
2017-07-24T13:36:47.007-0400: 8.685: Total time for which application threads were stopped: 0.0000663 seconds, Stopping threads took: 0.0000198 seconds
2017-07-24T13:36:47.007-0400: 8.685: Total time for which application threads were stopped: 0.0000224 seconds, Stopping threads took: 0.0000059 seconds
2017-07-24T13:36:47.007-0400: 8.685: Total time for which application threads were stopped: 0.0001276 seconds, Stopping threads took: 0.0000110 seconds
2017-07-24T13:36:49.156-0400: 10.834: Total time for which application threads were stopped: 0.0001932 seconds, Stopping threads took: 0.0000594 seconds
2017-07-24T13:36:49.158-0400: 10.835: Total time for which application threads were stopped: 0.0001349 seconds, Stopping threads took: 0.0000194 seconds
2017-07-24T13:36:50.647-0400: 12.324: Total time for which application threads were stopped: 0.0001345 seconds, Stopping threads took: 0.0000264 seconds
2017-07-24T13:36:50.691-0400: 12.369: Total time for which application threads were stopped: 0.0000865 seconds, Stopping threads took: 0.0000293 seconds
2017-07-24T13:36:50.829-0400: 12.507: Total time for which application threads were stopped: 0.0000960 seconds, Stopping threads took: 0.0000198 seconds
2017-07-24T13:36:51.145-0400: 12.823: Total time for which application threads were stopped: 0.0003251 seconds, Stopping threads took: 0.0000194 seconds
2017-07-24T13:36:51.166-0400: 12.843: Total time for which application threads were stopped: 0.0001107 seconds, Stopping threads took: 0.0000389 seconds
2017-07-24T13:36:51.327-0400: 13.004: Total time for which application threads were stopped: 0.0006667 seconds, Stopping threads took: 0.0002247 seconds
2017-07-24T13:36:51.357-0400: 13.034: Total time for which application threads were stopped: 0.0002903 seconds, Stopping threads took: 0.0000191 seconds
2017-07-24T13:36:51.391-0400: 13.068: Total time for which application threads were stopped: 0.0004263 seconds, Stopping threads took: 0.0000799 seconds
{Heap before GC invocations=2 (full 0):
 par new generation   total 109248K, used 102342K [0x00000000e0000000, 0x00000000e8000000, 0x00000000e8000000)
  eden space 87424K, 100% used [0x00000000e0000000, 0x00000000e5560000, 0x00000000e5560000)
  from space 21824K,  68% used [0x00000000e5560000, 0x00000000e63f1800, 0x00000000e6ab0000)
  to   space 21824K,   0% used [0x00000000e6ab0000, 0x00000000e6ab0000, 0x00000000e8000000)
 concurrent mark-sweep generation total 393216K, used 0K [0x00000000e8000000, 0x0000000100000000, 0x0000000100000000)
 Metaspace       used 20854K, capacity 21150K, committed 21296K, reserved 1069056K
  class space    used 2523K, capacity 2681K, committed 2688K, reserved 1048576K
2017-07-24T13:36:51.425-0400: 13.103: [GC (Allocation Failure) 2017-07-24T13:36:51.425-0400: 13.103: [ParNew
Desired survivor size 20112992 bytes, new threshold 8 (max 8)
- age   1:    2578824 bytes,    2578824 total
- age   2:    4549936 bytes,    7128760 total
- age   3:    2551928 bytes,    9680688 total
: 102342K->16443K(109248K), 0.0071776 secs] 102342K->16443K(502464K), 0.0072487 secs] [Times: user=0.06 sys=0.02, real=0.01 secs] 
Heap after GC invocations=3 (full 0):
 par new generation   total 109248K, used 16443K [0x00000000e0000000, 0x00000000e8000000, 0x00000000e8000000)
  eden space 87424K,   0% used [0x00000000e0000000, 0x00000000e0000000, 0x00000000e5560000)
  from space 21824K,  75% used [0x00000000e6ab0000, 0x00000000e7abef00, 0x00000000e8000000)
  to   space 21824K,   0% used [0x00000000e5560000, 0x00000000e5560000, 0x00000000e6ab0000)
 concurrent mark-sweep generation total 393216K, used 0K [0x00000000e8000000, 0x0000000100000000, 0x0000000100000000)
 Metaspace       used 20854K, capacity 21150K, committed 21296K, reserved 1069056K
  class space    used 2523K, capacity 2681K, committed 2688K, reserved 1048576K
}
2017-07-24T13:36:51.433-0400: 13.110: Total time for which application threads were stopped: 0.0074617 seconds, Stopping threads took: 0.0000656 seconds
2017-07-24T13:36:51.434-0400: 13.112: Total time for which application threads were stopped: 0.0001210 seconds, Stopping threads took: 0.0000528 seconds
2017-07-24T13:36:51.434-0400: 13.112: Total time for which application threads were stopped: 0.0000568 seconds, Stopping threads took: 0.0000275 seconds
2017-07-24T13:36:51.434-0400: 13.112: Total time for which application threads were stopped: 0.0000579 seconds, Stopping threads took: 0.0000249 seconds
2017-07-24T13:36:51.436-0400: 13.113: Total time for which application threads were stopped: 0.0000876 seconds, Stopping threads took: 0.0000359 seconds
2017-07-24T13:36:51.452-0400: 13.130: Total time for which application threads were stopped: 0.0001067 seconds, Stopping threads took: 0.0000359 seconds
2017-07-24T13:36:51.564-0400: 13.242: Total time for which application threads were stopped: 0.0000740 seconds, Stopping threads took: 0.0000161 seconds
2017-07-24T13:36:51.770-0400: 13.447: Total time for which application threads were stopped: 0.0003262 seconds, Stopping threads took: 0.0000176 seconds
2017-07-24T13:36:51.771-0400: 13.448: Total time for which application threads were stopped: 0.0001261 seconds, Stopping threads took: 0.0000575 seconds
2017-07-24T13:36:51.889-0400: 13.567: Total time for which application threads were stopped: 0.0001081 seconds, Stopping threads took: 0.0000253 seconds
2017-07-24T13:36:51.889-0400: 13.567: Total time for which application threads were stopped: 0.0000268 seconds, Stopping threads took: 0.0000073 seconds
2017-07-24T13:36:51.889-0400: 13.567: Total time for which application threads were stopped: 0.0000407 seconds, Stopping threads took: 0.0000169 seconds
2017-07-24T13:36:51.890-0400: 13.567: Total time for which application threads were stopped: 0.0000414 seconds, Stopping threads took: 0.0000084 seconds
2017-07-24T13:36:51.894-0400: 13.571: Total time for which application threads were stopped: 0.0001473 seconds, Stopping threads took: 0.0000451 seconds
2017-07-24T13:36:51.982-0400: 13.660: Total time for which application threads were stopped: 0.0000726 seconds, Stopping threads took: 0.0000165 seconds
2017-07-24T13:36:52.054-0400: 13.730: Total time for which application threads were stopped: 0.0001565 seconds, Stopping threads took: 0.0000817 seconds
2017-07-24T13:36:52.063-0400: 13.740: Total time for which application threads were stopped: 0.0000982 seconds, Stopping threads took: 0.0000231 seconds
{Heap before GC invocations=3 (full 0):
 par new generation   total 109248K, used 103867K [0x00000000e0000000, 0x00000000e8000000, 0x00000000e8000000)
  eden space 87424K, 100% used [0x00000000e0000000, 0x00000000e5560000, 0x00000000e5560000)
  from space 21824K,  75% used [0x00000000e6ab0000, 0x00000000e7abef00, 0x00000000e8000000)
  to   space 21824K,   0% used [0x00000000e5560000, 0x00000000e5560000, 0x00000000e6ab0000)
 concurrent mark-sweep generation total 393216K, used 0K [0x00000000e8000000, 0x0000000100000000, 0x0000000100000000)
 Metaspace       used 21633K, capacity 22000K, committed 22216K, reserved 1069056K
  class space    used 2614K, capacity 2748K, committed 2764K, reserved 1048576K
2017-07-24T13:36:52.071-0400: 13.748: [GC (Allocation Failure) 2017-07-24T13:36:52.071-0400: 13.748: [ParNew
Desired survivor size 20112992 bytes, new threshold 8 (max 8)
- age   1:    3339800 bytes,    3339800 total
- age   2:     924792 bytes,    4264592 total
- age   3:    4519048 bytes,    8783640 total
- age   4:    2551904 bytes,   11335544 total
: 103867K->12760K(109248K), 0.0068870 secs] 103867K->12760K(502464K), 0.0069581 secs] [Times: user=0.00 sys=0.00, real=0.01 secs] 
Heap after GC invocations=4 (full 0):
 par new generation   total 109248K, used 12760K [0x00000000e0000000, 0x00000000e8000000, 0x00000000e8000000)
  eden space 87424K,   0% used [0x00000000e0000000, 0x00000000e0000000, 0x00000000e5560000)
  from space 21824K,  58% used [0x00000000e5560000, 0x00000000e61d60a0, 0x00000000e6ab0000)
  to   space 21824K,   0% used [0x00000000e6ab0000, 0x00000000e6ab0000, 0x00000000e8000000)
 concurrent mark-sweep generation total 393216K, used 0K [0x00000000e8000000, 0x0000000100000000, 0x0000000100000000)
 Metaspace       used 21633K, capacity 22000K, committed 22216K, reserved 1069056K
  class space    used 2614K, capacity 2748K, committed 2764K, reserved 1048576K
}
2017-07-24T13:36:52.078-0400: 13.755: Total time for which application threads were stopped: 0.0071644 seconds, Stopping threads took: 0.0000623 seconds
2017-07-24T13:36:52.078-0400: 13.755: [GC (CMS Initial Mark) [1 CMS-initial-mark: 0K(393216K)] 14124K(502464K), 0.0022561 secs] [Times: user=0.00 sys=0.00, real=0.00 secs] 
2017-07-24T13:36:52.081-0400: 13.757: Total time for which application threads were stopped: 0.0024734 seconds, Stopping threads took: 0.0000982 seconds
2017-07-24T13:36:52.081-0400: 13.757: [CMS-concurrent-mark-start]
2017-07-24T13:36:52.082-0400: 13.759: Total time for which application threads were stopped: 0.0001298 seconds, Stopping threads took: 0.0000693 seconds
2017-07-24T13:36:52.082-0400: 13.759: Total time for which application threads were stopped: 0.0001122 seconds, Stopping threads took: 0.0000652 seconds
2017-07-24T13:36:52.083-0400: 13.759: [CMS-concurrent-mark: 0.001/0.002 secs] [Times: user=0.09 sys=0.00, real=0.00 secs] 
2017-07-24T13:36:52.083-0400: 13.760: [CMS-concurrent-preclean-start]
2017-07-24T13:36:52.084-0400: 13.760: [CMS-concurrent-preclean: 0.001/0.001 secs] [Times: user=0.00 sys=0.00, real=0.00 secs] 
2017-07-24T13:36:52.084-0400: 13.760: [CMS-concurrent-abortable-preclean-start]
2017-07-24T13:36:52.195-0400: 13.871: Total time for which application threads were stopped: 0.0001495 seconds, Stopping threads took: 0.0000667 seconds
{Heap before GC invocations=4 (full 1):
 par new generation   total 109248K, used 100184K [0x00000000e0000000, 0x00000000e8000000, 0x00000000e8000000)
  eden space 87424K, 100% used [0x00000000e0000000, 0x00000000e5560000, 0x00000000e5560000)
  from space 21824K,  58% used [0x00000000e5560000, 0x00000000e61d60a0, 0x00000000e6ab0000)
  to   space 21824K,   0% used [0x00000000e6ab0000, 0x00000000e6ab0000, 0x00000000e8000000)
 concurrent mark-sweep generation total 393216K, used 0K [0x00000000e8000000, 0x0000000100000000, 0x0000000100000000)
 Metaspace       used 21915K, capacity 22254K, committed 22420K, reserved 1069056K
  class space    used 2647K, capacity 2785K, committed 2892K, reserved 1048576K
2017-07-24T13:36:52.199-0400: 13.875: [GC (Allocation Failure) 2017-07-24T13:36:52.199-0400: 13.875: [ParNew
Desired survivor size 20112992 bytes, new threshold 8 (max 8)
- age   1:     437336 bytes,     437336 total
- age   2:    2560496 bytes,    2997832 total
- age   3:     895528 bytes,    3893360 total
- age   4:    4518568 bytes,    8411928 total
- age   5:    2551904 bytes,   10963832 total
: 100184K->14367K(109248K), 0.0080104 secs] 100184K->14367K(502464K), 0.0080698 secs] [Times: user=0.00 sys=0.00, real=0.01 secs] 
Heap after GC invocations=5 (full 1):
 par new generation   total 109248K, used 14367K [0x00000000e0000000, 0x00000000e8000000, 0x00000000e8000000)
  eden space 87424K,   0% used [0x00000000e0000000, 0x00000000e0000000, 0x00000000e5560000)
  from space 21824K,  65% used [0x00000000e6ab0000, 0x00000000e78b7e70, 0x00000000e8000000)
  to   space 21824K,   0% used [0x00000000e5560000, 0x00000000e5560000, 0x00000000e6ab0000)
 concurrent mark-sweep generation total 393216K, used 0K [0x00000000e8000000, 0x0000000100000000, 0x0000000100000000)
 Metaspace       used 21915K, capacity 22254K, committed 22420K, reserved 1069056K
  class space    used 2647K, capacity 2785K, committed 2892K, reserved 1048576K
}
2017-07-24T13:36:52.207-0400: 13.883: Total time for which application threads were stopped: 0.0082336 seconds, Stopping threads took: 0.0000231 seconds
2017-07-24T13:36:52.276-0400: 13.953: Total time for which application threads were stopped: 0.0000770 seconds, Stopping threads took: 0.0000161 seconds
2017-07-24T13:36:52.276-0400: 13.953: [CMS-concurrent-abortable-preclean: 0.042/0.193 secs] [Times: user=0.34 sys=0.02, real=0.19 secs] 
2017-07-24T13:36:52.277-0400: 13.953: [GC (CMS Final Remark) [YG occupancy: 63039 K (109248 K)]{Heap before GC invocations=5 (full 1):
 par new generation   total 109248K, used 63039K [0x00000000e0000000, 0x00000000e8000000, 0x00000000e8000000)
  eden space 87424K,  55% used [0x00000000e0000000, 0x00000000e2f88040, 0x00000000e5560000)
  from space 21824K,  65% used [0x00000000e6ab0000, 0x00000000e78b7e70, 0x00000000e8000000)
  to   space 21824K,   0% used [0x00000000e5560000, 0x00000000e5560000, 0x00000000e6ab0000)
 concurrent mark-sweep generation total 393216K, used 0K [0x00000000e8000000, 0x0000000100000000, 0x0000000100000000)
 Metaspace       used 22171K, capacity 22510K, committed 22880K, reserved 1069056K
  class space    used 2677K, capacity 2785K, committed 2892K, reserved 1048576K
2017-07-24T13:36:52.277-0400: 13.953: [GC (CMS Final Remark) 2017-07-24T13:36:52.277-0400: 13.953: [ParNew
Desired survivor size 20112992 bytes, new threshold 8 (max 8)
- age   1:     238840 bytes,     238840 total
- age   2:     161320 bytes,     400160 total
- age   3:    2557552 bytes,    2957712 total
- age   4:     895528 bytes,    3853240 total
- age   5:    4518504 bytes,    8371744 total
- age   6:    2551904 bytes,   10923648 total
: 63039K->14421K(109248K), 0.0083102 secs] 63039K->14421K(502464K), 0.0083513 secs] [Times: user=0.00 sys=0.00, real=0.01 secs] 
Heap after GC invocations=6 (full 1):
 par new generation   total 109248K, used 14421K [0x00000000e0000000, 0x00000000e8000000, 0x00000000e8000000)
  eden space 87424K,   0% used [0x00000000e0000000, 0x00000000e0000000, 0x00000000e5560000)
  from space 21824K,  66% used [0x00000000e5560000, 0x00000000e63756e8, 0x00000000e6ab0000)
  to   space 21824K,   0% used [0x00000000e6ab0000, 0x00000000e6ab0000, 0x00000000e8000000)
 concurrent mark-sweep generation total 393216K, used 0K [0x00000000e8000000, 0x0000000100000000, 0x0000000100000000)
 Metaspace       used 22171K, capacity 22510K, committed 22880K, reserved 1069056K
  class space    used 2677K, capacity 2785K, committed 2892K, reserved 1048576K
}
2017-07-24T13:36:52.285-0400: 13.962: [Rescan (parallel) , 0.0021333 secs]2017-07-24T13:36:52.287-0400: 13.964: [weak refs processing, 0.0005022 secs]2017-07-24T13:36:52.288-0400: 13.964: [class unloading, 0.0027509 secs]2017-07-24T13:36:52.290-0400: 13.967: [scrub symbol table, 0.0041394 secs]2017-07-24T13:36:52.295-0400: 13.971: [scrub string table, 0.0003050 secs][1 CMS-remark: 0K(393216K)] 14421K(502464K), 0.0188402 secs] [Times: user=0.06 sys=0.00, real=0.02 secs] 
2017-07-24T13:36:52.295-0400: 13.972: Total time for which application threads were stopped: 0.0189081 seconds, Stopping threads took: 0.0000106 seconds
2017-07-24T13:36:52.295-0400: 13.972: [CMS-concurrent-sweep-start]
2017-07-24T13:36:52.295-0400: 13.972: [CMS-concurrent-sweep: 0.000/0.000 secs] [Times: user=0.00 sys=0.00, real=0.00 secs] 
2017-07-24T13:36:52.295-0400: 13.972: [CMS-concurrent-reset-start]
2017-07-24T13:36:52.297-0400: 13.974: [CMS-concurrent-reset: 0.002/0.002 secs] [Times: user=0.00 sys=0.00, real=0.00 secs] 
{Heap before GC invocations=6 (full 1):
 par new generation   total 109248K, used 101845K [0x00000000e0000000, 0x00000000e8000000, 0x00000000e8000000)
  eden space 87424K, 100% used [0x00000000e0000000, 0x00000000e5560000, 0x00000000e5560000)
  from space 21824K,  66% used [0x00000000e5560000, 0x00000000e63756e8, 0x00000000e6ab0000)
  to   space 21824K,   0% used [0x00000000e6ab0000, 0x00000000e6ab0000, 0x00000000e8000000)
 concurrent mark-sweep generation total 393216K, used 0K [0x00000000e8000000, 0x0000000100000000, 0x0000000100000000)
 Metaspace       used 22587K, capacity 22990K, committed 23136K, reserved 1069056K
  class space    used 2742K, capacity 2881K, committed 2892K, reserved 1048576K
2017-07-24T13:36:52.475-0400: 14.152: [GC (Allocation Failure) 2017-07-24T13:36:52.475-0400: 14.152: [ParNew
Desired survivor size 20112992 bytes, new threshold 8 (max 8)
- age   1:     918216 bytes,     918216 total
- age   2:      57312 bytes,     975528 total
- age   3:     160128 bytes,    1135656 total
- age   4:    2557272 bytes,    3692928 total
- age   5:     895528 bytes,    4588456 total
- age   6:    4518232 bytes,    9106688 total
- age   7:    2551904 bytes,   11658592 total
: 101845K->14006K(109248K), 0.0063261 secs] 101845K->14006K(502464K), 0.0064090 secs] [Times: user=0.00 sys=0.00, real=0.01 secs] 
Heap after GC invocations=7 (full 1):
 par new generation   total 109248K, used 14006K [0x00000000e0000000, 0x00000000e8000000, 0x00000000e8000000)
  eden space 87424K,   0% used [0x00000000e0000000, 0x00000000e0000000, 0x00000000e5560000)
  from space 21824K,  64% used [0x00000000e6ab0000, 0x00000000e785dae0, 0x00000000e8000000)
  to   space 21824K,   0% used [0x00000000e5560000, 0x00000000e5560000, 0x00000000e6ab0000)
 concurrent mark-sweep generation total 393216K, used 0K [0x00000000e8000000, 0x0000000100000000, 0x0000000100000000)
 Metaspace       used 22587K, capacity 22990K, committed 23136K, reserved 1069056K
  class space    used 2742K, capacity 2881K, committed 2892K, reserved 1048576K
}
2017-07-24T13:36:52.481-0400: 14.158: Total time for which application threads were stopped: 0.0066274 seconds, Stopping threads took: 0.0000451 seconds
2017-07-24T13:36:52.574-0400: 14.250: Total time for which application threads were stopped: 0.0001063 seconds, Stopping threads took: 0.0000319 seconds
{Heap before GC invocations=7 (full 1):
 par new generation   total 109248K, used 101462K [0x00000000e0000000, 0x00000000e8000000, 0x00000000e8000000)
  eden space 87424K, 100% used [0x00000000e0000000, 0x00000000e5560000, 0x00000000e5560000)
  from space 21824K,  64% used [0x00000000e6ab0000, 0x00000000e7865af0, 0x00000000e8000000)
  to   space 21824K,   0% used [0x00000000e5560000, 0x00000000e5560000, 0x00000000e6ab0000)
 concurrent mark-sweep generation total 393216K, used 0K [0x00000000e8000000, 0x0000000100000000, 0x0000000100000000)
 Metaspace       used 22642K, capacity 23002K, committed 23136K, reserved 1069056K
  class space    used 2750K, capacity 2883K, committed 2892K, reserved 1048576K
2017-07-24T13:36:52.574-0400: 14.251: [GC (GCLocker Initiated GC) 2017-07-24T13:36:52.574-0400: 14.251: [ParNew
Desired survivor size 20112992 bytes, new threshold 8 (max 8)
- age   1:    1550200 bytes,    1550200 total
- age   2:     119320 bytes,    1669520 total
- age   3:      56496 bytes,    1726016 total
- age   4:     160224 bytes,    1886240 total
- age   5:    2557296 bytes,    4443536 total
- age   6:     895600 bytes,    5339136 total
- age   7:    4518288 bytes,    9857424 total
- age   8:    2552192 bytes,   12409616 total
: 101462K->19879K(109248K), 0.0065725 secs] 101462K->19879K(502464K), 0.0066274 secs] [Times: user=0.00 sys=0.00, real=0.01 secs] 
Heap after GC invocations=8 (full 1):
 par new generation   total 109248K, used 19879K [0x00000000e0000000, 0x00000000e8000000, 0x00000000e8000000)
  eden space 87424K,   0% used [0x00000000e0000000, 0x00000000e0000000, 0x00000000e5560000)
  from space 21824K,  91% used [0x00000000e5560000, 0x00000000e68c9dc0, 0x00000000e6ab0000)
  to   space 21824K,   0% used [0x00000000e6ab0000, 0x00000000e6ab0000, 0x00000000e8000000)
 concurrent mark-sweep generation total 393216K, used 0K [0x00000000e8000000, 0x0000000100000000, 0x0000000100000000)
 Metaspace       used 22642K, capacity 23002K, committed 23136K, reserved 1069056K
  class space    used 2750K, capacity 2883K, committed 2892K, reserved 1048576K
}
2017-07-24T13:36:52.581-0400: 14.257: Total time for which application threads were stopped: 0.0067711 seconds, Stopping threads took: 0.0000264 seconds
2017-07-24T13:36:52.607-0400: 14.284: Total time for which application threads were stopped: 0.0000887 seconds, Stopping threads took: 0.0000341 seconds
2017-07-24T13:36:53.080-0400: 14.757: Total time for which application threads were stopped: 0.0002650 seconds, Stopping threads took: 0.0000451 seconds
2017-07-24T13:36:53.082-0400: 14.759: Total time for which application threads were stopped: 0.0003603 seconds, Stopping threads took: 0.0001880 seconds
2017-07-24T13:36:53.276-0400: 14.952: Total time for which application threads were stopped: 0.0001345 seconds, Stopping threads took: 0.0000242 seconds
2017-07-24T13:36:53.287-0400: 14.964: Total time for which application threads were stopped: 0.0001364 seconds, Stopping threads took: 0.0000275 seconds
2017-07-24T13:36:53.580-0400: 15.257: Total time for which application threads were stopped: 0.0001499 seconds, Stopping threads took: 0.0000385 seconds
2017-07-24T13:36:53.586-0400: 15.262: Total time for which application threads were stopped: 0.0001510 seconds, Stopping threads took: 0.0000480 seconds
2017-07-24T13:36:53.594-0400: 15.270: Total time for which application threads were stopped: 0.0001360 seconds, Stopping threads took: 0.0000304 seconds
{Heap before GC invocations=8 (full 1):
 par new generation   total 109248K, used 107303K [0x00000000e0000000, 0x00000000e8000000, 0x00000000e8000000)
  eden space 87424K, 100% used [0x00000000e0000000, 0x00000000e5560000, 0x00000000e5560000)
  from space 21824K,  91% used [0x00000000e5560000, 0x00000000e68c9dc0, 0x00000000e6ab0000)
  to   space 21824K,   0% used [0x00000000e6ab0000, 0x00000000e6ab0000, 0x00000000e8000000)
 concurrent mark-sweep generation total 393216K, used 0K [0x00000000e8000000, 0x0000000100000000, 0x0000000100000000)
 Metaspace       used 23926K, capacity 24254K, committed 24652K, reserved 1071104K
  class space    used 2910K, capacity 3045K, committed 3148K, reserved 1048576K
2017-07-24T13:36:53.899-0400: 15.575: [GC (Allocation Failure) 2017-07-24T13:36:53.899-0400: 15.576: [ParNew
Desired survivor size 20112992 bytes, new threshold 8 (max 8)
- age   1:    1748016 bytes,    1748016 total
- age   2:     109648 bytes,    1857664 total
- age   3:     118360 bytes,    1976024 total
- age   4:      55936 bytes,    2031960 total
- age   5:     159200 bytes,    2191160 total
- age   6:     377904 bytes,    2569064 total
- age   7:     895496 bytes,    3464560 total
- age   8:    4508408 bytes,    7972968 total
: 107303K->9650K(109248K), 0.0138740 secs] 107303K->12374K(502464K), 0.0139623 secs] [Times: user=0.05 sys=0.00, real=0.01 secs] 
Heap after GC invocations=9 (full 1):
 par new generation   total 109248K, used 9650K [0x00000000e0000000, 0x00000000e8000000, 0x00000000e8000000)
  eden space 87424K,   0% used [0x00000000e0000000, 0x00000000e0000000, 0x00000000e5560000)
  from space 21824K,  44% used [0x00000000e6ab0000, 0x00000000e741c910, 0x00000000e8000000)
  to   space 21824K,   0% used [0x00000000e5560000, 0x00000000e5560000, 0x00000000e6ab0000)
 concurrent mark-sweep generation total 393216K, used 2724K [0x00000000e8000000, 0x0000000100000000, 0x0000000100000000)
 Metaspace       used 23926K, capacity 24254K, committed 24652K, reserved 1071104K
  class space    used 2910K, capacity 3045K, committed 3148K, reserved 1048576K
}
2017-07-24T13:36:53.913-0400: 15.589: Total time for which application threads were stopped: 0.0142141 seconds, Stopping threads took: 0.0000517 seconds
2017-07-24T13:36:53.918-0400: 15.594: Total time for which application threads were stopped: 0.0000971 seconds, Stopping threads took: 0.0000231 seconds
2017-07-24T13:36:54.019-0400: 15.695: Total time for which application threads were stopped: 0.0003423 seconds, Stopping threads took: 0.0000231 seconds
2017-07-24T13:36:55.019-0400: 16.695: Total time for which application threads were stopped: 0.0000913 seconds, Stopping threads took: 0.0000216 seconds
2017-07-24T13:36:55.899-0400: 17.576: Total time for which application threads were stopped: 0.0002657 seconds, Stopping threads took: 0.0000462 seconds
2017-07-24T13:36:55.900-0400: 17.577: Total time for which application threads were stopped: 0.0002412 seconds, Stopping threads took: 0.0001433 seconds
2017-07-24T13:36:55.902-0400: 17.579: Total time for which application threads were stopped: 0.0001070 seconds, Stopping threads took: 0.0000301 seconds
2017-07-24T13:36:56.092-0400: 17.769: Total time for which application threads were stopped: 0.0000825 seconds, Stopping threads took: 0.0000271 seconds
2017-07-24T13:36:56.113-0400: 17.789: Total time for which application threads were stopped: 0.0006788 seconds, Stopping threads took: 0.0000304 seconds
2017-07-24T13:36:56.114-0400: 17.791: Total time for which application threads were stopped: 0.0001994 seconds, Stopping threads took: 0.0001202 seconds
2017-07-24T13:36:56.115-0400: 17.791: Total time for which application threads were stopped: 0.0001463 seconds, Stopping threads took: 0.0000542 seconds
2017-07-24T13:36:56.116-0400: 17.793: Total time for which application threads were stopped: 0.0002097 seconds, Stopping threads took: 0.0001287 seconds
2017-07-24T13:36:56.148-0400: 17.824: Total time for which application threads were stopped: 0.0003852 seconds, Stopping threads took: 0.0000198 seconds
2017-07-24T13:36:56.152-0400: 17.829: Total time for which application threads were stopped: 0.0000975 seconds, Stopping threads took: 0.0000293 seconds
2017-07-24T13:36:56.158-0400: 17.834: Total time for which application threads were stopped: 0.0003193 seconds, Stopping threads took: 0.0000180 seconds
2017-07-24T13:36:56.230-0400: 17.906: Total time for which application threads were stopped: 0.0000913 seconds, Stopping threads took: 0.0000198 seconds
2017-07-24T13:36:56.234-0400: 17.911: Total time for which application threads were stopped: 0.0000777 seconds, Stopping threads took: 0.0000150 seconds
2017-07-24T13:36:56.236-0400: 17.912: Total time for which application threads were stopped: 0.0000682 seconds, Stopping threads took: 0.0000128 seconds
2017-07-24T13:36:56.242-0400: 17.918: Total time for which application threads were stopped: 0.0000803 seconds, Stopping threads took: 0.0000158 seconds
2017-07-24T13:36:56.318-0400: 17.995: Total time for which application threads were stopped: 0.0000847 seconds, Stopping threads took: 0.0000209 seconds
2017-07-24T13:36:56.328-0400: 18.005: Total time for which application threads were stopped: 0.0000770 seconds, Stopping threads took: 0.0000216 seconds
2017-07-24T13:36:56.358-0400: 18.035: Total time for which application threads were stopped: 0.0001855 seconds, Stopping threads took: 0.0000271 seconds
2017-07-24T13:36:56.359-0400: 18.035: Total time for which application threads were stopped: 0.0000572 seconds, Stopping threads took: 0.0000088 seconds
2017-07-24T13:36:56.661-0400: 18.337: Total time for which application threads were stopped: 0.0000880 seconds, Stopping threads took: 0.0000220 seconds
2017-07-24T13:36:56.661-0400: 18.338: Total time for which application threads were stopped: 0.0000275 seconds, Stopping threads took: 0.0000081 seconds
2017-07-24T13:36:56.769-0400: 18.446: Total time for which application threads were stopped: 0.0000828 seconds, Stopping threads took: 0.0000227 seconds
2017-07-24T13:36:57.041-0400: 18.717: Total time for which application threads were stopped: 0.0001638 seconds, Stopping threads took: 0.0000744 seconds
2017-07-24T13:36:57.107-0400: 18.784: Total time for which application threads were stopped: 0.0001151 seconds, Stopping threads took: 0.0000400 seconds
2017-07-24T13:36:57.108-0400: 18.784: Total time for which application threads were stopped: 0.0000671 seconds, Stopping threads took: 0.0000191 seconds
2017-07-24T13:36:57.129-0400: 18.806: Total time for which application threads were stopped: 0.0001778 seconds, Stopping threads took: 0.0000733 seconds
2017-07-24T13:36:57.129-0400: 18.806: Total time for which application threads were stopped: 0.0000656 seconds, Stopping threads took: 0.0000209 seconds
2017-07-24T13:36:57.130-0400: 18.806: Total time for which application threads were stopped: 0.0000667 seconds, Stopping threads took: 0.0000209 seconds
2017-07-24T13:36:57.135-0400: 18.812: Total time for which application threads were stopped: 0.0000645 seconds, Stopping threads took: 0.0000235 seconds
2017-07-24T13:36:57.136-0400: 18.813: Total time for which application threads were stopped: 0.0000491 seconds, Stopping threads took: 0.0000194 seconds
2017-07-24T13:36:57.144-0400: 18.821: Total time for which application threads were stopped: 0.0000667 seconds, Stopping threads took: 0.0000183 seconds
2017-07-24T13:36:57.144-0400: 18.821: Total time for which application threads were stopped: 0.0000524 seconds, Stopping threads took: 0.0000330 seconds
2017-07-24T13:36:57.149-0400: 18.825: Total time for which application threads were stopped: 0.0000990 seconds, Stopping threads took: 0.0000297 seconds
2017-07-24T13:36:57.151-0400: 18.828: Total time for which application threads were stopped: 0.0001155 seconds, Stopping threads took: 0.0000466 seconds
2017-07-24T13:36:57.152-0400: 18.828: Total time for which application threads were stopped: 0.0000561 seconds, Stopping threads took: 0.0000169 seconds
2017-07-24T13:36:57.153-0400: 18.830: Total time for which application threads were stopped: 0.0000531 seconds, Stopping threads took: 0.0000114 seconds
2017-07-24T13:36:57.191-0400: 18.868: Total time for which application threads were stopped: 0.0001866 seconds, Stopping threads took: 0.0000762 seconds
2017-07-24T13:36:57.192-0400: 18.868: Total time for which application threads were stopped: 0.0001056 seconds, Stopping threads took: 0.0000433 seconds
2017-07-24T13:36:57.502-0400: 19.178: Total time for which application threads were stopped: 0.0003039 seconds, Stopping threads took: 0.0001840 seconds
2017-07-24T13:36:57.902-0400: 19.579: Total time for which application threads were stopped: 0.0002210 seconds, Stopping threads took: 0.0000425 seconds
2017-07-24T13:36:58.641-0400: 20.318: Total time for which application threads were stopped: 0.0003163 seconds, Stopping threads took: 0.0000139 seconds
2017-07-24T13:36:58.970-0400: 20.646: Total time for which application threads were stopped: 0.0000788 seconds, Stopping threads took: 0.0000191 seconds
2017-07-24T13:36:59.072-0400: 20.749: Total time for which application threads were stopped: 0.0005894 seconds, Stopping threads took: 0.0000341 seconds
2017-07-24T13:37:00.072-0400: 21.748: Total time for which application threads were stopped: 0.0001499 seconds, Stopping threads took: 0.0000356 seconds
2017-07-24T13:37:00.675-0400: 22.351: Total time for which application threads were stopped: 0.0002100 seconds, Stopping threads took: 0.0000715 seconds
2017-07-24T13:37:00.856-0400: 22.533: Total time for which application threads were stopped: 0.0002331 seconds, Stopping threads took: 0.0000792 seconds
2017-07-24T13:37:00.868-0400: 22.545: Total time for which application threads were stopped: 0.0002797 seconds, Stopping threads took: 0.0001180 seconds
2017-07-24T13:37:01.023-0400: 22.699: Total time for which application threads were stopped: 0.0002346 seconds, Stopping threads took: 0.0001001 seconds
2017-07-24T13:37:01.064-0400: 22.741: Total time for which application threads were stopped: 0.0001990 seconds, Stopping threads took: 0.0000663 seconds
{Heap before GC invocations=9 (full 1):
 par new generation   total 109248K, used 97074K [0x00000000e0000000, 0x00000000e8000000, 0x00000000e8000000)
  eden space 87424K, 100% used [0x00000000e0000000, 0x00000000e5560000, 0x00000000e5560000)
  from space 21824K,  44% used [0x00000000e6ab0000, 0x00000000e741c910, 0x00000000e8000000)
  to   space 21824K,   0% used [0x00000000e5560000, 0x00000000e5560000, 0x00000000e6ab0000)
 concurrent mark-sweep generation total 393216K, used 2724K [0x00000000e8000000, 0x0000000100000000, 0x0000000100000000)
 Metaspace       used 27768K, capacity 28150K, committed 28620K, reserved 1075200K
  class space    used 3343K, capacity 3465K, committed 3532K, reserved 1048576K
2017-07-24T13:37:01.071-0400: 22.747: [GC (Allocation Failure) 2017-07-24T13:37:01.071-0400: 22.748: [ParNew
Desired survivor size 20112992 bytes, new threshold 8 (max 8)
- age   1:   12037296 bytes,   12037296 total
- age   2:     719400 bytes,   12756696 total
- age   3:      89472 bytes,   12846168 total
- age   4:     118360 bytes,   12964528 total
- age   5:      55784 bytes,   13020312 total
- age   6:     158640 bytes,   13178952 total
- age   7:     366504 bytes,   13545456 total
- age   8:     879280 bytes,   14424736 total
: 97074K->19849K(109248K), 0.0268891 secs] 99798K->27225K(502464K), 0.0269852 secs] [Times: user=0.03 sys=0.00, real=0.03 secs] 
Heap after GC invocations=10 (full 1):
 par new generation   total 109248K, used 19849K [0x00000000e0000000, 0x00000000e8000000, 0x00000000e8000000)
  eden space 87424K,   0% used [0x00000000e0000000, 0x00000000e0000000, 0x00000000e5560000)
  from space 21824K,  90% used [0x00000000e5560000, 0x00000000e68c27b8, 0x00000000e6ab0000)
  to   space 21824K,   0% used [0x00000000e6ab0000, 0x00000000e6ab0000, 0x00000000e8000000)
 concurrent mark-sweep generation total 393216K, used 7376K [0x00000000e8000000, 0x0000000100000000, 0x0000000100000000)
 Metaspace       used 27768K, capacity 28150K, committed 28620K, reserved 1075200K
  class space    used 3343K, capacity 3465K, committed 3532K, reserved 1048576K
}
2017-07-24T13:37:01.098-0400: 22.775: Total time for which application threads were stopped: 0.0272150 seconds, Stopping threads took: 0.0000154 seconds
2017-07-24T13:37:01.106-0400: 22.782: Total time for which application threads were stopped: 0.0000828 seconds, Stopping threads took: 0.0000238 seconds
2017-07-24T13:37:01.106-0400: 22.782: Total time for which application threads were stopped: 0.0000623 seconds, Stopping threads took: 0.0000095 seconds
2017-07-24T13:37:01.106-0400: 22.783: Total time for which application threads were stopped: 0.0001437 seconds, Stopping threads took: 0.0000667 seconds
2017-07-24T13:37:01.147-0400: 22.823: Total time for which application threads were stopped: 0.0001184 seconds, Stopping threads took: 0.0000557 seconds
2017-07-24T13:37:01.234-0400: 22.911: Total time for which application threads were stopped: 0.0001254 seconds, Stopping threads took: 0.0000154 seconds
2017-07-24T13:37:01.308-0400: 22.985: Total time for which application threads were stopped: 0.0003196 seconds, Stopping threads took: 0.0000502 seconds
2017-07-24T13:37:01.421-0400: 23.097: Total time for which application threads were stopped: 0.0001675 seconds, Stopping threads took: 0.0000997 seconds
2017-07-24T13:37:01.421-0400: 23.098: Total time for which application threads were stopped: 0.0000718 seconds, Stopping threads took: 0.0000293 seconds
2017-07-24T13:37:01.621-0400: 23.298: Total time for which application threads were stopped: 0.0456740 seconds, Stopping threads took: 0.0450410 seconds
2017-07-24T13:37:01.759-0400: 23.435: Total time for which application threads were stopped: 0.0001287 seconds, Stopping threads took: 0.0000249 seconds
{Heap before GC invocations=10 (full 1):
 par new generation   total 109248K, used 107273K [0x00000000e0000000, 0x00000000e8000000, 0x00000000e8000000)
  eden space 87424K, 100% used [0x00000000e0000000, 0x00000000e5560000, 0x00000000e5560000)
  from space 21824K,  90% used [0x00000000e5560000, 0x00000000e68c27b8, 0x00000000e6ab0000)
  to   space 21824K,   0% used [0x00000000e6ab0000, 0x00000000e6ab0000, 0x00000000e8000000)
 concurrent mark-sweep generation total 393216K, used 7376K [0x00000000e8000000, 0x0000000100000000, 0x0000000100000000)
 Metaspace       used 28726K, capacity 29046K, committed 29516K, reserved 1075200K
  class space    used 3461K, capacity 3593K, committed 3660K, reserved 1048576K
2017-07-24T13:37:01.935-0400: 23.611: [GC (Allocation Failure) 2017-07-24T13:37:01.935-0400: 23.611: [ParNew
Desired survivor size 20112992 bytes, new threshold 8 (max 8)
- age   1:    4712512 bytes,    4712512 total
- age   2:    8843064 bytes,   13555576 total
- age   3:     719064 bytes,   14274640 total
- age   4:      89408 bytes,   14364048 total
- age   5:     117640 bytes,   14481688 total
- age   6:      55784 bytes,   14537472 total
- age   7:     158400 bytes,   14695872 total
- age   8:     365144 bytes,   15061016 total
: 107273K->18121K(109248K), 0.0108790 secs] 114649K->26359K(502464K), 0.0109614 secs] [Times: user=0.06 sys=0.00, real=0.01 secs] 
Heap after GC invocations=11 (full 1):
 par new generation   total 109248K, used 18121K [0x00000000e0000000, 0x00000000e8000000, 0x00000000e8000000)
  eden space 87424K,   0% used [0x00000000e0000000, 0x00000000e0000000, 0x00000000e5560000)
  from space 21824K,  83% used [0x00000000e6ab0000, 0x00000000e7c62758, 0x00000000e8000000)
  to   space 21824K,   0% used [0x00000000e5560000, 0x00000000e5560000, 0x00000000e6ab0000)
 concurrent mark-sweep generation total 393216K, used 8237K [0x00000000e8000000, 0x0000000100000000, 0x0000000100000000)
 Metaspace       used 28726K, capacity 29046K, committed 29516K, reserved 1075200K
  class space    used 3461K, capacity 3593K, committed 3660K, reserved 1048576K
}
2017-07-24T13:37:01.946-0400: 23.622: Total time for which application threads were stopped: 0.0229019 seconds, Stopping threads took: 0.0117653 seconds
{Heap before GC invocations=11 (full 1):
 par new generation   total 109248K, used 105545K [0x00000000e0000000, 0x00000000e8000000, 0x00000000e8000000)
  eden space 87424K, 100% used [0x00000000e0000000, 0x00000000e5560000, 0x00000000e5560000)
  from space 21824K,  83% used [0x00000000e6ab0000, 0x00000000e7c62758, 0x00000000e8000000)
  to   space 21824K,   0% used [0x00000000e5560000, 0x00000000e5560000, 0x00000000e6ab0000)
 concurrent mark-sweep generation total 393216K, used 8237K [0x00000000e8000000, 0x0000000100000000, 0x0000000100000000)
 Metaspace       used 28799K, capacity 29152K, committed 29516K, reserved 1075200K
  class space    used 3465K, capacity 3600K, committed 3660K, reserved 1048576K
2017-07-24T13:37:02.319-0400: 23.995: [GC (Allocation Failure) 2017-07-24T13:37:02.319-0400: 23.995: [ParNew
Desired survivor size 20112992 bytes, new threshold 8 (max 8)
- age   1:     517656 bytes,     517656 total
- age   2:    2931336 bytes,    3448992 total
- age   3:    8841256 bytes,   12290248 total
- age   4:     718960 bytes,   13009208 total
- age   5:      89408 bytes,   13098616 total
- age   6:     117640 bytes,   13216256 total
- age   7:      55784 bytes,   13272040 total
- age   8:     157880 bytes,   13429920 total
: 105545K->16753K(109248K), 0.0167444 secs] 113783K->25352K(502464K), 0.0168272 secs] [Times: user=0.02 sys=0.00, real=0.02 secs] 
Heap after GC invocations=12 (full 1):
 par new generation   total 109248K, used 16753K [0x00000000e0000000, 0x00000000e8000000, 0x00000000e8000000)
  eden space 87424K,   0% used [0x00000000e0000000, 0x00000000e0000000, 0x00000000e5560000)
  from space 21824K,  76% used [0x00000000e5560000, 0x00000000e65bc780, 0x00000000e6ab0000)
  to   space 21824K,   0% used [0x00000000e6ab0000, 0x00000000e6ab0000, 0x00000000e8000000)
 concurrent mark-sweep generation total 393216K, used 8599K [0x00000000e8000000, 0x0000000100000000, 0x0000000100000000)
 Metaspace       used 28799K, capacity 29152K, committed 29516K, reserved 1075200K
  class space    used 3465K, capacity 3600K, committed 3660K, reserved 1048576K
}
2017-07-24T13:37:02.336-0400: 24.012: Total time for which application threads were stopped: 0.0171311 seconds, Stopping threads took: 0.0000546 seconds
2017-07-24T13:37:02.444-0400: 24.119: Total time for which application threads were stopped: 0.0001627 seconds, Stopping threads took: 0.0000649 seconds
2017-07-24T13:37:02.444-0400: 24.120: Total time for which application threads were stopped: 0.0001004 seconds, Stopping threads took: 0.0000216 seconds
2017-07-24T13:37:02.454-0400: 24.130: Total time for which application threads were stopped: 0.0001089 seconds, Stopping threads took: 0.0000213 seconds
2017-07-24T13:37:02.462-0400: 24.137: Total time for which application threads were stopped: 0.0000869 seconds, Stopping threads took: 0.0000246 seconds
{Heap before GC invocations=12 (full 1):
 par new generation   total 109248K, used 104177K [0x00000000e0000000, 0x00000000e8000000, 0x00000000e8000000)
  eden space 87424K, 100% used [0x00000000e0000000, 0x00000000e5560000, 0x00000000e5560000)
  from space 21824K,  76% used [0x00000000e5560000, 0x00000000e65bc780, 0x00000000e6ab0000)
  to   space 21824K,   0% used [0x00000000e6ab0000, 0x00000000e6ab0000, 0x00000000e8000000)
 concurrent mark-sweep generation total 393216K, used 8599K [0x00000000e8000000, 0x0000000100000000, 0x0000000100000000)
 Metaspace       used 28969K, capacity 29322K, committed 29772K, reserved 1075200K
  class space    used 3469K, capacity 3607K, committed 3660K, reserved 1048576K
2017-07-24T13:37:02.671-0400: 24.346: [GC (Allocation Failure) 2017-07-24T13:37:02.671-0400: 24.346: [ParNew
Desired survivor size 20112992 bytes, new threshold 8 (max 8)
- age   1:    5757848 bytes,    5757848 total
- age   2:     468600 bytes,    6226448 total
- age   3:    2913864 bytes,    9140312 total
- age   4:    8496216 bytes,   17636528 total
- age   5:     718960 bytes,   18355488 total
- age   6:      89408 bytes,   18444896 total
- age   7:     117640 bytes,   18562536 total
- age   8:      55784 bytes,   18618320 total
: 104177K->21824K(109248K), 0.0103632 secs] 112776K->31547K(502464K), 0.0104512 secs] [Times: user=0.06 sys=0.00, real=0.01 secs] 
Heap after GC invocations=13 (full 1):
 par new generation   total 109248K, used 21824K [0x00000000e0000000, 0x00000000e8000000, 0x00000000e8000000)
  eden space 87424K,   0% used [0x00000000e0000000, 0x00000000e0000000, 0x00000000e5560000)
  from space 21824K, 100% used [0x00000000e6ab0000, 0x00000000e8000000, 0x00000000e8000000)
  to   space 21824K,   0% used [0x00000000e5560000, 0x00000000e5560000, 0x00000000e6ab0000)
 concurrent mark-sweep generation total 393216K, used 9723K [0x00000000e8000000, 0x0000000100000000, 0x0000000100000000)
 Metaspace       used 28969K, capacity 29322K, committed 29772K, reserved 1075200K
  class space    used 3469K, capacity 3607K, committed 3660K, reserved 1048576K
}
2017-07-24T13:37:02.681-0400: 24.357: Total time for which application threads were stopped: 0.0131552 seconds, Stopping threads took: 0.0024892 seconds
2017-07-24T13:37:02.682-0400: 24.357: Total time for which application threads were stopped: 0.0002258 seconds, Stopping threads took: 0.0000429 seconds
{Heap before GC invocations=13 (full 1):
 par new generation   total 109248K, used 109248K [0x00000000e0000000, 0x00000000e8000000, 0x00000000e8000000)
  eden space 87424K, 100% used [0x00000000e0000000, 0x00000000e5560000, 0x00000000e5560000)
  from space 21824K, 100% used [0x00000000e6ab0000, 0x00000000e8000000, 0x00000000e8000000)
  to   space 21824K,   0% used [0x00000000e5560000, 0x00000000e5560000, 0x00000000e6ab0000)
 concurrent mark-sweep generation total 393216K, used 9723K [0x00000000e8000000, 0x0000000100000000, 0x0000000100000000)
 Metaspace       used 28979K, capacity 29386K, committed 29772K, reserved 1075200K
  class space    used 3469K, capacity 3607K, committed 3660K, reserved 1048576K
2017-07-24T13:37:02.741-0400: 24.416: [GC (Allocation Failure) 2017-07-24T13:37:02.741-0400: 24.416: [ParNew
Desired survivor size 20112992 bytes, new threshold 8 (max 8)
- age   1:     310448 bytes,     310448 total
- age   2:    5333136 bytes,    5643584 total
- age   3:     468560 bytes,    6112144 total
- age   4:    2913784 bytes,    9025928 total
- age   5:    8496040 bytes,   17521968 total
- age   6:     718960 bytes,   18240928 total
- age   7:      89408 bytes,   18330336 total
- age   8:     117640 bytes,   18447976 total
: 109248K->21824K(109248K), 0.0089290 secs] 118971K->31604K(502464K), 0.0090609 secs] [Times: user=0.00 sys=0.00, real=0.01 secs] 
Heap after GC invocations=14 (full 1):
 par new generation   total 109248K, used 21824K [0x00000000e0000000, 0x00000000e8000000, 0x00000000e8000000)
  eden space 87424K,   0% used [0x00000000e0000000, 0x00000000e0000000, 0x00000000e5560000)
  from space 21824K, 100% used [0x00000000e5560000, 0x00000000e6ab0000, 0x00000000e6ab0000)
  to   space 21824K,   0% used [0x00000000e6ab0000, 0x00000000e6ab0000, 0x00000000e8000000)
 concurrent mark-sweep generation total 393216K, used 9780K [0x00000000e8000000, 0x0000000100000000, 0x0000000100000000)
 Metaspace       used 28979K, capacity 29386K, committed 29772K, reserved 1075200K
  class space    used 3469K, capacity 3607K, committed 3660K, reserved 1048576K
}
2017-07-24T13:37:02.750-0400: 24.425: Total time for which application threads were stopped: 0.0188622 seconds, Stopping threads took: 0.0096177 seconds
2017-07-24T13:37:03.750-0400: 25.425: Total time for which application threads were stopped: 0.0001770 seconds, Stopping threads took: 0.0000422 seconds
2017-07-24T13:37:04.462-0400: 26.138: Total time for which application threads were stopped: 0.0002430 seconds, Stopping threads took: 0.0000531 seconds
2017-07-24T13:37:05.175-0400: 26.851: Total time for which application threads were stopped: 0.0001320 seconds, Stopping threads took: 0.0000491 seconds
2017-07-24T13:37:05.181-0400: 26.857: Total time for which application threads were stopped: 0.0000990 seconds, Stopping threads took: 0.0000260 seconds
2017-07-24T13:37:06.181-0400: 27.856: Total time for which application threads were stopped: 0.0001177 seconds, Stopping threads took: 0.0000275 seconds
2017-07-24T13:37:06.926-0400: 28.601: Total time for which application threads were stopped: 0.0084488 seconds, Stopping threads took: 0.0083667 seconds
2017-07-24T13:37:07.926-0400: 29.601: Total time for which application threads were stopped: 0.0000766 seconds, Stopping threads took: 0.0000205 seconds
2017-07-24T13:37:15.199-0400: 36.874: Total time for which application threads were stopped: 0.0000953 seconds, Stopping threads took: 0.0000260 seconds
2017-07-24T13:37:15.200-0400: 36.874: Total time for which application threads were stopped: 0.0000905 seconds, Stopping threads took: 0.0000418 seconds
2017-07-24T13:37:15.200-0400: 36.875: Total time for which application threads were stopped: 0.0000605 seconds, Stopping threads took: 0.0000154 seconds
2017-07-24T13:37:15.205-0400: 36.880: Total time for which application threads were stopped: 0.0000711 seconds, Stopping threads took: 0.0000209 seconds
2017-07-24T13:37:15.750-0400: 37.425: Total time for which application threads were stopped: 0.0001100 seconds, Stopping threads took: 0.0000282 seconds
2017-07-24T13:37:15.910-0400: 37.585: Total time for which application threads were stopped: 0.0000630 seconds, Stopping threads took: 0.0000150 seconds
2017-07-24T13:37:16.106-0400: 37.781: Total time for which application threads were stopped: 0.0001100 seconds, Stopping threads took: 0.0000363 seconds
2017-07-24T13:37:16.107-0400: 37.781: Total time for which application threads were stopped: 0.0000509 seconds, Stopping threads took: 0.0000202 seconds
2017-07-24T13:37:16.250-0400: 37.924: Total time for which application threads were stopped: 0.0004076 seconds, Stopping threads took: 0.0000275 seconds
2017-07-24T13:37:16.277-0400: 37.952: Total time for which application threads were stopped: 0.0000872 seconds, Stopping threads took: 0.0000213 seconds
2017-07-24T13:37:16.277-0400: 37.952: Total time for which application threads were stopped: 0.0000594 seconds, Stopping threads took: 0.0000169 seconds
2017-07-24T13:37:16.277-0400: 37.952: Total time for which application threads were stopped: 0.0000356 seconds, Stopping threads took: 0.0000095 seconds
2017-07-24T13:37:16.278-0400: 37.953: Total time for which application threads were stopped: 0.0003563 seconds, Stopping threads took: 0.0003152 seconds
2017-07-24T13:37:16.278-0400: 37.953: Total time for which application threads were stopped: 0.0000440 seconds, Stopping threads took: 0.0000106 seconds
2017-07-24T13:37:16.278-0400: 37.953: Total time for which application threads were stopped: 0.0000616 seconds, Stopping threads took: 0.0000073 seconds
2017-07-24T13:37:16.279-0400: 37.953: Total time for which application threads were stopped: 0.0000755 seconds, Stopping threads took: 0.0000440 seconds
2017-07-24T13:37:16.279-0400: 37.953: Total time for which application threads were stopped: 0.0000403 seconds, Stopping threads took: 0.0000176 seconds
2017-07-24T13:37:16.279-0400: 37.953: Total time for which application threads were stopped: 0.0000696 seconds, Stopping threads took: 0.0000411 seconds
2017-07-24T13:37:16.279-0400: 37.953: Total time for which application threads were stopped: 0.0000359 seconds, Stopping threads took: 0.0000095 seconds
2017-07-24T13:37:16.279-0400: 37.953: Total time for which application threads were stopped: 0.0000253 seconds, Stopping threads took: 0.0000062 seconds
2017-07-24T13:37:16.279-0400: 37.954: Total time for which application threads were stopped: 0.0000242 seconds, Stopping threads took: 0.0000062 seconds
2017-07-24T13:37:16.279-0400: 37.954: Total time for which application threads were stopped: 0.0000231 seconds, Stopping threads took: 0.0000059 seconds
2017-07-24T13:37:16.279-0400: 37.954: Total time for which application threads were stopped: 0.0000231 seconds, Stopping threads took: 0.0000059 seconds
2017-07-24T13:37:16.279-0400: 37.954: Total time for which application threads were stopped: 0.0000227 seconds, Stopping threads took: 0.0000055 seconds
2017-07-24T13:37:16.279-0400: 37.954: Total time for which application threads were stopped: 0.0000231 seconds, Stopping threads took: 0.0000059 seconds
2017-07-24T13:37:16.279-0400: 37.954: Total time for which application threads were stopped: 0.0000418 seconds, Stopping threads took: 0.0000205 seconds
2017-07-24T13:37:16.279-0400: 37.954: Total time for which application threads were stopped: 0.0001129 seconds, Stopping threads took: 0.0000059 seconds
2017-07-24T13:37:16.279-0400: 37.954: Total time for which application threads were stopped: 0.0000462 seconds, Stopping threads took: 0.0000213 seconds
2017-07-24T13:37:16.281-0400: 37.956: Total time for which application threads were stopped: 0.0000447 seconds, Stopping threads took: 0.0000092 seconds
2017-07-24T13:37:16.281-0400: 37.956: Total time for which application threads were stopped: 0.0000301 seconds, Stopping threads took: 0.0000066 seconds
2017-07-24T13:37:16.281-0400: 37.956: Total time for which application threads were stopped: 0.0000286 seconds, Stopping threads took: 0.0000066 seconds
2017-07-24T13:37:16.282-0400: 37.957: Total time for which application threads were stopped: 0.0000436 seconds, Stopping threads took: 0.0000084 seconds
2017-07-24T13:37:16.283-0400: 37.958: Total time for which application threads were stopped: 0.0000396 seconds, Stopping threads took: 0.0000084 seconds
2017-07-24T13:37:16.284-0400: 37.958: Total time for which application threads were stopped: 0.0000411 seconds, Stopping threads took: 0.0000095 seconds
2017-07-24T13:37:16.284-0400: 37.958: Total time for which application threads were stopped: 0.0000286 seconds, Stopping threads took: 0.0000062 seconds
2017-07-24T13:37:16.284-0400: 37.959: Total time for which application threads were stopped: 0.0000275 seconds, Stopping threads took: 0.0000051 seconds
2017-07-24T13:37:16.476-0400: 38.151: Total time for which application threads were stopped: 0.0004043 seconds, Stopping threads took: 0.0000176 seconds
2017-07-24T13:37:16.662-0400: 38.336: Total time for which application threads were stopped: 0.0000942 seconds, Stopping threads took: 0.0000154 seconds
2017-07-24T13:37:16.662-0400: 38.337: Total time for which application threads were stopped: 0.0000513 seconds, Stopping threads took: 0.0000169 seconds
2017-07-24T13:37:16.662-0400: 38.337: Total time for which application threads were stopped: 0.0000352 seconds, Stopping threads took: 0.0000055 seconds
2017-07-24T13:37:16.662-0400: 38.337: Total time for which application threads were stopped: 0.0000414 seconds, Stopping threads took: 0.