Java HotSpot(TM) 64-Bit Server VM (24.80-b11) for windows-amd64 JRE (1.7.0_80-b15), built on Apr 10 2015 11:26:34 by "java_re" with unknown MS VC++:1600
Memory: 4k page, physical 8291420k(2810700k free), swap 16580980k(11064356k free)
CommandLine flags: -XX:CMSFullGCsBeforeCompaction=1 -XX:CMSInitiatingOccupancyFraction=50 -XX:CMSMaxAbortablePrecleanTime=6000 -XX:+CMSParallelRemarkEnabled -XX:+CMSScavengeBeforeRemark -XX:CMSTriggerPermRatio=80 -XX:ConcGCThreads=4 -XX:InitialHeapSize=536870912 -XX:MaxHeapSize=536870912 -XX:MaxTenuringThreshold=8 -XX:NewRatio=3 -XX:OldPLABSize=16 -XX:ParallelGCThreads=4 -XX:+ParallelRefProcEnabled -XX:PretenureSizeThreshold=67108864 -XX:+PrintGC -XX:+PrintGCApplicationStoppedTime -XX:+PrintGCDateStamps -XX:+PrintGCDetails -XX:+PrintGCTimeStamps -XX:+PrintHeapAtGC -XX:+PrintTenuringDistribution -XX:SurvivorRatio=4 -XX:TargetSurvivorRatio=90 -XX:ThreadStackSize=256 -XX:+UseCMSInitiatingOccupancyOnly -XX:+UseCompressedOops -XX:+UseConcMarkSweepGC -XX:-UseLargePagesIndividualAllocation -XX:+UseParNewGC 
2017-01-19T09:22:07.652-0500: 4.336: Total time for which application threads were stopped: 0.0166628 seconds, Stopping threads took: 0.0000161 seconds
2017-01-19T09:22:09.173-0500: 5.857: Total time for which application threads were stopped: 0.0000748 seconds, Stopping threads took: 0.0000169 seconds
2017-01-19T09:22:09.173-0500: 5.857: Total time for which application threads were stopped: 0.0000286 seconds, Stopping threads took: 0.0000088 seconds
2017-01-19T09:22:09.173-0500: 5.857: Total time for which application threads were stopped: 0.0000290 seconds, Stopping threads took: 0.0000099 seconds
{Heap before GC invocations=0 (full 0):
 par new generation   total 109248K, used 87424K [0x00000000dae00000, 0x00000000e2e00000, 0x00000000e2e00000)
  eden space 87424K, 100% used [0x00000000dae00000, 0x00000000e0360000, 0x00000000e0360000)
  from space 21824K,   0% used [0x00000000e0360000, 0x00000000e0360000, 0x00000000e18b0000)
  to   space 21824K,   0% used [0x00000000e18b0000, 0x00000000e18b0000, 0x00000000e2e00000)
 concurrent mark-sweep generation total 393216K, used 0K [0x00000000e2e00000, 0x00000000fae00000, 0x00000000fae00000)
 concurrent-mark-sweep perm gen total 21248K, used 9607K [0x00000000fae00000, 0x00000000fc2c0000, 0x0000000100000000)
2017-01-19T09:22:09.790-0500: 6.474: [GC2017-01-19T09:22:09.791-0500: 6.474: [ParNew
Desired survivor size 20112992 bytes, new threshold 8 (max 8)
- age   1:    5356328 bytes,    5356328 total
: 87424K->5289K(109248K), 0.0885914 secs] 87424K->5289K(502464K), 0.0888158 secs] [Times: user=0.06 sys=0.00, real=0.09 secs] 
Heap after GC invocations=1 (full 0):
 par new generation   total 109248K, used 5289K [0x00000000dae00000, 0x00000000e2e00000, 0x00000000e2e00000)
  eden space 87424K,   0% used [0x00000000dae00000, 0x00000000dae00000, 0x00000000e0360000)
  from space 21824K,  24% used [0x00000000e18b0000, 0x00000000e1dda5d8, 0x00000000e2e00000)
  to   space 21824K,   0% used [0x00000000e0360000, 0x00000000e0360000, 0x00000000e18b0000)
 concurrent mark-sweep generation total 393216K, used 0K [0x00000000e2e00000, 0x00000000fae00000, 0x00000000fae00000)
 concurrent-mark-sweep perm gen total 21248K, used 9607K [0x00000000fae00000, 0x00000000fc2c0000, 0x0000000100000000)
}
2017-01-19T09:22:09.879-0500: 6.563: Total time for which application threads were stopped: 0.0891398 seconds, Stopping threads took: 0.0000132 seconds
2017-01-19T09:22:09.880-0500: 6.564: Total time for which application threads were stopped: 0.0001232 seconds, Stopping threads took: 0.0000671 seconds
2017-01-19T09:22:09.880-0500: 6.564: Total time for which application threads were stopped: 0.0001386 seconds, Stopping threads took: 0.0000854 seconds
2017-01-19T09:22:09.880-0500: 6.564: Total time for which application threads were stopped: 0.0000568 seconds, Stopping threads took: 0.0000227 seconds
2017-01-19T09:22:09.881-0500: 6.564: Total time for which application threads were stopped: 0.0001081 seconds, Stopping threads took: 0.0000524 seconds
2017-01-19T09:22:09.881-0500: 6.565: Total time for which application threads were stopped: 0.0001587 seconds, Stopping threads took: 0.0001019 seconds
2017-01-19T09:22:09.881-0500: 6.565: Total time for which application threads were stopped: 0.0001360 seconds, Stopping threads took: 0.0000817 seconds
2017-01-19T09:22:09.881-0500: 6.565: Total time for which application threads were stopped: 0.0001309 seconds, Stopping threads took: 0.0000931 seconds
2017-01-19T09:22:09.882-0500: 6.565: Total time for which application threads were stopped: 0.0000960 seconds, Stopping threads took: 0.0000671 seconds
2017-01-19T09:22:09.882-0500: 6.566: Total time for which application threads were stopped: 0.0001671 seconds, Stopping threads took: 0.0001059 seconds
2017-01-19T09:22:09.882-0500: 6.566: Total time for which application threads were stopped: 0.0001265 seconds, Stopping threads took: 0.0000733 seconds
2017-01-19T09:22:09.882-0500: 6.566: Total time for which application threads were stopped: 0.0001331 seconds, Stopping threads took: 0.0000814 seconds
2017-01-19T09:22:09.883-0500: 6.567: Total time for which application threads were stopped: 0.0001265 seconds, Stopping threads took: 0.0000744 seconds
2017-01-19T09:22:09.883-0500: 6.567: Total time for which application threads were stopped: 0.0000913 seconds, Stopping threads took: 0.0000572 seconds
2017-01-19T09:22:09.883-0500: 6.567: Total time for which application threads were stopped: 0.0001921 seconds, Stopping threads took: 0.0001309 seconds
2017-01-19T09:22:09.884-0500: 6.567: Total time for which application threads were stopped: 0.0001301 seconds, Stopping threads took: 0.0000975 seconds
2017-01-19T09:22:09.884-0500: 6.568: Total time for which application threads were stopped: 0.0000997 seconds, Stopping threads took: 0.0000495 seconds
2017-01-19T09:22:09.884-0500: 6.568: Total time for which application threads were stopped: 0.0001320 seconds, Stopping threads took: 0.0000766 seconds
2017-01-19T09:22:09.884-0500: 6.568: Total time for which application threads were stopped: 0.0001239 seconds, Stopping threads took: 0.0000689 seconds
2017-01-19T09:22:09.885-0500: 6.568: Total time for which application threads were stopped: 0.0001477 seconds, Stopping threads took: 0.0000960 seconds
2017-01-19T09:22:09.886-0500: 6.570: Total time for which application threads were stopped: 0.0003515 seconds, Stopping threads took: 0.0001162 seconds
2017-01-19T09:22:09.887-0500: 6.570: Total time for which application threads were stopped: 0.0001301 seconds, Stopping threads took: 0.0000810 seconds
2017-01-19T09:22:09.887-0500: 6.571: Total time for which application threads were stopped: 0.0001594 seconds, Stopping threads took: 0.0000575 seconds
2017-01-19T09:22:09.887-0500: 6.571: Total time for which application threads were stopped: 0.0000854 seconds, Stopping threads took: 0.0000363 seconds
2017-01-19T09:22:09.888-0500: 6.571: Total time for which application threads were stopped: 0.0002426 seconds, Stopping threads took: 0.0001228 seconds
2017-01-19T09:22:09.888-0500: 6.572: Total time for which application threads were stopped: 0.0000960 seconds, Stopping threads took: 0.0000575 seconds
2017-01-19T09:22:09.888-0500: 6.572: Total time for which application threads were stopped: 0.0002038 seconds, Stopping threads took: 0.0000986 seconds
2017-01-19T09:22:09.888-0500: 6.572: Total time for which application threads were stopped: 0.0001312 seconds, Stopping threads took: 0.0000759 seconds
2017-01-19T09:22:09.889-0500: 6.572: Total time for which application threads were stopped: 0.0001561 seconds, Stopping threads took: 0.0000586 seconds
2017-01-19T09:22:09.889-0500: 6.573: Total time for which application threads were stopped: 0.0001199 seconds, Stopping threads took: 0.0000685 seconds
2017-01-19T09:22:09.889-0500: 6.573: Total time for which application threads were stopped: 0.0001188 seconds, Stopping threads took: 0.0000209 seconds
2017-01-19T09:22:09.889-0500: 6.573: Total time for which application threads were stopped: 0.0000759 seconds, Stopping threads took: 0.0000422 seconds
2017-01-19T09:22:09.889-0500: 6.573: Total time for which application threads were stopped: 0.0001096 seconds, Stopping threads took: 0.0000246 seconds
2017-01-19T09:22:09.890-0500: 6.573: Total time for which application threads were stopped: 0.0001081 seconds, Stopping threads took: 0.0000528 seconds
2017-01-19T09:22:09.890-0500: 6.574: Total time for which application threads were stopped: 0.0001807 seconds, Stopping threads took: 0.0000429 seconds
2017-01-19T09:22:09.890-0500: 6.574: Total time for which application threads were stopped: 0.0000935 seconds, Stopping threads took: 0.0000502 seconds
2017-01-19T09:22:09.891-0500: 6.574: Total time for which application threads were stopped: 0.0001792 seconds, Stopping threads took: 0.0000630 seconds
2017-01-19T09:22:09.891-0500: 6.575: Total time for which application threads were stopped: 0.0000770 seconds, Stopping threads took: 0.0000297 seconds
2017-01-19T09:22:09.891-0500: 6.575: Total time for which application threads were stopped: 0.0001484 seconds, Stopping threads took: 0.0000462 seconds
2017-01-19T09:22:09.891-0500: 6.575: Total time for which application threads were stopped: 0.0000737 seconds, Stopping threads took: 0.0000268 seconds
2017-01-19T09:22:09.891-0500: 6.575: Total time for which application threads were stopped: 0.0001946 seconds, Stopping threads took: 0.0000781 seconds
2017-01-19T09:22:09.892-0500: 6.575: Total time for which application threads were stopped: 0.0000876 seconds, Stopping threads took: 0.0000304 seconds
2017-01-19T09:22:09.892-0500: 6.576: Total time for which application threads were stopped: 0.0001492 seconds, Stopping threads took: 0.0000429 seconds
2017-01-19T09:22:09.892-0500: 6.576: Total time for which application threads were stopped: 0.0001331 seconds, Stopping threads took: 0.0000799 seconds
2017-01-19T09:22:09.892-0500: 6.576: Total time for which application threads were stopped: 0.0001741 seconds, Stopping threads took: 0.0000759 seconds
2017-01-19T09:22:09.893-0500: 6.576: Total time for which application threads were stopped: 0.0001616 seconds, Stopping threads took: 0.0001037 seconds
2017-01-19T09:22:09.893-0500: 6.577: Total time for which application threads were stopped: 0.0001778 seconds, Stopping threads took: 0.0000810 seconds
2017-01-19T09:22:09.893-0500: 6.577: Total time for which application threads were stopped: 0.0000997 seconds, Stopping threads took: 0.0000649 seconds
2017-01-19T09:22:09.893-0500: 6.577: Total time for which application threads were stopped: 0.0001510 seconds, Stopping threads took: 0.0000623 seconds
2017-01-19T09:22:09.893-0500: 6.577: Total time for which application threads were stopped: 0.0001239 seconds, Stopping threads took: 0.0000909 seconds
2017-01-19T09:22:09.894-0500: 6.578: Total time for which application threads were stopped: 0.0002126 seconds, Stopping threads took: 0.0000660 seconds
2017-01-19T09:22:09.894-0500: 6.578: Total time for which application threads were stopped: 0.0000777 seconds, Stopping threads took: 0.0000444 seconds
2017-01-19T09:22:09.894-0500: 6.578: Total time for which application threads were stopped: 0.0001884 seconds, Stopping threads took: 0.0000737 seconds
2017-01-19T09:22:09.894-0500: 6.578: Total time for which application threads were stopped: 0.0000979 seconds, Stopping threads took: 0.0000656 seconds
2017-01-19T09:22:09.895-0500: 6.579: Total time for which application threads were stopped: 0.0001763 seconds, Stopping threads took: 0.0000733 seconds
2017-01-19T09:22:09.895-0500: 6.579: Total time for which application threads were stopped: 0.0000531 seconds, Stopping threads took: 0.0000238 seconds
2017-01-19T09:22:09.895-0500: 6.579: Total time for which application threads were stopped: 0.0001957 seconds, Stopping threads took: 0.0000887 seconds
2017-01-19T09:22:09.895-0500: 6.579: Total time for which application threads were stopped: 0.0000799 seconds, Stopping threads took: 0.0000498 seconds
2017-01-19T09:22:09.895-0500: 6.579: Total time for which application threads were stopped: 0.0001129 seconds, Stopping threads took: 0.0000315 seconds
2017-01-19T09:22:09.896-0500: 6.579: Total time for which application threads were stopped: 0.0001375 seconds, Stopping threads took: 0.0000143 seconds
2017-01-19T09:22:09.896-0500: 6.580: Total time for which application threads were stopped: 0.0001521 seconds, Stopping threads took: 0.0000246 seconds
2017-01-19T09:22:09.897-0500: 6.581: Total time for which application threads were stopped: 0.0001232 seconds, Stopping threads took: 0.0000553 seconds
2017-01-19T09:22:09.897-0500: 6.581: Total time for which application threads were stopped: 0.0000887 seconds, Stopping threads took: 0.0000242 seconds
2017-01-19T09:22:09.898-0500: 6.581: Total time for which application threads were stopped: 0.0001184 seconds, Stopping threads took: 0.0000495 seconds
2017-01-19T09:22:09.898-0500: 6.582: Total time for which application threads were stopped: 0.0000821 seconds, Stopping threads took: 0.0000183 seconds
2017-01-19T09:22:09.898-0500: 6.582: Total time for which application threads were stopped: 0.0000821 seconds, Stopping threads took: 0.0000180 seconds
2017-01-19T09:22:09.899-0500: 6.582: Total time for which application threads were stopped: 0.0000883 seconds, Stopping threads took: 0.0000238 seconds
2017-01-19T09:22:09.899-0500: 6.583: Total time for which application threads were stopped: 0.0001235 seconds, Stopping threads took: 0.0000557 seconds
2017-01-19T09:22:10.023-0500: 6.707: Total time for which application threads were stopped: 0.0000645 seconds, Stopping threads took: 0.0000136 seconds
2017-01-19T09:22:12.023-0500: 8.706: Total time for which application threads were stopped: 0.0001213 seconds, Stopping threads took: 0.0000227 seconds
2017-01-19T09:22:12.299-0500: 8.982: Total time for which application threads were stopped: 0.0002196 seconds, Stopping threads took: 0.0000246 seconds
2017-01-19T09:22:13.201-0500: 9.885: Total time for which application threads were stopped: 0.0003255 seconds, Stopping threads took: 0.0001910 seconds
2017-01-19T09:22:13.201-0500: 9.885: Total time for which application threads were stopped: 0.0002243 seconds, Stopping threads took: 0.0001792 seconds
2017-01-19T09:22:13.202-0500: 9.885: Total time for which application threads were stopped: 0.0001965 seconds, Stopping threads took: 0.0001353 seconds
2017-01-19T09:22:13.202-0500: 9.886: Total time for which application threads were stopped: 0.0001459 seconds, Stopping threads took: 0.0001023 seconds
2017-01-19T09:22:13.202-0500: 9.886: Total time for which application threads were stopped: 0.0001243 seconds, Stopping threads took: 0.0000792 seconds
2017-01-19T09:22:13.202-0500: 9.886: Total time for which application threads were stopped: 0.0000418 seconds, Stopping threads took: 0.0000103 seconds
2017-01-19T09:22:13.202-0500: 9.886: Total time for which application threads were stopped: 0.0000403 seconds, Stopping threads took: 0.0000095 seconds
2017-01-19T09:22:13.202-0500: 9.886: Total time for which application threads were stopped: 0.0000590 seconds, Stopping threads took: 0.0000286 seconds
2017-01-19T09:22:13.202-0500: 9.886: Total time for which application threads were stopped: 0.0000370 seconds, Stopping threads took: 0.0000092 seconds
2017-01-19T09:22:13.203-0500: 9.886: Total time for which application threads were stopped: 0.0000546 seconds, Stopping threads took: 0.0000125 seconds
2017-01-19T09:22:13.203-0500: 9.886: Total time for which application threads were stopped: 0.0000370 seconds, Stopping threads took: 0.0000077 seconds
2017-01-19T09:22:13.203-0500: 9.886: Total time for which application threads were stopped: 0.0000378 seconds, Stopping threads took: 0.0000103 seconds
2017-01-19T09:22:13.203-0500: 9.886: Total time for which application threads were stopped: 0.0000348 seconds, Stopping threads took: 0.0000084 seconds
2017-01-19T09:22:13.203-0500: 9.887: Total time for which application threads were stopped: 0.0000348 seconds, Stopping threads took: 0.0000084 seconds
2017-01-19T09:22:13.203-0500: 9.887: Total time for which application threads were stopped: 0.0000334 seconds, Stopping threads took: 0.0000070 seconds
2017-01-19T09:22:13.203-0500: 9.887: Total time for which application threads were stopped: 0.0000334 seconds, Stopping threads took: 0.0000070 seconds
2017-01-19T09:22:13.203-0500: 9.887: Total time for which application threads were stopped: 0.0000334 seconds, Stopping threads took: 0.0000073 seconds
2017-01-19T09:22:13.203-0500: 9.887: Total time for which application threads were stopped: 0.0000330 seconds, Stopping threads took: 0.0000070 seconds
2017-01-19T09:22:13.203-0500: 9.887: Total time for which application threads were stopped: 0.0000334 seconds, Stopping threads took: 0.0000073 seconds
2017-01-19T09:22:13.203-0500: 9.887: Total time for which application threads were stopped: 0.0001158 seconds, Stopping threads took: 0.0000070 seconds
2017-01-19T09:22:13.203-0500: 9.887: Total time for which application threads were stopped: 0.0000359 seconds, Stopping threads took: 0.0000077 seconds
2017-01-19T09:22:13.203-0500: 9.887: Total time for which application threads were stopped: 0.0000337 seconds, Stopping threads took: 0.0000073 seconds
2017-01-19T09:22:13.204-0500: 9.887: Total time for which application threads were stopped: 0.0000334 seconds, Stopping threads took: 0.0000066 seconds
2017-01-19T09:22:13.204-0500: 9.887: Total time for which application threads were stopped: 0.0000337 seconds, Stopping threads took: 0.0000073 seconds
2017-01-19T09:22:13.204-0500: 9.887: Total time for which application threads were stopped: 0.0000326 seconds, Stopping threads took: 0.0000070 seconds
2017-01-19T09:22:13.204-0500: 9.888: Total time for which application threads were stopped: 0.0000323 seconds, Stopping threads took: 0.0000062 seconds
2017-01-19T09:22:13.204-0500: 9.888: Total time for which application threads were stopped: 0.0000334 seconds, Stopping threads took: 0.0000073 seconds
2017-01-19T09:22:13.204-0500: 9.888: Total time for which application threads were stopped: 0.0000345 seconds, Stopping threads took: 0.0000073 seconds
2017-01-19T09:22:13.204-0500: 9.888: Total time for which application threads were stopped: 0.0000352 seconds, Stopping threads took: 0.0000117 seconds
2017-01-19T09:22:13.204-0500: 9.888: Total time for which application threads were stopped: 0.0000227 seconds, Stopping threads took: 0.0000092 seconds
2017-01-19T09:22:13.204-0500: 9.888: Total time for which application threads were stopped: 0.0000198 seconds, Stopping threads took: 0.0000077 seconds
2017-01-19T09:22:13.204-0500: 9.888: Total time for which application threads were stopped: 0.0000198 seconds, Stopping threads took: 0.0000077 seconds
2017-01-19T09:22:13.204-0500: 9.888: Total time for which application threads were stopped: 0.0000198 seconds, Stopping threads took: 0.0000081 seconds
2017-01-19T09:22:13.205-0500: 9.888: Total time for which application threads were stopped: 0.0000246 seconds, Stopping threads took: 0.0000088 seconds
2017-01-19T09:22:13.205-0500: 9.888: Total time for which application threads were stopped: 0.0000191 seconds, Stopping threads took: 0.0000070 seconds
2017-01-19T09:22:13.205-0500: 9.888: Total time for which application threads were stopped: 0.0000191 seconds, Stopping threads took: 0.0000070 seconds
2017-01-19T09:22:13.205-0500: 9.888: Total time for which application threads were stopped: 0.0000187 seconds, Stopping threads took: 0.0000070 seconds
2017-01-19T09:22:13.205-0500: 9.888: Total time for which application threads were stopped: 0.0000187 seconds, Stopping threads took: 0.0000070 seconds
2017-01-19T09:22:13.205-0500: 9.888: Total time for which application threads were stopped: 0.0000183 seconds, Stopping threads took: 0.0000066 seconds
2017-01-19T09:22:13.205-0500: 9.889: Total time for which application threads were stopped: 0.0000187 seconds, Stopping threads took: 0.0000066 seconds
2017-01-19T09:22:13.205-0500: 9.889: Total time for which application threads were stopped: 0.0000183 seconds, Stopping threads took: 0.0000066 seconds
2017-01-19T09:22:13.205-0500: 9.889: Total time for which application threads were stopped: 0.0000183 seconds, Stopping threads took: 0.0000066 seconds
2017-01-19T09:22:13.205-0500: 9.889: Total time for which application threads were stopped: 0.0000183 seconds, Stopping threads took: 0.0000066 seconds
2017-01-19T09:22:13.205-0500: 9.889: Total time for which application threads were stopped: 0.0000187 seconds, Stopping threads took: 0.0000066 seconds
2017-01-19T09:22:13.205-0500: 9.889: Total time for which application threads were stopped: 0.0000187 seconds, Stopping threads took: 0.0000070 seconds
2017-01-19T09:22:13.205-0500: 9.889: Total time for which application threads were stopped: 0.0000187 seconds, Stopping threads took: 0.0000070 seconds
2017-01-19T09:22:13.205-0500: 9.889: Total time for which application threads were stopped: 0.0000187 seconds, Stopping threads took: 0.0000070 seconds
2017-01-19T09:22:13.205-0500: 9.889: Total time for which application threads were stopped: 0.0001056 seconds, Stopping threads took: 0.0000066 seconds
2017-01-19T09:22:13.206-0500: 9.890: Total time for which application threads were stopped: 0.0001122 seconds, Stopping threads took: 0.0000718 seconds
2017-01-19T09:22:13.206-0500: 9.890: Total time for which application threads were stopped: 0.0001004 seconds, Stopping threads took: 0.0000110 seconds
2017-01-19T09:22:13.206-0500: 9.890: Total time for which application threads were stopped: 0.0000469 seconds, Stopping threads took: 0.0000099 seconds
2017-01-19T09:22:13.207-0500: 9.890: Total time for which application threads were stopped: 0.0000568 seconds, Stopping threads took: 0.0000260 seconds
2017-01-19T09:22:13.208-0500: 9.891: Total time for which application threads were stopped: 0.0001206 seconds, Stopping threads took: 0.0000733 seconds
2017-01-19T09:22:13.208-0500: 9.891: Total time for which application threads were stopped: 0.0001034 seconds, Stopping threads took: 0.0000484 seconds
2017-01-19T09:22:13.208-0500: 9.891: Total time for which application threads were stopped: 0.0000597 seconds, Stopping threads took: 0.0000172 seconds
2017-01-19T09:22:13.208-0500: 9.892: Total time for which application threads were stopped: 0.0000575 seconds, Stopping threads took: 0.0000183 seconds
2017-01-19T09:22:13.208-0500: 9.892: Total time for which application threads were stopped: 0.0000704 seconds, Stopping threads took: 0.0000216 seconds
2017-01-19T09:22:13.209-0500: 9.892: Total time for which application threads were stopped: 0.0000616 seconds, Stopping threads took: 0.0000191 seconds
2017-01-19T09:22:13.209-0500: 9.892: Total time for which application threads were stopped: 0.0000466 seconds, Stopping threads took: 0.0000084 seconds
2017-01-19T09:22:13.209-0500: 9.892: Total time for which application threads were stopped: 0.0000429 seconds, Stopping threads took: 0.0000081 seconds
2017-01-19T09:22:13.209-0500: 9.893: Total time for which application threads were stopped: 0.0000759 seconds, Stopping threads took: 0.0000268 seconds
2017-01-19T09:22:13.209-0500: 9.893: Total time for which application threads were stopped: 0.0000579 seconds, Stopping threads took: 0.0000180 seconds
2017-01-19T09:22:13.209-0500: 9.893: Total time for which application threads were stopped: 0.0000451 seconds, Stopping threads took: 0.0000092 seconds
2017-01-19T09:22:13.209-0500: 9.893: Total time for which application threads were stopped: 0.0000444 seconds, Stopping threads took: 0.0000084 seconds
2017-01-19T09:22:13.209-0500: 9.893: Total time for which application threads were stopped: 0.0000564 seconds, Stopping threads took: 0.0000172 seconds
2017-01-19T09:22:13.210-0500: 9.893: Total time for which application threads were stopped: 0.0000579 seconds, Stopping threads took: 0.0000121 seconds
2017-01-19T09:22:13.210-0500: 9.894: Total time for which application threads were stopped: 0.0001572 seconds, Stopping threads took: 0.0000121 seconds
2017-01-19T09:22:13.210-0500: 9.894: Total time for which application threads were stopped: 0.0000557 seconds, Stopping threads took: 0.0000231 seconds
2017-01-19T09:22:13.210-0500: 9.894: Total time for which application threads were stopped: 0.0000469 seconds, Stopping threads took: 0.0000099 seconds
2017-01-19T09:22:13.210-0500: 9.894: Total time for which application threads were stopped: 0.0000444 seconds, Stopping threads took: 0.0000088 seconds
2017-01-19T09:22:13.210-0500: 9.894: Total time for which application threads were stopped: 0.0000557 seconds, Stopping threads took: 0.0000202 seconds
2017-01-19T09:22:13.211-0500: 9.894: Total time for which application threads were stopped: 0.0000374 seconds, Stopping threads took: 0.0000114 seconds
2017-01-19T09:22:13.211-0500: 9.894: Total time for which application threads were stopped: 0.0000707 seconds, Stopping threads took: 0.0000260 seconds
2017-01-19T09:22:13.211-0500: 9.895: Total time for which application threads were stopped: 0.0000645 seconds, Stopping threads took: 0.0000202 seconds
2017-01-19T09:22:13.211-0500: 9.895: Total time for which application threads were stopped: 0.0000586 seconds, Stopping threads took: 0.0000176 seconds
2017-01-19T09:22:13.211-0500: 9.895: Total time for which application threads were stopped: 0.0000564 seconds, Stopping threads took: 0.0000095 seconds
2017-01-19T09:22:13.211-0500: 9.895: Total time for which application threads were stopped: 0.0000652 seconds, Stopping threads took: 0.0000194 seconds
2017-01-19T09:22:13.211-0500: 9.895: Total time for which application threads were stopped: 0.0000616 seconds, Stopping threads took: 0.0000209 seconds
2017-01-19T09:22:13.212-0500: 9.895: Total time for which application threads were stopped: 0.0000575 seconds, Stopping threads took: 0.0000183 seconds
2017-01-19T09:22:13.212-0500: 9.896: Total time for which application threads were stopped: 0.0000638 seconds, Stopping threads took: 0.0000209 seconds
2017-01-19T09:22:13.212-0500: 9.896: Total time for which application threads were stopped: 0.0000513 seconds, Stopping threads took: 0.0000227 seconds
2017-01-19T09:22:13.217-0500: 9.901: Total time for which application threads were stopped: 0.0000652 seconds, Stopping threads took: 0.0000293 seconds
2017-01-19T09:22:13.217-0500: 9.901: Total time for which application threads were stopped: 0.0000447 seconds, Stopping threads took: 0.0000209 seconds
2017-01-19T09:22:13.217-0500: 9.901: Total time for which application threads were stopped: 0.0000337 seconds, Stopping threads took: 0.0000099 seconds
2017-01-19T09:22:13.218-0500: 9.901: Total time for which application threads were stopped: 0.0000788 seconds, Stopping threads took: 0.0000531 seconds
2017-01-19T09:22:13.218-0500: 9.902: Total time for which application threads were stopped: 0.0001386 seconds, Stopping threads took: 0.0001048 seconds
2017-01-19T09:22:13.218-0500: 9.902: Total time for which application threads were stopped: 0.0000451 seconds, Stopping threads took: 0.0000176 seconds
2017-01-19T09:22:13.219-0500: 9.902: Total time for which application threads were stopped: 0.0002317 seconds, Stopping threads took: 0.0001836 seconds
2017-01-19T09:22:13.219-0500: 9.903: Total time for which application threads were stopped: 0.0000982 seconds, Stopping threads took: 0.0000568 seconds
2017-01-19T09:22:13.219-0500: 9.903: Total time for which application threads were stopped: 0.0000389 seconds, Stopping threads took: 0.0000121 seconds
2017-01-19T09:22:13.219-0500: 9.903: Total time for which application threads were stopped: 0.0000696 seconds, Stopping threads took: 0.0000367 seconds
2017-01-19T09:22:13.220-0500: 9.903: Total time for which application threads were stopped: 0.0001030 seconds, Stopping threads took: 0.0000700 seconds
2017-01-19T09:22:13.220-0500: 9.903: Total time for which application threads were stopped: 0.0000579 seconds, Stopping threads took: 0.0000220 seconds
2017-01-19T09:22:13.220-0500: 9.904: Total time for which application threads were stopped: 0.0000652 seconds, Stopping threads took: 0.0000341 seconds
2017-01-19T09:22:13.220-0500: 9.904: Total time for which application threads were stopped: 0.0001001 seconds, Stopping threads took: 0.0000572 seconds
2017-01-19T09:22:13.221-0500: 9.904: Total time for which application threads were stopped: 0.0001001 seconds, Stopping threads took: 0.0000583 seconds
2017-01-19T09:22:13.221-0500: 9.905: Total time for which application threads were stopped: 0.0000641 seconds, Stopping threads took: 0.0000352 seconds
2017-01-19T09:22:13.222-0500: 9.905: Total time for which application threads were stopped: 0.0001019 seconds, Stopping threads took: 0.0000638 seconds
2017-01-19T09:22:13.222-0500: 9.906: Total time for which application threads were stopped: 0.0002218 seconds, Stopping threads took: 0.0000542 seconds
2017-01-19T09:22:13.251-0500: 9.934: Total time for which application threads were stopped: 0.0287410 seconds, Stopping threads took: 0.0286805 seconds
2017-01-19T09:22:13.252-0500: 9.936: Total time for which application threads were stopped: 0.0001125 seconds, Stopping threads took: 0.0000502 seconds
2017-01-19T09:22:13.259-0500: 9.943: Total time for which application threads were stopped: 0.0003306 seconds, Stopping threads took: 0.0002690 seconds
2017-01-19T09:22:13.259-0500: 9.943: Total time for which application threads were stopped: 0.0000480 seconds, Stopping threads took: 0.0000150 seconds
2017-01-19T09:22:13.259-0500: 9.943: Total time for which application threads were stopped: 0.0000726 seconds, Stopping threads took: 0.0000147 seconds
2017-01-19T09:22:13.260-0500: 9.943: Total time for which application threads were stopped: 0.0000484 seconds, Stopping threads took: 0.0000103 seconds
2017-01-19T09:22:13.260-0500: 9.943: Total time for which application threads were stopped: 0.0000689 seconds, Stopping threads took: 0.0000121 seconds
2017-01-19T09:22:13.260-0500: 9.944: Total time for which application threads were stopped: 0.0000469 seconds, Stopping threads took: 0.0000095 seconds
2017-01-19T09:22:13.261-0500: 9.944: Total time for which application threads were stopped: 0.0004241 seconds, Stopping threads took: 0.0003724 seconds
2017-01-19T09:22:13.265-0500: 9.949: Total time for which application threads were stopped: 0.0000861 seconds, Stopping threads took: 0.0000227 seconds
2017-01-19T09:22:13.265-0500: 9.949: Total time for which application threads were stopped: 0.0000968 seconds, Stopping threads took: 0.0000121 seconds
2017-01-19T09:22:13.265-0500: 9.949: Total time for which application threads were stopped: 0.0000418 seconds, Stopping threads took: 0.0000077 seconds
2017-01-19T09:22:13.266-0500: 9.950: Total time for which application threads were stopped: 0.0005872 seconds, Stopping threads took: 0.0005315 seconds
2017-01-19T09:22:13.288-0500: 9.972: Total time for which application threads were stopped: 0.0000480 seconds, Stopping threads took: 0.0000121 seconds
2017-01-19T09:22:13.289-0500: 9.972: Total time for which application threads were stopped: 0.0000568 seconds, Stopping threads took: 0.0000095 seconds
2017-01-19T09:22:13.373-0500: 10.057: Total time for which application threads were stopped: 0.0000850 seconds, Stopping threads took: 0.0000466 seconds
2017-01-19T09:22:13.374-0500: 10.058: Total time for which application threads were stopped: 0.0001191 seconds, Stopping threads took: 0.0000894 seconds
2017-01-19T09:22:13.374-0500: 10.058: Total time for which application threads were stopped: 0.0001408 seconds, Stopping threads took: 0.0001092 seconds
2017-01-19T09:22:13.375-0500: 10.059: Total time for which application threads were stopped: 0.0000674 seconds, Stopping threads took: 0.0000198 seconds
2017-01-19T09:22:13.375-0500: 10.059: Total time for which application threads were stopped: 0.0000938 seconds, Stopping threads took: 0.0000517 seconds
2017-01-19T09:22:13.433-0500: 10.116: Total time for which application threads were stopped: 0.0000561 seconds, Stopping threads took: 0.0000110 seconds
2017-01-19T09:22:13.433-0500: 10.116: Total time for which application threads were stopped: 0.0000154 seconds, Stopping threads took: 0.0000059 seconds
2017-01-19T09:22:13.433-0500: 10.116: Total time for which application threads were stopped: 0.0000150 seconds, Stopping threads took: 0.0000062 seconds
2017-01-19T09:22:13.433-0500: 10.117: Total time for which application threads were stopped: 0.0000154 seconds, Stopping threads took: 0.0000062 seconds
2017-01-19T09:22:13.436-0500: 10.120: Total time for which application threads were stopped: 0.0000249 seconds, Stopping threads took: 0.0000114 seconds
2017-01-19T09:22:13.438-0500: 10.122: Total time for which application threads were stopped: 0.0000238 seconds, Stopping threads took: 0.0000121 seconds
2017-01-19T09:22:13.442-0500: 10.126: Total time for which application threads were stopped: 0.0000400 seconds, Stopping threads took: 0.0000220 seconds
2017-01-19T09:22:13.444-0500: 10.128: Total time for which application threads were stopped: 0.0000319 seconds, Stopping threads took: 0.0000088 seconds
2017-01-19T09:22:13.452-0500: 10.136: Total time for which application threads were stopped: 0.0000308 seconds, Stopping threads took: 0.0000143 seconds
{Heap before GC invocations=1 (full 0):
 par new generation   total 109248K, used 92713K [0x00000000dae00000, 0x00000000e2e00000, 0x00000000e2e00000)
  eden space 87424K, 100% used [0x00000000dae00000, 0x00000000e0360000, 0x00000000e0360000)
  from space 21824K,  24% used [0x00000000e18b0000, 0x00000000e1dda5d8, 0x00000000e2e00000)
  to   space 21824K,   0% used [0x00000000e0360000, 0x00000000e0360000, 0x00000000e18b0000)
 concurrent mark-sweep generation total 393216K, used 0K [0x00000000e2e00000, 0x00000000fae00000, 0x00000000fae00000)
 concurrent-mark-sweep perm gen total 21248K, used 18130K [0x00000000fae00000, 0x00000000fc2c0000, 0x0000000100000000)
2017-01-19T09:22:14.018-0500: 10.702: [GC2017-01-19T09:22:14.018-0500: 10.702: [ParNew
Desired survivor size 20112992 bytes, new threshold 8 (max 8)
- age   1:   10147328 bytes,   10147328 total
- age   2:    2186648 bytes,   12333976 total
: 92713K->13461K(109248K), 0.0191699 secs] 92713K->13461K(502464K), 0.0192982 secs] [Times: user=0.00 sys=0.05, real=0.02 secs] 
Heap after GC invocations=2 (full 0):
 par new generation   total 109248K, used 13461K [0x00000000dae00000, 0x00000000e2e00000, 0x00000000e2e00000)
  eden space 87424K,   0% used [0x00000000dae00000, 0x00000000dae00000, 0x00000000e0360000)
  from space 21824K,  61% used [0x00000000e0360000, 0x00000000e1085480, 0x00000000e18b0000)
  to   space 21824K,   0% used [0x00000000e18b0000, 0x00000000e18b0000, 0x00000000e2e00000)
 concurrent mark-sweep generation total 393216K, used 0K [0x00000000e2e00000, 0x00000000fae00000, 0x00000000fae00000)
 concurrent-mark-sweep perm gen total 21248K, used 18130K [0x00000000fae00000, 0x00000000fc2c0000, 0x0000000100000000)
}
2017-01-19T09:22:14.037-0500: 10.721: Total time for which application threads were stopped: 0.0195284 seconds, Stopping threads took: 0.0000198 seconds
2017-01-19T09:22:14.040-0500: 10.724: Total time for which application threads were stopped: 0.0001884 seconds, Stopping threads took: 0.0000125 seconds
2017-01-19T09:22:14.040-0500: 10.724: Total time for which application threads were stopped: 0.0000378 seconds, Stopping threads took: 0.0000183 seconds
2017-01-19T09:22:14.040-0500: 10.724: Total time for which application threads were stopped: 0.0000374 seconds, Stopping threads took: 0.0000183 seconds
2017-01-19T09:22:14.040-0500: 10.724: Total time for which application threads were stopped: 0.0000235 seconds, Stopping threads took: 0.0000169 seconds
2017-01-19T09:22:14.040-0500: 10.724: Total time for which application threads were stopped: 0.0000370 seconds, Stopping threads took: 0.0000180 seconds
2017-01-19T09:22:14.040-0500: 10.724: Total time for which application threads were stopped: 0.0000238 seconds, Stopping threads took: 0.0000066 seconds
2017-01-19T09:22:14.040-0500: 10.724: Total time for which application threads were stopped: 0.0000370 seconds, Stopping threads took: 0.0000183 seconds
2017-01-19T09:22:14.041-0500: 10.725: Total time for which application threads were stopped: 0.0000136 seconds, Stopping threads took: 0.0000055 seconds
2017-01-19T09:22:14.041-0500: 10.725: Total time for which application threads were stopped: 0.0000198 seconds, Stopping threads took: 0.0000044 seconds
2017-01-19T09:22:14.041-0500: 10.725: Total time for which application threads were stopped: 0.0000194 seconds, Stopping threads took: 0.0000044 seconds
2017-01-19T09:22:14.041-0500: 10.725: Total time for which application threads were stopped: 0.0000191 seconds, Stopping threads took: 0.0000044 seconds
2017-01-19T09:22:14.041-0500: 10.725: Total time for which application threads were stopped: 0.0000198 seconds, Stopping threads took: 0.0000044 seconds
2017-01-19T09:22:14.041-0500: 10.725: Total time for which application threads were stopped: 0.0000198 seconds, Stopping threads took: 0.0000040 seconds
2017-01-19T09:22:14.041-0500: 10.725: Total time for which application threads were stopped: 0.0000092 seconds, Stopping threads took: 0.0000040 seconds
2017-01-19T09:22:14.041-0500: 10.725: Total time for which application threads were stopped: 0.0000187 seconds, Stopping threads took: 0.0000081 seconds
2017-01-19T09:22:14.041-0500: 10.725: Total time for which application threads were stopped: 0.0000081 seconds, Stopping threads took: 0.0000037 seconds
2017-01-19T09:22:14.041-0500: 10.725: Total time for which application threads were stopped: 0.0000081 seconds, Stopping threads took: 0.0000037 seconds
2017-01-19T09:22:14.042-0500: 10.725: Total time for which application threads were stopped: 0.0000081 seconds, Stopping threads took: 0.0000037 seconds
2017-01-19T09:22:14.042-0500: 10.725: Total time for which application threads were stopped: 0.0000084 seconds, Stopping threads took: 0.0000040 seconds
2017-01-19T09:22:14.042-0500: 10.725: Total time for which application threads were stopped: 0.0000084 seconds, Stopping threads took: 0.0000037 seconds
2017-01-19T09:22:14.042-0500: 10.725: Total time for which application threads were stopped: 0.0000913 seconds, Stopping threads took: 0.0000040 seconds
2017-01-19T09:22:14.716-0500: 11.400: Total time for which application threads were stopped: 0.0001946 seconds, Stopping threads took: 0.0000924 seconds
2017-01-19T09:22:14.716-0500: 11.400: Total time for which application threads were stopped: 0.0000825 seconds, Stopping threads took: 0.0000506 seconds
2017-01-19T09:22:15.308-0500: 11.992: Total time for which application threads were stopped: 0.0000707 seconds, Stopping threads took: 0.0000191 seconds
2017-01-19T09:22:15.308-0500: 11.992: Total time for which application threads were stopped: 0.0000367 seconds, Stopping threads took: 0.0000128 seconds
2017-01-19T09:22:15.309-0500: 11.993: Total time for which application threads were stopped: 0.0000389 seconds, Stopping threads took: 0.0000125 seconds
2017-01-19T09:22:15.309-0500: 11.993: Total time for which application threads were stopped: 0.0000268 seconds, Stopping threads took: 0.0000073 seconds
2017-01-19T09:22:15.309-0500: 11.993: Total time for which application threads were stopped: 0.0000220 seconds, Stopping threads took: 0.0000103 seconds
2017-01-19T09:22:15.310-0500: 11.993: Total time for which application threads were stopped: 0.0000308 seconds, Stopping threads took: 0.0000081 seconds
2017-01-19T09:22:15.310-0500: 11.994: Total time for which application threads were stopped: 0.0000224 seconds, Stopping threads took: 0.0000062 seconds
2017-01-19T09:22:15.311-0500: 11.995: Total time for which application threads were stopped: 0.0000425 seconds, Stopping threads took: 0.0000187 seconds
2017-01-19T09:22:15.311-0500: 11.995: Total time for which application threads were stopped: 0.0000231 seconds, Stopping threads took: 0.0000092 seconds
2017-01-19T09:22:15.312-0500: 11.996: Total time for which application threads were stopped: 0.0000293 seconds, Stopping threads took: 0.0000114 seconds
2017-01-19T09:22:15.312-0500: 11.996: Total time for which application threads were stopped: 0.0000282 seconds, Stopping threads took: 0.0000143 seconds
2017-01-19T09:22:15.312-0500: 11.996: Total time for which application threads were stopped: 0.0000520 seconds, Stopping threads took: 0.0000352 seconds
2017-01-19T09:22:15.313-0500: 11.996: Total time for which application threads were stopped: 0.0000363 seconds, Stopping threads took: 0.0000147 seconds
2017-01-19T09:22:15.313-0500: 11.997: Total time for which application threads were stopped: 0.0000260 seconds, Stopping threads took: 0.0000106 seconds
2017-01-19T09:22:15.313-0500: 11.997: Total time for which application threads were stopped: 0.0001924 seconds, Stopping threads took: 0.0000352 seconds
2017-01-19T09:22:15.314-0500: 11.998: Total time for which application threads were stopped: 0.0000271 seconds, Stopping threads took: 0.0000088 seconds
2017-01-19T09:22:15.315-0500: 11.999: Total time for which application threads were stopped: 0.0000418 seconds, Stopping threads took: 0.0000139 seconds
2017-01-19T09:22:15.316-0500: 12.000: Total time for which application threads were stopped: 0.0000315 seconds, Stopping threads took: 0.0000121 seconds
2017-01-19T09:22:15.317-0500: 12.000: Total time for which application threads were stopped: 0.0000198 seconds, Stopping threads took: 0.0000066 seconds
2017-01-19T09:22:15.318-0500: 12.001: Total time for which application threads were stopped: 0.0000319 seconds, Stopping threads took: 0.0000106 seconds
2017-01-19T09:22:15.318-0500: 12.002: Total time for which application threads were stopped: 0.0000282 seconds, Stopping threads took: 0.0000114 seconds
2017-01-19T09:22:15.318-0500: 12.002: Total time for which application threads were stopped: 0.0000257 seconds, Stopping threads took: 0.0000088 seconds
2017-01-19T09:22:15.319-0500: 12.003: Total time for which application threads were stopped: 0.0000260 seconds, Stopping threads took: 0.0000088 seconds
2017-01-19T09:22:15.319-0500: 12.003: Total time for which application threads were stopped: 0.0000231 seconds, Stopping threads took: 0.0000092 seconds
2017-01-19T09:22:15.325-0500: 12.008: Total time for which application threads were stopped: 0.0001961 seconds, Stopping threads took: 0.0001752 seconds
2017-01-19T09:22:15.325-0500: 12.008: Total time for which application threads were stopped: 0.0000568 seconds, Stopping threads took: 0.0000249 seconds
2017-01-19T09:22:15.342-0500: 12.025: Total time for which application threads were stopped: 0.0000524 seconds, Stopping threads took: 0.0000271 seconds
2017-01-19T09:22:15.540-0500: 12.224: Total time for which application threads were stopped: 0.0001587 seconds, Stopping threads took: 0.0000682 seconds
2017-01-19T09:22:15.542-0500: 12.225: Total time for which application threads were stopped: 0.0000539 seconds, Stopping threads took: 0.0000330 seconds
2017-01-19T09:22:15.609-0500: 12.292: Total time for which application threads were stopped: 0.0001312 seconds, Stopping threads took: 0.0000484 seconds
2017-01-19T09:22:15.628-0500: 12.312: Total time for which application threads were stopped: 0.0000656 seconds, Stopping threads took: 0.0000290 seconds
2017-01-19T09:22:15.700-0500: 12.383: Total time for which application threads were stopped: 0.0001429 seconds, Stopping threads took: 0.0000209 seconds
{Heap before GC invocations=2 (full 0):
 par new generation   total 109248K, used 100885K [0x00000000dae00000, 0x00000000e2e00000, 0x00000000e2e00000)
  eden space 87424K, 100% used [0x00000000dae00000, 0x00000000e0360000, 0x00000000e0360000)
  from space 21824K,  61% used [0x00000000e0360000, 0x00000000e1085480, 0x00000000e18b0000)
  to   space 21824K,   0% used [0x00000000e18b0000, 0x00000000e18b0000, 0x00000000e2e00000)
 concurrent mark-sweep generation total 393216K, used 0K [0x00000000e2e00000, 0x00000000fae00000, 0x00000000fae00000)
 concurrent-mark-sweep perm gen total 21248K, used 18631K [0x00000000fae00000, 0x00000000fc2c0000, 0x0000000100000000)
2017-01-19T09:22:15.789-0500: 12.473: [GC2017-01-19T09:22:15.789-0500: 12.473: [ParNew
Desired survivor size 20112992 bytes, new threshold 8 (max 8)
- age   1:    1742560 bytes,    1742560 total
- age   2:    4200976 bytes,    5943536 total
- age   3:    2176376 bytes,    8119912 total
: 100885K->9874K(109248K), 0.0061329 secs] 100885K->9874K(502464K), 0.0062223 secs] [Times: user=0.02 sys=0.00, real=0.01 secs] 
Heap after GC invocations=3 (full 0):
 par new generation   total 109248K, used 9874K [0x00000000dae00000, 0x00000000e2e00000, 0x00000000e2e00000)
  eden space 87424K,   0% used [0x00000000dae00000, 0x00000000dae00000, 0x00000000e0360000)
  from space 21824K,  45% used [0x00000000e18b0000, 0x00000000e22549e0, 0x00000000e2e00000)
  to   space 21824K,   0% used [0x00000000e0360000, 0x00000000e0360000, 0x00000000e18b0000)
 concurrent mark-sweep generation total 393216K, used 0K [0x00000000e2e00000, 0x00000000fae00000, 0x00000000fae00000)
 concurrent-mark-sweep perm gen total 21248K, used 18631K [0x00000000fae00000, 0x00000000fc2c0000, 0x0000000100000000)
}
2017-01-19T09:22:15.796-0500: 12.479: Total time for which application threads were stopped: 0.0063979 seconds, Stopping threads took: 0.0000150 seconds
2017-01-19T09:22:15.796-0500: 12.480: Total time for which application threads were stopped: 0.0000520 seconds, Stopping threads took: 0.0000246 seconds
2017-01-19T09:22:15.796-0500: 12.480: Total time for which application threads were stopped: 0.0000436 seconds, Stopping threads took: 0.0000220 seconds
2017-01-19T09:22:15.796-0500: 12.480: Total time for which application threads were stopped: 0.0000396 seconds, Stopping threads took: 0.0000194 seconds
2017-01-19T09:22:15.823-0500: 12.507: Total time for which application threads were stopped: 0.0000935 seconds, Stopping threads took: 0.0000304 seconds
2017-01-19T09:22:15.823-0500: 12.507: Total time for which application threads were stopped: 0.0000323 seconds, Stopping threads took: 0.0000172 seconds
2017-01-19T09:22:15.831-0500: 12.515: Total time for which application threads were stopped: 0.0000253 seconds, Stopping threads took: 0.0000106 seconds
2017-01-19T09:22:15.834-0500: 12.518: Total time for which application threads were stopped: 0.0000220 seconds, Stopping threads took: 0.0000073 seconds
2017-01-19T09:22:15.849-0500: 12.533: Total time for which application threads were stopped: 0.0000334 seconds, Stopping threads took: 0.0000139 seconds
2017-01-19T09:22:15.849-0500: 12.533: Total time for which application threads were stopped: 0.0000213 seconds, Stopping threads took: 0.0000084 seconds
2017-01-19T09:22:15.850-0500: 12.533: Total time for which application threads were stopped: 0.0000194 seconds, Stopping threads took: 0.0000081 seconds
2017-01-19T09:22:15.851-0500: 12.535: Total time for which application threads were stopped: 0.0000319 seconds, Stopping threads took: 0.0000088 seconds
2017-01-19T09:22:15.864-0500: 12.548: Total time for which application threads were stopped: 0.0000436 seconds, Stopping threads took: 0.0000147 seconds
2017-01-19T09:22:15.898-0500: 12.581: Total time for which application threads were stopped: 0.0000825 seconds, Stopping threads took: 0.0000414 seconds
2017-01-19T09:22:16.077-0500: 12.760: Total time for which application threads were stopped: 0.0000799 seconds, Stopping threads took: 0.0000194 seconds
2017-01-19T09:22:16.077-0500: 12.760: Total time for which application threads were stopped: 0.0000513 seconds, Stopping threads took: 0.0000367 seconds
2017-01-19T09:22:16.077-0500: 12.761: Total time for which application threads were stopped: 0.0000253 seconds, Stopping threads took: 0.0000125 seconds
2017-01-19T09:22:16.079-0500: 12.762: Total time for which application threads were stopped: 0.0000810 seconds, Stopping threads took: 0.0000627 seconds
2017-01-19T09:22:16.079-0500: 12.763: Total time for which application threads were stopped: 0.0000553 seconds, Stopping threads took: 0.0000403 seconds
2017-01-19T09:22:16.079-0500: 12.763: Total time for which application threads were stopped: 0.0000520 seconds, Stopping threads took: 0.0000249 seconds
2017-01-19T09:22:16.079-0500: 12.763: Total time for which application threads were stopped: 0.0000704 seconds, Stopping threads took: 0.0000579 seconds
2017-01-19T09:22:16.204-0500: 12.888: Total time for which application threads were stopped: 0.0000821 seconds, Stopping threads took: 0.0000121 seconds
2017-01-19T09:22:16.204-0500: 12.888: Total time for which application threads were stopped: 0.0000242 seconds, Stopping threads took: 0.0000154 seconds
2017-01-19T09:22:16.205-0500: 12.888: Total time for which application threads were stopped: 0.0000249 seconds, Stopping threads took: 0.0000066 seconds
2017-01-19T09:22:16.206-0500: 12.890: Total time for which application threads were stopped: 0.0000378 seconds, Stopping threads took: 0.0000117 seconds
2017-01-19T09:22:16.231-0500: 12.915: Total time for which application threads were stopped: 0.0001118 seconds, Stopping threads took: 0.0000755 seconds
2017-01-19T09:22:16.231-0500: 12.915: Total time for which application threads were stopped: 0.0000495 seconds, Stopping threads took: 0.0000205 seconds
2017-01-19T09:22:16.231-0500: 12.915: Total time for which application threads were stopped: 0.0000872 seconds, Stopping threads took: 0.0000674 seconds
2017-01-19T09:22:16.232-0500: 12.916: Total time for which application threads were stopped: 0.0000447 seconds, Stopping threads took: 0.0000246 seconds
2017-01-19T09:22:16.233-0500: 12.916: Total time for which application threads were stopped: 0.0000433 seconds, Stopping threads took: 0.0000194 seconds
2017-01-19T09:22:16.238-0500: 12.921: Total time for which application threads were stopped: 0.0000685 seconds, Stopping threads took: 0.0000180 seconds
2017-01-19T09:22:16.240-0500: 12.924: Total time for which application threads were stopped: 0.0000832 seconds, Stopping threads took: 0.0000469 seconds
2017-01-19T09:22:16.261-0500: 12.944: Total time for which application threads were stopped: 0.0000458 seconds, Stopping threads took: 0.0000139 seconds
2017-01-19T09:22:16.271-0500: 12.955: Total time for which application threads were stopped: 0.0000759 seconds, Stopping threads took: 0.0000425 seconds
2017-01-19T09:22:16.276-0500: 12.959: Total time for which application threads were stopped: 0.0000638 seconds, Stopping threads took: 0.0000330 seconds
2017-01-19T09:22:16.280-0500: 12.963: Total time for which application threads were stopped: 0.0000447 seconds, Stopping threads took: 0.0000147 seconds
2017-01-19T09:22:16.286-0500: 12.970: Total time for which application threads were stopped: 0.0000652 seconds, Stopping threads took: 0.0000334 seconds
{Heap before GC invocations=3 (full 0):
 par new generation   total 109248K, used 97298K [0x00000000dae00000, 0x00000000e2e00000, 0x00000000e2e00000)
  eden space 87424K, 100% used [0x00000000dae00000, 0x00000000e0360000, 0x00000000e0360000)
  from space 21824K,  45% used [0x00000000e18b0000, 0x00000000e22549e0, 0x00000000e2e00000)
  to   space 21824K,   0% used [0x00000000e0360000, 0x00000000e0360000, 0x00000000e18b0000)
 concurrent mark-sweep generation total 393216K, used 0K [0x00000000e2e00000, 0x00000000fae00000, 0x00000000fae00000)
 concurrent-mark-sweep perm gen total 21248K, used 19239K [0x00000000fae00000, 0x00000000fc2c0000, 0x0000000100000000)
2017-01-19T09:22:16.295-0500: 12.979: [GC2017-01-19T09:22:16.295-0500: 12.979: [ParNew
Desired survivor size 20112992 bytes, new threshold 8 (max 8)
- age   1:    3009904 bytes,    3009904 total
- age   2:     574752 bytes,    3584656 total
- age   3:    4199056 bytes,    7783712 total
- age   4:    2176320 bytes,    9960032 total
: 97298K->12623K(109248K), 0.0077713 secs] 97298K->12623K(502464K), 0.0078578 secs] [Times: user=0.00 sys=0.00, real=0.01 secs] 
Heap after GC invocations=4 (full 0):
 par new generation   total 109248K, used 12623K [0x00000000dae00000, 0x00000000e2e00000, 0x00000000e2e00000)
  eden space 87424K,   0% used [0x00000000dae00000, 0x00000000dae00000, 0x00000000e0360000)
  from space 21824K,  57% used [0x00000000e0360000, 0x00000000e0fb3f10, 0x00000000e18b0000)
  to   space 21824K,   0% used [0x00000000e18b0000, 0x00000000e18b0000, 0x00000000e2e00000)
 concurrent mark-sweep generation total 393216K, used 0K [0x00000000e2e00000, 0x00000000fae00000, 0x00000000fae00000)
 concurrent-mark-sweep perm gen total 21248K, used 19239K [0x00000000fae00000, 0x00000000fc2c0000, 0x0000000100000000)
}
2017-01-19T09:22:16.303-0500: 12.987: Total time for which application threads were stopped: 0.0080477 seconds, Stopping threads took: 0.0000693 seconds
2017-01-19T09:22:16.303-0500: 12.987: Total time for which application threads were stopped: 0.0001151 seconds, Stopping threads took: 0.0000612 seconds
2017-01-19T09:22:16.304-0500: 12.987: Total time for which application threads were stopped: 0.0000542 seconds, Stopping threads took: 0.0000227 seconds
2017-01-19T09:22:16.304-0500: 12.988: Total time for which application threads were stopped: 0.0000546 seconds, Stopping threads took: 0.0000282 seconds
2017-01-19T09:22:16.307-0500: 12.991: Total time for which application threads were stopped: 0.0000561 seconds, Stopping threads took: 0.0000180 seconds
2017-01-19T09:22:16.315-0500: 12.999: Total time for which application threads were stopped: 0.0000887 seconds, Stopping threads took: 0.0000498 seconds
2017-01-19T09:22:16.321-0500: 13.005: Total time for which application threads were stopped: 0.0001473 seconds, Stopping threads took: 0.0000169 seconds
2017-01-19T09:22:16.326-0500: 13.009: Total time for which application threads were stopped: 0.0001514 seconds, Stopping threads took: 0.0000546 seconds
2017-01-19T09:22:16.403-0500: 13.087: Total time for which application threads were stopped: 0.0000982 seconds, Stopping threads took: 0.0000484 seconds
2017-01-19T09:22:16.427-0500: 13.110: Total time for which application threads were stopped: 0.0001272 seconds, Stopping threads took: 0.0000656 seconds
2017-01-19T09:22:16.442-0500: 13.126: Total time for which application threads were stopped: 0.0000744 seconds, Stopping threads took: 0.0000334 seconds
2017-01-19T09:22:16.442-0500: 13.126: Total time for which application threads were stopped: 0.0000476 seconds, Stopping threads took: 0.0000209 seconds
2017-01-19T09:22:16.457-0500: 13.140: Total time for which application threads were stopped: 0.0001100 seconds, Stopping threads took: 0.0000627 seconds
{Heap before GC invocations=4 (full 0):
 par new generation   total 109248K, used 100047K [0x00000000dae00000, 0x00000000e2e00000, 0x00000000e2e00000)
  eden space 87424K, 100% used [0x00000000dae00000, 0x00000000e0360000, 0x00000000e0360000)
  from space 21824K,  57% used [0x00000000e0360000, 0x00000000e0fb3f10, 0x00000000e18b0000)
  to   space 21824K,   0% used [0x00000000e18b0000, 0x00000000e18b0000, 0x00000000e2e00000)
 concurrent mark-sweep generation total 393216K, used 0K [0x00000000e2e00000, 0x00000000fae00000, 0x00000000fae00000)
 concurrent-mark-sweep perm gen total 21248K, used 19480K [0x00000000fae00000, 0x00000000fc2c0000, 0x0000000100000000)
2017-01-19T09:22:16.477-0500: 13.161: [GC2017-01-19T09:22:16.477-0500: 13.161: [ParNew
Desired survivor size 20112992 bytes, new threshold 8 (max 8)
- age   1:     640296 bytes,     640296 total
- age   2:    2447704 bytes,    3088000 total
- age   3:     543736 bytes,    3631736 total
- age   4:    4196632 bytes,    7828368 total
- age   5:    2173760 bytes,   10002128 total
: 100047K->12940K(109248K), 0.0084172 secs] 100047K->12940K(502464K), 0.0084934 secs] [Times: user=0.06 sys=0.00, real=0.01 secs] 
Heap after GC invocations=5 (full 0):
 par new generation   total 109248K, used 12940K [0x00000000dae00000, 0x00000000e2e00000, 0x00000000e2e00000)
  eden space 87424K,   0% used [0x00000000dae00000, 0x00000000dae00000, 0x00000000e0360000)
  from space 21824K,  59% used [0x00000000e18b0000, 0x00000000e25532f0, 0x00000000e2e00000)
  to   space 21824K,   0% used [0x00000000e0360000, 0x00000000e0360000, 0x00000000e18b0000)
 concurrent mark-sweep generation total 393216K, used 0K [0x00000000e2e00000, 0x00000000fae00000, 0x00000000fae00000)
 concurrent-mark-sweep perm gen total 21248K, used 19480K [0x00000000fae00000, 0x00000000fc2c0000, 0x0000000100000000)
}
2017-01-19T09:22:16.486-0500: 13.170: Total time for which application threads were stopped: 0.0086364 seconds, Stopping threads took: 0.0000205 seconds
2017-01-19T09:22:16.494-0500: 13.178: Total time for which application threads were stopped: 0.0001547 seconds, Stopping threads took: 0.0000685 seconds
2017-01-19T09:22:16.499-0500: 13.183: Total time for which application threads were stopped: 0.0000630 seconds, Stopping threads took: 0.0000257 seconds
2017-01-19T09:22:16.504-0500: 13.188: Total time for which application threads were stopped: 0.0000652 seconds, Stopping threads took: 0.0000378 seconds
2017-01-19T09:22:16.505-0500: 13.188: Total time for which application threads were stopped: 0.0001353 seconds, Stopping threads took: 0.0000154 seconds
2017-01-19T09:22:16.505-0500: 13.189: Total time for which application threads were stopped: 0.0000326 seconds, Stopping threads took: 0.0000202 seconds
2017-01-19T09:22:16.528-0500: 13.212: Total time for which application threads were stopped: 0.0000498 seconds, Stopping threads took: 0.0000136 seconds
2017-01-19T09:22:16.540-0500: 13.223: Total time for which application threads were stopped: 0.0000539 seconds, Stopping threads took: 0.0000169 seconds
2017-01-19T09:22:16.546-0500: 13.230: Total time for which application threads were stopped: 0.0000601 seconds, Stopping threads took: 0.0000147 seconds
2017-01-19T09:22:16.551-0500: 13.234: Total time for which application threads were stopped: 0.0000348 seconds, Stopping threads took: 0.0000139 seconds
2017-01-19T09:22:16.551-0500: 13.235: Total time for which application threads were stopped: 0.0000308 seconds, Stopping threads took: 0.0000110 seconds
2017-01-19T09:22:16.551-0500: 13.235: Total time for which application threads were stopped: 0.0000301 seconds, Stopping threads took: 0.0000158 seconds
2017-01-19T09:22:16.552-0500: 13.235: Total time for which application threads were stopped: 0.0000169 seconds, Stopping threads took: 0.0000066 seconds
2017-01-19T09:22:16.554-0500: 13.237: Total time for which application threads were stopped: 0.0000506 seconds, Stopping threads took: 0.0000180 seconds
2017-01-19T09:22:16.554-0500: 13.238: Total time for which application threads were stopped: 0.0000176 seconds, Stopping threads took: 0.0000073 seconds
2017-01-19T09:22:16.557-0500: 13.241: Total time for which application threads were stopped: 0.0000231 seconds, Stopping threads took: 0.0000081 seconds
2017-01-19T09:22:16.607-0500: 13.291: Total time for which application threads were stopped: 0.0000502 seconds, Stopping threads took: 0.0000268 seconds
2017-01-19T09:22:16.637-0500: 13.321: Total time for which application threads were stopped: 0.0001327 seconds, Stopping threads took: 0.0000370 seconds
2017-01-19T09:22:16.666-0500: 13.349: Total time for which application threads were stopped: 0.0000458 seconds, Stopping threads took: 0.0000183 seconds
2017-01-19T09:22:16.709-0500: 13.393: Total time for which application threads were stopped: 0.0000502 seconds, Stopping threads took: 0.0000191 seconds
2017-01-19T09:22:16.714-0500: 13.398: Total time for which application threads were stopped: 0.0000466 seconds, Stopping threads took: 0.0000139 seconds
2017-01-19T09:22:16.871-0500: 13.554: Total time for which application threads were stopped: 0.0001891 seconds, Stopping threads took: 0.0000180 seconds
2017-01-19T09:22:16.871-0500: 13.555: Total time for which application threads were stopped: 0.0000154 seconds, Stopping threads took: 0.0000070 seconds
2017-01-19T09:22:16.872-0500: 13.556: Total time for which application threads were stopped: 0.0000180 seconds, Stopping threads took: 0.0000077 seconds
2017-01-19T09:22:16.952-0500: 13.636: Total time for which application threads were stopped: 0.0000652 seconds, Stopping threads took: 0.0000242 seconds
2017-01-19T09:22:16.952-0500: 13.636: Total time for which application threads were stopped: 0.0000249 seconds, Stopping threads took: 0.0000077 seconds
2017-01-19T09:22:16.972-0500: 13.656: Total time for which application threads were stopped: 0.0000396 seconds, Stopping threads took: 0.0000150 seconds
{Heap before GC invocations=5 (full 0):
 par new generation   total 109248K, used 100364K [0x00000000dae00000, 0x00000000e2e00000, 0x00000000e2e00000)
  eden space 87424K, 100% used [0x00000000dae00000, 0x00000000e0360000, 0x00000000e0360000)
  from space 21824K,  59% used [0x00000000e18b0000, 0x00000000e25532f0, 0x00000000e2e00000)
  to   space 21824K,   0% used [0x00000000e0360000, 0x00000000e0360000, 0x00000000e18b0000)
 concurrent mark-sweep generation total 393216K, used 0K [0x00000000e2e00000, 0x00000000fae00000, 0x00000000fae00000)
 concurrent-mark-sweep perm gen total 21248K, used 20808K [0x00000000fae00000, 0x00000000fc2c0000, 0x0000000100000000)
2017-01-19T09:22:16.973-0500: 13.656: [GC2017-01-19T09:22:16.973-0500: 13.656: [ParNew
Desired survivor size 20112992 bytes, new threshold 8 (max 8)
- age   1:    1358088 bytes,    1358088 total
- age   2:     162152 bytes,    1520240 total
- age   3:    2447544 bytes,    3967784 total
- age   4:     543712 bytes,    4511496 total
- age   5:    4194176 bytes,    8705672 total
- age   6:    2172472 bytes,   10878144 total
: 100364K->12751K(109248K), 0.0098885 secs] 100364K->12751K(502464K), 0.0099614 secs] [Times: user=0.06 sys=0.00, real=0.01 secs] 
Heap after GC invocations=6 (full 0):
 par new generation   total 109248K, used 12751K [0x00000000dae00000, 0x00000000e2e00000, 0x00000000e2e00000)
  eden space 87424K,   0% used [0x00000000dae00000, 0x00000000dae00000, 0x00000000e0360000)
  from space 21824K,  58% used [0x00000000e0360000, 0x00000000e0fd3f30, 0x00000000e18b0000)
  to   space 21824K,   0% used [0x00000000e18b0000, 0x00000000e18b0000, 0x00000000e2e00000)
 concurrent mark-sweep generation total 393216K, used 0K [0x00000000e2e00000, 0x00000000fae00000, 0x00000000fae00000)
 concurrent-mark-sweep perm gen total 21248K, used 20808K [0x00000000fae00000, 0x00000000fc2c0000, 0x0000000100000000)
}
2017-01-19T09:22:16.983-0500: 13.666: Total time for which application threads were stopped: 0.0100714 seconds, Stopping threads took: 0.0000073 seconds
2017-01-19T09:22:17.009-0500: 13.692: Total time for which application threads were stopped: 0.0000656 seconds, Stopping threads took: 0.0000253 seconds
2017-01-19T09:22:17.058-0500: 13.742: Total time for which application threads were stopped: 0.0000693 seconds, Stopping threads took: 0.0000158 seconds
2017-01-19T09:22:17.059-0500: 13.743: Total time for which application threads were stopped: 0.0002009 seconds, Stopping threads took: 0.0000220 seconds
2017-01-19T09:22:17.199-0500: 13.882: Total time for which application threads were stopped: 0.0001067 seconds, Stopping threads took: 0.0000671 seconds
{Heap before GC invocations=6 (full 0):
 par new generation   total 109248K, used 100175K [0x00000000dae00000, 0x00000000e2e00000, 0x00000000e2e00000)
  eden space 87424K, 100% used [0x00000000dae00000, 0x00000000e0360000, 0x00000000e0360000)
  from space 21824K,  58% used [0x00000000e0360000, 0x00000000e0fd3f30, 0x00000000e18b0000)
  to   space 21824K,   0% used [0x00000000e18b0000, 0x00000000e18b0000, 0x00000000e2e00000)
 concurrent mark-sweep generation total 393216K, used 0K [0x00000000e2e00000, 0x00000000fae00000, 0x00000000fae00000)
 concurrent-mark-sweep perm gen total 21440K, used 21251K [0x00000000fae00000, 0x00000000fc2f0000, 0x0000000100000000)
2017-01-19T09:22:17.203-0500: 13.886: [GC2017-01-19T09:22:17.203-0500: 13.886: [ParNew
Desired survivor size 20112992 bytes, new threshold 8 (max 8)
- age   1:     890016 bytes,     890016 total
- age   2:     442664 bytes,    1332680 total
- age   3:     162024 bytes,    1494704 total
- age   4:    2447264 bytes,    3941968 total
- age   5:     543176 bytes,    4485144 total
- age   6:    4193048 bytes,    8678192 total
- age   7:    2172432 bytes,   10850624 total
: 100175K->16174K(109248K), 0.0122845 secs] 100175K->16174K(502464K), 0.0123835 secs] [Times: user=0.00 sys=0.00, real=0.01 secs] 
Heap after GC invocations=7 (full 0):
 par new generation   total 109248K, used 16174K [0x00000000dae00000, 0x00000000e2e00000, 0x00000000e2e00000)
  eden space 87424K,   0% used [0x00000000dae00000, 0x00000000dae00000, 0x00000000e0360000)
  from space 21824K,  74% used [0x00000000e18b0000, 0x00000000e287ba28, 0x00000000e2e00000)
  to   space 21824K,   0% used [0x00000000e0360000, 0x00000000e0360000, 0x00000000e18b0000)
 concurrent mark-sweep generation total 393216K, used 0K [0x00000000e2e00000, 0x00000000fae00000, 0x00000000fae00000)
 concurrent-mark-sweep perm gen total 21440K, used 21251K [0x00000000fae00000, 0x00000000fc2f0000, 0x0000000100000000)
}
2017-01-19T09:22:17.215-0500: 13.899: Total time for which application threads were stopped: 0.0126441 seconds, Stopping threads took: 0.0000433 seconds
{Heap before GC invocations=7 (full 0):
 par new generation   total 109248K, used 103598K [0x00000000dae00000, 0x00000000e2e00000, 0x00000000e2e00000)
  eden space 87424K, 100% used [0x00000000dae00000, 0x00000000e0360000, 0x00000000e0360000)
  from space 21824K,  74% used [0x00000000e18b0000, 0x00000000e287ba28, 0x00000000e2e00000)
  to   space 21824K,   0% used [0x00000000e0360000, 0x00000000e0360000, 0x00000000e18b0000)
 concurrent mark-sweep generation total 393216K, used 0K [0x00000000e2e00000, 0x00000000fae00000, 0x00000000fae00000)
 concurrent-mark-sweep perm gen total 21440K, used 21291K [0x00000000fae00000, 0x00000000fc2f0000, 0x0000000100000000)
2017-01-19T09:22:17.274-0500: 13.958: [GC2017-01-19T09:22:17.274-0500: 13.958: [ParNew
Desired survivor size 20112992 bytes, new threshold 8 (max 8)
- age   1:     537208 bytes,     537208 total
- age   2:     152048 bytes,     689256 total
- age   3:     438616 bytes,    1127872 total
- age   4:     161744 bytes,    1289616 total
- age   5:    2447392 bytes,    3737008 total
- age   6:     543176 bytes,    4280184 total
- age   7:    4191984 bytes,    8472168 total
- age   8:    2172432 bytes,   10644600 total
: 103598K->13639K(109248K), 0.0075214 secs] 103598K->13639K(502464K), 0.0076277 secs] [Times: user=0.08 sys=0.00, real=0.01 secs] 
Heap after GC invocations=8 (full 0):
 par new generation   total 109248K, used 13639K [0x00000000dae00000, 0x00000000e2e00000, 0x00000000e2e00000)
  eden space 87424K,   0% used [0x00000000dae00000, 0x00000000dae00000, 0x00000000e0360000)
  from space 21824K,  62% used [0x00000000e0360000, 0x00000000e10b1d40, 0x00000000e18b0000)
  to   space 21824K,   0% used [0x00000000e18b0000, 0x00000000e18b0000, 0x00000000e2e00000)
 concurrent mark-sweep generation total 393216K, used 0K [0x00000000e2e00000, 0x00000000fae00000, 0x00000000fae00000)
 concurrent-mark-sweep perm gen total 21440K, used 21291K [0x00000000fae00000, 0x00000000fc2f0000, 0x0000000100000000)
}
2017-01-19T09:22:17.282-0500: 13.966: Total time for which application threads were stopped: 0.0078007 seconds, Stopping threads took: 0.0000279 seconds
2017-01-19T09:22:17.322-0500: 14.005: Total time for which application threads were stopped: 0.0000429 seconds, Stopping threads took: 0.0000183 seconds
{Heap before GC invocations=8 (full 0):
 par new generation   total 109248K, used 101063K [0x00000000dae00000, 0x00000000e2e00000, 0x00000000e2e00000)
  eden space 87424K, 100% used [0x00000000dae00000, 0x00000000e0360000, 0x00000000e0360000)
  from space 21824K,  62% used [0x00000000e0360000, 0x00000000e10b1d40, 0x00000000e18b0000)
  to   space 21824K,   0% used [0x00000000e18b0000, 0x00000000e18b0000, 0x00000000e2e00000)
 concurrent mark-sweep generation total 393216K, used 0K [0x00000000e2e00000, 0x00000000fae00000, 0x00000000fae00000)
 concurrent-mark-sweep perm gen total 22016K, used 21872K [0x00000000fae00000, 0x00000000fc380000, 0x0000000100000000)
2017-01-19T09:22:17.637-0500: 14.320: [GC2017-01-19T09:22:17.637-0500: 14.320: [ParNew
Desired survivor size 20112992 bytes, new threshold 8 (max 8)
- age   1:     512800 bytes,     512800 total
- age   2:      91152 bytes,     603952 total
- age   3:     151952 bytes,     755904 total
- age   4:     438656 bytes,    1194560 total
- age   5:     161568 bytes,    1356128 total
- age   6:    2447264 bytes,    3803392 total
- age   7:     543176 bytes,    4346568 total
- age   8:    4191496 bytes,    8538064 total
: 101063K->10276K(109248K), 0.0133291 secs] 101063K->12616K(502464K), 0.0134138 secs] [Times: user=0.00 sys=0.00, real=0.01 secs] 
Heap after GC invocations=9 (full 0):
 par new generation   total 109248K, used 10276K [0x00000000dae00000, 0x00000000e2e00000, 0x00000000e2e00000)
  eden space 87424K,   0% used [0x00000000dae00000, 0x00000000dae00000, 0x00000000e0360000)
  from space 21824K,  47% used [0x00000000e18b0000, 0x00000000e22b9080, 0x00000000e2e00000)
  to   space 21824K,   0% used [0x00000000e0360000, 0x00000000e0360000, 0x00000000e18b0000)
 concurrent mark-sweep generation total 393216K, used 2340K [0x00000000e2e00000, 0x00000000fae00000, 0x00000000fae00000)
 concurrent-mark-sweep perm gen total 22016K, used 21872K [0x00000000fae00000, 0x00000000fc380000, 0x0000000100000000)
}
2017-01-19T09:22:17.650-0500: 14.334: Total time for which application threads were stopped: 0.0136304 seconds, Stopping threads took: 0.0000407 seconds
2017-01-19T09:22:17.705-0500: 14.389: Total time for which application threads were stopped: 0.0000484 seconds, Stopping threads took: 0.0000136 seconds
2017-01-19T09:22:17.705-0500: 14.389: Total time for which application threads were stopped: 0.0000253 seconds, Stopping threads took: 0.0000059 seconds
2017-01-19T09:22:17.709-0500: 14.392: Total time for which application threads were stopped: 0.0000264 seconds, Stopping threads took: 0.0000077 seconds
2017-01-19T09:22:17.709-0500: 14.392: Total time for which application threads were stopped: 0.0000169 seconds, Stopping threads took: 0.0000055 seconds
2017-01-19T09:22:17.742-0500: 14.426: Total time for which application threads were stopped: 0.0001118 seconds, Stopping threads took: 0.0000436 seconds
2017-01-19T09:22:17.759-0500: 14.442: Total time for which application threads were stopped: 0.0000396 seconds, Stopping threads took: 0.0000150 seconds
2017-01-19T09:22:17.780-0500: 14.464: Total time for which application threads were stopped: 0.0000462 seconds, Stopping threads took: 0.0000143 seconds
2017-01-19T09:22:17.783-0500: 14.466: Total time for which application threads were stopped: 0.0000539 seconds, Stopping threads took: 0.0000169 seconds
2017-01-19T09:22:17.848-0500: 14.532: Total time for which application threads were stopped: 0.0000605 seconds, Stopping threads took: 0.0000176 seconds
2017-01-19T09:22:17.854-0500: 14.538: Total time for which application threads were stopped: 0.0000436 seconds, Stopping threads took: 0.0000114 seconds
2017-01-19T09:22:17.871-0500: 14.555: Total time for which application threads were stopped: 0.0000444 seconds, Stopping threads took: 0.0000106 seconds
2017-01-19T09:22:17.937-0500: 14.620: Total time for which application threads were stopped: 0.0000652 seconds, Stopping threads took: 0.0000282 seconds
2017-01-19T09:22:17.939-0500: 14.623: Total time for which application threads were stopped: 0.0000334 seconds, Stopping threads took: 0.0000205 seconds
2017-01-19T09:22:17.946-0500: 14.630: Total time for which application threads were stopped: 0.0005289 seconds, Stopping threads took: 0.0005080 seconds
2017-01-19T09:22:17.987-0500: 14.671: Total time for which application threads were stopped: 0.0001188 seconds, Stopping threads took: 0.0000795 seconds
2017-01-19T09:22:17.988-0500: 14.671: Total time for which application threads were stopped: 0.0000235 seconds, Stopping threads took: 0.0000114 seconds
2017-01-19T09:22:18.142-0500: 14.826: Total time for which application threads were stopped: 0.0001836 seconds, Stopping threads took: 0.0000817 seconds
2017-01-19T09:22:18.193-0500: 14.876: Total time for which application threads were stopped: 0.0002577 seconds, Stopping threads took: 0.0000942 seconds
2017-01-19T09:22:18.857-0500: 15.541: Total time for which application threads were stopped: 0.0001173 seconds, Stopping threads took: 0.0000154 seconds
2017-01-19T09:22:18.857-0500: 15.541: Total time for which application threads were stopped: 0.0000806 seconds, Stopping threads took: 0.0000044 seconds
2017-01-19T09:22:18.857-0500: 15.541: Total time for which application threads were stopped: 0.0000106 seconds, Stopping threads took: 0.0000040 seconds
2017-01-19T09:22:18.911-0500: 15.595: Total time for which application threads were stopped: 0.0001602 seconds, Stopping threads took: 0.0000678 seconds
2017-01-19T09:22:19.087-0500: 15.771: Total time for which application threads were stopped: 0.0001169 seconds, Stopping threads took: 0.0000531 seconds
2017-01-19T09:22:19.163-0500: 15.847: Total time for which application threads were stopped: 0.0000968 seconds, Stopping threads took: 0.0000271 seconds
2017-01-19T09:22:19.299-0500: 15.982: Total time for which application threads were stopped: 0.0000993 seconds, Stopping threads took: 0.0000257 seconds
2017-01-19T09:22:19.302-0500: 15.985: Total time for which application threads were stopped: 0.0000722 seconds, Stopping threads took: 0.0000187 seconds
2017-01-19T09:22:19.304-0500: 15.988: Total time for which application threads were stopped: 0.0007961 seconds, Stopping threads took: 0.0007294 seconds
2017-01-19T09:22:19.306-0500: 15.990: Total time for which application threads were stopped: 0.0000850 seconds, Stopping threads took: 0.0000213 seconds
2017-01-19T09:22:19.311-0500: 15.994: Total time for which application threads were stopped: 0.0000821 seconds, Stopping threads took: 0.0000227 seconds
2017-01-19T09:22:19.335-0500: 16.019: Total time for which application threads were stopped: 0.0001701 seconds, Stopping threads took: 0.0001140 seconds
2017-01-19T09:22:19.387-0500: 16.071: Total time for which application threads were stopped: 0.0003863 seconds, Stopping threads took: 0.0000803 seconds
2017-01-19T09:22:19.398-0500: 16.081: Total time for which application threads were stopped: 0.0002082 seconds, Stopping threads took: 0.0001525 seconds
2017-01-19T09:22:19.497-0500: 16.181: Total time for which application threads were stopped: 0.0000480 seconds, Stopping threads took: 0.0000169 seconds
2017-01-19T09:22:19.568-0500: 16.251: Total time for which application threads were stopped: 0.0000773 seconds, Stopping threads took: 0.0000352 seconds
2017-01-19T09:22:19.618-0500: 16.301: Total time for which application threads were stopped: 0.0000590 seconds, Stopping threads took: 0.0000271 seconds
2017-01-19T09:22:19.618-0500: 16.301: Total time for which application threads were stopped: 0.0000205 seconds, Stopping threads took: 0.0000077 seconds
{Heap before GC invocations=9 (full 0):
 par new generation   total 109248K, used 97700K [0x00000000dae00000, 0x00000000e2e00000, 0x00000000e2e00000)
  eden space 87424K, 100% used [0x00000000dae00000, 0x00000000e0360000, 0x00000000e0360000)
  from space 21824K,  47% used [0x00000000e18b0000, 0x00000000e22b9080, 0x00000000e2e00000)
  to   space 21824K,   0% used [0x00000000e0360000, 0x00000000e0360000, 0x00000000e18b0000)
 concurrent mark-sweep generation total 393216K, used 2340K [0x00000000e2e00000, 0x00000000fae00000, 0x00000000fae00000)
 concurrent-mark-sweep perm gen total 25088K, used 24890K [0x00000000fae00000, 0x00000000fc680000, 0x0000000100000000)
2017-01-19T09:22:19.773-0500: 16.457: [GC2017-01-19T09:22:19.773-0500: 16.457: [ParNew
Desired survivor size 20112992 bytes, new threshold 8 (max 8)
- age   1:    4486600 bytes,    4486600 total
- age   2:     145360 bytes,    4631960 total
- age   3:      88560 bytes,    4720520 total
- age   4:     150872 bytes,    4871392 total
- age   5:     437416 bytes,    5308808 total
- age   6:     159136 bytes,    5467944 total
- age   7:     265344 bytes,    5733288 total
- age   8:     541440 bytes,    6274728 total
: 97700K->9421K(109248K), 0.0251082 secs] 100040K->16088K(502464K), 0.0252028 secs] [Times: user=0.06 sys=0.00, real=0.03 secs] 
Heap after GC invocations=10 (full 0):
 par new generation   total 109248K, used 9421K [0x00000000dae00000, 0x00000000e2e00000, 0x00000000e2e00000)
  eden space 87424K,   0% used [0x00000000dae00000, 0x00000000dae00000, 0x00000000e0360000)
  from space 21824K,  43% used [0x00000000e0360000, 0x00000000e0c937f8, 0x00000000e18b0000)
  to   space 21824K,   0% used [0x00000000e18b0000, 0x00000000e18b0000, 0x00000000e2e00000)
 concurrent mark-sweep generation total 393216K, used 6666K [0x00000000e2e00000, 0x00000000fae00000, 0x00000000fae00000)
 concurrent-mark-sweep perm gen total 25088K, used 24890K [0x00000000fae00000, 0x00000000fc680000, 0x0000000100000000)
}
2017-01-19T09:22:19.798-0500: 16.482: Total time for which application threads were stopped: 0.0253461 seconds, Stopping threads took: 0.0000268 seconds
2017-01-19T09:22:19.998-0500: 16.682: Total time for which application threads were stopped: 0.0001228 seconds, Stopping threads took: 0.0000183 seconds
2017-01-19T09:22:19.999-0500: 16.683: Total time for which application threads were stopped: 0.0000451 seconds, Stopping threads took: 0.0000103 seconds
2017-01-19T09:22:19.999-0500: 16.683: Total time for which application threads were stopped: 0.0000381 seconds, Stopping threads took: 0.0000084 seconds
2017-01-19T09:22:19.999-0500: 16.683: Total time for which application threads were stopped: 0.0000381 seconds, Stopping threads took: 0.0000103 seconds
2017-01-19T09:22:20.013-0500: 16.697: Total time for which application threads were stopped: 0.0000297 seconds, Stopping threads took: 0.0000095 seconds
2017-01-19T09:22:20.015-0500: 16.699: Total time for which application threads were stopped: 0.0000242 seconds, Stopping threads took: 0.0000095 seconds
2017-01-19T09:22:20.116-0500: 16.799: Total time for which application threads were stopped: 0.0001968 seconds, Stopping threads took: 0.0000872 seconds
2017-01-19T09:22:20.117-0500: 16.801: Total time for which application threads were stopped: 0.0000905 seconds, Stopping threads took: 0.0000227 seconds
2017-01-19T09:22:20.135-0500: 16.818: Total time for which application threads were stopped: 0.0001657 seconds, Stopping threads took: 0.0001114 seconds
2017-01-19T09:22:20.135-0500: 16.819: Total time for which application threads were stopped: 0.0000737 seconds, Stopping threads took: 0.0000356 seconds
2017-01-19T09:22:20.143-0500: 16.827: Total time for which application threads were stopped: 0.0000455 seconds, Stopping threads took: 0.0000161 seconds
2017-01-19T09:22:20.144-0500: 16.828: Total time for which application threads were stopped: 0.0000491 seconds, Stopping threads took: 0.0000246 seconds
2017-01-19T09:22:20.163-0500: 16.846: Total time for which application threads were stopped: 0.0000546 seconds, Stopping threads took: 0.0000242 seconds
2017-01-19T09:22:20.163-0500: 16.847: Total time for which application threads were stopped: 0.0000982 seconds, Stopping threads took: 0.0000762 seconds
2017-01-19T09:22:20.173-0500: 16.856: Total time for which application threads were stopped: 0.0000990 seconds, Stopping threads took: 0.0000418 seconds
2017-01-19T09:22:20.211-0500: 16.894: Total time for which application threads were stopped: 0.0001070 seconds, Stopping threads took: 0.0000495 seconds
2017-01-19T09:22:20.211-0500: 16.895: Total time for which application threads were stopped: 0.0000671 seconds, Stopping threads took: 0.0000414 seconds
2017-01-19T09:22:21.243-0500: 17.927: Total time for which application threads were stopped: 0.0328817 seconds, Stopping threads took: 0.0327457 seconds
2017-01-19T09:22:21.357-0500: 18.041: Total time for which application threads were stopped: 0.0278983 seconds, Stopping threads took: 0.0274218 seconds
2017-01-19T09:22:21.529-0500: 18.213: Total time for which application threads were stopped: 0.0020449 seconds, Stopping threads took: 0.0019580 seconds
2017-01-19T09:22:21.530-0500: 18.214: Total time for which application threads were stopped: 0.0000553 seconds, Stopping threads took: 0.0000165 seconds
2017-01-19T09:22:21.594-0500: 18.278: Total time for which application threads were stopped: 0.0000656 seconds, Stopping threads took: 0.0000187 seconds
2017-01-19T09:22:21.594-0500: 18.278: Total time for which application threads were stopped: 0.0000539 seconds, Stopping threads took: 0.0000213 seconds
2017-01-19T09:22:21.595-0500: 18.278: Total time for which application threads were stopped: 0.0000400 seconds, Stopping threads took: 0.0000099 seconds
2017-01-19T09:22:21.618-0500: 18.301: Total time for which application threads were stopped: 0.0000916 seconds, Stopping threads took: 0.0000187 seconds
2017-01-19T09:22:21.621-0500: 18.305: Total time for which application threads were stopped: 0.0001074 seconds, Stopping threads took: 0.0000491 seconds
2017-01-19T09:22:21.660-0500: 18.344: Total time for which application threads were stopped: 0.0282054 seconds, Stopping threads took: 0.0280460 seconds
2017-01-19T09:22:21.692-0500: 18.376: Total time for which application threads were stopped: 0.0000957 seconds, Stopping threads took: 0.0000275 seconds
2017-01-19T09:22:21.696-0500: 18.380: Total time for which application threads were stopped: 0.0000795 seconds, Stopping threads took: 0.0000249 seconds
2017-01-19T09:22:21.697-0500: 18.381: Total time for which application threads were stopped: 0.0000740 seconds, Stopping threads took: 0.0000187 seconds
2017-01-19T09:22:21.740-0500: 18.423: Total time for which application threads were stopped: 0.0001155 seconds, Stopping threads took: 0.0000605 seconds
2017-01-19T09:22:21.842-0500: 18.526: Total time for which application threads were stopped: 0.0001789 seconds, Stopping threads took: 0.0000268 seconds
2017-01-19T09:22:21.871-0500: 18.555: Total time for which application threads were stopped: 0.0000656 seconds, Stopping threads took: 0.0000191 seconds
2017-01-19T09:22:21.985-0500: 18.668: Total time for which application threads were stopped: 0.0148943 seconds, Stopping threads took: 0.0148089 seconds
2017-01-19T09:22:21.986-0500: 18.670: Total time for which application threads were stopped: 0.0001331 seconds, Stopping threads took: 0.0000916 seconds
2017-01-19T09:22:21.993-0500: 18.676: Total time for which application threads were stopped: 0.0027941 seconds, Stopping threads took: 0.0027593 seconds
2017-01-19T09:22:22.021-0500: 18.705: Total time for which application threads were stopped: 0.0001228 seconds, Stopping threads took: 0.0000762 seconds
2017-01-19T09:22:22.021-0500: 18.705: Total time for which application threads were stopped: 0.0000411 seconds, Stopping threads took: 0.0000191 seconds
2017-01-19T09:22:22.022-0500: 18.705: Total time for which application threads were stopped: 0.0001265 seconds, Stopping threads took: 0.0000982 seconds
2017-01-19T09:22:22.074-0500: 18.757: Total time for which application threads were stopped: 0.0113077 seconds, Stopping threads took: 0.0112476 seconds
2017-01-19T09:22:22.143-0500: 18.827: Total time for which application threads were stopped: 0.0001136 seconds, Stopping threads took: 0.0000161 seconds
{Heap before GC invocations=10 (full 0):
 par new generation   total 109248K, used 96845K [0x00000000dae00000, 0x00000000e2e00000, 0x00000000e2e00000)
  eden space 87424K, 100% used [0x00000000dae00000, 0x00000000e0360000, 0x00000000e0360000)
  from space 21824K,  43% used [0x00000000e0360000, 0x00000000e0c937f8, 0x00000000e18b0000)
  to   space 21824K,   0% used [0x00000000e18b0000, 0x00000000e18b0000, 0x00000000e2e00000)
 concurrent mark-sweep generation total 393216K, used 6666K [0x00000000e2e00000, 0x00000000fae00000, 0x00000000fae00000)
 concurrent-mark-sweep perm gen total 27968K, used 27910K [0x00000000fae00000, 0x00000000fc950000, 0x0000000100000000)
2017-01-19T09:22:22.274-0500: 18.958: [GC2017-01-19T09:22:22.274-0500: 18.958: [ParNew
Desired survivor size 20112992 bytes, new threshold 8 (max 8)
- age   1:   13362720 bytes,   13362720 total
- age   2:    2031608 bytes,   15394328 total
- age   3:     145312 bytes,   15539640 total
- age   4:      88432 bytes,   15628072 total
- age   5:     150120 bytes,   15778192 total
- age   6:     436600 bytes,   16214792 total
- age   7:     156096 bytes,   16370888 total
- age   8:     262448 bytes,   16633336 total
: 96845K->17805K(109248K), 0.0188525 secs] 103512K->24997K(502464K), 0.0189383 secs] [Times: user=0.06 sys=0.00, real=0.02 secs] 
Heap after GC invocations=11 (full 0):
 par new generation   total 109248K, used 17805K [0x00000000dae00000, 0x00000000e2e00000, 0x00000000e2e00000)
  eden space 87424K,   0% used [0x00000000dae00000, 0x00000000dae00000, 0x00000000e0360000)
  from space 21824K,  81% used [0x00000000e18b0000, 0x00000000e2a13530, 0x00000000e2e00000)
  to   space 21824K,   0% used [0x00000000e0360000, 0x00000000e0360000, 0x00000000e18b0000)
 concurrent mark-sweep generation total 393216K, used 7192K [0x00000000e2e00000, 0x00000000fae00000, 0x00000000fae00000)
 concurrent-mark-sweep perm gen total 27968K, used 27910K [0x00000000fae00000, 0x00000000fc950000, 0x0000000100000000)
}
2017-01-19T09:22:22.293-0500: 18.977: Total time for which application threads were stopped: 0.0194470 seconds, Stopping threads took: 0.0003383 seconds
2017-01-19T09:22:22.294-0500: 18.977: Total time for which application threads were stopped: 0.0001492 seconds, Stopping threads took: 0.0000238 seconds
2017-01-19T09:22:22.314-0500: 18.998: Total time for which application threads were stopped: 0.0001847 seconds, Stopping threads took: 0.0001591 seconds
{Heap before GC invocations=11 (full 0):
 par new generation   total 109248K, used 105229K [0x00000000dae00000, 0x00000000e2e00000, 0x00000000e2e00000)
  eden space 87424K, 100% used [0x00000000dae00000, 0x00000000e0360000, 0x00000000e0360000)
  from space 21824K,  81% used [0x00000000e18b0000, 0x00000000e2a13530, 0x00000000e2e00000)
  to   space 21824K,   0% used [0x00000000e0360000, 0x00000000e0360000, 0x00000000e18b0000)
 concurrent mark-sweep generation total 393216K, used 7192K [0x00000000e2e00000, 0x00000000fae00000, 0x00000000fae00000)
 concurrent-mark-sweep perm gen total 27968K, used 27941K [0x00000000fae00000, 0x00000000fc950000, 0x0000000100000000)
2017-01-19T09:22:22.758-0500: 19.442: [GC2017-01-19T09:22:22.758-0500: 19.442: [ParNew
Desired survivor size 20112992 bytes, new threshold 8 (max 8)
- age   1:    2201448 bytes,    2201448 total
- age   2:   10746624 bytes,   12948072 total
- age   3:    2031192 bytes,   14979264 total
- age   4:     145312 bytes,   15124576 total
- age   5:      88432 bytes,   15213008 total
- age   6:     150120 bytes,   15363128 total
- age   7:     436600 bytes,   15799728 total
- age   8:     156096 bytes,   15955824 total
: 105229K->21824K(109248K), 0.0092994 secs] 112421K->29275K(502464K), 0.0093999 secs] [Times: user=0.00 sys=0.00, real=0.01 secs] 
Heap after GC invocations=12 (full 0):
 par new generation   total 109248K, used 21824K [0x00000000dae00000, 0x00000000e2e00000, 0x00000000e2e00000)
  eden space 87424K,   0% used [0x00000000dae00000, 0x00000000dae00000, 0x00000000e0360000)
  from space 21824K, 100% used [0x00000000e0360000, 0x00000000e18b0000, 0x00000000e18b0000)
  to   space 21824K,   0% used [0x00000000e18b0000, 0x00000000e18b0000, 0x00000000e2e00000)
 concurrent mark-sweep generation total 393216K, used 7451K [0x00000000e2e00000, 0x00000000fae00000, 0x00000000fae00000)
 concurrent-mark-sweep perm gen total 27968K, used 27941K [0x00000000fae00000, 0x00000000fc950000, 0x0000000100000000)
}
2017-01-19T09:22:22.768-0500: 19.451: Total time for which application threads were stopped: 0.0096330 seconds, Stopping threads took: 0.0000268 seconds
2017-01-19T09:22:22.768-0500: 19.452: Total time for which application threads were stopped: 0.0000612 seconds, Stopping threads took: 0.0000202 seconds
{Heap before GC invocations=12 (full 0):
 par new generation   total 109248K, used 109248K [0x00000000dae00000, 0x00000000e2e00000, 0x00000000e2e00000)
  eden space 87424K, 100% used [0x00000000dae00000, 0x00000000e0360000, 0x00000000e0360000)
  from space 21824K, 100% used [0x00000000e0360000, 0x00000000e18b0000, 0x00000000e18b0000)
  to   space 21824K,   0% used [0x00000000e18b0000, 0x00000000e18b0000, 0x00000000e2e00000)
 concurrent mark-sweep generation total 393216K, used 7451K [0x00000000e2e00000, 0x00000000fae00000, 0x00000000fae00000)
 concurrent-mark-sweep perm gen total 28160K, used 27966K [0x00000000fae00000, 0x00000000fc980000, 0x0000000100000000)
2017-01-19T09:22:22.818-0500: 19.502: [GC2017-01-19T09:22:22.818-0500: 19.502: [ParNew
Desired survivor size 20112992 bytes, new threshold 8 (max 8)
- age   1:     193592 bytes,     193592 total
- age   2:    1839880 bytes,    2033472 total
- age   3:   10746024 bytes,   12779496 total
- age   4:    2031192 bytes,   14810688 total
- age   5:     145312 bytes,   14956000 total
- age   6:      88432 bytes,   15044432 total
- age   7:     150120 bytes,   15194552 total
- age   8:     436504 bytes,   15631056 total
: 109248K->21630K(109248K), 0.0095296 secs] 116699K->29238K(502464K), 0.0096048 secs] [Times: user=0.00 sys=0.00, real=0.01 secs] 
Heap after GC invocations=13 (full 0):
 par new generation   total 109248K, used 21630K [0x00000000dae00000, 0x00000000e2e00000, 0x00000000e2e00000)
  eden space 87424K,   0% used [0x00000000dae00000, 0x00000000dae00000, 0x00000000e0360000)
  from space 21824K,  99% used [0x00000000e18b0000, 0x00000000e2dcf970, 0x00000000e2e00000)
  to   space 21824K,   0% used [0x00000000e0360000, 0x00000000e0360000, 0x00000000e18b0000)
 concurrent mark-sweep generation total 393216K, used 7608K [0x00000000e2e00000, 0x00000000fae00000, 0x00000000fae00000)
 concurrent-mark-sweep perm gen total 28160K, used 27966K [0x00000000fae00000, 0x00000000fc980000, 0x0000000100000000)
}
2017-01-19T09:22:22.828-0500: 19.512: Total time for which application threads were stopped: 0.0097393 seconds, Stopping threads took: 0.0000238 seconds
2017-01-19T09:22:22.828-0500: 19.512: Total time for which application threads were stopped: 0.0000579 seconds, Stopping threads took: 0.0000213 seconds
{Heap before GC invocations=13 (full 0):
 par new generation   total 109248K, used 109054K [0x00000000dae00000, 0x00000000e2e00000, 0x00000000e2e00000)
  eden space 87424K, 100% used [0x00000000dae00000, 0x00000000e0360000, 0x00000000e0360000)
  from space 21824K,  99% used [0x00000000e18b0000, 0x00000000e2dcf970, 0x00000000e2e00000)
  to   space 21824K,   0% used [0x00000000e0360000, 0x00000000e0360000, 0x00000000e18b0000)
 concurrent mark-sweep generation total 393216K, used 7608K [0x00000000e2e00000, 0x00000000fae00000, 0x00000000fae00000)
 concurrent-mark-sweep perm gen total 28160K, used 27972K [0x00000000fae00000, 0x00000000fc980000, 0x0000000100000000)
2017-01-19T09:22:22.924-0500: 19.608: [GC2017-01-19T09:22:22.924-0500: 19.608: [ParNew
Desired survivor size 20112992 bytes, new threshold 8 (max 8)
- age   1:     333984 bytes,     333984 total
- age   2:      96024 bytes,     430008 total
- age   3:    1454624 bytes,    1884632 total
- age   4:   10746024 bytes,   12630656 total
- age   5:    2031192 bytes,   14661848 total
- age   6:     145312 bytes,   14807160 total
- age   7:      88432 bytes,   14895592 total
- age   8:     150120 bytes,   15045712 total
: 109054K->18083K(109248K), 0.0095960 secs] 116662K->26123K(502464K), 0.0096693 secs] [Times: user=0.06 sys=0.00, real=0.01 secs] 
Heap after GC invocations=14 (full 0):
 par new generation   total 109248K, used 18083K [0x00000000dae00000, 0x00000000e2e00000, 0x00000000e2e00000)
  eden space 87424K,   0% used [0x00000000dae00000, 0x00000000dae00000, 0x00000000e0360000)
  from space 21824K,  82% used [0x00000000e0360000, 0x00000000e1508cf0, 0x00000000e18b0000)
  to   space 21824K,   0% used [0x00000000e18b0000, 0x00000000e18b0000, 0x00000000e2e00000)
 concurrent mark-sweep generation total 393216K, used 8040K [0x00000000e2e00000, 0x00000000fae00000, 0x00000000fae00000)
 concurrent-mark-sweep perm gen total 28160K, used 27972K [0x00000000fae00000, 0x00000000fc980000, 0x0000000100000000)
}
2017-01-19T09:22:22.934-0500: 19.618: Total time for which application threads were stopped: 0.0098445 seconds, Stopping threads took: 0.0000161 seconds
2017-01-19T09:22:23.379-0500: 20.063: Total time for which application threads were stopped: 0.0002888 seconds, Stopping threads took: 0.0000887 seconds
2017-01-19T09:22:23.385-0500: 20.068: Total time for which application threads were stopped: 0.0000865 seconds, Stopping threads took: 0.0000290 seconds
2017-01-19T09:22:23.800-0500: 20.483: Total time for which application threads were stopped: 0.0001118 seconds, Stopping threads took: 0.0000209 seconds
2017-01-19T09:22:24.373-0500: 21.056: Total time for which application threads were stopped: 0.0001580 seconds, Stopping threads took: 0.0000158 seconds
2017-01-19T09:22:25.373-0500: 22.056: Total time for which application threads were stopped: 0.0001188 seconds, Stopping threads took: 0.0000176 seconds
2017-01-19T09:23:24.397-0500: 81.080: Total time for which application threads were stopped: 0.0001210 seconds, Stopping threads took: 0.0000213 seconds
2017-01-19T09:29:51.633-0500: 468.314: Total time for which application threads were stopped: 0.0001957 seconds, Stopping threads took: 0.0000257 seconds
2017-01-19T09:29:51.634-0500: 468.315: Total time for which application threads were stopped: 0.0000268 seconds, Stopping threads took: 0.0000106 seconds
2017-01-19T09:29:51.810-0500: 468.491: Total time for which application threads were stopped: 0.0000495 seconds, Stopping threads took: 0.0000165 seconds
2017-01-19T09:29:51.845-0500: 468.526: Total time for which application threads were stopped: 0.0000407 seconds, Stopping threads took: 0.0000136 seconds
2017-01-19T09:29:51.845-0500: 468.526: Total time for which application threads were stopped: 0.0000150 seconds, Stopping threads took: 0.0000051 seconds
2017-01-19T09:29:51.917-0500: 468.598: Total time for which application threads were stopped: 0.0000378 seconds, Stopping threads took: 0.0000143 seconds
2017-01-19T09:29:51.917-0500: 468.598: Total time for which application threads were stopped: 0.0000132 seconds, Stopping threads took: 0.0000055 seconds
2017-01-19T09:29:51.918-0500: 468.598: Total time for which application threads were stopped: 0.0000114 seconds, Stopping threads took: 0.0000044 seconds
2017-01-19T09:29:51.918-0500: 468.598: Total time for which application threads were stopped: 0.0000161 seconds, Stopping threads took: 0.0000059 seconds
2017-01-19T09:29:51.979-0500: 468.660: Total time for which application threads were stopped: 0.0000729 seconds, Stopping threads took: 0.0000132 seconds
2017-01-19T09:29:51.980-0500: 468.661: Total time for which application threads were stopped: 0.0000249 seconds, Stopping threads took: 0.0000073 seconds
2017-01-19T09:29:51.980-0500: 468.661: Total time for which application threads were stopped: 0.0000154 seconds, Stopping threads took: 0.0000059 seconds
2017-01-19T09:29:51.980-0500: 468.661: Total time for which application threads were stopped: 0.0000103 seconds, Stopping threads took: 0.0000037 seconds
2017-01-19T09:29:51.980-0500: 468.661: Total time for which application threads were stopped: 0.0000103 seconds, Stopping threads took: 0.0000040 seconds
2017-01-19T09:29:51.981-0500: 468.661: Total time for which application threads were stopped: 0.0000103 seconds, Stopping threads took: 0.0000040 seconds
2017-01-19T09:29:51.996-0500: 468.677: Total time for which application threads were stopped: 0.0000345 seconds, Stopping threads took: 0.0000147 seconds
2017-01-19T09:29:51.996-0500: 468.677: Total time for which application threads were stopped: 0.0000117 seconds, Stopping threads took: 0.0000040 seconds
2017-01-19T09:29:51.996-0500: 468.677: Total time for which application threads were stopped: 0.0000103 seconds, Stopping threads took: 0.0000040 seconds
2017-01-19T09:29:52.103-0500: 468.783: Total time for which application threads were stopped: 0.0000755 seconds, Stopping threads took: 0.0000154 seconds
2017-01-19T09:29:52.103-0500: 468.783: Total time for which application threads were stopped: 0.0000121 seconds, Stopping threads took: 0.0000044 seconds
2017-01-19T09:29:52.104-0500: 468.785: Total time for which application threads were stopped: 0.0000139 seconds, Stopping threads took: 0.0000048 seconds
2017-01-19T09:29:52.110-0500: 468.791: Total time for which application threads were stopped: 0.0000418 seconds, Stopping threads took: 0.0000143 seconds
2017-01-19T09:29:52.309-0500: 468.990: Total time for which application threads were stopped: 0.0001323 seconds, Stopping threads took: 0.0000169 seconds
2017-01-19T09:29:52.772-0500: 469.453: Total time for which application threads were stopped: 0.0000997 seconds, Stopping threads took: 0.0000308 seconds
2017-01-19T09:29:52.772-0500: 469.453: Total time for which application threads were stopped: 0.0000466 seconds, Stopping threads took: 0.0000198 seconds
2017-01-19T09:29:52.772-0500: 469.453: Total time for which application threads were stopped: 0.0000345 seconds, Stopping threads took: 0.0000183 seconds
2017-01-19T09:29:52.772-0500: 469.453: Total time for which application threads were stopped: 0.0000411 seconds, Stopping threads took: 0.0000194 seconds
2017-01-19T09:29:56.925-0500: 473.605: Total time for which application threads were stopped: 0.0001301 seconds, Stopping threads took: 0.0000147 seconds
2017-01-19T09:29:57.738-0500: 474.419: Total time for which application threads were stopped: 0.0001715 seconds, Stopping threads took: 0.0000246 seconds
2017-01-19T09:29:57.739-0500: 474.419: Total time for which application threads were stopped: 0.0000260 seconds, Stopping threads took: 0.0000066 seconds
2017-01-19T09:29:57.739-0500: 474.419: Total time for which application threads were stopped: 0.0000187 seconds, Stopping threads took: 0.0000055 seconds
2017-01-19T09:29:57.739-0500: 474.419: Total time for which application threads were stopped: 0.0000172 seconds, Stopping threads took: 0.0000044 seconds
2017-01-19T09:29:57.739-0500: 474.420: Total time for which application threads were stopped: 0.0000231 seconds, Stopping threads took: 0.0000062 seconds
2017-01-19T09:29:57.739-0500: 474.420: Total time for which application threads were stopped: 0.0000253 seconds, Stopping threads took: 0.0000062 seconds
2017-01-19T09:29:57.739-0500: 474.420: Total time for which application threads were stopped: 0.0000238 seconds, Stopping threads took: 0.0000066 seconds
2017-01-19T09:29:57.739-0500: 474.420: Total time for which application threads were stopped: 0.0000180 seconds, Stopping threads took: 0.0000055 seconds
2017-01-19T09:29:57.739-0500: 474.420: Total time for which application threads were stopped: 0.0000180 seconds, Stopping threads took: 0.0000055 seconds
2017-01-19T09:29:57.740-0500: 474.420: Total time for which application threads were stopped: 0.0000297 seconds, Stopping threads took: 0.0000084 seconds
2017-01-19T09:29:57.744-0500: 474.425: Total time for which application threads were stopped: 0.0000854 seconds, Stopping threads took: 0.0000297 seconds
2017-01-19T09:29:57.745-0500: 474.425: Total time for which application threads were stopped: 0.0000605 seconds, Stopping threads took: 0.0000205 seconds
2017-01-19T09:29:57.798-0500: 474.479: Total time for which application threads were stopped: 0.0001045 seconds, Stopping threads took: 0.0000231 seconds
2017-01-19T09:29:57.799-0500: 474.480: Total time for which application threads were stopped: 0.0000242 seconds, Stopping threads took: 0.0000081 seconds
2017-01-19T09:29:57.799-0500: 474.480: Total time for which application threads were stopped: 0.0000172 seconds, Stopping threads took: 0.0000051 seconds
2017-01-19T09:29:57.799-0500: 474.480: Total time for which application threads were stopped: 0.0000139 seconds, Stopping threads took: 0.0000051 seconds
2017-01-19T09:29:57.799-0500: 474.480: Total time for which application threads were stopped: 0.0000136 seconds, Stopping threads took: 0.0000048 seconds
{Heap before GC invocations=14 (full 0):
 par new generation   total 109248K, used 105507K [0x00000000dae00000, 0x00000000e2e00000, 0x00000000e2e00000)
  eden space 87424K, 100% used [0x00000000dae00000, 0x00000000e0360000, 0x00000000e0360000)
  from space 21824K,  82% used [0x00000000e0360000, 0x00000000e1508cf0, 0x00000000e18b0000)
  to   space 21824K,   0% used [0x00000000e18b0000, 0x00000000e18b0000, 0x00000000e2e00000)
 concurrent mark-sweep generation total 393216K, used 8040K [0x00000000e2e00000, 0x00000000fae00000, 0x00000000fae00000)
 concurrent-mark-sweep perm gen total 30848K, used 30641K [0x00000000fae00000, 0x00000000fcc20000, 0x0000000100000000)
2017-01-19T09:29:57.802-0500: 474.483: [GC2017-01-19T09:29:57.802-0500: 474.483: [ParNew
Desired survivor size 20112992 bytes, new threshold 6 (max 8)
- age   1:    6997952 bytes,    6997952 total
- age   2:     151888 bytes,    7149840 total
- age   3:      95640 bytes,    7245480 total
- age   4:     726272 bytes,    7971752 total
- age   5:   10706752 bytes,   18678504 total
- age   6:    2027792 bytes,   20706296 total
- age   7:     145312 bytes,   20851608 total
- age   8:      88432 bytes,   20940040 total
: 105507K->21824K(109248K), 0.0149309 secs] 113547K->30614K(502464K), 0.0150273 secs] [Times: user=0.06 sys=0.00, real=0.01 secs] 
Heap after GC invocations=15 (full 0):
 par new generation   total 109248K, used 21824K [0x00000000dae00000, 0x00000000e2e00000, 0x00000000e2e00000)
  eden space 87424K,   0% used [0x00000000dae00000, 0x00000000dae00000, 0x00000000e0360000)
  from space 21824K, 100% used [0x00000000e18b0000, 0x00000000e2e00000, 0x00000000e2e00000)
  to   space 21824K,   0% used [0x00000000e0360000, 0x00000000e0360000, 0x00000000e18b0000)
 concurrent mark-sweep generation total 393216K, used 8790K [0x00000000e2e00000, 0x00000000fae00000, 0x00000000fae00000)
 concurrent-mark-sweep perm gen total 30848K, used 30641K [0x00000000fae00000, 0x00000000fcc20000, 0x0000000100000000)
}
2017-01-19T09:29:57.817-0500: 474.498: Total time for which application threads were stopped: 0.0151666 seconds, Stopping threads took: 0.0000169 seconds
2017-01-19T09:29:57.822-0500: 474.502: Total time for which application threads were stopped: 0.0000649 seconds, Stopping threads took: 0.0000209 seconds
2017-01-19T09:29:57.822-0500: 474.502: Total time for which application threads were stopped: 0.0000293 seconds, Stopping threads took: 0.0000062 seconds
2017-01-19T09:29:57.822-0500: 474.502: Total time for which application threads were stopped: 0.0000323 seconds, Stopping threads took: 0.0000092 seconds
2017-01-19T09:29:57.858-0500: 474.538: Total time for which application threads were stopped: 0.0000737 seconds, Stopping threads took: 0.0000220 seconds
2017-01-19T09:29:57.858-0500: 474.539: Total time for which application threads were stopped: 0.0000194 seconds, Stopping threads took: 0.0000062 seconds
2017-01-19T09:29:57.955-0500: 474.636: Total time for which application threads were stopped: 0.0001034 seconds, Stopping threads took: 0.0000235 seconds
2017-01-19T09:30:14.994-0500: 491.675: Total time for which application threads were stopped: 0.0001375 seconds, Stopping threads took: 0.0000180 seconds
2017-01-19T09:30:14.995-0500: 491.675: Total time for which application threads were stopped: 0.0000392 seconds, Stopping threads took: 0.0000110 seconds
2017-01-19T09:30:14.999-0500: 491.679: Total time for which application threads were stopped: 0.0000458 seconds, Stopping threads took: 0.0000202 seconds
2017-01-19T09:30:15.125-0500: 491.806: Total time for which application threads were stopped: 0.0001133 seconds, Stopping threads took: 0.0000220 seconds
2017-01-19T09:30:15.233-0500: 491.913: Total time for which application threads were stopped: 0.0000476 seconds, Stopping threads took: 0.0000143 seconds
2017-01-19T09:30:16.726-0500: 493.406: Total time for which application threads were stopped: 0.0001213 seconds, Stopping threads took: 0.0000191 seconds
2017-01-19T09:30:16.726-0500: 493.406: Total time for which application threads were stopped: 0.0000235 seconds, Stopping threads took: 0.0000077 seconds
2017-01-19T09:30:16.726-0500: 493.406: Total time for which application threads were stopped: 0.0000194 seconds, Stopping threads took: 0.0000059 seconds
2017-01-19T09:30:16.726-0500: 493.406: Total time for which application threads were stopped: 0.0000191 seconds, Stopping threads took: 0.0000055 seconds
2017-01-19T09:30:16.726-0500: 493.406: Total time for which application threads were stopped: 0.0000139 seconds, Stopping threads took: 0.0000044 seconds
2017-01-19T09:30:16.726-0500: 493.406: Total time for which application threads were stopped: 0.0000194 seconds, Stopping threads took: 0.0000059 seconds
2017-01-19T09:30:17.271-0500: 493.952: Total time for which application threads were stopped: 0.0003841 seconds, Stopping threads took: 0.0000414 seconds
{Heap before GC invocations=15 (full 0):
 par new generation   total 109248K, used 109248K [0x00000000dae00000, 0x00000000e2e00000, 0x00000000e2e00000)
  eden space 87424K, 100% used [0x00000000dae00000, 0x00000000e0360000, 0x00000000e0360000)
  from space 21824K, 100% used [0x00000000e18b0000, 0x00000000e2e00000, 0x00000000e2e00000)
  to   space 21824K,   0% used [0x00000000e0360000, 0x00000000e0360000, 0x00000000e18b0000)
 concurrent mark-sweep generation total 393216K, used 8790K [0x00000000e2e00000, 0x00000000fae00000, 0x00000000fae00000)
 concurrent-mark-sweep perm gen total 30848K, used 30780K [0x00000000fae00000, 0x00000000fcc20000, 0x0000000100000000)
2017-01-19T09:30:17.763-0500: 494.444: [GC2017-01-19T09:30:17.763-0500: 494.444: [ParNew
Desired survivor size 20112992 bytes, new threshold 8 (max 8)
- age   1:     339744 bytes,     339744 total
- age   2:    5334144 bytes,    5673888 total
- age   3:     118416 bytes,    5792304 total
- age   4:      77464 bytes,    5869768 total
- age   5:     696976 bytes,    6566744 total
- age   6:   10706736 bytes,   17273480 total
: 109248K->21824K(109248K), 0.0159587 secs] 118038K->33197K(502464K), 0.0160723 secs] [Times: user=0.06 sys=0.00, real=0.02 secs] 
Heap after GC invocations=16 (full 0):
 par new generation   total 109248K, used 21824K [0x00000000dae00000, 0x00000000e2e00000, 0x00000000e2e00000)
  eden space 87424K,   0% used [0x00000000dae00000, 0x00000000dae00000, 0x00000000e0360000)
  from space 21824K, 100% used [0x00000000e0360000, 0x00000000e18b0000, 0x00000000e18b0000)
  to   space 21824K,   0% used [0x00000000e18b0000, 0x00000000e18b0000, 0x00000000e2e00000)
 concurrent mark-sweep generation total 393216K, used 11373K [0x00000000e2e00000, 0x00000000fae00000, 0x00000000fae00000)
 concurrent-mark-sweep perm gen total 30848K, used 30780K [0x00000000fae00000, 0x00000000fcc20000, 0x0000000100000000)
}
2017-01-19T09:30:17.779-0500: 494.460: Total time for which application threads were stopped: 0.0163989 seconds, Stopping threads took: 0.0000290 seconds
2017-01-19T09:30:18.779-0500: 495.459: Total time for which application threads were stopped: 0.0001543 seconds, Stopping threads took: 0.0000172 seconds
2017-01-19T09:37:33.888-0500: 930.541: Total time for which application threads were stopped: 0.0002001 seconds, Stopping threads took: 0.0000231 seconds
2017-01-19T09:37:33.975-0500: 930.628: Total time for which application threads were stopped: 0.0000660 seconds, Stopping threads took: 0.0000194 seconds
2017-01-19T09:37:33.980-0500: 930.632: Total time for which application threads were stopped: 0.0001569 seconds, Stopping threads took: 0.0001129 seconds
2017-01-19T09:37:34.942-0500: 931.594: Total time for which application threads were stopped: 0.0003893 seconds, Stopping threads took: 0.0000451 seconds
2017-01-19T09:37:35.015-0500: 931.667: Total time for which application threads were stopped: 0.0000704 seconds, Stopping threads took: 0.0000275 seconds
2017-01-19T09:37:35.016-0500: 931.668: Total time for which application threads were stopped: 0.0000781 seconds, Stopping threads took: 0.0000484 seconds
2017-01-19T09:37:35.755-0500: 932.406: Total time for which application threads were stopped: 0.0001492 seconds, Stopping threads took: 0.0000194 seconds
2017-01-19T09:37:35.759-0500: 932.410: Total time for which application threads were stopped: 0.0000836 seconds, Stopping threads took: 0.0000194 seconds
2017-01-19T09:39:04.642-0500: 1021.289: Total time for which application threads were stopped: 0.0001789 seconds, Stopping threads took: 0.0000202 seconds
{Heap before GC invocations=16 (full 0):
 par new generation   total 109248K, used 109248K [0x00000000dae00000, 0x00000000e2e00000, 0x00000000e2e00000)
  eden space 87424K, 100% used [0x00000000dae00000, 0x00000000e0360000, 0x00000000e0360000)
  from space 21824K, 100% used [0x00000000e0360000, 0x00000000e18b0000, 0x00000000e18b0000)
  to   space 21824K,   0% used [0x00000000e18b0000, 0x00000000e18b0000, 0x00000000e2e00000)
 concurrent mark-sweep generation total 393216K, used 11373K [0x00000000e2e00000, 0x00000000fae00000, 0x00000000fae00000)
 concurrent-mark-sweep perm gen total 31040K, used 30866K [0x00000000fae00000, 0x00000000fcc50000, 0x0000000100000000)
2017-01-19T09:39:04.651-0500: 1021.298: [GC2017-01-19T09:39:04.651-0500: 1021.298: [ParNew
Desired survivor size 20112992 bytes, new threshold 8 (max 8)
- age   1:     335792 bytes,     335792 total
- age   2:     100200 bytes,     435992 total
- age   3:    5304016 bytes,    5740008 total
- age   4:     118416 bytes,    5858424 total
- age   5:      77464 bytes,    5935888 total
- age   6:     696976 bytes,    6632864 total
- age   7:   10537992 bytes,   17170856 total
: 109248K->21824K(109248K), 0.0125913 secs] 120621K->33411K(502464K), 0.0126613 secs] [Times: user=0.06 sys=0.00, real=0.01 secs] 
Heap after GC invocations=17 (full 0):
 par new generation   total 109248K, used 21824K [0x00000000dae00000, 0x00000000e2e00000, 0x00000000e2e00000)
  eden space 87424K,   0% used [0x00000000dae00000, 0x00000000dae00000, 0x00000000e0360000)
  from space 21824K, 100% used [0x00000000e18b0000, 0x00000000e2e00000, 0x00000000e2e00000)
  to   space 21824K,   0% used [0x00000000e0360000, 0x00000000e0360000, 0x00000000e18b0000)
 concurrent mark-sweep generation total 393216K, used 11587K [0x00000000e2e00000, 0x00000000fae00000, 0x00000000fae00000)
 concurrent-mark-sweep perm gen total 31040K, used 30866K [0x00000000fae00000, 0x00000000fcc50000, 0x0000000100000000)
}
2017-01-19T09:39:04.664-0500: 1021.311: Total time for which application threads were stopped: 0.0128233 seconds, Stopping threads took: 0.0000235 seconds
2017-01-19T09:39:04.732-0500: 1021.379: Total time for which application threads were stopped: 0.0000828 seconds, Stopping threads took: 0.0000286 seconds
2017-01-19T09:39:04.733-0500: 1021.380: Total time for which application threads were stopped: 0.0000564 seconds, Stopping threads took: 0.0000165 seconds
2017-01-19T09:39:04.735-0500: 1021.382: Total time for which application threads were stopped: 0.0000634 seconds, Stopping threads took: 0.0000249 seconds
2017-01-19T09:39:42.496-0500: 1059.142: Total time for which application threads were stopped: 0.0001712 seconds, Stopping threads took: 0.0000249 seconds
2017-01-19T09:39:42.500-0500: 1059.147: Total time for which application threads were stopped: 0.0000495 seconds, Stopping threads took: 0.0000106 seconds
2017-01-19T09:39:42.559-0500: 1059.206: Total time for which application threads were stopped: 0.0001254 seconds, Stopping threads took: 0.0000231 seconds
2017-01-19T09:40:53.836-0500: 1130.483: Total time for which application threads were stopped: 0.0001620 seconds, Stopping threads took: 0.0000194 seconds
2017-01-19T09:40:53.915-0500: 1130.561: Total time for which application threads were stopped: 0.0000597 seconds, Stopping threads took: 0.0000216 seconds
2017-01-19T09:40:53.915-0500: 1130.561: Total time for which application threads were stopped: 0.0000180 seconds, Stopping threads took: 0.0000062 seconds
2017-01-19T09:40:53.917-0500: 1130.563: Total time for which application threads were stopped: 0.0006048 seconds, Stopping threads took: 0.0005722 seconds
2017-01-19T09:41:17.519-0500: 1154.165: Total time for which application threads were stopped: 0.0001668 seconds, Stopping threads took: 0.0000180 seconds
2017-01-19T09:41:17.582-0500: 1154.228: Total time for which application threads were stopped: 0.0000480 seconds, Stopping threads took: 0.0000161 seconds
{Heap before GC invocations=17 (full 0):
 par new generation   total 109248K, used 109248K [0x00000000dae00000, 0x00000000e2e00000, 0x00000000e2e00000)
  eden space 87424K, 100% used [0x00000000dae00000, 0x00000000e0360000, 0x00000000e0360000)
  from space 21824K, 100% used [0x00000000e18b0000, 0x00000000e2e00000, 0x00000000e2e00000)
  to   space 21824K,   0% used [0x00000000e0360000, 0x00000000e0360000, 0x00000000e18b0000)
 concurrent mark-sweep generation total 393216K, used 11587K [0x00000000e2e00000, 0x00000000fae00000, 0x00000000fae00000)
 concurrent-mark-sweep perm gen total 31040K, used 30947K [0x00000000fae00000, 0x00000000fcc50000, 0x0000000100000000)
2017-01-19T09:41:19.903-0500: 1156.549: [GC2017-01-19T09:41:19.903-0500: 1156.549: [ParNew
Desired survivor size 20112992 bytes, new threshold 8 (max 8)
- age   1:    2177648 bytes,    2177648 total
- age   2:      70136 bytes,    2247784 total
- age   3:      99392 bytes,    2347176 total
- age   4:    5270952 bytes,    7618128 total
- age   5:     118416 bytes,    7736544 total
- age   6:      77104 bytes,    7813648 total
- age   7:     696976 bytes,    8510624 total
- age   8:   10498192 bytes,   19008816 total
: 109248K->21824K(109248K), 0.0109628 secs] 120835K->33411K(502464K), 0.0111545 secs] [Times: user=0.02 sys=0.00, real=0.01 secs] 
