Java HotSpot(TM) Server VM (25.31-b07) for windows-x86 JRE (1.8.0_31-b13), built on Dec 17 2014 20:43:10 by "java_re" with MS VC++ 10.0 (VS2010)
Memory: 4k page, physical 3318796k(1002784k free), swap 6726668k(2807736k free)
CommandLine flags: -XX:CMSInitiatingOccupancyFraction=50 -XX:CMSMaxAbortablePrecleanTime=6000 -XX:+CMSParallelRemarkEnabled -XX:+CMSScavengeBeforeRemark -XX:ConcGCThreads=4 -XX:InitialHeapSize=536870912 -XX:MaxHeapSize=536870912 -XX:MaxTenuringThreshold=8 -XX:NewRatio=3 -XX:OldPLABSize=16 -XX:ParallelGCThreads=4 -XX:+ParallelRefProcEnabled -XX:PretenureSizeThreshold=67108864 -XX:+PrintGC -XX:+PrintGCApplicationStoppedTime -XX:+PrintGCDateStamps -XX:+PrintGCDetails -XX:+PrintGCTimeStamps -XX:+PrintHeapAtGC -XX:+PrintTenuringDistribution -XX:SurvivorRatio=4 -XX:TargetSurvivorRatio=90 -XX:ThreadStackSize=256 -XX:+UseCMSInitiatingOccupancyOnly -XX:+UseConcMarkSweepGC -XX:-UseLargePagesIndividualAllocation -XX:+UseParNewGC 
2016-03-09T22:32:56.717-0500: 0.551: Total time for which application threads were stopped: 0.0002068 seconds
2016-03-09T22:32:57.712-0500: 1.546: Total time for which application threads were stopped: 0.0003410 seconds
2016-03-09T22:32:57.768-0500: 1.603: Total time for which application threads were stopped: 0.0002881 seconds
2016-03-09T22:32:58.455-0500: 2.289: Total time for which application threads were stopped: 0.0003543 seconds
2016-03-09T22:32:58.673-0500: 2.507: Total time for which application threads were stopped: 0.0003223 seconds
2016-03-09T22:32:58.718-0500: 2.553: Total time for which application threads were stopped: 0.0002562 seconds
2016-03-09T22:32:58.749-0500: 2.583: Total time for which application threads were stopped: 0.0003360 seconds
2016-03-09T22:32:59.750-0500: 3.584: Total time for which application threads were stopped: 0.0011784 seconds
{Heap before GC invocations=0 (full 0):
 par new generation   total 109248K, used 87424K [0x11000000, 0x19000000, 0x19000000)
  eden space 87424K, 100% used [0x11000000, 0x16560000, 0x16560000)
  from space 21824K,   0% used [0x16560000, 0x16560000, 0x17ab0000)
  to   space 21824K,   0% used [0x17ab0000, 0x17ab0000, 0x19000000)
 concurrent mark-sweep generation total 393216K, used 0K [0x19000000, 0x31000000, 0x31000000)
 Metaspace       used 6670K, capacity 6706K, committed 6784K, reserved 7552K
2016-03-09T22:33:00.243-0500: 4.077: [GC (Allocation Failure) 4.078: [ParNew
Desired survivor size 20112996 bytes, new threshold 8 (max 8)
- age   1:    4989592 bytes,    4989592 total
: 87424K->4908K(109248K), 0.0222185 secs] 87424K->4908K(502464K), 0.0228951 secs] [Times: user=0.02 sys=0.00, real=0.02 secs] 
Heap after GC invocations=1 (full 0):
 par new generation   total 109248K, used 4908K [0x11000000, 0x19000000, 0x19000000)
  eden space 87424K,   0% used [0x11000000, 0x11000000, 0x16560000)
  from space 21824K,  22% used [0x17ab0000, 0x17f7b020, 0x19000000)
  to   space 21824K,   0% used [0x16560000, 0x16560000, 0x17ab0000)
 concurrent mark-sweep generation total 393216K, used 0K [0x19000000, 0x31000000, 0x31000000)
 Metaspace       used 6670K, capacity 6706K, committed 6784K, reserved 7552K
}
2016-03-09T22:33:00.266-0500: 4.100: Total time for which application threads were stopped: 0.0236728 seconds
2016-03-09T22:33:00.416-0500: 4.250: Total time for which application threads were stopped: 0.0003322 seconds
2016-03-09T22:33:00.997-0500: 4.832: Total time for which application threads were stopped: 0.0004216 seconds
2016-03-09T22:33:01.998-0500: 5.832: Total time for which application threads were stopped: 0.0004219 seconds
2016-03-09T22:33:02.177-0500: 6.011: Total time for which application threads were stopped: 0.0006960 seconds
2016-03-09T22:33:02.183-0500: 6.017: Total time for which application threads were stopped: 0.0006036 seconds
2016-03-09T22:33:02.197-0500: 6.032: Total time for which application threads were stopped: 0.0007245 seconds
2016-03-09T22:33:03.070-0500: 6.904: Total time for which application threads were stopped: 0.0007253 seconds
2016-03-09T22:33:03.070-0500: 6.905: Total time for which application threads were stopped: 0.0002235 seconds
2016-03-09T22:33:03.070-0500: 6.905: Total time for which application threads were stopped: 0.0002228 seconds
2016-03-09T22:33:03.071-0500: 6.905: Total time for which application threads were stopped: 0.0003045 seconds
2016-03-09T22:33:03.071-0500: 6.906: Total time for which application threads were stopped: 0.0002129 seconds
2016-03-09T22:33:03.071-0500: 6.906: Total time for which application threads were stopped: 0.0001954 seconds
2016-03-09T22:33:03.072-0500: 6.906: Total time for which application threads were stopped: 0.0001741 seconds
2016-03-09T22:33:03.072-0500: 6.907: Total time for which application threads were stopped: 0.0001467 seconds
2016-03-09T22:33:03.072-0500: 6.907: Total time for which application threads were stopped: 0.0001338 seconds
2016-03-09T22:33:03.072-0500: 6.907: Total time for which application threads were stopped: 0.0001334 seconds
2016-03-09T22:33:03.073-0500: 6.907: Total time for which application threads were stopped: 0.0001330 seconds
2016-03-09T22:33:03.073-0500: 6.907: Total time for which application threads were stopped: 0.0001315 seconds
2016-03-09T22:33:03.073-0500: 6.908: Total time for which application threads were stopped: 0.0001768 seconds
2016-03-09T22:33:03.073-0500: 6.908: Total time for which application threads were stopped: 0.0002018 seconds
2016-03-09T22:33:03.074-0500: 6.908: Total time for which application threads were stopped: 0.0001684 seconds
2016-03-09T22:33:03.074-0500: 6.909: Total time for which application threads were stopped: 0.0001444 seconds
2016-03-09T22:33:03.074-0500: 6.909: Total time for which application threads were stopped: 0.0001315 seconds
2016-03-09T22:33:03.074-0500: 6.909: Total time for which application threads were stopped: 0.0001315 seconds
2016-03-09T22:33:03.075-0500: 6.909: Total time for which application threads were stopped: 0.0001821 seconds
2016-03-09T22:33:03.075-0500: 6.910: Total time for which application threads were stopped: 0.0004523 seconds
2016-03-09T22:33:03.075-0500: 6.910: Total time for which application threads were stopped: 0.0001787 seconds
2016-03-09T22:33:03.076-0500: 6.911: Total time for which application threads were stopped: 0.0001414 seconds
2016-03-09T22:33:03.076-0500: 6.911: Total time for which application threads were stopped: 0.0001372 seconds
2016-03-09T22:33:03.077-0500: 6.911: Total time for which application threads were stopped: 0.0001794 seconds
2016-03-09T22:33:03.079-0500: 6.914: Total time for which application threads were stopped: 0.0004478 seconds
2016-03-09T22:33:03.079-0500: 6.914: Total time for which application threads were stopped: 0.0001885 seconds
2016-03-09T22:33:03.080-0500: 6.914: Total time for which application threads were stopped: 0.0001642 seconds
2016-03-09T22:33:03.080-0500: 6.915: Total time for which application threads were stopped: 0.0002049 seconds
2016-03-09T22:33:03.081-0500: 6.915: Total time for which application threads were stopped: 0.0003733 seconds
2016-03-09T22:33:03.081-0500: 6.916: Total time for which application threads were stopped: 0.0004409 seconds
2016-03-09T22:33:03.082-0500: 6.916: Total time for which application threads were stopped: 0.0002775 seconds
2016-03-09T22:33:03.083-0500: 6.917: Total time for which application threads were stopped: 0.0006333 seconds
2016-03-09T22:33:03.084-0500: 6.918: Total time for which application threads were stopped: 0.0002775 seconds
2016-03-09T22:33:03.084-0500: 6.918: Total time for which application threads were stopped: 0.0002121 seconds
2016-03-09T22:33:03.085-0500: 6.920: Total time for which application threads were stopped: 0.0002497 seconds
2016-03-09T22:33:03.087-0500: 6.921: Total time for which application threads were stopped: 0.0003934 seconds
2016-03-09T22:33:03.088-0500: 6.922: Total time for which application threads were stopped: 0.0002798 seconds
2016-03-09T22:33:03.089-0500: 6.924: Total time for which application threads were stopped: 0.0010400 seconds
2016-03-09T22:33:03.089-0500: 6.924: Total time for which application threads were stopped: 0.0002228 seconds
2016-03-09T22:33:03.090-0500: 6.924: Total time for which application threads were stopped: 0.0002372 seconds
2016-03-09T22:33:03.090-0500: 6.925: Total time for which application threads were stopped: 0.0002406 seconds
2016-03-09T22:33:03.091-0500: 6.925: Total time for which application threads were stopped: 0.0002380 seconds
2016-03-09T22:33:03.092-0500: 6.926: Total time for which application threads were stopped: 0.0003182 seconds
2016-03-09T22:33:03.093-0500: 6.928: Total time for which application threads were stopped: 0.0003512 seconds
2016-03-09T22:33:03.094-0500: 6.928: Total time for which application threads were stopped: 0.0002091 seconds
2016-03-09T22:33:03.094-0500: 6.928: Total time for which application threads were stopped: 0.0002144 seconds
2016-03-09T22:33:03.094-0500: 6.929: Total time for which application threads were stopped: 0.0003763 seconds
2016-03-09T22:33:03.095-0500: 6.929: Total time for which application threads were stopped: 0.0002296 seconds
2016-03-09T22:33:03.095-0500: 6.929: Total time for which application threads were stopped: 0.0002243 seconds
2016-03-09T22:33:03.096-0500: 6.930: Total time for which application threads were stopped: 0.0003657 seconds
2016-03-09T22:33:03.098-0500: 6.932: Total time for which application threads were stopped: 0.0003045 seconds
2016-03-09T22:33:03.098-0500: 6.932: Total time for which application threads were stopped: 0.0002657 seconds
2016-03-09T22:33:03.099-0500: 6.934: Total time for which application threads were stopped: 0.0005135 seconds
2016-03-09T22:33:03.100-0500: 6.934: Total time for which application threads were stopped: 0.0002859 seconds
2016-03-09T22:33:03.109-0500: 6.944: Total time for which application threads were stopped: 0.0006071 seconds
2016-03-09T22:33:03.111-0500: 6.945: Total time for which application threads were stopped: 0.0003854 seconds
2016-03-09T22:33:03.111-0500: 6.946: Total time for which application threads were stopped: 0.0002741 seconds
2016-03-09T22:33:03.112-0500: 6.946: Total time for which application threads were stopped: 0.0002490 seconds
2016-03-09T22:33:03.112-0500: 6.947: Total time for which application threads were stopped: 0.0003657 seconds
2016-03-09T22:33:03.113-0500: 6.947: Total time for which application threads were stopped: 0.0002976 seconds
2016-03-09T22:33:03.113-0500: 6.948: Total time for which application threads were stopped: 0.0003174 seconds
2016-03-09T22:33:03.115-0500: 6.949: Total time for which application threads were stopped: 0.0003235 seconds
2016-03-09T22:33:03.115-0500: 6.950: Total time for which application threads were stopped: 0.0004250 seconds
2016-03-09T22:33:03.116-0500: 6.950: Total time for which application threads were stopped: 0.0004759 seconds
2016-03-09T22:33:03.116-0500: 6.951: Total time for which application threads were stopped: 0.0002486 seconds
2016-03-09T22:33:03.116-0500: 6.951: Total time for which application threads were stopped: 0.0001771 seconds
2016-03-09T22:33:03.117-0500: 6.952: Total time for which application threads were stopped: 0.0002345 seconds
2016-03-09T22:33:03.118-0500: 6.952: Total time for which application threads were stopped: 0.0001897 seconds
2016-03-09T22:33:03.118-0500: 6.953: Total time for which application threads were stopped: 0.0002437 seconds
2016-03-09T22:33:03.119-0500: 6.953: Total time for which application threads were stopped: 0.0003512 seconds
2016-03-09T22:33:03.119-0500: 6.953: Total time for which application threads were stopped: 0.0003326 seconds
2016-03-09T22:33:03.120-0500: 6.955: Total time for which application threads were stopped: 0.0003250 seconds
2016-03-09T22:33:03.122-0500: 6.956: Total time for which application threads were stopped: 0.0003033 seconds
2016-03-09T22:33:03.122-0500: 6.957: Total time for which application threads were stopped: 0.0002935 seconds
2016-03-09T22:33:03.124-0500: 6.958: Total time for which application threads were stopped: 0.0007922 seconds
2016-03-09T22:33:03.124-0500: 6.958: Total time for which application threads were stopped: 0.0002049 seconds
2016-03-09T22:33:03.125-0500: 6.959: Total time for which application threads were stopped: 0.0003638 seconds
2016-03-09T22:33:03.126-0500: 6.960: Total time for which application threads were stopped: 0.0005998 seconds
2016-03-09T22:33:03.126-0500: 6.961: Total time for which application threads were stopped: 0.0002197 seconds
2016-03-09T22:33:03.126-0500: 6.961: Total time for which application threads were stopped: 0.0002323 seconds
2016-03-09T22:33:03.128-0500: 6.962: Total time for which application threads were stopped: 0.0003273 seconds
2016-03-09T22:33:03.128-0500: 6.963: Total time for which application threads were stopped: 0.0005116 seconds
2016-03-09T22:33:03.130-0500: 6.964: Total time for which application threads were stopped: 0.0005899 seconds
2016-03-09T22:33:03.130-0500: 6.964: Total time for which application threads were stopped: 0.0002285 seconds
2016-03-09T22:33:03.136-0500: 6.971: Total time for which application threads were stopped: 0.0004337 seconds
2016-03-09T22:33:03.141-0500: 6.975: Total time for which application threads were stopped: 0.0008032 seconds
2016-03-09T22:33:03.141-0500: 6.975: Total time for which application threads were stopped: 0.0003356 seconds
2016-03-09T22:33:03.142-0500: 6.976: Total time for which application threads were stopped: 0.0002501 seconds
2016-03-09T22:33:03.142-0500: 6.977: Total time for which application threads were stopped: 0.0004907 seconds
2016-03-09T22:33:03.143-0500: 6.977: Total time for which application threads were stopped: 0.0002714 seconds
2016-03-09T22:33:03.145-0500: 6.980: Total time for which application threads were stopped: 0.0023579 seconds
2016-03-09T22:33:03.146-0500: 6.980: Total time for which application threads were stopped: 0.0007009 seconds
2016-03-09T22:33:03.146-0500: 6.981: Total time for which application threads were stopped: 0.0002155 seconds
2016-03-09T22:33:03.152-0500: 6.987: Total time for which application threads were stopped: 0.0003102 seconds
2016-03-09T22:33:03.155-0500: 6.990: Total time for which application threads were stopped: 0.0002851 seconds
2016-03-09T22:33:03.159-0500: 6.993: Total time for which application threads were stopped: 0.0003797 seconds
2016-03-09T22:33:03.159-0500: 6.993: Total time for which application threads were stopped: 0.0002859 seconds
2016-03-09T22:33:03.161-0500: 6.995: Total time for which application threads were stopped: 0.0002786 seconds
2016-03-09T22:33:03.162-0500: 6.996: Total time for which application threads were stopped: 0.0002319 seconds
2016-03-09T22:33:03.163-0500: 6.997: Total time for which application threads were stopped: 0.0002444 seconds
2016-03-09T22:33:03.163-0500: 6.997: Total time for which application threads were stopped: 0.0003220 seconds
2016-03-09T22:33:03.163-0500: 6.998: Total time for which application threads were stopped: 0.0001973 seconds
2016-03-09T22:33:03.164-0500: 6.998: Total time for which application threads were stopped: 0.0002125 seconds
2016-03-09T22:33:03.164-0500: 6.998: Total time for which application threads were stopped: 0.0002619 seconds
2016-03-09T22:33:03.166-0500: 7.000: Total time for which application threads were stopped: 0.0002539 seconds
2016-03-09T22:33:03.166-0500: 7.001: Total time for which application threads were stopped: 0.0002186 seconds
2016-03-09T22:33:03.171-0500: 7.006: Total time for which application threads were stopped: 0.0003843 seconds
2016-03-09T22:33:03.173-0500: 7.007: Total time for which application threads were stopped: 0.0003467 seconds
2016-03-09T22:33:03.173-0500: 7.007: Total time for which application threads were stopped: 0.0002680 seconds
2016-03-09T22:33:03.174-0500: 7.008: Total time for which application threads were stopped: 0.0003223 seconds
2016-03-09T22:33:03.174-0500: 7.009: Total time for which application threads were stopped: 0.0002805 seconds
2016-03-09T22:33:03.177-0500: 7.011: Total time for which application threads were stopped: 0.0004736 seconds
2016-03-09T22:33:03.177-0500: 7.011: Total time for which application threads were stopped: 0.0002315 seconds
2016-03-09T22:33:03.177-0500: 7.012: Total time for which application threads were stopped: 0.0002741 seconds
2016-03-09T22:33:03.178-0500: 7.013: Total time for which application threads were stopped: 0.0003843 seconds
2016-03-09T22:33:03.179-0500: 7.013: Total time for which application threads were stopped: 0.0003444 seconds
2016-03-09T22:33:03.179-0500: 7.014: Total time for which application threads were stopped: 0.0003341 seconds
2016-03-09T22:33:03.180-0500: 7.014: Total time for which application threads were stopped: 0.0003026 seconds
2016-03-09T22:33:03.180-0500: 7.015: Total time for which application threads were stopped: 0.0002733 seconds
2016-03-09T22:33:03.181-0500: 7.015: Total time for which application threads were stopped: 0.0002973 seconds
2016-03-09T22:33:03.181-0500: 7.016: Total time for which application threads were stopped: 0.0002326 seconds
2016-03-09T22:33:03.182-0500: 7.016: Total time for which application threads were stopped: 0.0003227 seconds
2016-03-09T22:33:03.183-0500: 7.017: Total time for which application threads were stopped: 0.0004056 seconds
2016-03-09T22:33:03.183-0500: 7.018: Total time for which application threads were stopped: 0.0003201 seconds
2016-03-09T22:33:03.184-0500: 7.018: Total time for which application threads were stopped: 0.0002402 seconds
2016-03-09T22:33:03.184-0500: 7.019: Total time for which application threads were stopped: 0.0002121 seconds
2016-03-09T22:33:03.187-0500: 7.021: Total time for which application threads were stopped: 0.0002684 seconds
2016-03-09T22:33:03.188-0500: 7.022: Total time for which application threads were stopped: 0.0003410 seconds
2016-03-09T22:33:03.190-0500: 7.024: Total time for which application threads were stopped: 0.0002889 seconds
2016-03-09T22:33:03.194-0500: 7.029: Total time for which application threads were stopped: 0.0003923 seconds
2016-03-09T22:33:03.195-0500: 7.029: Total time for which application threads were stopped: 0.0003174 seconds
2016-03-09T22:33:03.195-0500: 7.030: Total time for which application threads were stopped: 0.0004759 seconds
2016-03-09T22:33:03.200-0500: 7.034: Total time for which application threads were stopped: 0.0003246 seconds
2016-03-09T22:33:03.201-0500: 7.035: Total time for which application threads were stopped: 0.0002311 seconds
2016-03-09T22:33:03.202-0500: 7.036: Total time for which application threads were stopped: 0.0002167 seconds
2016-03-09T22:33:03.202-0500: 7.037: Total time for which application threads were stopped: 0.0002125 seconds
2016-03-09T22:33:03.203-0500: 7.037: Total time for which application threads were stopped: 0.0002094 seconds
2016-03-09T22:33:03.203-0500: 7.037: Total time for which application threads were stopped: 0.0002231 seconds
2016-03-09T22:33:03.204-0500: 7.038: Total time for which application threads were stopped: 0.0003778 seconds
2016-03-09T22:33:03.204-0500: 7.038: Total time for which application threads were stopped: 0.0002699 seconds
2016-03-09T22:33:03.205-0500: 7.040: Total time for which application threads were stopped: 0.0005398 seconds
2016-03-09T22:33:03.269-0500: 7.103: Total time for which application threads were stopped: 0.0007317 seconds
2016-03-09T22:33:03.588-0500: 7.422: Total time for which application threads were stopped: 0.0013753 seconds
2016-03-09T22:33:03.591-0500: 7.425: Total time for which application threads were stopped: 0.0003216 seconds
2016-03-09T22:33:03.612-0500: 7.447: Total time for which application threads were stopped: 0.0003474 seconds
2016-03-09T22:33:03.621-0500: 7.455: Total time for which application threads were stopped: 0.0003554 seconds
2016-03-09T22:33:03.652-0500: 7.486: Total time for which application threads were stopped: 0.0021382 seconds
{Heap before GC invocations=1 (full 0):
 par new generation   total 109248K, used 92332K [0x11000000, 0x19000000, 0x19000000)
  eden space 87424K, 100% used [0x11000000, 0x16560000, 0x16560000)
  from space 21824K,  22% used [0x17ab0000, 0x17f7b020, 0x19000000)
  to   space 21824K,   0% used [0x16560000, 0x16560000, 0x17ab0000)
 concurrent mark-sweep generation total 393216K, used 0K [0x19000000, 0x31000000, 0x31000000)
 Metaspace       used 12637K, capacity 12743K, committed 12800K, reserved 13696K
2016-03-09T22:33:03.833-0500: 7.667: [GC (Allocation Failure) 7.667: [ParNew
Desired survivor size 20112996 bytes, new threshold 8 (max 8)
- age   1:    8186512 bytes,    8186512 total
- age   2:    2265416 bytes,   10451928 total
: 92332K->11872K(109248K), 0.0334351 secs] 92332K->11872K(502464K), 0.0336970 secs] [Times: user=0.06 sys=0.02, real=0.03 secs] 
Heap after GC invocations=2 (full 0):
 par new generation   total 109248K, used 11872K [0x11000000, 0x19000000, 0x19000000)
  eden space 87424K,   0% used [0x11000000, 0x11000000, 0x16560000)
  from space 21824K,  54% used [0x16560000, 0x170f8318, 0x17ab0000)
  to   space 21824K,   0% used [0x17ab0000, 0x17ab0000, 0x19000000)
 concurrent mark-sweep generation total 393216K, used 0K [0x19000000, 0x31000000, 0x31000000)
 Metaspace       used 12637K, capacity 12743K, committed 12800K, reserved 13696K
}
2016-03-09T22:33:03.867-0500: 7.701: Total time for which application threads were stopped: 0.0346214 seconds
2016-03-09T22:33:03.871-0500: 7.706: Total time for which application threads were stopped: 0.0003159 seconds
2016-03-09T22:33:03.878-0500: 7.712: Total time for which application threads were stopped: 0.0002406 seconds
2016-03-09T22:33:03.878-0500: 7.713: Total time for which application threads were stopped: 0.0002706 seconds
2016-03-09T22:33:03.879-0500: 7.713: Total time for which application threads were stopped: 0.0002528 seconds
2016-03-09T22:33:03.880-0500: 7.714: Total time for which application threads were stopped: 0.0002212 seconds
2016-03-09T22:33:03.880-0500: 7.714: Total time for which application threads were stopped: 0.0002113 seconds
2016-03-09T22:33:03.880-0500: 7.715: Total time for which application threads were stopped: 0.0002357 seconds
2016-03-09T22:33:03.881-0500: 7.715: Total time for which application threads were stopped: 0.0002170 seconds
2016-03-09T22:33:03.881-0500: 7.715: Total time for which application threads were stopped: 0.0001916 seconds
2016-03-09T22:33:03.881-0500: 7.716: Total time for which application threads were stopped: 0.0003486 seconds
2016-03-09T22:33:03.882-0500: 7.716: Total time for which application threads were stopped: 0.0001878 seconds
2016-03-09T22:33:03.882-0500: 7.716: Total time for which application threads were stopped: 0.0002087 seconds
2016-03-09T22:33:03.882-0500: 7.717: Total time for which application threads were stopped: 0.0002277 seconds
2016-03-09T22:33:03.883-0500: 7.717: Total time for which application threads were stopped: 0.0002402 seconds
2016-03-09T22:33:03.883-0500: 7.718: Total time for which application threads were stopped: 0.0002106 seconds
2016-03-09T22:33:03.884-0500: 7.718: Total time for which application threads were stopped: 0.0002132 seconds
2016-03-09T22:33:03.884-0500: 7.719: Total time for which application threads were stopped: 0.0002486 seconds
2016-03-09T22:33:03.886-0500: 7.721: Total time for which application threads were stopped: 0.0002136 seconds
2016-03-09T22:33:03.887-0500: 7.721: Total time for which application threads were stopped: 0.0001901 seconds
2016-03-09T22:33:03.887-0500: 7.721: Total time for which application threads were stopped: 0.0003486 seconds
2016-03-09T22:33:03.887-0500: 7.722: Total time for which application threads were stopped: 0.0003394 seconds
2016-03-09T22:33:03.908-0500: 7.742: Total time for which application threads were stopped: 0.0003315 seconds
2016-03-09T22:33:03.908-0500: 7.743: Total time for which application threads were stopped: 0.0002551 seconds
2016-03-09T22:33:03.909-0500: 7.743: Total time for which application threads were stopped: 0.0002402 seconds
2016-03-09T22:33:03.912-0500: 7.746: Total time for which application threads were stopped: 0.0002494 seconds
2016-03-09T22:33:03.934-0500: 7.769: Total time for which application threads were stopped: 0.0003558 seconds
2016-03-09T22:33:03.935-0500: 7.769: Total time for which application threads were stopped: 0.0002353 seconds
2016-03-09T22:33:03.950-0500: 7.785: Total time for which application threads were stopped: 0.0001931 seconds
2016-03-09T22:33:03.954-0500: 7.788: Total time for which application threads were stopped: 0.0003159 seconds
2016-03-09T22:33:04.159-0500: 7.993: Total time for which application threads were stopped: 0.0009758 seconds
2016-03-09T22:33:04.194-0500: 8.029: Total time for which application threads were stopped: 0.0007918 seconds
2016-03-09T22:33:04.245-0500: 8.079: Total time for which application threads were stopped: 0.0012901 seconds
2016-03-09T22:33:04.248-0500: 8.083: Total time for which application threads were stopped: 0.0002151 seconds
2016-03-09T22:33:04.249-0500: 8.083: Total time for which application threads were stopped: 0.0001676 seconds
2016-03-09T22:33:04.249-0500: 8.083: Total time for which application threads were stopped: 0.0001684 seconds
2016-03-09T22:33:04.316-0500: 8.151: Total time for which application threads were stopped: 0.0153672 seconds
2016-03-09T22:33:04.391-0500: 8.225: Total time for which application threads were stopped: 0.0003056 seconds
2016-03-09T22:33:04.391-0500: 8.226: Total time for which application threads were stopped: 0.0001517 seconds
2016-03-09T22:33:04.392-0500: 8.226: Total time for which application threads were stopped: 0.0001794 seconds
2016-03-09T22:33:04.392-0500: 8.227: Total time for which application threads were stopped: 0.0004637 seconds
2016-03-09T22:33:04.435-0500: 8.269: Total time for which application threads were stopped: 0.0005329 seconds
2016-03-09T22:33:04.435-0500: 8.270: Total time for which application threads were stopped: 0.0002957 seconds
2016-03-09T22:33:04.488-0500: 8.322: Total time for which application threads were stopped: 0.0011050 seconds
2016-03-09T22:33:04.491-0500: 8.325: Total time for which application threads were stopped: 0.0003155 seconds
2016-03-09T22:33:04.533-0500: 8.368: Total time for which application threads were stopped: 0.0002855 seconds
2016-03-09T22:33:04.545-0500: 8.380: Total time for which application threads were stopped: 0.0002418 seconds
2016-03-09T22:33:04.546-0500: 8.380: Total time for which application threads were stopped: 0.0002056 seconds
2016-03-09T22:33:04.546-0500: 8.381: Total time for which application threads were stopped: 0.0001638 seconds
2016-03-09T22:33:04.547-0500: 8.381: Total time for which application threads were stopped: 0.0001851 seconds
2016-03-09T22:33:04.561-0500: 8.395: Total time for which application threads were stopped: 0.0003946 seconds
2016-03-09T22:33:04.585-0500: 8.419: Total time for which application threads were stopped: 0.0007184 seconds
2016-03-09T22:33:04.589-0500: 8.424: Total time for which application threads were stopped: 0.0002247 seconds
2016-03-09T22:33:04.590-0500: 8.425: Total time for which application threads were stopped: 0.0002399 seconds
2016-03-09T22:33:04.591-0500: 8.425: Total time for which application threads were stopped: 0.0002102 seconds
2016-03-09T22:33:04.592-0500: 8.427: Total time for which application threads were stopped: 0.0002482 seconds
2016-03-09T22:33:04.879-0500: 8.713: Total time for which application threads were stopped: 0.0041608 seconds
2016-03-09T22:33:05.043-0500: 8.878: Total time for which application threads were stopped: 0.0007055 seconds
2016-03-09T22:33:05.111-0500: 8.945: Total time for which application threads were stopped: 0.0002186 seconds
2016-03-09T22:33:05.167-0500: 9.001: Total time for which application threads were stopped: 0.0001703 seconds
2016-03-09T22:33:05.358-0500: 9.192: Total time for which application threads were stopped: 0.0002653 seconds
2016-03-09T22:33:05.358-0500: 9.192: Total time for which application threads were stopped: 0.0001528 seconds
2016-03-09T22:33:05.358-0500: 9.193: Total time for which application threads were stopped: 0.0001448 seconds
2016-03-09T22:33:05.365-0500: 9.199: Total time for which application threads were stopped: 0.0002163 seconds
2016-03-09T22:33:05.370-0500: 9.205: Total time for which application threads were stopped: 0.0014794 seconds
2016-03-09T22:33:05.371-0500: 9.205: Total time for which application threads were stopped: 0.0001840 seconds
2016-03-09T22:33:05.371-0500: 9.206: Total time for which application threads were stopped: 0.0001384 seconds
2016-03-09T22:33:05.390-0500: 9.225: Total time for which application threads were stopped: 0.0001783 seconds
2016-03-09T22:33:05.390-0500: 9.225: Total time for which application threads were stopped: 0.0001365 seconds
2016-03-09T22:33:05.391-0500: 9.225: Total time for which application threads were stopped: 0.0001125 seconds
2016-03-09T22:33:05.392-0500: 9.226: Total time for which application threads were stopped: 0.0001178 seconds
{Heap before GC invocations=2 (full 0):
 par new generation   total 109248K, used 99296K [0x11000000, 0x19000000, 0x19000000)
  eden space 87424K, 100% used [0x11000000, 0x16560000, 0x16560000)
  from space 21824K,  54% used [0x16560000, 0x170f8318, 0x17ab0000)
  to   space 21824K,   0% used [0x17ab0000, 0x17ab0000, 0x19000000)
 concurrent mark-sweep generation total 393216K, used 0K [0x19000000, 0x31000000, 0x31000000)
 Metaspace       used 13778K, capacity 13895K, committed 13952K, reserved 14720K
2016-03-09T22:33:05.395-0500: 9.229: [GC (Allocation Failure) 9.229: [ParNew
Desired survivor size 20112996 bytes, new threshold 8 (max 8)
- age   1:    4005280 bytes,    4005280 total
- age   2:    2923336 bytes,    6928616 total
- age   3:    2213832 bytes,    9142448 total
: 99296K->14490K(109248K), 0.0187578 secs] 99296K->14490K(502464K), 0.0189042 secs] [Times: user=0.06 sys=0.00, real=0.02 secs] 
Heap after GC invocations=3 (full 0):
 par new generation   total 109248K, used 14490K [0x11000000, 0x19000000, 0x19000000)
  eden space 87424K,   0% used [0x11000000, 0x11000000, 0x16560000)
  from space 21824K,  66% used [0x17ab0000, 0x188d68a8, 0x19000000)
  to   space 21824K,   0% used [0x16560000, 0x16560000, 0x17ab0000)
 concurrent mark-sweep generation total 393216K, used 0K [0x19000000, 0x31000000, 0x31000000)
 Metaspace       used 13778K, capacity 13895K, committed 13952K, reserved 14720K
}
2016-03-09T22:33:05.414-0500: 9.248: Total time for which application threads were stopped: 0.0193698 seconds
2016-03-09T22:33:05.416-0500: 9.251: Total time for which application threads were stopped: 0.0012825 seconds
2016-03-09T22:33:05.418-0500: 9.252: Total time for which application threads were stopped: 0.0002034 seconds
2016-03-09T22:33:05.440-0500: 9.275: Total time for which application threads were stopped: 0.0001840 seconds
2016-03-09T22:33:05.536-0500: 9.370: Total time for which application threads were stopped: 0.0002125 seconds
2016-03-09T22:33:05.793-0500: 9.627: Total time for which application threads were stopped: 0.0002889 seconds
2016-03-09T22:33:05.831-0500: 9.666: Total time for which application threads were stopped: 0.0002573 seconds
2016-03-09T22:33:05.878-0500: 9.712: Total time for which application threads were stopped: 0.0007667 seconds
2016-03-09T22:33:05.888-0500: 9.723: Total time for which application threads were stopped: 0.0001395 seconds
2016-03-09T22:33:05.889-0500: 9.723: Total time for which application threads were stopped: 0.0002832 seconds
2016-03-09T22:33:05.889-0500: 9.724: Total time for which application threads were stopped: 0.0003881 seconds
2016-03-09T22:33:05.890-0500: 9.724: Total time for which application threads were stopped: 0.0001186 seconds
{Heap before GC invocations=3 (full 0):
 par new generation   total 109248K, used 101914K [0x11000000, 0x19000000, 0x19000000)
  eden space 87424K, 100% used [0x11000000, 0x16560000, 0x16560000)
  from space 21824K,  66% used [0x17ab0000, 0x188d68a8, 0x19000000)
  to   space 21824K,   0% used [0x16560000, 0x16560000, 0x17ab0000)
 concurrent mark-sweep generation total 393216K, used 0K [0x19000000, 0x31000000, 0x31000000)
 Metaspace       used 14277K, capacity 14420K, committed 14464K, reserved 14720K
2016-03-09T22:33:05.914-0500: 9.748: [GC (Allocation Failure) 9.748: [ParNew
Desired survivor size 20112996 bytes, new threshold 8 (max 8)
- age   1:    1130288 bytes,    1130288 total
- age   2:    2407680 bytes,    3537968 total
- age   3:    2919080 bytes,    6457048 total
- age   4:    2213432 bytes,    8670480 total
: 101914K->10755K(109248K), 0.0157997 secs] 101914K->10755K(502464K), 0.0159978 secs] [Times: user=0.06 sys=0.00, real=0.02 secs] 
Heap after GC invocations=4 (full 0):
 par new generation   total 109248K, used 10755K [0x11000000, 0x19000000, 0x19000000)
  eden space 87424K,   0% used [0x11000000, 0x11000000, 0x16560000)
  from space 21824K,  49% used [0x16560000, 0x16fe0c00, 0x17ab0000)
  to   space 21824K,   0% used [0x17ab0000, 0x17ab0000, 0x19000000)
 concurrent mark-sweep generation total 393216K, used 0K [0x19000000, 0x31000000, 0x31000000)
 Metaspace       used 14277K, capacity 14420K, committed 14464K, reserved 14720K
}
2016-03-09T22:33:05.930-0500: 9.764: Total time for which application threads were stopped: 0.0163863 seconds
2016-03-09T22:33:05.938-0500: 9.772: Total time for which application threads were stopped: 0.0001813 seconds
2016-03-09T22:33:05.938-0500: 9.772: Total time for which application threads were stopped: 0.0003182 seconds
2016-03-09T22:33:05.938-0500: 9.773: Total time for which application threads were stopped: 0.0001429 seconds
2016-03-09T22:33:06.016-0500: 9.851: Total time for which application threads were stopped: 0.0001148 seconds
2016-03-09T22:33:06.017-0500: 9.852: Total time for which application threads were stopped: 0.0000756 seconds
2016-03-09T22:33:06.018-0500: 9.853: Total time for which application threads were stopped: 0.0002836 seconds
2016-03-09T22:33:06.019-0500: 9.853: Total time for which application threads were stopped: 0.0000825 seconds
2016-03-09T22:33:06.024-0500: 9.859: Total time for which application threads were stopped: 0.0001741 seconds
2016-03-09T22:33:06.075-0500: 9.909: Total time for which application threads were stopped: 0.0001106 seconds
2016-03-09T22:33:06.108-0500: 9.943: Total time for which application threads were stopped: 0.0004957 seconds
2016-03-09T22:33:06.108-0500: 9.943: Total time for which application threads were stopped: 0.0001494 seconds
2016-03-09T22:33:06.109-0500: 9.943: Total time for which application threads were stopped: 0.0001441 seconds
2016-03-09T22:33:06.171-0500: 10.005: Total time for which application threads were stopped: 0.0008804 seconds
{Heap before GC invocations=4 (full 0):
 par new generation   total 109248K, used 98179K [0x11000000, 0x19000000, 0x19000000)
  eden space 87424K, 100% used [0x11000000, 0x16560000, 0x16560000)
  from space 21824K,  49% used [0x16560000, 0x16fe0c00, 0x17ab0000)
  to   space 21824K,   0% used [0x17ab0000, 0x17ab0000, 0x19000000)
 concurrent mark-sweep generation total 393216K, used 0K [0x19000000, 0x31000000, 0x31000000)
 Metaspace       used 14803K, capacity 14934K, committed 14976K, reserved 15744K
2016-03-09T22:33:06.232-0500: 10.066: [GC (Allocation Failure) 10.066: [ParNew
Desired survivor size 20112996 bytes, new threshold 8 (max 8)
- age   1:    1671176 bytes,    1671176 total
- age   2:     181440 bytes,    1852616 total
- age   3:    2387984 bytes,    4240600 total
- age   4:    2918512 bytes,    7159112 total
- age   5:    2213432 bytes,    9372544 total
: 98179K->12995K(109248K), 0.0168188 secs] 98179K->12995K(502464K), 0.0169515 secs] [Times: user=0.06 sys=0.00, real=0.02 secs] 
Heap after GC invocations=5 (full 0):
 par new generation   total 109248K, used 12995K [0x11000000, 0x19000000, 0x19000000)
  eden space 87424K,   0% used [0x11000000, 0x11000000, 0x16560000)
  from space 21824K,  59% used [0x17ab0000, 0x18760d90, 0x19000000)
  to   space 21824K,   0% used [0x16560000, 0x16560000, 0x17ab0000)
 concurrent mark-sweep generation total 393216K, used 0K [0x19000000, 0x31000000, 0x31000000)
 Metaspace       used 14803K, capacity 14934K, committed 14976K, reserved 15744K
}
2016-03-09T22:33:06.249-0500: 10.083: Total time for which application threads were stopped: 0.0173864 seconds
2016-03-09T22:33:06.427-0500: 10.261: Total time for which application threads were stopped: 0.0001885 seconds
2016-03-09T22:33:06.445-0500: 10.279: Total time for which application threads were stopped: 0.0001410 seconds
2016-03-09T22:33:06.446-0500: 10.281: Total time for which application threads were stopped: 0.0001118 seconds
2016-03-09T22:33:06.447-0500: 10.281: Total time for which application threads were stopped: 0.0000836 seconds
2016-03-09T22:33:06.447-0500: 10.281: Total time for which application threads were stopped: 0.0001821 seconds
{Heap before GC invocations=5 (full 0):
 par new generation   total 109248K, used 100419K [0x11000000, 0x19000000, 0x19000000)
  eden space 87424K, 100% used [0x11000000, 0x16560000, 0x16560000)
  from space 21824K,  59% used [0x17ab0000, 0x18760d90, 0x19000000)
  to   space 21824K,   0% used [0x16560000, 0x16560000, 0x17ab0000)
 concurrent mark-sweep generation total 393216K, used 0K [0x19000000, 0x31000000, 0x31000000)
 Metaspace       used 14928K, capacity 15067K, committed 15104K, reserved 15744K
2016-03-09T22:33:06.496-0500: 10.330: [GC (Allocation Failure) 10.330: [ParNew
Desired survivor size 20112996 bytes, new threshold 8 (max 8)
- age   1:     536968 bytes,     536968 total
- age   2:     155824 bytes,     692792 total
- age   3:     181248 bytes,     874040 total
- age   4:    2387984 bytes,    3262024 total
- age   5:    2915144 bytes,    6177168 total
- age   6:    2213440 bytes,    8390608 total
: 100419K->10577K(109248K), 0.0139550 secs] 100419K->10577K(502464K), 0.0140782 secs] [Times: user=0.03 sys=0.00, real=0.01 secs] 
Heap after GC invocations=6 (full 0):
 par new generation   total 109248K, used 10577K [0x11000000, 0x19000000, 0x19000000)
  eden space 87424K,   0% used [0x11000000, 0x11000000, 0x16560000)
  from space 21824K,  48% used [0x16560000, 0x16fb4680, 0x17ab0000)
  to   space 21824K,   0% used [0x17ab0000, 0x17ab0000, 0x19000000)
 concurrent mark-sweep generation total 393216K, used 0K [0x19000000, 0x31000000, 0x31000000)
 Metaspace       used 14928K, capacity 15067K, committed 15104K, reserved 15744K
}
2016-03-09T22:33:06.510-0500: 10.344: Total time for which application threads were stopped: 0.0144442 seconds
2016-03-09T22:33:06.595-0500: 10.429: Total time for which application threads were stopped: 0.0001574 seconds
2016-03-09T22:33:06.595-0500: 10.429: Total time for which application threads were stopped: 0.0000821 seconds
2016-03-09T22:33:06.627-0500: 10.461: Total time for which application threads were stopped: 0.0001452 seconds
2016-03-09T22:33:06.637-0500: 10.472: Total time for which application threads were stopped: 0.0000947 seconds
2016-03-09T22:33:06.648-0500: 10.483: Total time for which application threads were stopped: 0.0000950 seconds
2016-03-09T22:33:06.648-0500: 10.483: Total time for which application threads were stopped: 0.0000525 seconds
2016-03-09T22:33:06.648-0500: 10.483: Total time for which application threads were stopped: 0.0000494 seconds
2016-03-09T22:33:06.649-0500: 10.484: Total time for which application threads were stopped: 0.0000528 seconds
2016-03-09T22:33:06.650-0500: 10.485: Total time for which application threads were stopped: 0.0000973 seconds
2016-03-09T22:33:06.719-0500: 10.553: Total time for which application threads were stopped: 0.0005740 seconds
2016-03-09T22:33:06.739-0500: 10.573: Total time for which application threads were stopped: 0.0001517 seconds
2016-03-09T22:33:06.741-0500: 10.575: Total time for which application threads were stopped: 0.0000604 seconds
2016-03-09T22:33:06.872-0500: 10.706: Total time for which application threads were stopped: 0.0001513 seconds
2016-03-09T22:33:06.900-0500: 10.734: Total time for which application threads were stopped: 0.0004919 seconds
2016-03-09T22:33:07.468-0500: 11.302: Total time for which application threads were stopped: 0.0001570 seconds
2016-03-09T22:33:07.468-0500: 11.302: Total time for which application threads were stopped: 0.0001019 seconds
2016-03-09T22:33:07.469-0500: 11.303: Total time for which application threads were stopped: 0.0001874 seconds
2016-03-09T22:33:07.514-0500: 11.349: Total time for which application threads were stopped: 0.0002516 seconds
2016-03-09T22:33:07.523-0500: 11.357: Total time for which application threads were stopped: 0.0009138 seconds
2016-03-09T22:33:07.527-0500: 11.362: Total time for which application threads were stopped: 0.0002874 seconds
2016-03-09T22:33:07.528-0500: 11.362: Total time for which application threads were stopped: 0.0002627 seconds
2016-03-09T22:33:07.532-0500: 11.366: Total time for which application threads were stopped: 0.0002212 seconds
2016-03-09T22:33:07.607-0500: 11.441: Total time for which application threads were stopped: 0.0009400 seconds
2016-03-09T22:33:07.618-0500: 11.452: Total time for which application threads were stopped: 0.0002189 seconds
2016-03-09T22:33:07.677-0500: 11.511: Total time for which application threads were stopped: 0.0002338 seconds
2016-03-09T22:33:07.699-0500: 11.533: Total time for which application threads were stopped: 0.0003204 seconds
2016-03-09T22:33:07.732-0500: 11.566: Total time for which application threads were stopped: 0.0003528 seconds
2016-03-09T22:33:07.733-0500: 11.567: Total time for which application threads were stopped: 0.0002786 seconds
2016-03-09T22:33:07.752-0500: 11.587: Total time for which application threads were stopped: 0.0003429 seconds
2016-03-09T22:33:07.786-0500: 11.621: Total time for which application threads were stopped: 0.0001828 seconds
2016-03-09T22:33:07.787-0500: 11.622: Total time for which application threads were stopped: 0.0003087 seconds
2016-03-09T22:33:08.020-0500: 11.854: Total time for which application threads were stopped: 0.0002630 seconds
2016-03-09T22:33:08.063-0500: 11.897: Total time for which application threads were stopped: 0.0002494 seconds
2016-03-09T22:33:08.144-0500: 11.979: Total time for which application threads were stopped: 0.0002885 seconds
2016-03-09T22:33:08.181-0500: 12.015: Total time for which application threads were stopped: 0.0002429 seconds
2016-03-09T22:33:08.214-0500: 12.049: Total time for which application threads were stopped: 0.0002459 seconds
2016-03-09T22:33:08.215-0500: 12.049: Total time for which application threads were stopped: 0.0002018 seconds
2016-03-09T22:33:08.254-0500: 12.088: Total time for which application threads were stopped: 0.0002075 seconds
2016-03-09T22:33:08.511-0500: 12.345: [GC (CMS Initial Mark) [1 CMS-initial-mark: 0K(393216K)] 84747K(502464K), 0.0653759 secs] [Times: user=0.22 sys=0.00, real=0.07 secs] 
2016-03-09T22:33:08.576-0500: 12.411: Total time for which application threads were stopped: 0.0664140 seconds
2016-03-09T22:33:08.577-0500: 12.411: [CMS-concurrent-mark-start]
2016-03-09T22:33:08.579-0500: 12.413: [CMS-concurrent-mark: 0.002/0.002 secs] [Times: user=0.00 sys=0.00, real=0.00 secs] 
2016-03-09T22:33:08.579-0500: 12.413: [CMS-concurrent-preclean-start]
2016-03-09T22:33:08.584-0500: 12.418: [CMS-concurrent-preclean: 0.005/0.005 secs] [Times: user=0.00 sys=0.00, real=0.01 secs] 
2016-03-09T22:33:08.584-0500: 12.418: [CMS-concurrent-abortable-preclean-start]
2016-03-09T22:33:08.905-0500: 12.740: Total time for which application threads were stopped: 0.0002509 seconds
2016-03-09T22:33:08.976-0500: 12.810: Total time for which application threads were stopped: 0.0004071 seconds
2016-03-09T22:33:08.981-0500: 12.816: Total time for which application threads were stopped: 0.0002079 seconds
2016-03-09T22:33:08.997-0500: 12.832: Total time for which application threads were stopped: 0.0002649 seconds
2016-03-09T22:33:09.030-0500: 12.865: Total time for which application threads were stopped: 0.0002501 seconds
2016-03-09T22:33:09.031-0500: 12.865: Total time for which application threads were stopped: 0.0002022 seconds
2016-03-09T22:33:09.031-0500: 12.866: Total time for which application threads were stopped: 0.0001916 seconds
2016-03-09T22:33:09.043-0500: 12.878: Total time for which application threads were stopped: 0.0002216 seconds
2016-03-09T22:33:09.115-0500: 12.949: Total time for which application threads were stopped: 0.0005827 seconds
2016-03-09T22:33:09.210-0500: 13.044: Total time for which application threads were stopped: 0.0002037 seconds
2016-03-09T22:33:09.217-0500: 13.052: Total time for which application threads were stopped: 0.0001980 seconds
2016-03-09T22:33:09.267-0500: 13.102: Total time for which application threads were stopped: 0.0002068 seconds
2016-03-09T22:33:09.274-0500: 13.109: Total time for which application threads were stopped: 0.0001897 seconds
2016-03-09T22:33:09.304-0500: 13.138: Total time for which application threads were stopped: 0.0004356 seconds
2016-03-09T22:33:09.379-0500: 13.214: Total time for which application threads were stopped: 0.0007918 seconds
{Heap before GC invocations=6 (full 1):
 par new generation   total 109248K, used 98001K [0x11000000, 0x19000000, 0x19000000)
  eden space 87424K,  99% used [0x11000000, 0x1655fff8, 0x16560000)
  from space 21824K,  48% used [0x16560000, 0x16fb4680, 0x17ab0000)
  to   space 21824K,   0% used [0x17ab0000, 0x17ab0000, 0x19000000)
 concurrent mark-sweep generation total 393216K, used 0K [0x19000000, 0x31000000, 0x31000000)
 Metaspace       used 17447K, capacity 17571K, committed 17664K, reserved 17792K
2016-03-09T22:33:09.386-0500: 13.220: [GC (Allocation Failure) 13.220: [ParNew
Desired survivor size 20112996 bytes, new threshold 8 (max 8)
- age   1:    6382232 bytes,    6382232 total
- age   2:      94384 bytes,    6476616 total
- age   3:     154544 bytes,    6631160 total
- age   4:     172056 bytes,    6803216 total
- age   5:    1027928 bytes,    7831144 total
- age   6:    2903184 bytes,   10734328 total
- age   7:    2213488 bytes,   12947816 total
: 98001K->14411K(109248K), 0.0277720 secs] 98001K->14411K(502464K), 0.0279663 secs] [Times: user=0.06 sys=0.00, real=0.03 secs] 
Heap after GC invocations=7 (full 1):
 par new generation   total 109248K, used 14411K [0x11000000, 0x19000000, 0x19000000)
  eden space 87424K,   0% used [0x11000000, 0x11000000, 0x16560000)
  from space 21824K,  66% used [0x17ab0000, 0x188c2d70, 0x19000000)
  to   space 21824K,   0% used [0x16560000, 0x16560000, 0x17ab0000)
 concurrent mark-sweep generation total 393216K, used 0K [0x19000000, 0x31000000, 0x31000000)
 Metaspace       used 17447K, capacity 17571K, committed 17664K, reserved 17792K
}
2016-03-09T22:33:09.414-0500: 13.249: Total time for which application threads were stopped: 0.0284969 seconds
2016-03-09T22:33:09.418-0500: 13.253: Total time for which application threads were stopped: 0.0002235 seconds
2016-03-09T22:33:09.470-0500: 13.304: Total time for which application threads were stopped: 0.0002486 seconds
2016-03-09T22:33:09.507-0500: 13.341: Total time for which application threads were stopped: 0.0002315 seconds
2016-03-09T22:33:09.650-0500: 13.485: Total time for which application threads were stopped: 0.0002277 seconds
2016-03-09T22:33:09.958-0500: 13.792: Total time for which application threads were stopped: 0.0004421 seconds
2016-03-09T22:33:09.965-0500: 13.799: Total time for which application threads were stopped: 0.0003204 seconds
2016-03-09T22:33:10.162-0500: 13.996: Total time for which application threads were stopped: 0.0002220 seconds
2016-03-09T22:33:10.164-0500: 13.999: Total time for which application threads were stopped: 0.0001745 seconds
2016-03-09T22:33:10.174-0500: 14.008: Total time for which application threads were stopped: 0.0001935 seconds
2016-03-09T22:33:10.175-0500: 14.010: Total time for which application threads were stopped: 0.0001467 seconds
2016-03-09T22:33:10.226-0500: 14.061: Total time for which application threads were stopped: 0.0002102 seconds
2016-03-09T22:33:10.227-0500: 14.062: Total time for which application threads were stopped: 0.0001714 seconds
2016-03-09T22:33:10.229-0500: 14.063: Total time for which application threads were stopped: 0.0001809 seconds
2016-03-09T22:33:10.231-0500: 14.065: Total time for which application threads were stopped: 0.0001775 seconds
2016-03-09T22:33:10.249-0500: 14.083: Total time for which application threads were stopped: 0.0001551 seconds
2016-03-09T22:33:10.320-0500: 14.154: Total time for which application threads were stopped: 0.0002315 seconds
2016-03-09T22:33:10.346-0500: 14.180: Total time for which application threads were stopped: 0.0012301 seconds
2016-03-09T22:33:10.394-0500: 14.228: Total time for which application threads were stopped: 0.0002357 seconds
2016-03-09T22:33:10.399-0500: 14.233: Total time for which application threads were stopped: 0.0001661 seconds
2016-03-09T22:33:10.517-0500: 14.352: Total time for which application threads were stopped: 0.0005025 seconds
2016-03-09T22:33:10.518-0500: 14.352: Total time for which application threads were stopped: 0.0001946 seconds
2016-03-09T22:33:10.522-0500: 14.357: Total time for which application threads were stopped: 0.0001536 seconds
2016-03-09T22:33:10.525-0500: 14.359: Total time for which application threads were stopped: 0.0001578 seconds
2016-03-09T22:33:10.526-0500: 14.361: Total time for which application threads were stopped: 0.0001395 seconds
2016-03-09T22:33:10.527-0500: 14.361: Total time for which application threads were stopped: 0.0001475 seconds
2016-03-09T22:33:10.527-0500: 14.362: Total time for which application threads were stopped: 0.0001049 seconds
2016-03-09T22:33:10.527-0500: 14.362: Total time for which application threads were stopped: 0.0001102 seconds
2016-03-09T22:33:10.528-0500: 14.362: Total time for which application threads were stopped: 0.0001118 seconds
2016-03-09T22:33:10.528-0500: 14.362: Total time for which application threads were stopped: 0.0000802 seconds
2016-03-09T22:33:10.528-0500: 14.362: Total time for which application threads were stopped: 0.0000749 seconds
2016-03-09T22:33:10.529-0500: 14.363: Total time for which application threads were stopped: 0.0001190 seconds
2016-03-09T22:33:10.529-0500: 14.364: Total time for which application threads were stopped: 0.0001714 seconds
2016-03-09T22:33:10.530-0500: 14.364: Total time for which application threads were stopped: 0.0001053 seconds
2016-03-09T22:33:10.530-0500: 14.365: Total time for which application threads were stopped: 0.0001213 seconds
2016-03-09T22:33:10.530-0500: 14.365: Total time for which application threads were stopped: 0.0001574 seconds
2016-03-09T22:33:10.556-0500: 14.391: Total time for which application threads were stopped: 0.0001619 seconds
2016-03-09T22:33:10.560-0500: 14.395: Total time for which application threads were stopped: 0.0001091 seconds
2016-03-09T22:33:10.560-0500: 14.395: Total time for which application threads were stopped: 0.0000551 seconds
2016-03-09T22:33:10.561-0500: 14.395: Total time for which application threads were stopped: 0.0000996 seconds
2016-03-09T22:33:10.561-0500: 14.395: Total time for which application threads were stopped: 0.0000939 seconds
2016-03-09T22:33:10.562-0500: 14.396: Total time for which application threads were stopped: 0.0001194 seconds
2016-03-09T22:33:10.562-0500: 14.397: Total time for which application threads were stopped: 0.0001034 seconds
2016-03-09T22:33:10.563-0500: 14.397: Total time for which application threads were stopped: 0.0001099 seconds
2016-03-09T22:33:10.563-0500: 14.397: Total time for which application threads were stopped: 0.0000886 seconds
2016-03-09T22:33:10.563-0500: 14.398: Total time for which application threads were stopped: 0.0000897 seconds
2016-03-09T22:33:10.564-0500: 14.398: Total time for which application threads were stopped: 0.0001482 seconds
2016-03-09T22:33:10.564-0500: 14.399: Total time for which application threads were stopped: 0.0001437 seconds
2016-03-09T22:33:10.565-0500: 14.399: Total time for which application threads were stopped: 0.0000969 seconds
2016-03-09T22:33:10.565-0500: 14.399: Total time for which application threads were stopped: 0.0002209 seconds
2016-03-09T22:33:10.565-0500: 14.400: Total time for which application threads were stopped: 0.0002174 seconds
2016-03-09T22:33:10.566-0500: 14.400: Total time for which application threads were stopped: 0.0001604 seconds
2016-03-09T22:33:10.568-0500: 14.402: Total time for which application threads were stopped: 0.0003588 seconds
2016-03-09T22:33:10.573-0500: 14.407: Total time for which application threads were stopped: 0.0003345 seconds
2016-03-09T22:33:10.575-0500: 14.410: Total time for which application threads were stopped: 0.0000973 seconds
2016-03-09T22:33:10.576-0500: 14.410: Total time for which application threads were stopped: 0.0001243 seconds
2016-03-09T22:33:10.595-0500: 14.430: Total time for which application threads were stopped: 0.0002585 seconds
2016-03-09T22:33:10.596-0500: 14.431: Total time for which application threads were stopped: 0.0002163 seconds
2016-03-09T22:33:11.596-0500: 15.431: Total time for which application threads were stopped: 0.0001798 seconds
 CMS: abort preclean due to time 2016-03-09T22:33:14.628-0500: 18.463: [CMS-concurrent-abortable-preclean: 3.789/6.044 secs] [Times: user=8.92 sys=0.25, real=6.04 secs] 
2016-03-09T22:33:14.629-0500: 18.463: [GC (CMS Final Remark) [YG occupancy: 42849 K (109248 K)]{Heap before GC invocations=7 (full 1):
 par new generation   total 109248K, used 42849K [0x11000000, 0x19000000, 0x19000000)
  eden space 87424K,  32% used [0x11000000, 0x12bc58c0, 0x16560000)
  from space 21824K,  66% used [0x17ab0000, 0x188c2d70, 0x19000000)
  to   space 21824K,   0% used [0x16560000, 0x16560000, 0x17ab0000)
 concurrent mark-sweep generation total 393216K, used 0K [0x19000000, 0x31000000, 0x31000000)
 Metaspace       used 18868K, capacity 18981K, committed 19072K, reserved 19840K
2016-03-09T22:33:14.629-0500: 18.463: [GC (CMS Final Remark) 18.463: [ParNew
Desired survivor size 20112996 bytes, new threshold 8 (max 8)
- age   1:    6441376 bytes,    6441376 total
- age   2:    3291664 bytes,    9733040 total
- age   3:      94336 bytes,    9827376 total
- age   4:     153648 bytes,    9981024 total
- age   5:     171760 bytes,   10152784 total
- age   6:    1026704 bytes,   11179488 total
- age   7:    2845720 bytes,   14025208 total
- age   8:    2213240 bytes,   16238448 total
: 42849K->21824K(109248K), 0.0530007 secs] 42849K->21824K(502464K), 0.0531637 secs] [Times: user=0.20 sys=0.05, real=0.05 secs] 
Heap after GC invocations=8 (full 1):
 par new generation   total 109248K, used 21824K [0x11000000, 0x19000000, 0x19000000)
  eden space 87424K,   0% used [0x11000000, 0x11000000, 0x16560000)
  from space 21824K, 100% used [0x16560000, 0x17ab0000, 0x17ab0000)
  to   space 21824K,   0% used [0x17ab0000, 0x17ab0000, 0x19000000)
 concurrent mark-sweep generation total 393216K, used 0K [0x19000000, 0x31000000, 0x31000000)
 Metaspace       used 18868K, capacity 18981K, committed 19072K, reserved 19840K
}
18.517: [Rescan (parallel) , 0.0178672 secs]18.535: [weak refs processing, 0.0019268 secs]18.537: [class unloading, 0.0296339 secs]18.566: [scrub symbol table, 0.0078180 secs]18.574: [scrub string table, 0.0004790 secs][1 CMS-remark: 0K(393216K)] 21824K(502464K), 0.1195264 secs] [Times: user=0.31 sys=0.05, real=0.12 secs] 
2016-03-09T22:33:14.748-0500: 18.583: Total time for which application threads were stopped: 0.1198518 seconds
2016-03-09T22:33:14.749-0500: 18.583: [CMS-concurrent-sweep-start]
2016-03-09T22:33:14.749-0500: 18.583: [CMS-concurrent-sweep: 0.000/0.000 secs] [Times: user=0.00 sys=0.00, real=0.00 secs] 
2016-03-09T22:33:14.749-0500: 18.583: [CMS-concurrent-reset-start]
2016-03-09T22:33:14.760-0500: 18.595: [CMS-concurrent-reset: 0.011/0.011 secs] [Times: user=0.03 sys=0.02, real=0.01 secs] 
2016-03-09T22:34:04.687-0500: 68.521: Total time for which application threads were stopped: 0.0001923 seconds
2016-03-09T22:35:54.711-0500: 178.545: Total time for which application threads were stopped: 0.0002285 seconds
2016-03-09T22:37:26.733-0500: 270.567: Total time for which application threads were stopped: 0.0002368 seconds
2016-03-09T22:38:16.163-0500: 319.997: Total time for which application threads were stopped: 0.0003033 seconds
2016-03-09T22:38:39.916-0500: 343.751: Total time for which application threads were stopped: 0.0002585 seconds
2016-03-09T22:38:39.917-0500: 343.752: Total time for which application threads were stopped: 0.0001737 seconds
2016-03-09T22:38:39.937-0500: 343.771: Total time for which application threads were stopped: 0.0001768 seconds
2016-03-09T22:38:39.943-0500: 343.778: Total time for which application threads were stopped: 0.0001855 seconds
2016-03-09T22:38:39.944-0500: 343.779: Total time for which application threads were stopped: 0.0001760 seconds
2016-03-09T22:38:39.945-0500: 343.780: Total time for which application threads were stopped: 0.0002030 seconds
2016-03-09T22:38:39.948-0500: 343.783: Total time for which application threads were stopped: 0.0001988 seconds
2016-03-09T22:38:39.951-0500: 343.786: Total time for which application threads were stopped: 0.0002140 seconds
2016-03-09T22:38:40.951-0500: 344.786: Total time for which application threads were stopped: 0.0002201 seconds
2016-03-09T22:39:16.801-0500: 380.635: Total time for which application threads were stopped: 0.0002277 seconds
2016-03-09T22:39:16.803-0500: 380.637: Total time for which application threads were stopped: 0.0002433 seconds
2016-03-09T22:39:16.803-0500: 380.637: Total time for which application threads were stopped: 0.0001954 seconds
2016-03-09T22:39:16.809-0500: 380.643: Total time for which application threads were stopped: 0.0002592 seconds
2016-03-09T22:43:51.454-0500: 655.288: Total time for which application threads were stopped: 0.0002988 seconds
2016-03-09T22:43:51.546-0500: 655.380: Total time for which application threads were stopped: 0.0003341 seconds
2016-03-09T22:43:51.590-0500: 655.425: Total time for which application threads were stopped: 0.0002117 seconds
2016-03-09T22:43:51.623-0500: 655.458: Total time for which application threads were stopped: 0.0003007 seconds
2016-03-09T22:43:51.624-0500: 655.458: Total time for which application threads were stopped: 0.0002197 seconds
2016-03-09T22:43:51.624-0500: 655.459: Total time for which application threads were stopped: 0.0002110 seconds
2016-03-09T22:43:51.634-0500: 655.469: Total time for which application threads were stopped: 0.0002543 seconds
2016-03-09T22:43:51.825-0500: 655.659: Total time for which application threads were stopped: 0.0002665 seconds
2016-03-09T22:43:51.834-0500: 655.668: Total time for which application threads were stopped: 0.0002482 seconds
2016-03-09T22:43:51.834-0500: 655.669: Total time for which application threads were stopped: 0.0001950 seconds
2016-03-09T22:43:51.835-0500: 655.669: Total time for which application threads were stopped: 0.0001733 seconds
2016-03-09T22:43:51.835-0500: 655.670: Total time for which application threads were stopped: 0.0001806 seconds
2016-03-09T22:43:51.871-0500: 655.706: Total time for which application threads were stopped: 0.0003797 seconds
2016-03-09T22:43:51.871-0500: 655.706: Total time for which application threads were stopped: 0.0001726 seconds
2016-03-09T22:43:51.872-0500: 655.706: Total time for which application threads were stopped: 0.0001665 seconds
2016-03-09T22:43:51.881-0500: 655.715: Total time for which application threads were stopped: 0.0012464 seconds
2016-03-09T22:43:51.935-0500: 655.770: Total time for which application threads were stopped: 0.0003098 seconds
2016-03-09T22:43:51.968-0500: 655.803: Total time for which application threads were stopped: 0.0003079 seconds
2016-03-09T22:43:51.969-0500: 655.804: Total time for which application threads were stopped: 0.0002102 seconds
2016-03-09T22:43:52.970-0500: 656.804: Total time for which application threads were stopped: 0.0002372 seconds
2016-03-09T22:43:53.621-0500: 657.456: Total time for which application threads were stopped: 0.0002729 seconds
2016-03-09T22:43:53.626-0500: 657.461: Total time for which application threads were stopped: 0.0001813 seconds
2016-03-09T22:43:53.638-0500: 657.473: Total time for which application threads were stopped: 0.0001726 seconds
2016-03-09T22:43:54.638-0500: 658.473: Total time for which application threads were stopped: 0.0001980 seconds
2016-03-09T22:44:02.698-0500: 666.532: Total time for which application threads were stopped: 0.0003752 seconds
2016-03-09T22:44:02.718-0500: 666.552: Total time for which application threads were stopped: 0.0002509 seconds
2016-03-09T22:44:02.720-0500: 666.554: Total time for which application threads were stopped: 0.0002296 seconds
2016-03-09T22:44:02.827-0500: 666.661: Total time for which application threads were stopped: 0.0003364 seconds
2016-03-09T22:44:02.875-0500: 666.709: Total time for which application threads were stopped: 0.0002801 seconds
2016-03-09T22:44:02.898-0500: 666.733: Total time for which application threads were stopped: 0.0002927 seconds
2016-03-09T22:44:02.900-0500: 666.734: Total time for which application threads were stopped: 0.0001536 seconds
2016-03-09T22:44:03.900-0500: 667.734: Total time for which application threads were stopped: 0.0005398 seconds
2016-03-09T22:44:04.901-0500: 668.735: Total time for which application threads were stopped: 0.0002897 seconds
2016-03-09T22:44:07.901-0500: 671.736: Total time for which application threads were stopped: 0.0001977 seconds
2016-03-09T22:46:11.140-0500: 794.975: Total time for which application threads were stopped: 0.0003486 seconds
2016-03-09T22:46:11.140-0500: 794.975: Total time for which application threads were stopped: 0.0001885 seconds
2016-03-09T22:46:11.159-0500: 794.994: Total time for which application threads were stopped: 0.0004128 seconds
2016-03-09T22:46:11.162-0500: 794.996: Total time for which application threads were stopped: 0.0001973 seconds
2016-03-09T22:46:11.163-0500: 794.997: Total time for which application threads were stopped: 0.0002228 seconds
2016-03-09T22:46:11.305-0500: 795.139: Total time for which application threads were stopped: 0.0013471 seconds
2016-03-09T22:46:11.758-0500: 795.593: Total time for which application threads were stopped: 0.0003528 seconds
2016-03-09T22:46:11.759-0500: 795.593: Total time for which application threads were stopped: 0.0002452 seconds
2016-03-09T22:46:11.845-0500: 795.679: Total time for which application threads were stopped: 0.0003155 seconds
2016-03-09T22:46:11.959-0500: 795.794: Total time for which application threads were stopped: 0.0008199 seconds
2016-03-09T22:46:12.351-0500: 796.185: Total time for which application threads were stopped: 0.0002840 seconds
{Heap before GC invocations=8 (full 1):
 par new generation   total 109248K, used 109248K [0x11000000, 0x19000000, 0x19000000)
  eden space 87424K, 100% used [0x11000000, 0x16560000, 0x16560000)
  from space 21824K, 100% used [0x16560000, 0x17ab0000, 0x17ab0000)
  to   space 21824K,   0% used [0x17ab0000, 0x17ab0000, 0x19000000)
 concurrent mark-sweep generation total 393216K, used 0K [0x19000000, 0x31000000, 0x31000000)
 Metaspace       used 22589K, capacity 22765K, committed 22912K, reserved 22912K
2016-03-09T22:46:12.440-0500: 796.274: [GC (Allocation Failure) 796.274: [ParNew
Desired survivor size 20112996 bytes, new threshold 8 (max 8)
- age   1:    6533168 bytes,    6533168 total
- age   2:    4774464 bytes,   11307632 total
- age   3:    3272800 bytes,   14580432 total
- age   4:      94336 bytes,   14674768 total
- age   5:     152368 bytes,   14827136 total
- age   6:     157712 bytes,   14984848 total
- age   7:    1002744 bytes,   15987592 total
- age   8:    2813112 bytes,   18800704 total
: 109248K->21556K(109248K), 0.0895744 secs] 109248K->23800K(502464K), 0.0898378 secs] [Times: user=0.33 sys=0.01, real=0.09 secs] 
Heap after GC invocations=9 (full 1):
 par new generation   total 109248K, used 21556K [0x11000000, 0x19000000, 0x19000000)
  eden space 87424K,   0% used [0x11000000, 0x11000000, 0x16560000)
  from space 21824K,  98% used [0x17ab0000, 0x18fbd150, 0x19000000)
  to   space 21824K,   0% used [0x16560000, 0x16560000, 0x17ab0000)
 concurrent mark-sweep generation total 393216K, used 2244K [0x19000000, 0x31000000, 0x31000000)
 Metaspace       used 22589K, capacity 22765K, committed 22912K, reserved 22912K
}
2016-03-09T22:46:12.530-0500: 796.364: Total time for which application threads were stopped: 0.0905992 seconds
2016-03-09T22:46:12.761-0500: 796.595: Total time for which application threads were stopped: 0.0011388 seconds
2016-03-09T22:46:12.770-0500: 796.605: Total time for which application threads were stopped: 0.0002121 seconds
2016-03-09T22:46:13.153-0500: 796.988: Total time for which application threads were stopped: 0.0009176 seconds
2016-03-09T22:46:13.557-0500: 797.392: Total time for which application threads were stopped: 0.0002881 seconds
2016-03-09T22:46:13.586-0500: 797.420: Total time for which application threads were stopped: 0.0002273 seconds
2016-03-09T22:46:13.586-0500: 797.420: Total time for which application threads were stopped: 0.0001878 seconds
2016-03-09T22:46:13.655-0500: 797.490: Total time for which application threads were stopped: 0.0002285 seconds
2016-03-09T22:46:13.673-0500: 797.508: Total time for which application threads were stopped: 0.0002456 seconds
2016-03-09T22:46:13.692-0500: 797.527: Total time for which application threads were stopped: 0.0013099 seconds
2016-03-09T22:46:13.695-0500: 797.530: Total time for which application threads were stopped: 0.0011784 seconds
2016-03-09T22:46:13.710-0500: 797.545: Total time for which application threads were stopped: 0.0013361 seconds
2016-03-09T22:46:13.781-0500: 797.616: Total time for which application threads were stopped: 0.0003041 seconds
2016-03-09T22:46:13.784-0500: 797.618: Total time for which application threads were stopped: 0.0002589 seconds
2016-03-09T22:46:13.784-0500: 797.618: Total time for which application threads were stopped: 0.0002041 seconds
2016-03-09T22:46:13.785-0500: 797.619: Total time for which application threads were stopped: 0.0002030 seconds
2016-03-09T22:46:13.786-0500: 797.620: Total time for which application threads were stopped: 0.0001980 seconds
2016-03-09T22:46:13.786-0500: 797.620: Total time for which application threads were stopped: 0.0003163 seconds
2016-03-09T22:46:13.786-0500: 797.620: Total time for which application threads were stopped: 0.0002288 seconds
2016-03-09T22:46:13.787-0500: 797.621: Total time for which application threads were stopped: 0.0001999 seconds
2016-03-09T22:46:13.787-0500: 797.621: Total time for which application threads were stopped: 0.0001802 seconds
2016-03-09T22:46:13.787-0500: 797.621: Total time for which application threads were stopped: 0.0001661 seconds
2016-03-09T22:46:13.787-0500: 797.622: Total time for which application threads were stopped: 0.0001912 seconds
2016-03-09T22:46:13.788-0500: 797.622: Total time for which application threads were stopped: 0.0001714 seconds
2016-03-09T22:46:13.788-0500: 797.622: Total time for which application threads were stopped: 0.0001593 seconds
2016-03-09T22:46:13.788-0500: 797.622: Total time for which application threads were stopped: 0.0001555 seconds
2016-03-09T22:46:13.789-0500: 797.623: Total time for which application threads were stopped: 0.0002444 seconds
2016-03-09T22:46:13.793-0500: 797.627: Total time for which application threads were stopped: 0.0002494 seconds
2016-03-09T22:46:13.794-0500: 797.628: Total time for which application threads were stopped: 0.0002266 seconds
2016-03-09T22:46:13.794-0500: 797.628: Total time for which application threads were stopped: 0.0002364 seconds
2016-03-09T22:46:13.794-0500: 797.628: Total time for which application threads were stopped: 0.0002182 seconds
2016-03-09T22:46:13.795-0500: 797.629: Total time for which application threads were stopped: 0.0001977 seconds
2016-03-09T22:46:13.795-0500: 797.629: Total time for which application threads were stopped: 0.0004858 seconds
2016-03-09T22:46:13.795-0500: 797.630: Total time for which application threads were stopped: 0.0002140 seconds
2016-03-09T22:46:13.796-0500: 797.630: Total time for which application threads were stopped: 0.0004105 seconds
2016-03-09T22:46:13.804-0500: 797.639: Total time for which application threads were stopped: 0.0002828 seconds
2016-03-09T22:46:13.809-0500: 797.644: Total time for which application threads were stopped: 0.0002414 seconds
2016-03-09T22:46:13.810-0500: 797.644: Total time for which application threads were stopped: 0.0002098 seconds
2016-03-09T22:46:13.810-0500: 797.644: Total time for which application threads were stopped: 0.0001722 seconds
2016-03-09T22:46:13.823-0500: 797.658: Total time for which application threads were stopped: 0.0002771 seconds
2016-03-09T22:46:13.854-0500: 797.689: Total time for which application threads were stopped: 0.0003322 seconds
2016-03-09T22:46:13.855-0500: 797.689: Total time for which application threads were stopped: 0.0002828 seconds
2016-03-09T22:46:13.857-0500: 797.692: Total time for which application threads were stopped: 0.0002653 seconds
2016-03-09T22:46:13.926-0500: 797.760: Total time for which application threads were stopped: 0.0003056 seconds
2016-03-09T22:46:13.926-0500: 797.761: Total time for which application threads were stopped: 0.0002326 seconds
2016-03-09T22:46:13.927-0500: 797.761: Total time for which application threads were stopped: 0.0001942 seconds
2016-03-09T22:46:13.927-0500: 797.761: Total time for which application threads were stopped: 0.0002387 seconds
2016-03-09T22:46:13.927-0500: 797.762: Total time for which application threads were stopped: 0.0002475 seconds
2016-03-09T22:46:13.927-0500: 797.762: Total time for which application threads were stopped: 0.0001977 seconds
2016-03-09T22:46:13.927-0500: 797.762: Total time for which application threads were stopped: 0.0002163 seconds
2016-03-09T22:46:13.927-0500: 797.763: Total time for which application threads were stopped: 0.0002015 seconds
2016-03-09T22:46:13.929-0500: 797.763: Total time for which application threads were stopped: 0.0002285 seconds
2016-03-09T22:46:13.929-0500: 797.763: Total time for which application threads were stopped: 0.0002003 seconds
2016-03-09T22:46:13.929-0500: 797.763: Total time for which application threads were stopped: 0.0001863 seconds
2016-03-09T22:46:13.930-0500: 797.764: Total time for which application threads were stopped: 0.0001977 seconds
2016-03-09T22:46:13.930-0500: 797.764: Total time for which application threads were stopped: 0.0001616 seconds
2016-03-09T22:46:13.930-0500: 797.764: Total time for which application threads were stopped: 0.0002300 seconds
2016-03-09T22:46:13.930-0500: 797.765: Total time for which application threads were stopped: 0.0001923 seconds
2016-03-09T22:46:13.931-0500: 797.765: Total time for which application threads were stopped: 0.0002068 seconds
2016-03-09T22:46:13.931-0500: 797.765: Total time for which application threads were stopped: 0.0002285 seconds
2016-03-09T22:46:13.931-0500: 797.766: Total time for which application threads were stopped: 0.0002254 seconds
2016-03-09T22:46:13.932-0500: 797.766: Total time for which application threads were stopped: 0.0001878 seconds
2016-03-09T22:46:13.932-0500: 797.766: Total time for which application threads were stopped: 0.0004428 seconds
2016-03-09T22:46:13.947-0500: 797.782: Total time for which application threads were stopped: 0.0002866 seconds
2016-03-09T22:46:14.021-0500: 797.856: Total time for which application threads were stopped: 0.0004618 seconds
2016-03-09T22:46:14.066-0500: 797.900: Total time for which application threads were stopped: 0.0002782 seconds
2016-03-09T22:46:14.128-0500: 797.963: Total time for which application threads were stopped: 0.0002870 seconds
2016-03-09T22:46:14.136-0500: 797.971: Total time for which application threads were stopped: 0.0003201 seconds
2016-03-09T22:46:14.221-0500: 798.055: Total time for which application threads were stopped: 0.0002881 seconds
2016-03-09T22:46:14.301-0500: 798.136: Total time for which application threads were stopped: 0.0002072 seconds
2016-03-09T22:46:14.342-0500: 798.176: Total time for which application threads were stopped: 0.0002064 seconds
2016-03-09T22:46:14.388-0500: 798.222: Total time for which application threads were stopped: 0.0001961 seconds
2016-03-09T22:46:14.443-0500: 798.277: Total time for which application threads were stopped: 0.0001958 seconds
2016-03-09T22:46:14.484-0500: 798.319: Total time for which application threads were stopped: 0.0002357 seconds
2016-03-09T22:46:14.542-0500: 798.376: Total time for which application threads were stopped: 0.0001954 seconds
2016-03-09T22:46:14.588-0500: 798.422: Total time for which application threads were stopped: 0.0002752 seconds
2016-03-09T22:46:14.662-0500: 798.496: Total time for which application threads were stopped: 0.0002262 seconds
2016-03-09T22:46:14.719-0500: 798.554: Total time for which application threads were stopped: 0.0002418 seconds
2016-03-09T22:46:14.761-0500: 798.595: Total time for which application threads were stopped: 0.0002364 seconds
2016-03-09T22:46:14.797-0500: 798.632: Total time for which application threads were stopped: 0.0002239 seconds
2016-03-09T22:46:14.836-0500: 798.671: Total time for which application threads were stopped: 0.0001562 seconds
2016-03-09T22:46:14.895-0500: 798.729: Total time for which application threads were stopped: 0.0003463 seconds
2016-03-09T22:46:15.895-0500: 799.730: Total time for which application threads were stopped: 0.0004584 seconds
2016-03-09T22:46:16.896-0500: 800.731: Total time for which application threads were stopped: 0.0002687 seconds
2016-03-09T22:46:17.896-0500: 801.731: Total time for which application threads were stopped: 0.0002904 seconds
2016-03-09T22:46:18.897-0500: 802.731: Total time for which application threads were stopped: 0.0003151 seconds
{Heap before GC invocations=9 (full 1):
 par new generation   total 109248K, used 108980K [0x11000000, 0x19000000, 0x19000000)
  eden space 87424K, 100% used [0x11000000, 0x16560000, 0x16560000)
  from space 21824K,  98% used [0x17ab0000, 0x18fbd150, 0x19000000)
  to   space 21824K,   0% used [0x16560000, 0x16560000, 0x17ab0000)
 concurrent mark-sweep generation total 393216K, used 2244K [0x19000000, 0x31000000, 0x31000000)
 Metaspace       used 23761K, capacity 23959K, committed 24064K, reserved 24960K
2016-03-09T22:46:19.608-0500: 803.442: [GC (Allocation Failure) 803.442: [ParNew
Desired survivor size 20112996 bytes, new threshold 8 (max 8)
- age   1:    3058664 bytes,    3058664 total
- age   2:    2235960 bytes,    5294624 total
- age   3:    4759528 bytes,   10054152 total
- age   4:    3225264 bytes,   13279416 total
- age   5:      85288 bytes,   13364704 total
- age   6:     138152 bytes,   13502856 total
- age   7:     143696 bytes,   13646552 total
- age   8:     995712 bytes,   14642264 total
: 108980K->21824K(109248K), 0.0554361 secs] 111224K->26874K(502464K), 0.0556349 secs] [Times: user=0.19 sys=0.00, real=0.06 secs] 
Heap after GC invocations=10 (full 1):
 par new generation   total 109248K, used 21824K [0x11000000, 0x19000000, 0x19000000)
  eden space 87424K,   0% used [0x11000000, 0x11000000, 0x16560000)
  from space 21824K, 100% used [0x16560000, 0x17ab0000, 0x17ab0000)
  to   space 21824K,   0% used [0x17ab0000, 0x17ab0000, 0x19000000)
 concurrent mark-sweep generation total 393216K, used 5050K [0x19000000, 0x31000000, 0x31000000)
 Metaspace       used 23761K, capacity 23959K, committed 24064K, reserved 24960K
}
2016-03-09T22:46:19.664-0500: 803.498: Total time for which application threads were stopped: 0.0562180 seconds
2016-03-09T22:46:20.664-0500: 804.498: Total time for which application threads were stopped: 0.0002497 seconds
2016-03-09T22:46:21.664-0500: 805.498: Total time for which application threads were stopped: 0.0002292 seconds
2016-03-09T22:46:22.664-0500: 806.498: Total time for which application threads were stopped: 0.0002125 seconds
2016-03-09T22:46:23.664-0500: 807.499: Total time for which application threads were stopped: 0.0002402 seconds
{Heap before GC invocations=10 (full 1):
 par new generation   total 109248K, used 109248K [0x11000000, 0x19000000, 0x19000000)
  eden space 87424K, 100% used [0x11000000, 0x16560000, 0x16560000)
  from space 21824K, 100% used [0x16560000, 0x17ab0000, 0x17ab0000)
  to   space 21824K,   0% used [0x17ab0000, 0x17ab0000, 0x19000000)
 concurrent mark-sweep generation total 393216K, used 5050K [0x19000000, 0x31000000, 0x31000000)
 Metaspace       used 23977K, capacity 24183K, committed 24320K, reserved 24960K
2016-03-09T22:46:23.774-0500: 807.609: [GC (Allocation Failure) 807.609: [ParNew
Desired survivor size 20112996 bytes, new threshold 8 (max 8)
- age   1:    1921928 bytes,    1921928 total
- age   2:    1635880 bytes,    3557808 total
- age   3:    2232328 bytes,    5790136 total
- age   4:    4759528 bytes,   10549664 total
- age   5:    3225264 bytes,   13774928 total
- age   6:      85288 bytes,   13860216 total
- age   7:     138152 bytes,   13998368 total
- age   8:     143568 bytes,   14141936 total
: 109248K->16619K(109248K), 0.0328854 secs] 114298K->22648K(502464K), 0.0330207 secs] [Times: user=0.09 sys=0.00, real=0.03 secs] 
Heap after GC invocations=11 (full 1):
 par new generation   total 109248K, used 16619K [0x11000000, 0x19000000, 0x19000000)
  eden space 87424K,   0% used [0x11000000, 0x11000000, 0x16560000)
  from space 21824K,  76% used [0x17ab0000, 0x18aeae60, 0x19000000)
  to   space 21824K,   0% used [0x16560000, 0x16560000, 0x17ab0000)
 concurrent mark-sweep generation total 393216K, used 6029K [0x19000000, 0x31000000, 0x31000000)
 Metaspace       used 23977K, capacity 24183K, committed 24320K, reserved 24960K
}
2016-03-09T22:46:23.808-0500: 807.642: Total time for which application threads were stopped: 0.0334218 seconds
2016-03-09T22:46:24.808-0500: 808.642: Total time for which application threads were stopped: 0.0001885 seconds
2016-03-09T22:46:25.808-0500: 809.642: Total time for which application threads were stopped: 0.0002129 seconds
2016-03-09T22:46:26.808-0500: 810.643: Total time for which application threads were stopped: 0.0003429 seconds
2016-03-09T22:46:27.808-0500: 811.643: Total time for which application threads were stopped: 0.0002691 seconds
{Heap before GC invocations=11 (full 1):
 par new generation   total 109248K, used 104043K [0x11000000, 0x19000000, 0x19000000)
  eden space 87424K, 100% used [0x11000000, 0x16560000, 0x16560000)
  from space 21824K,  76% used [0x17ab0000, 0x18aeae60, 0x19000000)
  to   space 21824K,   0% used [0x16560000, 0x16560000, 0x17ab0000)
 concurrent mark-sweep generation total 393216K, used 6029K [0x19000000, 0x31000000, 0x31000000)
 Metaspace       used 24067K, capacity 24279K, committed 24448K, reserved 24960K
2016-03-09T22:46:28.038-0500: 811.873: [GC (Allocation Failure) 811.873: [ParNew
Desired survivor size 20112996 bytes, new threshold 8 (max 8)
- age   1:    1497600 bytes,    1497600 total
- age   2:    1177672 bytes,    2675272 total
- age   3:    1635544 bytes,    4310816 total
- age   4:    2232424 bytes,    6543240 total
- age   5:    6987768 bytes,   13531008 total
- age   6:    3225264 bytes,   16756272 total
- age   7:      85288 bytes,   16841560 total
- age   8:     138152 bytes,   16979712 total
: 104043K->19812K(109248K), 0.0511035 secs] 110072K->25985K(502464K), 0.0512852 secs] [Times: user=0.20 sys=0.00, real=0.05 secs] 
Heap after GC invocations=12 (full 1):
 par new generation   total 109248K, used 19812K [0x11000000, 0x19000000, 0x19000000)
  eden space 87424K,   0% used [0x11000000, 0x11000000, 0x16560000)
  from space 21824K,  90% used [0x16560000, 0x178b93d0, 0x17ab0000)
  to   space 21824K,   0% used [0x17ab0000, 0x17ab0000, 0x19000000)
 concurrent mark-sweep generation total 393216K, used 6172K [0x19000000, 0x31000000, 0x31000000)
 Metaspace       used 24067K, capacity 24279K, committed 24448K, reserved 24960K
}
2016-03-09T22:46:28.090-0500: 811.924: Total time for which application threads were stopped: 0.0519014 seconds
2016-03-09T22:46:28.732-0500: 812.567: Total time for which application threads were stopped: 0.0004219 seconds
2016-03-09T22:46:28.733-0500: 812.568: Total time for which application threads were stopped: 0.0002771 seconds
2016-03-09T22:46:28.739-0500: 812.574: Total time for which application threads were stopped: 0.0003585 seconds
2016-03-09T22:46:28.741-0500: 812.576: Total time for which application threads were stopped: 0.0002577 seconds
2016-03-09T22:46:28.788-0500: 812.623: Total time for which application threads were stopped: 0.0002311 seconds
2016-03-09T22:46:28.800-0500: 812.634: Total time for which application threads were stopped: 0.0003083 seconds
2016-03-09T22:46:28.836-0500: 812.671: Total time for which application threads were stopped: 0.0003858 seconds
2016-03-09T22:46:28.838-0500: 812.673: Total time for which application threads were stopped: 0.0005280 seconds
2016-03-09T22:46:28.839-0500: 812.673: Total time for which application threads were stopped: 0.0003147 seconds
2016-03-09T22:46:28.840-0500: 812.674: Total time for which application threads were stopped: 0.0004037 seconds
2016-03-09T22:46:29.586-0500: 813.421: Total time for which application threads were stopped: 0.0004828 seconds
2016-03-09T22:46:29.594-0500: 813.428: Total time for which application threads were stopped: 0.0002463 seconds
2016-03-09T22:46:29.594-0500: 813.429: Total time for which application threads were stopped: 0.0002045 seconds
2016-03-09T22:46:29.595-0500: 813.429: Total time for which application threads were stopped: 0.0001760 seconds
2016-03-09T22:46:29.595-0500: 813.429: Total time for which application threads were stopped: 0.0001897 seconds
2016-03-09T22:46:30.583-0500: 814.417: Total time for which application threads were stopped: 0.0003151 seconds
2016-03-09T22:46:30.590-0500: 814.424: Total time for which application threads were stopped: 0.0003744 seconds
2016-03-09T22:46:30.594-0500: 814.428: Total time for which application threads were stopped: 0.0002608 seconds
2016-03-09T22:46:30.653-0500: 814.488: Total time for which application threads were stopped: 0.0003315 seconds
2016-03-09T22:46:30.654-0500: 814.488: Total time for which application threads were stopped: 0.0001939 seconds
2016-03-09T22:46:30.669-0500: 814.503: Total time for which application threads were stopped: 0.0002258 seconds
2016-03-09T22:46:30.670-0500: 814.504: Total time for which application threads were stopped: 0.0001828 seconds
2016-03-09T22:46:30.677-0500: 814.511: Total time for which application threads were stopped: 0.0002315 seconds
2016-03-09T22:46:30.677-0500: 814.512: Total time for which application threads were stopped: 0.0001730 seconds
2016-03-09T22:46:30.681-0500: 814.515: Total time for which application threads were stopped: 0.0003090 seconds
2016-03-09T22:46:30.681-0500: 814.515: Total time for which application threads were stopped: 0.0002319 seconds
2016-03-09T22:46:30.683-0500: 814.517: Total time for which application threads were stopped: 0.0002083 seconds
2016-03-09T22:46:30.683-0500: 814.518: Total time for which application threads were stopped: 0.0001688 seconds
2016-03-09T22:46:30.685-0500: 814.519: Total time for which application threads were stopped: 0.0002041 seconds
2016-03-09T22:46:30.685-0500: 814.519: Total time for which application threads were stopped: 0.0003577 seconds
2016-03-09T22:46:31.278-0500: 815.113: Total time for which application threads were stopped: 0.0003429 seconds
2016-03-09T22:46:31.397-0500: 815.232: Total time for which application threads were stopped: 0.0003216 seconds
2016-03-09T22:46:32.398-0500: 816.233: Total time for which application threads were stopped: 0.0003832 seconds
{Heap before GC invocations=12 (full 1):
 par new generation   total 109248K, used 107236K [0x11000000, 0x19000000, 0x19000000)
  eden space 87424K, 100% used [0x11000000, 0x16560000, 0x16560000)
  from space 21824K,  90% used [0x16560000, 0x178b93d0, 0x17ab0000)
  to   space 21824K,   0% used [0x17ab0000, 0x17ab0000, 0x19000000)
 concurrent mark-sweep generation total 393216K, used 6172K [0x19000000, 0x31000000, 0x31000000)
 Metaspace       used 24479K, capacity 24665K, committed 24832K, reserved 24960K
2016-03-09T22:46:32.943-0500: 816.778: [GC (Allocation Failure) 816.778: [ParNew
Desired survivor size 20112996 bytes, new threshold 8 (max 8)
- age   1:    1860048 bytes,    1860048 total
- age   2:     208672 bytes,    2068720 total
- age   3:     474440 bytes,    2543160 total
- age   4:    1132184 bytes,    3675344 total
- age   5:    2238240 bytes,    5913584 total
- age   6:    4556432 bytes,   10470016 total
- age   7:    3214960 bytes,   13684976 total
- age   8:      85288 bytes,   13770264 total
: 107236K->20560K(109248K), 0.0494150 secs] 113409K->26869K(502464K), 0.0496343 secs] [Times: user=0.20 sys=0.00, real=0.05 secs] 
Heap after GC invocations=13 (full 1):
 par new generation   total 109248K, used 20560K [0x11000000, 0x19000000, 0x19000000)
  eden space 87424K,   0% used [0x11000000, 0x11000000, 0x16560000)
  from space 21824K,  94% used [0x17ab0000, 0x18ec4338, 0x19000000)
  to   space 21824K,   0% used [0x16560000, 0x16560000, 0x17ab0000)
 concurrent mark-sweep generation total 393216K, used 6309K [0x19000000, 0x31000000, 0x31000000)
 Metaspace       used 24479K, capacity 24665K, committed 24832K, reserved 24960K
}
2016-03-09T22:46:32.993-0500: 816.828: Total time for which application threads were stopped: 0.0502201 seconds
2016-03-09T22:46:33.973-0500: 817.808: Total time for which application threads were stopped: 0.0003216 seconds
2016-03-09T22:46:34.893-0500: 818.727: Total time for which application threads were stopped: 0.0003410 seconds
2016-03-09T22:46:35.893-0500: 819.727: Total time for which application threads were stopped: 0.0002744 seconds
2016-03-09T22:46:36.629-0500: 820.463: Total time for which application threads were stopped: 0.0003109 seconds
2016-03-09T22:46:37.629-0500: 821.464: Total time for which application threads were stopped: 0.0003254 seconds
{Heap before GC invocations=13 (full 1):
 par new generation   total 109248K, used 107952K [0x11000000, 0x19000000, 0x19000000)
  eden space 87424K,  99% used [0x11000000, 0x16558038, 0x16560000)
  from space 21824K,  94% used [0x17ab0000, 0x18ec4338, 0x19000000)
  to   space 21824K,   0% used [0x16560000, 0x16560000, 0x17ab0000)
 concurrent mark-sweep generation total 393216K, used 6309K [0x19000000, 0x31000000, 0x31000000)
 Metaspace       used 24505K, capacity 24697K, committed 24832K, reserved 24960K
2016-03-09T22:46:37.635-0500: 821.470: [GC (Allocation Failure) 821.470: [ParNew
Desired survivor size 20112996 bytes, new threshold 8 (max 8)
- age   1:    1012624 bytes,    1012624 total
- age   2:    1308560 bytes,    2321184 total
- age   3:     208672 bytes,    2529856 total
- age   4:     474440 bytes,    3004296 total
- age   5:    1132184 bytes,    4136480 total
- age   6:    2231832 bytes,    6368312 total
- age   7:    4556432 bytes,   10924744 total
- age   8:    3214960 bytes,   14139704 total
: 107952K->16601K(109248K), 0.0507758 secs] 114262K->22994K(502464K), 0.0509663 secs] [Times: user=0.14 sys=0.00, real=0.05 secs] 
Heap after GC invocations=14 (full 1):
 par new generation   total 109248K, used 16601K [0x11000000, 0x19000000, 0x19000000)
  eden space 87424K,   0% used [0x11000000, 0x11000000, 0x16560000)
  from space 21824K,  76% used [0x16560000, 0x17596630, 0x17ab0000)
  to   space 21824K,   0% used [0x17ab0000, 0x17ab0000, 0x19000000)
 concurrent mark-sweep generation total 393216K, used 6393K [0x19000000, 0x31000000, 0x31000000)
 Metaspace       used 24505K, capacity 24697K, committed 24832K, reserved 24960K
}
2016-03-09T22:46:37.686-0500: 821.521: Total time for which application threads were stopped: 0.0515429 seconds
2016-03-09T22:46:38.687-0500: 822.521: Total time for which application threads were stopped: 0.0002756 seconds
2016-03-09T22:46:39.687-0500: 823.521: Total time for which application threads were stopped: 0.0002395 seconds
2016-03-09T22:46:40.687-0500: 824.522: Total time for which application threads were stopped: 0.0002239 seconds
{Heap before GC invocations=14 (full 1):
 par new generation   total 109248K, used 104025K [0x11000000, 0x19000000, 0x19000000)
  eden space 87424K, 100% used [0x11000000, 0x16560000, 0x16560000)
  from space 21824K,  76% used [0x16560000, 0x17596630, 0x17ab0000)
  to   space 21824K,   0% used [0x17ab0000, 0x17ab0000, 0x19000000)
 concurrent mark-sweep generation total 393216K, used 6393K [0x19000000, 0x31000000, 0x31000000)
 Metaspace       used 24530K, capacity 24729K, committed 24832K, reserved 24960K
2016-03-09T22:46:40.867-0500: 824.701: [GC (Allocation Failure) 824.701: [ParNew
Desired survivor size 20112996 bytes, new threshold 8 (max 8)
- age   1:    1229296 bytes,    1229296 total
- age   2:     460928 bytes,    1690224 total
- age   3:    1308504 bytes,    2998728 total
- age   4:     208672 bytes,    3207400 total
- age   5:     474440 bytes,    3681840 total
- age   6:    1132008 bytes,    4813848 total
- age   7:    2231848 bytes,    7045696 total
- age   8:    4556432 bytes,   11602128 total
: 104025K->14809K(109248K), 0.0437493 secs] 110418K->24481K(502464K), 0.0438983 secs] [Times: user=0.19 sys=0.00, real=0.04 secs] 
Heap after GC invocations=15 (full 1):
 par new generation   total 109248K, used 14809K [0x11000000, 0x19000000, 0x19000000)
  eden space 87424K,   0% used [0x11000000, 0x11000000, 0x16560000)
  from space 21824K,  67% used [0x17ab0000, 0x18926508, 0x19000000)
  to   space 21824K,   0% used [0x16560000, 0x16560000, 0x17ab0000)
 concurrent mark-sweep generation total 393216K, used 9672K [0x19000000, 0x31000000, 0x31000000)
 Metaspace       used 24530K, capacity 24729K, committed 24832K, reserved 24960K
}
2016-03-09T22:46:40.911-0500: 824.745: Total time for which application threads were stopped: 0.0444134 seconds
2016-03-09T22:46:41.911-0500: 825.746: Total time for which application threads were stopped: 0.0002376 seconds
2016-03-09T22:46:42.911-0500: 826.746: Total time for which application threads were stopped: 0.0001798 seconds
2016-03-09T22:46:43.291-0500: 827.126: Total time for which application threads were stopped: 0.0001733 seconds
2016-03-09T22:46:43.743-0500: 827.577: Total time for which application threads were stopped: 0.0002870 seconds
2016-03-09T22:46:43.790-0500: 827.624: Total time for which application threads were stopped: 0.0002824 seconds
2016-03-09T22:46:43.796-0500: 827.631: Total time for which application threads were stopped: 0.0003645 seconds
2016-03-09T22:46:43.803-0500: 827.638: Total time for which application threads were stopped: 0.0003258 seconds
2016-03-09T22:46:43.807-0500: 827.641: Total time for which application threads were stopped: 0.0003364 seconds
2016-03-09T22:46:43.807-0500: 827.641: Total time for which application threads were stopped: 0.0003018 seconds
{Heap before GC invocations=15 (full 1):
 par new generation   total 109248K, used 102233K [0x11000000, 0x19000000, 0x19000000)
  eden space 87424K, 100% used [0x11000000, 0x16560000, 0x16560000)
  from space 21824K,  67% used [0x17ab0000, 0x18926508, 0x19000000)
  to   space 21824K,   0% used [0x16560000, 0x16560000, 0x17ab0000)
 concurrent mark-sweep generation total 393216K, used 9672K [0x19000000, 0x31000000, 0x31000000)
 Metaspace       used 24557K, capacity 24729K, committed 24832K, reserved 24960K
2016-03-09T22:46:44.212-0500: 828.047: [GC (Allocation Failure) 828.047: [ParNew
Desired survivor size 20112996 bytes, new threshold 8 (max 8)
- age   1:    1280168 bytes,    1280168 total
- age   2:     294272 bytes,    1574440 total
- age   3:     216256 bytes,    1790696 total
- age   4:    1086952 bytes,    2877648 total
- age   5:     208672 bytes,    3086320 total
- age   6:     474264 bytes,    3560584 total
- age   7:    1131992 bytes,    4692576 total
- age   8:    2231480 bytes,    6924056 total
: 102233K->8939K(109248K), 0.0538879 secs] 111905K->23226K(502464K), 0.0541361 secs] [Times: user=0.16 sys=0.02, real=0.05 secs] 
Heap after GC invocations=16 (full 1):
 par new generation   total 109248K, used 8939K [0x11000000, 0x19000000, 0x19000000)
  eden space 87424K,   0% used [0x11000000, 0x11000000, 0x16560000)
  from space 21824K,  40% used [0x16560000, 0x16e1acd0, 0x17ab0000)
  to   space 21824K,   0% used [0x17ab0000, 0x17ab0000, 0x19000000)
 concurrent mark-sweep generation total 393216K, used 14287K [0x19000000, 0x31000000, 0x31000000)
 Metaspace       used 24557K, capacity 24729K, committed 24832K, reserved 24960K
}
2016-03-09T22:46:44.267-0500: 828.101: Total time for which application threads were stopped: 0.0550260 seconds
2016-03-09T22:46:44.267-0500: 828.102: Total time for which application threads were stopped: 0.0003619 seconds
2016-03-09T22:46:45.268-0500: 829.102: Total time for which application threads were stopped: 0.0002585 seconds
2016-03-09T22:46:45.744-0500: 829.578: Total time for which application threads were stopped: 0.0002995 seconds
2016-03-09T22:46:45.746-0500: 829.580: Total time for which application threads were stopped: 0.0002501 seconds
2016-03-09T22:46:45.803-0500: 829.637: Total time for which application threads were stopped: 0.0003714 seconds
2016-03-09T22:46:46.356-0500: 830.191: Total time for which application threads were stopped: 0.0002988 seconds
2016-03-09T22:46:46.876-0500: 830.710: Total time for which application threads were stopped: 0.0002425 seconds
2016-03-09T22:46:47.152-0500: 830.986: Total time for which application threads were stopped: 0.0002798 seconds
2016-03-09T22:46:48.152-0500: 831.986: Total time for which application threads were stopped: 0.0002015 seconds
2016-03-09T22:46:49.152-0500: 832.987: Total time for which application threads were stopped: 0.0002342 seconds
{Heap before GC invocations=16 (full 1):
 par new generation   total 109248K, used 96363K [0x11000000, 0x19000000, 0x19000000)
  eden space 87424K, 100% used [0x11000000, 0x16560000, 0x16560000)
  from space 21824K,  40% used [0x16560000, 0x16e1acd0, 0x17ab0000)
  to   space 21824K,   0% used [0x17ab0000, 0x17ab0000, 0x19000000)
 concurrent mark-sweep generation total 393216K, used 14287K [0x19000000, 0x31000000, 0x31000000)
 Metaspace       used 24586K, capacity 24793K, committed 24960K, reserved 24960K
2016-03-09T22:46:49.276-0500: 833.110: [GC (Allocation Failure) 833.110: [ParNew
Desired survivor size 20112996 bytes, new threshold 8 (max 8)
- age   1:     973440 bytes,     973440 total
- age   2:     736144 bytes,    1709584 total
- age   3:     229616 bytes,    1939200 total
- age   4:     151864 bytes,    2091064 total
- age   5:    1016480 bytes,    3107544 total
- age   6:     206480 bytes,    3314024 total
- age   7:     472064 bytes,    3786088 total
- age   8:    1127904 bytes,    4913992 total
: 96363K->7044K(109248K), 0.0382440 secs] 110650K->23525K(502464K), 0.0384755 secs] [Times: user=0.08 sys=0.00, real=0.04 secs] 
Heap after GC invocations=17 (full 1):
 par new generation   total 109248K, used 7044K [0x11000000, 0x19000000, 0x19000000)
  eden space 87424K,   0% used [0x11000000, 0x11000000, 0x16560000)
  from space 21824K,  32% used [0x17ab0000, 0x18191210, 0x19000000)
  to   space 21824K,   0% used [0x16560000, 0x16560000, 0x17ab0000)
 concurrent mark-sweep generation total 393216K, used 16480K [0x19000000, 0x31000000, 0x31000000)
 Metaspace       used 24586K, capacity 24793K, committed 24960K, reserved 24960K
}
2016-03-09T22:46:49.314-0500: 833.149: Total time for which application threads were stopped: 0.0391247 seconds
2016-03-09T22:46:50.314-0500: 834.149: Total time for which application threads were stopped: 0.0002186 seconds
2016-03-09T22:46:50.741-0500: 834.576: Total time for which application threads were stopped: 0.0002608 seconds
2016-03-09T22:46:51.741-0500: 835.576: Total time for which application threads were stopped: 0.0003452 seconds
2016-03-09T22:46:52.741-0500: 836.576: Total time for which application threads were stopped: 0.0002391 seconds
2016-03-09T22:46:52.785-0500: 836.620: Total time for which application threads were stopped: 0.0002418 seconds
2016-03-09T22:46:53.785-0500: 837.619: Total time for which application threads were stopped: 0.0002448 seconds
{Heap before GC invocations=17 (full 1):
 par new generation   total 109248K, used 94468K [0x11000000, 0x19000000, 0x19000000)
  eden space 87424K, 100% used [0x11000000, 0x16560000, 0x16560000)
  from space 21824K,  32% used [0x17ab0000, 0x18191210, 0x19000000)
  to   space 21824K,   0% used [0x16560000, 0x16560000, 0x17ab0000)
 concurrent mark-sweep generation total 393216K, used 16480K [0x19000000, 0x31000000, 0x31000000)
 Metaspace       used 24595K, capacity 24793K, committed 24960K, reserved 24960K
2016-03-09T22:46:54.023-0500: 837.857: [GC (Allocation Failure) 837.857: [ParNew
Desired survivor size 20112996 bytes, new threshold 8 (max 8)
- age   1:    1155680 bytes,    1155680 total
- age   2:     544592 bytes,    1700272 total
- age   3:     734720 bytes,    2434992 total
- age   4:     228384 bytes,    2663376 total
- age   5:     150696 bytes,    2814072 total
- age   6:    1014768 bytes,    3828840 total
- age   7:     205224 bytes,    4034064 total
- age   8:     470704 bytes,    4504768 total
: 94468K->6313K(109248K), 0.0246060 secs] 110949K->23900K(502464K), 0.0248683 secs] [Times: user=0.05 sys=0.00, real=0.03 secs] 
Heap after GC invocations=18 (full 1):
 par new generation   total 109248K, used 6313K [0x11000000, 0x19000000, 0x19000000)
  eden space 87424K,   0% used [0x11000000, 0x11000000, 0x16560000)
  from space 21824K,  28% used [0x16560000, 0x16b8a528, 0x17ab0000)
  to   space 21824K,   0% used [0x17ab0000, 0x17ab0000, 0x19000000)
 concurrent mark-sweep generation total 393216K, used 17586K [0x19000000, 0x31000000, 0x31000000)
 Metaspace       used 24595K, capacity 24793K, committed 24960K, reserved 24960K
}
2016-03-09T22:46:54.048-0500: 837.882: Total time for which application threads were stopped: 0.0255955 seconds
2016-03-09T22:46:55.049-0500: 838.883: Total time for which application threads were stopped: 0.0002056 seconds
2016-03-09T22:46:55.665-0500: 839.499: Total time for which application threads were stopped: 0.0002893 seconds
2016-03-09T22:46:56.666-0500: 840.500: Total time for which application threads were stopped: 0.0002353 seconds
2016-03-09T22:46:57.666-0500: 841.500: Total time for which application threads were stopped: 0.0001916 seconds
2016-03-09T22:46:57.711-0500: 841.545: Total time for which application threads were stopped: 0.0002501 seconds
{Heap before GC invocations=18 (full 1):
 par new generation   total 109248K, used 93737K [0x11000000, 0x19000000, 0x19000000)
  eden space 87424K, 100% used [0x11000000, 0x16560000, 0x16560000)
  from space 21824K,  28% used [0x16560000, 0x16b8a528, 0x17ab0000)
  to   space 21824K,   0% used [0x17ab0000, 0x17ab0000, 0x19000000)
 concurrent mark-sweep generation total 393216K, used 17586K [0x19000000, 0x31000000, 0x31000000)
 Metaspace       used 24608K, capacity 24825K, committed 24960K, reserved 24960K
2016-03-09T22:46:58.649-0500: 842.483: [GC (Allocation Failure) 842.483: [ParNew
Desired survivor size 20112996 bytes, new threshold 8 (max 8)
- age   1:    1286360 bytes,    1286360 total
- age   2:     676904 bytes,    1963264 total
- age   3:     543856 bytes,    2507120 total
- age   4:     734184 bytes,    3241304 total
- age   5:     227880 bytes,    3469184 total
- age   6:     150288 bytes,    3619472 total
- age   7:    1014288 bytes,    4633760 total
- age   8:     204880 bytes,    4838640 total
: 93737K->5877K(109248K), 0.0244505 secs] 111324K->23923K(502464K), 0.0246562 secs] [Times: user=0.08 sys=0.00, real=0.02 secs] 
Heap after GC invocations=19 (full 1):
 par new generation   total 109248K, used 5877K [0x11000000, 0x19000000, 0x19000000)
  eden space 87424K,   0% used [0x11000000, 0x11000000, 0x16560000)
  from space 21824K,  26% used [0x17ab0000, 0x1806d7e0, 0x19000000)
  to   space 21824K,   0% used [0x16560000, 0x16560000, 0x17ab0000)
 concurrent mark-sweep generation total 393216K, used 18045K [0x19000000, 0x31000000, 0x31000000)
 Metaspace       used 24608K, capacity 24825K, committed 24960K, reserved 24960K
}
2016-03-09T22:46:58.673-0500: 842.508: Total time for which application threads were stopped: 0.0252446 seconds
2016-03-09T22:46:58.775-0500: 842.610: Total time for which application threads were stopped: 0.0002980 seconds
2016-03-09T22:46:58.780-0500: 842.614: Total time for which application threads were stopped: 0.0002801 seconds
2016-03-09T22:46:58.828-0500: 842.663: Total time for which application threads were stopped: 0.0004531 seconds
2016-03-09T22:46:58.832-0500: 842.667: Total time for which application threads were stopped: 0.0003828 seconds
2016-03-09T22:46:58.833-0500: 842.667: Total time for which application threads were stopped: 0.0003539 seconds
2016-03-09T22:46:59.384-0500: 843.218: Total time for which application threads were stopped: 0.0004227 seconds
2016-03-09T22:47:00.384-0500: 844.219: Total time for which application threads were stopped: 0.0002395 seconds
2016-03-09T22:47:01.145-0500: 844.980: Total time for which application threads were stopped: 0.0002528 seconds
2016-03-09T22:47:01.865-0500: 845.699: Total time for which application threads were stopped: 0.0002885 seconds
2016-03-09T22:47:01.867-0500: 845.701: Total time for which application threads were stopped: 0.0002247 seconds
2016-03-09T22:47:01.924-0500: 845.759: Total time for which application threads were stopped: 0.0004463 seconds
2016-03-09T22:47:01.961-0500: 845.796: Total time for which application threads were stopped: 0.0002973 seconds
2016-03-09T22:47:01.971-0500: 845.806: Total time for which application threads were stopped: 0.0003353 seconds
{Heap before GC invocations=19 (full 1):
 par new generation   total 109248K, used 93301K [0x11000000, 0x19000000, 0x19000000)
  eden space 87424K, 100% used [0x11000000, 0x16560000, 0x16560000)
  from space 21824K,  26% used [0x17ab0000, 0x1806d7e0, 0x19000000)
  to   space 21824K,   0% used [0x16560000, 0x16560000, 0x17ab0000)
 concurrent mark-sweep generation total 393216K, used 18045K [0x19000000, 0x31000000, 0x31000000)
 Metaspace       used 24630K, capacity 24825K, committed 24960K, reserved 24960K
2016-03-09T22:47:02.801-0500: 846.636: [GC (Allocation Failure) 846.636: [ParNew
Desired survivor size 20112996 bytes, new threshold 8 (max 8)
- age   1:    1565416 bytes,    1565416 total
- age   2:     304512 bytes,    1869928 total
- age   3:     196416 bytes,    2066344 total
- age   4:     193920 bytes,    2260264 total
- age   5:     728496 bytes,    2988760 total
- age   6:     227704 bytes,    3216464 total
- age   7:     150048 bytes,    3366512 total
- age   8:    1013184 bytes,    4379696 total
: 93301K->7230K(109248K), 0.0186271 secs] 111347K->25476K(502464K), 0.0188126 secs] [Times: user=0.06 sys=0.00, real=0.02 secs] 
Heap after GC invocations=20 (full 1):
 par new generation   total 109248K, used 7230K [0x11000000, 0x19000000, 0x19000000)
  eden space 87424K,   0% used [0x11000000, 0x11000000, 0x16560000)
  from space 21824K,  33% used [0x16560000, 0x16c6fa08, 0x17ab0000)
  to   space 21824K,   0% used [0x17ab0000, 0x17ab0000, 0x19000000)
 concurrent mark-sweep generation total 393216K, used 18245K [0x19000000, 0x31000000, 0x31000000)
 Metaspace       used 24630K, capacity 24825K, committed 24960K, reserved 24960K
}
2016-03-09T22:47:02.820-0500: 846.655: Total time for which application threads were stopped: 0.0193995 seconds
2016-03-09T22:47:03.188-0500: 847.023: Total time for which application threads were stopped: 0.0002649 seconds
2016-03-09T22:47:04.189-0500: 848.023: Total time for which application threads were stopped: 0.0002608 seconds
2016-03-09T22:47:04.467-0500: 848.301: Total time for which application threads were stopped: 0.0003026 seconds
2016-03-09T22:47:05.064-0500: 848.899: Total time for which application threads were stopped: 0.0003106 seconds
2016-03-09T22:47:07.065-0500: 850.900: Total time for which application threads were stopped: 0.0002840 seconds
{Heap before GC invocations=20 (full 1):
 par new generation   total 109248K, used 94654K [0x11000000, 0x19000000, 0x19000000)
  eden space 87424K, 100% used [0x11000000, 0x16560000, 0x16560000)
  from space 21824K,  33% used [0x16560000, 0x16c6fa08, 0x17ab0000)
  to   space 21824K,   0% used [0x17ab0000, 0x17ab0000, 0x19000000)
 concurrent mark-sweep generation total 393216K, used 18245K [0x19000000, 0x31000000, 0x31000000)
 Metaspace       used 24632K, capacity 24825K, committed 24960K, reserved 24960K
2016-03-09T22:47:07.574-0500: 851.409: [GC (Allocation Failure) 851.409: [ParNew
Desired survivor size 20112996 bytes, new threshold 8 (max 8)
- age   1:    1287912 bytes,    1287912 total
- age   2:    1169008 bytes,    2456920 total
- age   3:     304256 bytes,    2761176 total
- age   4:     196176 bytes,    2957352 total
- age   5:     193760 bytes,    3151112 total
- age   6:     728224 bytes,    3879336 total
- age   7:     227456 bytes,    4106792 total
- age   8:     149840 bytes,    4256632 total
: 94654K->5255K(109248K), 0.0218634 secs] 112900K->24490K(502464K), 0.0220801 secs] [Times: user=0.02 sys=0.00, real=0.02 secs] 
Heap after GC invocations=21 (full 1):
 par new generation   total 109248K, used 5255K [0x11000000, 0x19000000, 0x19000000)
  eden space 87424K,   0% used [0x11000000, 0x11000000, 0x16560000)
  from space 21824K,  24% used [0x17ab0000, 0x17fd1de0, 0x19000000)
  to   space 21824K,   0% used [0x16560000, 0x16560000, 0x17ab0000)
 concurrent mark-sweep generation total 393216K, used 19235K [0x19000000, 0x31000000, 0x31000000)
 Metaspace       used 24632K, capacity 24825K, committed 24960K, reserved 24960K
}
2016-03-09T22:47:07.597-0500: 851.431: Total time for which application threads were stopped: 0.0228422 seconds
2016-03-09T22:47:08.597-0500: 852.432: Total time for which application threads were stopped: 0.0002767 seconds
2016-03-09T22:47:08.671-0500: 852.505: Total time for which application threads were stopped: 0.0003436 seconds
2016-03-09T22:47:10.671-0500: 854.506: Total time for which application threads were stopped: 0.0002231 seconds
2016-03-09T22:47:10.683-0500: 854.517: Total time for which application threads were stopped: 0.0002368 seconds
2016-03-09T22:47:10.919-0500: 854.754: Total time for which application threads were stopped: 0.0002372 seconds
{Heap before GC invocations=21 (full 1):
 par new generation   total 109248K, used 92679K [0x11000000, 0x19000000, 0x19000000)
  eden space 87424K, 100% used [0x11000000, 0x16560000, 0x16560000)
  from space 21824K,  24% used [0x17ab0000, 0x17fd1de0, 0x19000000)
  to   space 21824K,   0% used [0x16560000, 0x16560000, 0x17ab0000)
 concurrent mark-sweep generation total 393216K, used 19235K [0x19000000, 0x31000000, 0x31000000)
 Metaspace       used 24632K, capacity 24825K, committed 24960K, reserved 24960K
2016-03-09T22:47:12.291-0500: 856.125: [GC (Allocation Failure) 856.125: [ParNew
Desired survivor size 20112996 bytes, new threshold 8 (max 8)
- age   1:    2142008 bytes,    2142008 total
- age   2:     580088 bytes,    2722096 total
- age   3:    1168752 bytes,    3890848 total
- age   4:     304144 bytes,    4194992 total
- age   5:     195968 bytes,    4390960 total
- age   6:     193536 bytes,    4584496 total
- age   7:     726976 bytes,    5311472 total
- age   8:     227232 bytes,    5538704 total
: 92679K->7812K(109248K), 0.0232600 secs] 111914K->27194K(502464K), 0.0234892 secs] [Times: user=0.03 sys=0.00, real=0.02 secs] 
Heap after GC invocations=22 (full 1):
 par new generation   total 109248K, used 7812K [0x11000000, 0x19000000, 0x19000000)
  eden space 87424K,   0% used [0x11000000, 0x11000000, 0x16560000)
  from space 21824K,  35% used [0x16560000, 0x16d01380, 0x17ab0000)
  to   space 21824K,   0% used [0x17ab0000, 0x17ab0000, 0x19000000)
 concurrent mark-sweep generation total 393216K, used 19381K [0x19000000, 0x31000000, 0x31000000)
 Metaspace       used 24632K, capacity 24825K, committed 24960K, reserved 24960K
}
2016-03-09T22:47:12.315-0500: 856.149: Total time for which application threads were stopped: 0.0243373 seconds
2016-03-09T22:47:13.125-0500: 856.959: Total time for which application threads were stopped: 0.0002608 seconds
2016-03-09T22:47:13.797-0500: 857.632: Total time for which application threads were stopped: 0.0002706 seconds
2016-03-09T22:47:13.801-0500: 857.635: Total time for which application threads were stopped: 0.0002421 seconds
2016-03-09T22:47:13.856-0500: 857.690: Total time for which application threads were stopped: 0.0003695 seconds
2016-03-09T22:47:13.857-0500: 857.691: Total time for which application threads were stopped: 0.0003866 seconds
2016-03-09T22:47:13.857-0500: 857.691: Total time for which application threads were stopped: 0.0002668 seconds
2016-03-09T22:47:13.992-0500: 857.827: Total time for which application threads were stopped: 0.0003721 seconds
2016-03-09T22:47:14.059-0500: 857.893: Total time for which application threads were stopped: 0.0003269 seconds
2016-03-09T22:47:14.130-0500: 857.965: Total time for which application threads were stopped: 0.0002931 seconds
2016-03-09T22:47:14.131-0500: 857.965: Total time for which application threads were stopped: 0.0002079 seconds
2016-03-09T22:47:14.131-0500: 857.966: Total time for which application threads were stopped: 0.0003642 seconds
2016-03-09T22:47:14.132-0500: 857.966: Total time for which application threads were stopped: 0.0002300 seconds
2016-03-09T22:47:14.132-0500: 857.967: Total time for which application threads were stopped: 0.0002159 seconds
2016-03-09T22:47:14.132-0500: 857.967: Total time for which application threads were stopped: 0.0002330 seconds
2016-03-09T22:47:14.133-0500: 857.967: Total time for which application threads were stopped: 0.0002212 seconds
2016-03-09T22:47:14.141-0500: 857.976: Total time for which application threads were stopped: 0.0002809 seconds
2016-03-09T22:47:14.142-0500: 857.976: Total time for which application threads were stopped: 0.0002034 seconds
2016-03-09T22:47:14.937-0500: 858.771: Total time for which application threads were stopped: 0.0002855 seconds
2016-03-09T22:47:14.937-0500: 858.772: Total time for which application threads were stopped: 0.0001285 seconds
2016-03-09T22:47:14.939-0500: 858.774: Total time for which application threads were stopped: 0.0001410 seconds
2016-03-09T22:47:14.940-0500: 858.774: Total time for which application threads were stopped: 0.0001095 seconds
2016-03-09T22:47:14.971-0500: 858.805: Total time for which application threads were stopped: 0.0003132 seconds
2016-03-09T22:47:14.971-0500: 858.806: Total time for which application threads were stopped: 0.0002186 seconds
2016-03-09T22:47:14.972-0500: 858.807: Total time for which application threads were stopped: 0.0001745 seconds
2016-03-09T22:47:14.974-0500: 858.808: Total time for which application threads were stopped: 0.0002136 seconds
2016-03-09T22:47:14.975-0500: 858.809: Total time for which application threads were stopped: 0.0004493 seconds
2016-03-09T22:47:15.977-0500: 859.811: Total time for which application threads were stopped: 0.0013057 seconds
2016-03-09T22:47:16.124-0500: 859.959: Total time for which application threads were stopped: 0.0003820 seconds
2016-03-09T22:47:16.337-0500: 860.171: Total time for which application threads were stopped: 0.0003102 seconds
2016-03-09T22:47:16.443-0500: 860.277: Total time for which application threads were stopped: 0.0003269 seconds
{Heap before GC invocations=22 (full 1):
 par new generation   total 109248K, used 95236K [0x11000000, 0x19000000, 0x19000000)
  eden space 87424K, 100% used [0x11000000, 0x16560000, 0x16560000)
  from space 21824K,  35% used [0x16560000, 0x16d01380, 0x17ab0000)
  to   space 21824K,   0% used [0x17ab0000, 0x17ab0000, 0x19000000)
 concurrent mark-sweep generation total 393216K, used 19381K [0x19000000, 0x31000000, 0x31000000)
 Metaspace       used 24754K, capacity 24953K, committed 25088K, reserved 25984K
2016-03-09T22:47:16.494-0500: 860.328: [GC (Allocation Failure) 860.328: [ParNew
Desired survivor size 20112996 bytes, new threshold 8 (max 8)
- age   1:    2430280 bytes,    2430280 total
- age   2:     444360 bytes,    2874640 total
- age   3:     266992 bytes,    3141632 total
- age   4:     937424 bytes,    4079056 total
- age   5:     304024 bytes,    4383080 total
- age   6:     195776 bytes,    4578856 total
- age   7:     193296 bytes,    4772152 total
- age   8:     726832 bytes,    5498984 total
: 95236K->6854K(109248K), 0.0196439 secs] 114618K->26457K(502464K), 0.0198207 secs] [Times: user=0.03 sys=0.00, real=0.02 secs] 
Heap after GC invocations=23 (full 1):
 par new generation   total 109248K, used 6854K [0x11000000, 0x19000000, 0x19000000)
  eden space 87424K,   0% used [0x11000000, 0x11000000, 0x16560000)
  from space 21824K,  31% used [0x17ab0000, 0x181618e0, 0x19000000)
  to   space 21824K,   0% used [0x16560000, 0x16560000, 0x17ab0000)
 concurrent mark-sweep generation total 393216K, used 19603K [0x19000000, 0x31000000, 0x31000000)
 Metaspace       used 24754K, capacity 24953K, committed 25088K, reserved 25984K
}
2016-03-09T22:47:16.514-0500: 860.348: Total time for which application threads were stopped: 0.0206702 seconds
2016-03-09T22:47:16.525-0500: 860.359: Total time for which application threads were stopped: 0.0003493 seconds
2016-03-09T22:47:16.530-0500: 860.364: Total time for which application threads were stopped: 0.0002570 seconds
2016-03-09T22:47:16.531-0500: 860.366: Total time for which application threads were stopped: 0.0002315 seconds
2016-03-09T22:47:16.532-0500: 860.366: Total time for which application threads were stopped: 0.0001923 seconds
2016-03-09T22:47:16.532-0500: 860.366: Total time for which application threads were stopped: 0.0002037 seconds
2016-03-09T22:47:16.553-0500: 860.387: Total time for which application threads were stopped: 0.0002957 seconds
2016-03-09T22:47:16.678-0500: 860.512: Total time for which application threads were stopped: 0.0005641 seconds
2016-03-09T22:47:17.161-0500: 860.995: Total time for which application threads were stopped: 0.0002992 seconds
2016-03-09T22:47:17.283-0500: 861.117: Total time for which application threads were stopped: 0.0002247 seconds
2016-03-09T22:47:17.283-0500: 861.117: Total time for which application threads were stopped: 0.0001216 seconds
2016-03-09T22:47:17.283-0500: 861.117: Total time for which application threads were stopped: 0.0001501 seconds
2016-03-09T22:47:17.349-0500: 861.184: Total time for which application threads were stopped: 0.0003189 seconds
2016-03-09T22:47:17.369-0500: 861.203: Total time for which application threads were stopped: 0.0002060 seconds
2016-03-09T22:47:19.811-0500: 863.645: Total time for which application threads were stopped: 0.0002570 seconds
{Heap before GC invocations=23 (full 1):
 par new generation   total 109248K, used 94278K [0x11000000, 0x19000000, 0x19000000)
  eden space 87424K, 100% used [0x11000000, 0x16560000, 0x16560000)
  from space 21824K,  31% used [0x17ab0000, 0x181618e0, 0x19000000)
  to   space 21824K,   0% used [0x16560000, 0x16560000, 0x17ab0000)
 concurrent mark-sweep generation total 393216K, used 19603K [0x19000000, 0x31000000, 0x31000000)
 Metaspace       used 24769K, capacity 24953K, committed 25088K, reserved 25984K
2016-03-09T22:47:20.353-0500: 864.187: [GC (Allocation Failure) 864.187: [ParNew
Desired survivor size 20112996 bytes, new threshold 8 (max 8)
- age   1:     975208 bytes,     975208 total
- age   2:    1073184 bytes,    2048392 total
- age   3:     383592 bytes,    2431984 total
- age   4:     206960 bytes,    2638944 total
- age   5:     863976 bytes,    3502920 total
- age   6:     303864 bytes,    3806784 total
- age   7:     195632 bytes,    4002416 total
- age   8:     192112 bytes,    4194528 total
: 94278K->7069K(109248K), 0.0217319 secs] 113881K->27382K(502464K), 0.0219543 secs] [Times: user=0.02 sys=0.00, real=0.02 secs] 
Heap after GC invocations=24 (full 1):
 par new generation   total 109248K, used 7069K [0x11000000, 0x19000000, 0x19000000)
  eden space 87424K,   0% used [0x11000000, 0x11000000, 0x16560000)
  from space 21824K,  32% used [0x16560000, 0x16c475d0, 0x17ab0000)
  to   space 21824K,   0% used [0x17ab0000, 0x17ab0000, 0x19000000)
 concurrent mark-sweep generation total 393216K, used 20312K [0x19000000, 0x31000000, 0x31000000)
 Metaspace       used 24769K, capacity 24953K, committed 25088K, reserved 25984K
}
2016-03-09T22:47:20.375-0500: 864.209: Total time for which application threads were stopped: 0.0225343 seconds
2016-03-09T22:47:20.377-0500: 864.212: Total time for which application threads were stopped: 0.0004307 seconds
2016-03-09T22:47:24.379-0500: 868.214: Total time for which application threads were stopped: 0.0004037 seconds
{Heap before GC invocations=24 (full 1):
 par new generation   total 109248K, used 94493K [0x11000000, 0x19000000, 0x19000000)
  eden space 87424K, 100% used [0x11000000, 0x16560000, 0x16560000)
  from space 21824K,  32% used [0x16560000, 0x16c475d0, 0x17ab0000)
  to   space 21824K,   0% used [0x17ab0000, 0x17ab0000, 0x19000000)
 concurrent mark-sweep generation total 393216K, used 20312K [0x19000000, 0x31000000, 0x31000000)
 Metaspace       used 24769K, capacity 24953K, committed 25088K, reserved 25984K
2016-03-09T22:47:24.972-0500: 868.807: [GC (Allocation Failure) 868.807: [ParNew
Desired survivor size 20112996 bytes, new threshold 8 (max 8)
- age   1:    1015944 bytes,    1015944 total
- age   2:     509600 bytes,    1525544 total
- age   3:    1072808 bytes,    2598352 total
- age   4:     383416 bytes,    2981768 total
- age   5:     206864 bytes,    3188632 total
- age   6:     863832 bytes,    4052464 total
- age   7:     303736 bytes,    4356200 total
- age   8:     195520 bytes,    4551720 total
: 94493K->5505K(109248K), 0.0220668 secs] 114806K->26006K(502464K), 0.0223120 secs] [Times: user=0.05 sys=0.00, real=0.02 secs] 
Heap after GC invocations=25 (full 1):
 par new generation   total 109248K, used 5505K [0x11000000, 0x19000000, 0x19000000)
  eden space 87424K,   0% used [0x11000000, 0x11000000, 0x16560000)
  from space 21824K,  25% used [0x17ab0000, 0x18010720, 0x19000000)
  to   space 21824K,   0% used [0x16560000, 0x16560000, 0x17ab0000)
 concurrent mark-sweep generation total 393216K, used 20500K [0x19000000, 0x31000000, 0x31000000)
 Metaspace       used 24769K, capacity 24953K, committed 25088K, reserved 25984K
}
2016-03-09T22:47:24.995-0500: 868.829: Total time for which application threads were stopped: 0.0228920 seconds
2016-03-09T22:47:25.995-0500: 869.830: Total time for which application threads were stopped: 0.0002703 seconds
2016-03-09T22:47:26.996-0500: 870.830: Total time for which application threads were stopped: 0.0003638 seconds
2016-03-09T22:47:27.996-0500: 871.830: Total time for which application threads were stopped: 0.0002630 seconds
{Heap before GC invocations=25 (full 1):
 par new generation   total 109248K, used 92929K [0x11000000, 0x19000000, 0x19000000)
  eden space 87424K, 100% used [0x11000000, 0x16560000, 0x16560000)
  from space 21824K,  25% used [0x17ab0000, 0x18010720, 0x19000000)
  to   space 21824K,   0% used [0x16560000, 0x16560000, 0x17ab0000)
 concurrent mark-sweep generation total 393216K, used 20500K [0x19000000, 0x31000000, 0x31000000)
 Metaspace       used 24769K, capacity 24953K, committed 25088K, reserved 25984K
2016-03-09T22:47:28.715-0500: 872.549: [GC (Allocation Failure) 872.549: [ParNew
Desired survivor size 20112996 bytes, new threshold 8 (max 8)
- age   1:    1249472 bytes,    1249472 total
- age   2:     505280 bytes,    1754752 total
- age   3:     482704 bytes,    2237456 total
- age   4:    1072776 bytes,    3310232 total
- age   5:     383288 bytes,    3693520 total
- age   6:     206720 bytes,    3900240 total
- age   7:     863720 bytes,    4763960 total
- age   8:     303608 bytes,    5067568 total
: 92929K->6797K(109248K), 0.0205938 secs] 113430K->27488K(502464K), 0.0208116 secs] [Times: user=0.01 sys=0.00, real=0.02 secs] 
Heap after GC invocations=26 (full 1):
 par new generation   total 109248K, used 6797K [0x11000000, 0x19000000, 0x19000000)
  eden space 87424K,   0% used [0x11000000, 0x11000000, 0x16560000)
  from space 21824K,  31% used [0x16560000, 0x16c03668, 0x17ab0000)
  to   space 21824K,   0% used [0x17ab0000, 0x17ab0000, 0x19000000)
 concurrent mark-sweep generation total 393216K, used 20691K [0x19000000, 0x31000000, 0x31000000)
 Metaspace       used 24769K, capacity 24953K, committed 25088K, reserved 25984K
}
2016-03-09T22:47:28.736-0500: 872.570: Total time for which application threads were stopped: 0.0213982 seconds
2016-03-09T22:47:28.826-0500: 872.661: Total time for which application threads were stopped: 0.0004299 seconds
2016-03-09T22:47:28.833-0500: 872.668: Total time for which application threads were stopped: 0.0003007 seconds
2016-03-09T22:47:28.857-0500: 872.692: Total time for which application threads were stopped: 0.0004006 seconds
2016-03-09T22:47:28.858-0500: 872.692: Total time for which application threads were stopped: 0.0003501 seconds
2016-03-09T22:47:28.858-0500: 872.693: Total time for which application threads were stopped: 0.0003611 seconds
2016-03-09T22:47:28.964-0500: 872.799: Total time for which application threads were stopped: 0.0004710 seconds
2016-03-09T22:47:29.964-0500: 873.799: Total time for which application threads were stopped: 0.0002528 seconds
2016-03-09T22:47:30.705-0500: 874.540: Total time for which application threads were stopped: 0.0001916 seconds
2016-03-09T22:47:30.707-0500: 874.542: Total time for which application threads were stopped: 0.0002786 seconds
2016-03-09T22:47:30.833-0500: 874.667: Total time for which application threads were stopped: 0.0001999 seconds
2016-03-09T22:47:30.850-0500: 874.684: Total time for which application threads were stopped: 0.0002376 seconds
{Heap before GC invocations=26 (full 1):
 par new generation   total 109248K, used 94221K [0x11000000, 0x19000000, 0x19000000)
  eden space 87424K, 100% used [0x11000000, 0x16560000, 0x16560000)
  from space 21824K,  31% used [0x16560000, 0x16c03668, 0x17ab0000)
  to   space 21824K,   0% used [0x17ab0000, 0x17ab0000, 0x19000000)
 concurrent mark-sweep generation total 393216K, used 20691K [0x19000000, 0x31000000, 0x31000000)
 Metaspace       used 24778K, capacity 24953K, committed 25088K, reserved 25984K
2016-03-09T22:47:31.267-0500: 875.102: [GC (Allocation Failure) 875.102: [ParNew
Desired survivor size 20112996 bytes, new threshold 8 (max 8)
- age   1:    1426976 bytes,    1426976 total
- age   2:     203640 bytes,    1630616 total
- age   3:     116088 bytes,    1746704 total
- age   4:      98648 bytes,    1845352 total
- age   5:     212352 bytes,    2057704 total
- age   6:      13792 bytes,    2071496 total
- age   7:      16352 bytes,    2087848 total
- age   8:      87056 bytes,    2174904 total
: 94221K->3533K(109248K), 0.0126060 secs] 114912K->24521K(502464K), 0.0127493 secs] [Times: user=0.01 sys=0.00, real=0.01 secs] 
Heap after GC invocations=27 (full 1):
 par new generation   total 109248K, used 3533K [0x11000000, 0x19000000, 0x19000000)
  eden space 87424K,   0% used [0x11000000, 0x11000000, 0x16560000)
  from space 21824K,  16% used [0x17ab0000, 0x17e23660, 0x19000000)
  to   space 21824K,   0% used [0x16560000, 0x16560000, 0x17ab0000)
 concurrent mark-sweep generation total 393216K, used 20987K [0x19000000, 0x31000000, 0x31000000)
 Metaspace       used 24778K, capacity 24953K, committed 25088K, reserved 25984K
}
2016-03-09T22:47:31.280-0500: 875.115: Total time for which application threads were stopped: 0.0130910 seconds
2016-03-09T22:47:32.281-0500: 876.115: Total time for which application threads were stopped: 0.0002642 seconds
2016-03-09T22:47:33.281-0500: 877.116: Total time for which application threads were stopped: 0.0002779 seconds
2016-03-09T22:47:35.282-0500: 879.116: Total time for which application threads were stopped: 0.0002247 seconds
{Heap before GC invocations=27 (full 1):
 par new generation   total 109248K, used 90957K [0x11000000, 0x19000000, 0x19000000)
  eden space 87424K, 100% used [0x11000000, 0x16560000, 0x16560000)
  from space 21824K,  16% used [0x17ab0000, 0x17e23660, 0x19000000)
  to   space 21824K,   0% used [0x16560000, 0x16560000, 0x17ab0000)
 concurrent mark-sweep generation total 393216K, used 20987K [0x19000000, 0x31000000, 0x31000000)
 Metaspace       used 24778K, capacity 24953K, committed 25088K, reserved 25984K
2016-03-09T22:47:35.774-0500: 879.609: [GC (Allocation Failure) 879.609: [ParNew
Desired survivor size 20112996 bytes, new threshold 8 (max 8)
- age   1:     982712 bytes,     982712 total
- age   2:    1104064 bytes,    2086776 total
- age   3:     203480 bytes,    2290256 total
- age   4:     115880 bytes,    2406136 total
- age   5:      98544 bytes,    2504680 total
- age   6:     212320 bytes,    2717000 total
- age   7:      13728 bytes,    2730728 total
- age   8:      16256 bytes,    2746984 total
: 90957K->3467K(109248K), 0.0144834 secs] 111945K->24540K(502464K), 0.0146639 secs] [Times: user=0.00 sys=0.00, real=0.02 secs] 
Heap after GC invocations=28 (full 1):
 par new generation   total 109248K, used 3467K [0x11000000, 0x19000000, 0x19000000)
  eden space 87424K,   0% used [0x11000000, 0x11000000, 0x16560000)
  from space 21824K,  15% used [0x16560000, 0x168c2eb0, 0x17ab0000)
  to   space 21824K,   0% used [0x17ab0000, 0x17ab0000, 0x19000000)
 concurrent mark-sweep generation total 393216K, used 21072K [0x19000000, 0x31000000, 0x31000000)
 Metaspace       used 24778K, capacity 24953K, committed 25088K, reserved 25984K
}
2016-03-09T22:47:35.790-0500: 879.624: Total time for which application threads were stopped: 0.0152691 seconds
2016-03-09T22:47:36.307-0500: 880.142: Total time for which application threads were stopped: 0.0002376 seconds
2016-03-09T22:47:37.308-0500: 881.142: Total time for which application threads were stopped: 0.0003794 seconds
2016-03-09T22:47:37.935-0500: 881.769: Total time for which application threads were stopped: 0.0002372 seconds
2016-03-09T22:47:38.935-0500: 882.769: Total time for which application threads were stopped: 0.0002509 seconds
2016-03-09T22:47:39.505-0500: 883.339: Total time for which application threads were stopped: 0.0003231 seconds
{Heap before GC invocations=28 (full 1):
 par new generation   total 109248K, used 90891K [0x11000000, 0x19000000, 0x19000000)
  eden space 87424K, 100% used [0x11000000, 0x16560000, 0x16560000)
  from space 21824K,  15% used [0x16560000, 0x168c2eb0, 0x17ab0000)
  to   space 21824K,   0% used [0x17ab0000, 0x17ab0000, 0x19000000)
 concurrent mark-sweep generation total 393216K, used 21072K [0x19000000, 0x31000000, 0x31000000)
 Metaspace       used 24778K, capacity 24953K, committed 25088K, reserved 25984K
2016-03-09T22:47:40.007-0500: 883.841: [GC (Allocation Failure) 883.841: [ParNew
Desired survivor size 20112996 bytes, new threshold 8 (max 8)
- age   1:    1342296 bytes,    1342296 total
- age   2:     449120 bytes,    1791416 total
- age   3:    1103928 bytes,    2895344 total
- age   4:     203272 bytes,    3098616 total
- age   5:     115720 bytes,    3214336 total
- age   6:      98480 bytes,    3312816 total
- age   7:     212256 bytes,    3525072 total
- age   8:      13584 bytes,    3538656 total
: 90891K->4342K(109248K), 0.0217281 secs] 111964K->25430K(502464K), 0.0219429 secs] [Times: user=0.09 sys=0.00, real=0.02 secs] 
Heap after GC invocations=29 (full 1):
 par new generation   total 109248K, used 4342K [0x11000000, 0x19000000, 0x19000000)
  eden space 87424K,   0% used [0x11000000, 0x11000000, 0x16560000)
  from space 21824K,  19% used [0x17ab0000, 0x17eedb70, 0x19000000)
  to   space 21824K,   0% used [0x16560000, 0x16560000, 0x17ab0000)
 concurrent mark-sweep generation total 393216K, used 21088K [0x19000000, 0x31000000, 0x31000000)
 Metaspace       used 24778K, capacity 24953K, committed 25088K, reserved 25984K
}
2016-03-09T22:47:40.029-0500: 883.863: Total time for which application threads were stopped: 0.0225248 seconds
2016-03-09T22:47:40.952-0500: 884.786: Total time for which application threads were stopped: 0.0002513 seconds
2016-03-09T22:47:43.237-0500: 887.072: Total time for which application threads were stopped: 0.0002307 seconds
2016-03-09T22:47:43.840-0500: 887.675: Total time for which application threads were stopped: 0.0004185 seconds
2016-03-09T22:47:43.845-0500: 887.679: Total time for which application threads were stopped: 0.0003387 seconds
2016-03-09T22:47:43.927-0500: 887.761: Total time for which application threads were stopped: 0.0003778 seconds
2016-03-09T22:47:43.927-0500: 887.762: Total time for which application threads were stopped: 0.0003611 seconds
2016-03-09T22:47:43.928-0500: 887.762: Total time for which application threads were stopped: 0.0002988 seconds
2016-03-09T22:47:44.199-0500: 888.034: Total time for which application threads were stopped: 0.0003794 seconds
2016-03-09T22:47:44.278-0500: 888.113: Total time for which application threads were stopped: 0.0003558 seconds
{Heap before GC invocations=29 (full 1):
 par new generation   total 109248K, used 91766K [0x11000000, 0x19000000, 0x19000000)
  eden space 87424K, 100% used [0x11000000, 0x16560000, 0x16560000)
  from space 21824K,  19% used [0x17ab0000, 0x17eedb70, 0x19000000)
  to   space 21824K,   0% used [0x16560000, 0x16560000, 0x17ab0000)
 concurrent mark-sweep generation total 393216K, used 21088K [0x19000000, 0x31000000, 0x31000000)
 Metaspace       used 24781K, capacity 24953K, committed 25088K, reserved 25984K
2016-03-09T22:47:44.412-0500: 888.246: [GC (Allocation Failure) 888.246: [ParNew
Desired survivor size 20112996 bytes, new threshold 8 (max 8)
- age   1:    1386200 bytes,    1386200 total
- age   2:     317496 bytes,    1703696 total
- age   3:     200640 bytes,    1904336 total
- age   4:     913536 bytes,    2817872 total
- age   5:     203224 bytes,    3021096 total
- age   6:     115576 bytes,    3136672 total
- age   7:      98304 bytes,    3234976 total
- age   8:     212224 bytes,    3447200 total
: 91766K->4207K(109248K), 0.0211260 secs] 112854K->25308K(502464K), 0.0215894 secs] [Times: user=0.11 sys=0.01, real=0.02 secs] 
Heap after GC invocations=30 (full 1):
 par new generation   total 109248K, used 4207K [0x11000000, 0x19000000, 0x19000000)
  eden space 87424K,   0% used [0x11000000, 0x11000000, 0x16560000)
  from space 21824K,  19% used [0x16560000, 0x1697bf50, 0x17ab0000)
  to   space 21824K,   0% used [0x17ab0000, 0x17ab0000, 0x19000000)
 concurrent mark-sweep generation total 393216K, used 21100K [0x19000000, 0x31000000, 0x31000000)
 Metaspace       used 24781K, capacity 24953K, committed 25088K, reserved 25984K
}
2016-03-09T22:47:44.434-0500: 888.268: Total time for which application threads were stopped: 0.0224587 seconds
2016-03-09T22:47:44.546-0500: 888.381: Total time for which application threads were stopped: 0.0003322 seconds
2016-03-09T22:47:45.312-0500: 889.146: Total time for which application threads were stopped: 0.0002684 seconds
2016-03-09T22:47:45.314-0500: 889.148: Total time for which application threads were stopped: 0.0002269 seconds
2016-03-09T22:47:45.348-0500: 889.183: Total time for which application threads were stopped: 0.0002954 seconds
2016-03-09T22:47:45.386-0500: 889.220: Total time for which application threads were stopped: 0.0003562 seconds
2016-03-09T22:47:47.386-0500: 891.221: Total time for which application threads were stopped: 0.0002494 seconds
2016-03-09T22:47:47.422-0500: 891.256: Total time for which application threads were stopped: 0.0003026 seconds
2016-03-09T22:47:48.139-0500: 891.974: Total time for which application threads were stopped: 0.0002296 seconds
{Heap before GC invocations=30 (full 1):
 par new generation   total 109248K, used 91631K [0x11000000, 0x19000000, 0x19000000)
  eden space 87424K, 100% used [0x11000000, 0x16560000, 0x16560000)
  from space 21824K,  19% used [0x16560000, 0x1697bf50, 0x17ab0000)
  to   space 21824K,   0% used [0x17ab0000, 0x17ab0000, 0x19000000)
 concurrent mark-sweep generation total 393216K, used 21100K [0x19000000, 0x31000000, 0x31000000)
 Metaspace       used 24782K, capacity 24953K, committed 25088K, reserved 25984K
2016-03-09T22:47:49.103-0500: 892.938: [GC (Allocation Failure) 892.938: [ParNew
Desired survivor size 20112996 bytes, new threshold 8 (max 8)
- age   1:    1280416 bytes,    1280416 total
- age   2:     824840 bytes,    2105256 total
- age   3:     252776 bytes,    2358032 total
- age   4:     138216 bytes,    2496248 total
- age   5:     847304 bytes,    3343552 total
- age   6:     203096 bytes,    3546648 total
- age   7:     115512 bytes,    3662160 total
- age   8:      98192 bytes,    3760352 total
: 91631K->5645K(109248K), 0.0190376 secs] 112732K->26953K(502464K), 0.0192729 secs] [Times: user=0.02 sys=0.00, real=0.02 secs] 
Heap after GC invocations=31 (full 1):
 par new generation   total 109248K, used 5645K [0x11000000, 0x19000000, 0x19000000)
  eden space 87424K,   0% used [0x11000000, 0x11000000, 0x16560000)
  from space 21824K,  25% used [0x17ab0000, 0x180336a8, 0x19000000)
  to   space 21824K,   0% used [0x16560000, 0x16560000, 0x17ab0000)
 concurrent mark-sweep generation total 393216K, used 21307K [0x19000000, 0x31000000, 0x31000000)
 Metaspace       used 24782K, capacity 24953K, committed 25088K, reserved 25984K
}
2016-03-09T22:47:49.123-0500: 892.957: Total time for which application threads were stopped: 0.0199529 seconds
2016-03-09T22:47:49.192-0500: 893.026: Total time for which application threads were stopped: 0.0002262 seconds
2016-03-09T22:47:49.908-0500: 893.742: Total time for which application threads were stopped: 0.0002288 seconds
2016-03-09T22:47:50.908-0500: 894.743: Total time for which application threads were stopped: 0.0003018 seconds
2016-03-09T22:47:53.030-0500: 896.864: Total time for which application threads were stopped: 0.0002912 seconds
{Heap before GC invocations=31 (full 1):
 par new generation   total 109248K, used 93069K [0x11000000, 0x19000000, 0x19000000)
  eden space 87424K, 100% used [0x11000000, 0x16560000, 0x16560000)
  from space 21824K,  25% used [0x17ab0000, 0x180336a8, 0x19000000)
  to   space 21824K,   0% used [0x16560000, 0x16560000, 0x17ab0000)
 concurrent mark-sweep generation total 393216K, used 21307K [0x19000000, 0x31000000, 0x31000000)
 Metaspace       used 24782K, capacity 24953K, committed 25088K, reserved 25984K
2016-03-09T22:47:53.787-0500: 897.622: [GC (Allocation Failure) 897.622: [ParNew
Desired survivor size 20112996 bytes, new threshold 8 (max 8)
- age   1:    1398728 bytes,    1398728 total
- age   2:     706240 bytes,    2104968 total
- age   3:     824712 bytes,    2929680 total
- age   4:     252712 bytes,    3182392 total
- age   5:     138056 bytes,    3320448 total
- age   6:     847240 bytes,    4167688 total
- age   7:     202984 bytes,    4370672 total
- age   8:     115432 bytes,    4486104 total
: 93069K->5173K(109248K), 0.0218144 secs] 114377K->26577K(502464K), 0.0220596 secs] [Times: user=0.05 sys=0.00, real=0.02 secs] 
Heap after GC invocations=32 (full 1):
 par new generation   total 109248K, used 5173K [0x11000000, 0x19000000, 0x19000000)
  eden space 87424K,   0% used [0x11000000, 0x11000000, 0x16560000)
  from space 21824K,  23% used [0x16560000, 0x16a6d6c0, 0x17ab0000)
  to   space 21824K,   0% used [0x17ab0000, 0x17ab0000, 0x19000000)
 concurrent mark-sweep generation total 393216K, used 21403K [0x19000000, 0x31000000, 0x31000000)
 Metaspace       used 24782K, capacity 24953K, committed 25088K, reserved 25984K
}
2016-03-09T22:47:53.810-0500: 897.645: Total time for which application threads were stopped: 0.0226746 seconds
2016-03-09T22:47:54.811-0500: 898.645: Total time for which application threads were stopped: 0.0003965 seconds
2016-03-09T22:47:55.669-0500: 899.504: Total time for which application threads were stopped: 0.0002448 seconds
2016-03-09T22:47:56.509-0500: 900.343: Total time for which application threads were stopped: 0.0002881 seconds
2016-03-09T22:47:56.804-0500: 900.639: Total time for which application threads were stopped: 0.0003193 seconds
2016-03-09T22:47:57.780-0500: 901.615: Total time for which application threads were stopped: 0.0002326 seconds
2016-03-09T22:47:57.881-0500: 901.716: Total time for which application threads were stopped: 0.0002562 seconds
2016-03-09T22:47:58.402-0500: 902.236: Total time for which application threads were stopped: 0.0002509 seconds
{Heap before GC invocations=32 (full 1):
 par new generation   total 109248K, used 92597K [0x11000000, 0x19000000, 0x19000000)
  eden space 87424K, 100% used [0x11000000, 0x16560000, 0x16560000)
  from space 21824K,  23% used [0x16560000, 0x16a6d6c0, 0x17ab0000)
  to   space 21824K,   0% used [0x17ab0000, 0x17ab0000, 0x19000000)
 concurrent mark-sweep generation total 393216K, used 21403K [0x19000000, 0x31000000, 0x31000000)
 Metaspace       used 24782K, capacity 24953K, committed 25088K, reserved 25984K
2016-03-09T22:47:58.671-0500: 902.506: [GC (Allocation Failure) 902.506: [ParNew
Desired survivor size 20112996 bytes, new threshold 8 (max 8)
- age   1:    1205088 bytes,    1205088 total
- age   2:     801064 bytes,    2006152 total
- age   3:     706112 bytes,    2712264 total
- age   4:     824648 bytes,    3536912 total
- age   5:     252552 bytes,    3789464 total
- age   6:     138040 bytes,    3927504 total
- age   7:     847160 bytes,    4774664 total
- age   8:     202872 bytes,    4977536 total
: 92597K->7433K(109248K), 0.0192733 secs] 114001K->28949K(502464K), 0.0194900 secs] [Times: user=0.05 sys=0.00, real=0.02 secs] 
Heap after GC invocations=33 (full 1):
 par new generation   total 109248K, used 7433K [0x11000000, 0x19000000, 0x19000000)
  eden space 87424K,   0% used [0x11000000, 0x11000000, 0x16560000)
  from space 21824K,  34% used [0x17ab0000, 0x181f26c0, 0x19000000)
  to   space 21824K,   0% used [0x16560000, 0x16560000, 0x17ab0000)
 concurrent mark-sweep generation total 393216K, used 21516K [0x19000000, 0x31000000, 0x31000000)
 Metaspace       used 24782K, capacity 24953K, committed 25088K, reserved 25984K
}
2016-03-09T22:47:58.691-0500: 902.526: Total time for which application threads were stopped: 0.0201966 seconds
2016-03-09T22:47:58.868-0500: 902.702: Total time for which application threads were stopped: 0.0003398 seconds
2016-03-09T22:47:58.871-0500: 902.705: Total time for which application threads were stopped: 0.0003014 seconds
2016-03-09T22:47:58.900-0500: 902.734: Total time for which application threads were stopped: 0.0002893 seconds
2016-03-09T22:47:58.900-0500: 902.734: Total time for which application threads were stopped: 0.0002710 seconds
2016-03-09T22:47:58.900-0500: 902.735: Total time for which application threads were stopped: 0.0002342 seconds
2016-03-09T22:47:59.900-0500: 903.735: Total time for which application threads were stopped: 0.0002228 seconds
2016-03-09T22:48:00.044-0500: 903.880: Total time for which application threads were stopped: 0.0002463 seconds
2016-03-09T22:48:00.130-0500: 903.964: Total time for which application threads were stopped: 0.0002068 seconds
2016-03-09T22:48:00.131-0500: 903.966: Total time for which application threads were stopped: 0.0002680 seconds
2016-03-09T22:48:00.167-0500: 904.001: Total time for which application threads were stopped: 0.0002699 seconds
2016-03-09T22:48:00.434-0500: 904.268: Total time for which application threads were stopped: 0.0002741 seconds
2016-03-09T22:48:00.545-0500: 904.380: Total time for which application threads were stopped: 0.0002167 seconds
2016-03-09T22:48:03.049-0500: 906.883: Total time for which application threads were stopped: 0.0002410 seconds
{Heap before GC invocations=33 (full 1):
 par new generation   total 109248K, used 94857K [0x11000000, 0x19000000, 0x19000000)
  eden space 87424K, 100% used [0x11000000, 0x16560000, 0x16560000)
  from space 21824K,  34% used [0x17ab0000, 0x181f26c0, 0x19000000)
  to   space 21824K,   0% used [0x16560000, 0x16560000, 0x17ab0000)
 concurrent mark-sweep generation total 393216K, used 21516K [0x19000000, 0x31000000, 0x31000000)
 Metaspace       used 24789K, capacity 24985K, committed 25088K, reserved 25984K
2016-03-09T22:48:03.072-0500: 906.906: [GC (Allocation Failure) 906.906: [ParNew
Desired survivor size 20112996 bytes, new threshold 8 (max 8)
- age   1:    1503448 bytes,    1503448 total
- age   2:     116128 bytes,    1619576 total
- age   3:     277464 bytes,    1897040 total
- age   4:     227736 bytes,    2124776 total
- age   5:     818064 bytes,    2942840 total
- age   6:     252504 bytes,    3195344 total
- age   7:     137928 bytes,    3333272 total
- age   8:     846680 bytes,    4179952 total
: 94857K->5361K(109248K), 0.0214875 secs] 116373K->27075K(502464K), 0.0217213 secs] [Times: user=0.02 sys=0.00, real=0.02 secs] 
Heap after GC invocations=34 (full 1):
 par new generation   total 109248K, used 5361K [0x11000000, 0x19000000, 0x19000000)
  eden space 87424K,   0% used [0x11000000, 0x11000000, 0x16560000)
  from space 21824K,  24% used [0x16560000, 0x16a9c460, 0x17ab0000)
  to   space 21824K,   0% used [0x17ab0000, 0x17ab0000, 0x19000000)
 concurrent mark-sweep generation total 393216K, used 21714K [0x19000000, 0x31000000, 0x31000000)
 Metaspace       used 24789K, capacity 24985K, committed 25088K, reserved 25984K
}
2016-03-09T22:48:03.094-0500: 906.928: Total time for which application threads were stopped: 0.0222979 seconds
2016-03-09T22:48:03.662-0500: 907.497: Total time for which application threads were stopped: 0.0002342 seconds
2016-03-09T22:48:05.202-0500: 909.037: Total time for which application threads were stopped: 0.0002927 seconds
2016-03-09T22:48:06.789-0500: 910.623: Total time for which application threads were stopped: 0.0002543 seconds
2016-03-09T22:48:07.134-0500: 910.969: Total time for which application threads were stopped: 0.0004151 seconds
{Heap before GC invocations=34 (full 1):
 par new generation   total 109248K, used 92785K [0x11000000, 0x19000000, 0x19000000)
  eden space 87424K, 100% used [0x11000000, 0x16560000, 0x16560000)
  from space 21824K,  24% used [0x16560000, 0x16a9c460, 0x17ab0000)
  to   space 21824K,   0% used [0x17ab0000, 0x17ab0000, 0x19000000)
 concurrent mark-sweep generation total 393216K, used 21714K [0x19000000, 0x31000000, 0x31000000)
 Metaspace       used 24789K, capacity 24985K, committed 25088K, reserved 25984K
2016-03-09T22:48:07.607-0500: 911.441: [GC (Allocation Failure) 911.441: [ParNew
Desired survivor size 20112996 bytes, new threshold 8 (max 8)
- age   1:     934344 bytes,     934344 total
- age   2:    1122816 bytes,    2057160 total
- age   3:     116016 bytes,    2173176 total
- age   4:     277352 bytes,    2450528 total
- age   5:     227672 bytes,    2678200 total
- age   6:     817984 bytes,    3496184 total
- age   7:     252472 bytes,    3748656 total
- age   8:     137864 bytes,    3886520 total
: 92785K->5167K(109248K), 0.0194143 secs] 114499K->27708K(502464K), 0.0196276 secs] [Times: user=0.02 sys=0.00, real=0.02 secs] 
Heap after GC invocations=35 (full 1):
 par new generation   total 109248K, used 5167K [0x11000000, 0x19000000, 0x19000000)
  eden space 87424K,   0% used [0x11000000, 0x11000000, 0x16560000)
  from space 21824K,  23% used [0x17ab0000, 0x17fbbc70, 0x19000000)
  to   space 21824K,   0% used [0x16560000, 0x16560000, 0x17ab0000)
 concurrent mark-sweep generation total 393216K, used 22541K [0x19000000, 0x31000000, 0x31000000)
 Metaspace       used 24789K, capacity 24985K, committed 25088K, reserved 25984K
}
2016-03-09T22:48:07.626-0500: 911.461: Total time for which application threads were stopped: 0.0201924 seconds
{Heap before GC invocations=35 (full 1):
 par new generation   total 109248K, used 92591K [0x11000000, 0x19000000, 0x19000000)
  eden space 87424K, 100% used [0x11000000, 0x16560000, 0x16560000)
  from space 21824K,  23% used [0x17ab0000, 0x17fbbc70, 0x19000000)
  to   space 21824K,   0% used [0x16560000, 0x16560000, 0x17ab0000)
 concurrent mark-sweep generation total 393216K, used 22541K [0x19000000, 0x31000000, 0x31000000)
 Metaspace       used 24789K, capacity 24985K, committed 25088K, reserved 25984K
2016-03-09T22:48:11.631-0500: 915.465: [GC (Allocation Failure) 915.465: [ParNew
Desired survivor size 20112996 bytes, new threshold 8 (max 8)
- age   1:    1220864 bytes,    1220864 total
- age   2:     470928 bytes,    1691792 total
- age   3:    1079376 bytes,    2771168 total
- age   4:     115936 bytes,    2887104 total
- age   5:     277336 bytes,    3164440 total
- age   6:     227576 bytes,    3392016 total
- age   7:     817216 bytes,    4209232 total
- age   8:     252392 bytes,    4461624 total
: 92591K->5397K(109248K), 0.0193102 secs] 115132K->28073K(502464K), 0.0195295 secs] [Times: user=0.06 sys=0.00, real=0.02 secs] 
Heap after GC invocations=36 (full 1):
 par new generation   total 109248K, used 5397K [0x11000000, 0x19000000, 0x19000000)
  eden space 87424K,   0% used [0x11000000, 0x11000000, 0x16560000)
  from space 21824K,  24% used [0x16560000, 0x16aa5708, 0x17ab0000)
  to   space 21824K,   0% used [0x17ab0000, 0x17ab0000, 0x19000000)
 concurrent mark-sweep generation total 393216K, used 22675K [0x19000000, 0x31000000, 0x31000000)
 Metaspace       used 24789K, capacity 24985K, committed 25088K, reserved 25984K
}
2016-03-09T22:48:11.651-0500: 915.485: Total time for which application threads were stopped: 0.0203023 seconds
2016-03-09T22:48:13.878-0500: 917.712: Total time for which application threads were stopped: 0.0003410 seconds
2016-03-09T22:48:13.881-0500: 917.716: Total time for which application threads were stopped: 0.0002684 seconds
2016-03-09T22:48:13.923-0500: 917.758: Total time for which application threads were stopped: 0.0002992 seconds
2016-03-09T22:48:13.925-0500: 917.759: Total time for which application threads were stopped: 0.0004698 seconds
2016-03-09T22:48:13.925-0500: 917.760: Total time for which application threads were stopped: 0.0002247 seconds
2016-03-09T22:48:14.122-0500: 917.956: Total time for which application threads were stopped: 0.0002646 seconds
2016-03-09T22:48:14.236-0500: 918.070: Total time for which application threads were stopped: 0.0002368 seconds
{Heap before GC invocations=36 (full 1):
 par new generation   total 109248K, used 92821K [0x11000000, 0x19000000, 0x19000000)
  eden space 87424K, 100% used [0x11000000, 0x16560000, 0x16560000)
  from space 21824K,  24% used [0x16560000, 0x16aa5708, 0x17ab0000)
  to   space 21824K,   0% used [0x17ab0000, 0x17ab0000, 0x19000000)
 concurrent mark-sweep generation total 393216K, used 22675K [0x19000000, 0x31000000, 0x31000000)
 Metaspace       used 24794K, capacity 24985K, committed 25088K, reserved 25984K
2016-03-09T22:48:14.606-0500: 918.441: [GC (Allocation Failure) 918.441: [ParNew
Desired survivor size 20112996 bytes, new threshold 8 (max 8)
- age   1:    1193864 bytes,    1193864 total
- age   2:     258040 bytes,    1451904 total
- age   3:     179696 bytes,    1631600 total
- age   4:     783160 bytes,    2414760 total
- age   5:     115776 bytes,    2530536 total
- age   6:     277256 bytes,    2807792 total
- age   7:     227464 bytes,    3035256 total
- age   8:     817168 bytes,    3852424 total
: 92821K->5558K(109248K), 0.0138585 secs] 115497K->28480K(502464K), 0.0140177 secs] [Times: user=0.02 sys=0.00, real=0.01 secs] 
Heap after GC invocations=37 (full 1):
 par new generation   total 109248K, used 5558K [0x11000000, 0x19000000, 0x19000000)
  eden space 87424K,   0% used [0x11000000, 0x11000000, 0x16560000)
  from space 21824K,  25% used [0x17ab0000, 0x1801da50, 0x19000000)
  to   space 21824K,   0% used [0x16560000, 0x16560000, 0x17ab0000)
 concurrent mark-sweep generation total 393216K, used 22922K [0x19000000, 0x31000000, 0x31000000)
 Metaspace       used 24794K, capacity 24985K, committed 25088K, reserved 25984K
}
2016-03-09T22:48:14.620-0500: 918.455: Total time for which application threads were stopped: 0.0145666 seconds
2016-03-09T22:48:14.823-0500: 918.658: Total time for which application threads were stopped: 0.0002345 seconds
2016-03-09T22:48:15.147-0500: 918.981: Total time for which application threads were stopped: 0.0003596 seconds
2016-03-09T22:48:15.149-0500: 918.983: Total time for which application threads were stopped: 0.0001372 seconds
2016-03-09T22:48:15.183-0500: 919.017: Total time for which application threads were stopped: 0.0057090 seconds
2016-03-09T22:48:15.183-0500: 919.017: Total time for which application threads were stopped: 0.0001372 seconds
2016-03-09T22:48:15.183-0500: 919.017: Total time for which application threads were stopped: 0.0001566 seconds
2016-03-09T22:48:15.184-0500: 919.018: Total time for which application threads were stopped: 0.0001551 seconds
2016-03-09T22:48:15.184-0500: 919.018: Total time for which application threads were stopped: 0.0001444 seconds
2016-03-09T22:48:15.184-0500: 919.018: Total time for which application threads were stopped: 0.0001745 seconds
2016-03-09T22:48:15.184-0500: 919.019: Total time for which application threads were stopped: 0.0001714 seconds
2016-03-09T22:48:15.185-0500: 919.019: Total time for which application threads were stopped: 0.0001912 seconds
2016-03-09T22:48:15.185-0500: 919.019: Total time for which application threads were stopped: 0.0001665 seconds
2016-03-09T22:48:15.185-0500: 919.019: Total time for which application threads were stopped: 0.0001566 seconds
2016-03-09T22:48:15.185-0500: 919.020: Total time for which application threads were stopped: 0.0001444 seconds
2016-03-09T22:48:15.186-0500: 919.020: Total time for which application threads were stopped: 0.0003007 seconds
2016-03-09T22:48:15.191-0500: 919.025: Total time for which application threads were stopped: 0.0002862 seconds
2016-03-09T22:48:15.191-0500: 919.025: Total time for which application threads were stopped: 0.0001813 seconds
2016-03-09T22:48:15.597-0500: 919.432: Total time for which application threads were stopped: 0.0002323 seconds
2016-03-09T22:48:15.757-0500: 919.591: Total time for which application threads were stopped: 0.0001764 seconds
2016-03-09T22:48:15.757-0500: 919.591: Total time for which application threads were stopped: 0.0001224 seconds
2016-03-09T22:48:15.762-0500: 919.596: Total time for which application threads were stopped: 0.0002110 seconds
2016-03-09T22:48:15.762-0500: 919.596: Total time for which application threads were stopped: 0.0001973 seconds
2016-03-09T22:48:15.769-0500: 919.603: Total time for which application threads were stopped: 0.0001684 seconds
2016-03-09T22:48:15.769-0500: 919.603: Total time for which application threads were stopped: 0.0001239 seconds
2016-03-09T22:48:15.792-0500: 919.626: Total time for which application threads were stopped: 0.0002304 seconds
2016-03-09T22:48:15.792-0500: 919.626: Total time for which application threads were stopped: 0.0001581 seconds
2016-03-09T22:48:15.793-0500: 919.627: Total time for which application threads were stopped: 0.0001851 seconds
2016-03-09T22:48:15.793-0500: 919.628: Total time for which application threads were stopped: 0.0001631 seconds
2016-03-09T22:48:15.794-0500: 919.628: Total time for which application threads were stopped: 0.0001790 seconds
2016-03-09T22:48:15.794-0500: 919.628: Total time for which application threads were stopped: 0.0001688 seconds
2016-03-09T22:48:15.795-0500: 919.629: Total time for which application threads were stopped: 0.0001612 seconds
2016-03-09T22:48:15.796-0500: 919.630: Total time for which application threads were stopped: 0.0004307 seconds
{Heap before GC invocations=37 (full 1):
 par new generation   total 109248K, used 92982K [0x11000000, 0x19000000, 0x19000000)
  eden space 87424K,  99% used [0x11000000, 0x1655feb0, 0x16560000)
  from space 21824K,  25% used [0x17ab0000, 0x1801da50, 0x19000000)
  to   space 21824K,   0% used [0x16560000, 0x16560000, 0x17ab0000)
 concurrent mark-sweep generation total 393216K, used 22922K [0x19000000, 0x31000000, 0x31000000)
 Metaspace       used 24805K, capacity 25017K, committed 25216K, reserved 25984K
2016-03-09T22:48:16.243-0500: 920.077: [GC (Allocation Failure) 920.077: [ParNew
Desired survivor size 20112996 bytes, new threshold 8 (max 8)
- age   1:    1179680 bytes,    1179680 total
- age   2:     639576 bytes,    1819256 total
- age   3:     191904 bytes,    2011160 total
- age   4:     113528 bytes,    2124688 total
- age   5:     701096 bytes,    2825784 total
- age   6:     115696 bytes,    2941480 total
- age   7:     277176 bytes,    3218656 total
- age   8:     226824 bytes,    3445480 total
: 92982K->4674K(109248K), 0.0136486 secs] 115904K->28394K(502464K), 0.0137726 secs] [Times: user=0.00 sys=0.00, real=0.01 secs] 
Heap after GC invocations=38 (full 1):
 par new generation   total 109248K, used 4674K [0x11000000, 0x19000000, 0x19000000)
  eden space 87424K,   0% used [0x11000000, 0x11000000, 0x16560000)
  from space 21824K,  21% used [0x16560000, 0x169f09c0, 0x17ab0000)
  to   space 21824K,   0% used [0x17ab0000, 0x17ab0000, 0x19000000)
 concurrent mark-sweep generation total 393216K, used 23720K [0x19000000, 0x31000000, 0x31000000)
 Metaspace       used 24805K, capacity 25017K, committed 25216K, reserved 25984K
}
2016-03-09T22:48:16.256-0500: 920.091: Total time for which application threads were stopped: 0.0142200 seconds
2016-03-09T22:48:16.582-0500: 920.417: Total time for which application threads were stopped: 0.0001380 seconds
2016-03-09T22:48:16.583-0500: 920.417: Total time for which application threads were stopped: 0.0000825 seconds
2016-03-09T22:48:17.583-0500: 921.417: Total time for which application threads were stopped: 0.0001197 seconds
{Heap before GC invocations=38 (full 1):
 par new generation   total 109248K, used 92098K [0x11000000, 0x19000000, 0x19000000)
  eden space 87424K, 100% used [0x11000000, 0x16560000, 0x16560000)
  from space 21824K,  21% used [0x16560000, 0x169f09c0, 0x17ab0000)
  to   space 21824K,   0% used [0x17ab0000, 0x17ab0000, 0x19000000)
 concurrent mark-sweep generation total 393216K, used 23720K [0x19000000, 0x31000000, 0x31000000)
 Metaspace       used 24806K, capacity 25017K, committed 25216K, reserved 25984K
2016-03-09T22:48:17.665-0500: 921.499: [GC (Allocation Failure) 921.499: [ParNew
Desired survivor size 20112996 bytes, new threshold 8 (max 8)
- age   1:     862624 bytes,     862624 total
- age   2:     317912 bytes,    1180536 total
- age   3:     639312 bytes,    1819848 total
- age   4:     191872 bytes,    2011720 total
- age   5:     113480 bytes,    2125200 total
- age   6:     700760 bytes,    2825960 total
- age   7:     115680 bytes,    2941640 total
- age   8:     277112 bytes,    3218752 total
: 92098K->4615K(109248K), 0.0081163 secs] 115818K->28556K(502464K), 0.0082148 secs] [Times: user=0.00 sys=0.00, real=0.01 secs] 
Heap after GC invocations=39 (full 1):
 par new generation   total 109248K, used 4615K [0x11000000, 0x19000000, 0x19000000)
  eden space 87424K,   0% used [0x11000000, 0x11000000, 0x16560000)
  from space 21824K,  21% used [0x17ab0000, 0x17f31ca0, 0x19000000)
  to   space 21824K,   0% used [0x16560000, 0x16560000, 0x17ab0000)
 concurrent mark-sweep generation total 393216K, used 23941K [0x19000000, 0x31000000, 0x31000000)
 Metaspace       used 24806K, capacity 25017K, committed 25216K, reserved 25984K
}
2016-03-09T22:48:17.673-0500: 921.508: Total time for which application threads were stopped: 0.0085189 seconds
2016-03-09T22:48:18.446-0500: 922.281: Total time for which application threads were stopped: 0.0001410 seconds
2016-03-09T22:48:18.799-0500: 922.633: Total time for which application threads were stopped: 0.0001600 seconds
2016-03-09T22:48:18.872-0500: 922.706: Total time for which application threads were stopped: 0.0001418 seconds
2016-03-09T22:48:18.950-0500: 922.784: Total time for which application threads were stopped: 0.0001562 seconds
{Heap before GC invocations=39 (full 1):
 par new generation   total 109248K, used 92039K [0x11000000, 0x19000000, 0x19000000)
  eden space 87424K, 100% used [0x11000000, 0x16560000, 0x16560000)
  from space 21824K,  21% used [0x17ab0000, 0x17f31ca0, 0x19000000)
  to   space 21824K,   0% used [0x16560000, 0x16560000, 0x17ab0000)
 concurrent mark-sweep generation total 393216K, used 23941K [0x19000000, 0x31000000, 0x31000000)
 Metaspace       used 24806K, capacity 25017K, committed 25216K, reserved 25984K
2016-03-09T22:48:18.989-0500: 922.824: [GC (Allocation Failure) 922.824: [ParNew
Desired survivor size 20112996 bytes, new threshold 8 (max 8)
- age   1:    1078152 bytes,    1078152 total
- age   2:     430904 bytes,    1509056 total
- age   3:     317504 bytes,    1826560 total
- age   4:     639216 bytes,    2465776 total
- age   5:     191776 bytes,    2657552 total
- age   6:     113416 bytes,    2770968 total
- age   7:     700680 bytes,    3471648 total
- age   8:     115552 bytes,    3587200 total
: 92039K->4510K(109248K), 0.0072808 secs] 115980K->28722K(502464K), 0.0073945 secs] [Times: user=0.06 sys=0.00, real=0.01 secs] 
Heap after GC invocations=40 (full 1):
 par new generation   total 109248K, used 4510K [0x11000000, 0x19000000, 0x19000000)
  eden space 87424K,   0% used [0x11000000, 0x11000000, 0x16560000)
  from space 21824K,  20% used [0x16560000, 0x169c7ac0, 0x17ab0000)
  to   space 21824K,   0% used [0x17ab0000, 0x17ab0000, 0x19000000)
 concurrent mark-sweep generation total 393216K, used 24211K [0x19000000, 0x31000000, 0x31000000)
 Metaspace       used 24806K, capacity 25017K, committed 25216K, reserved 25984K
}
2016-03-09T22:48:18.997-0500: 922.831: Total time for which application threads were stopped: 0.0077047 seconds
2016-03-09T22:48:19.694-0500: 923.529: Total time for which application threads were stopped: 0.0001194 seconds
2016-03-09T22:48:19.730-0500: 923.565: Total time for which application threads were stopped: 0.0001167 seconds
2016-03-09T22:48:19.877-0500: 923.711: Total time for which application threads were stopped: 0.0001391 seconds
2016-03-09T22:48:20.108-0500: 923.942: Total time for which application threads were stopped: 0.0001456 seconds
{Heap before GC invocations=40 (full 1):
 par new generation   total 109248K, used 91934K [0x11000000, 0x19000000, 0x19000000)
  eden space 87424K, 100% used [0x11000000, 0x16560000, 0x16560000)
  from space 21824K,  20% used [0x16560000, 0x169c7ac0, 0x17ab0000)
  to   space 21824K,   0% used [0x17ab0000, 0x17ab0000, 0x19000000)
 concurrent mark-sweep generation total 393216K, used 24211K [0x19000000, 0x31000000, 0x31000000)
 Metaspace       used 24806K, capacity 25017K, committed 25216K, reserved 25984K
2016-03-09T22:48:20.244-0500: 924.078: [GC (Allocation Failure) 924.078: [ParNew
Desired survivor size 20112996 bytes, new threshold 8 (max 8)
- age   1:    1100560 bytes,    1100560 total
- age   2:     555768 bytes,    1656328 total
- age   3:     374536 bytes,    2030864 total
- age   4:     317408 bytes,    2348272 total
- age   5:     639184 bytes,    2987456 total
- age   6:     191728 bytes,    3179184 total
- age   7:     113384 bytes,    3292568 total
- age   8:     700584 bytes,    3993152 total
: 91934K->5315K(109248K), 0.0071672 secs] 116146K->29640K(502464K), 0.0072527 secs] [Times: user=0.00 sys=0.00, real=0.01 secs] 
Heap after GC invocations=41 (full 1):
 par new generation   total 109248K, used 5315K [0x11000000, 0x19000000, 0x19000000)
  eden space 87424K,   0% used [0x11000000, 0x11000000, 0x16560000)
  from space 21824K,  24% used [0x17ab0000, 0x17fe0dd8, 0x19000000)
  to   space 21824K,   0% used [0x16560000, 0x16560000, 0x17ab0000)
 concurrent mark-sweep generation total 393216K, used 24324K [0x19000000, 0x31000000, 0x31000000)
 Metaspace       used 24806K, capacity 25017K, committed 25216K, reserved 25984K
}
2016-03-09T22:48:20.252-0500: 924.086: Total time for which application threads were stopped: 0.0075473 seconds
2016-03-09T22:48:21.372-0500: 925.206: Total time for which application threads were stopped: 0.0003056 seconds
{Heap before GC invocations=41 (full 1):
 par new generation   total 109248K, used 92739K [0x11000000, 0x19000000, 0x19000000)
  eden space 87424K, 100% used [0x11000000, 0x16560000, 0x16560000)
  from space 21824K,  24% used [0x17ab0000, 0x17fe0dd8, 0x19000000)
  to   space 21824K,   0% used [0x16560000, 0x16560000, 0x17ab0000)
 concurrent mark-sweep generation total 393216K, used 24324K [0x19000000, 0x31000000, 0x31000000)
 Metaspace       used 24806K, capacity 25017K, committed 25216K, reserved 25984K
2016-03-09T22:48:22.942-0500: 926.776: [GC (Allocation Failure) 926.776: [ParNew
Desired survivor size 20112996 bytes, new threshold 8 (max 8)
- age   1:    1060736 bytes,    1060736 total
- age   2:     549608 bytes,    1610344 total
- age   3:     551576 bytes,    2161920 total
- age   4:     374424 bytes,    2536344 total
- age   5:     317408 bytes,    2853752 total
- age   6:     639136 bytes,    3492888 total
- age   7:     191712 bytes,    3684600 total
- age   8:     113288 bytes,    3797888 total
: 92739K->5062K(109248K), 0.0182872 secs] 117064K->30071K(502464K), 0.0184701 secs] [Times: user=0.06 sys=0.00, real=0.02 secs] 
Heap after GC invocations=42 (full 1):
 par new generation   total 109248K, used 5062K [0x11000000, 0x19000000, 0x19000000)
  eden space 87424K,   0% used [0x11000000, 0x11000000, 0x16560000)
  from space 21824K,  23% used [0x16560000, 0x16a51b40, 0x17ab0000)
  to   space 21824K,   0% used [0x17ab0000, 0x17ab0000, 0x19000000)
 concurrent mark-sweep generation total 393216K, used 25008K [0x19000000, 0x31000000, 0x31000000)
 Metaspace       used 24806K, capacity 25017K, committed 25216K, reserved 25984K
}
2016-03-09T22:48:22.961-0500: 926.795: Total time for which application threads were stopped: 0.0190452 seconds
2016-03-09T22:48:23.961-0500: 927.795: Total time for which application threads were stopped: 0.0003201 seconds
2016-03-09T22:48:24.961-0500: 928.795: Total time for which application threads were stopped: 0.0002049 seconds
2016-03-09T22:48:25.430-0500: 929.264: Total time for which application threads were stopped: 0.0002532 seconds
2016-03-09T22:48:25.563-0500: 929.397: Total time for which application threads were stopped: 0.0002368 seconds
{Heap before GC invocations=42 (full 1):
 par new generation   total 109248K, used 92486K [0x11000000, 0x19000000, 0x19000000)
  eden space 87424K, 100% used [0x11000000, 0x16560000, 0x16560000)
  from space 21824K,  23% used [0x16560000, 0x16a51b40, 0x17ab0000)
  to   space 21824K,   0% used [0x17ab0000, 0x17ab0000, 0x19000000)
 concurrent mark-sweep generation total 393216K, used 25008K [0x19000000, 0x31000000, 0x31000000)
 Metaspace       used 24806K, capacity 25017K, committed 25216K, reserved 25984K
2016-03-09T22:48:25.746-0500: 929.581: [GC (Allocation Failure) 929.581: [ParNew
Desired survivor size 20112996 bytes, new threshold 8 (max 8)
- age   1:    1316680 bytes,    1316680 total
- age   2:     455000 bytes,    1771680 total
- age   3:     547368 bytes,    2319048 total
- age   4:     477720 bytes,    2796768 total
- age   5:     374392 bytes,    3171160 total
- age   6:     317376 bytes,    3488536 total
- age   7:     639104 bytes,    4127640 total
- age   8:     191616 bytes,    4319256 total
: 92486K->5766K(109248K), 0.0210564 secs] 117495K->30886K(502464K), 0.0212594 secs] [Times: user=0.03 sys=0.00, real=0.02 secs] 
Heap after GC invocations=43 (full 1):
 par new generation   total 109248K, used 5766K [0x11000000, 0x19000000, 0x19000000)
  eden space 87424K,   0% used [0x11000000, 0x11000000, 0x16560000)
  from space 21824K,  26% used [0x17ab0000, 0x18051b00, 0x19000000)
  to   space 21824K,   0% used [0x16560000, 0x16560000, 0x17ab0000)
 concurrent mark-sweep generation total 393216K, used 25119K [0x19000000, 0x31000000, 0x31000000)
 Metaspace       used 24806K, capacity 25017K, committed 25216K, reserved 25984K
}
2016-03-09T22:48:25.767-0500: 929.602: Total time for which application threads were stopped: 0.0219452 seconds
2016-03-09T22:48:26.767-0500: 930.602: Total time for which application threads were stopped: 0.0002566 seconds
2016-03-09T22:48:26.960-0500: 930.794: Total time for which application threads were stopped: 0.0003280 seconds
2016-03-09T22:48:27.617-0500: 931.452: Total time for which application threads were stopped: 0.0002554 seconds
2016-03-09T22:48:27.862-0500: 931.697: Total time for which application threads were stopped: 0.0003083 seconds
{Heap before GC invocations=43 (full 1):
 par new generation   total 109248K, used 93190K [0x11000000, 0x19000000, 0x19000000)
  eden space 87424K, 100% used [0x11000000, 0x16560000, 0x16560000)
  from space 21824K,  26% used [0x17ab0000, 0x18051b00, 0x19000000)
  to   space 21824K,   0% used [0x16560000, 0x16560000, 0x17ab0000)
 concurrent mark-sweep generation total 393216K, used 25119K [0x19000000, 0x31000000, 0x31000000)
 Metaspace       used 24806K, capacity 25017K, committed 25216K, reserved 25984K
2016-03-09T22:48:28.600-0500: 932.434: [GC (Allocation Failure) 932.434: [ParNew
Desired survivor size 20112996 bytes, new threshold 8 (max 8)
- age   1:     852536 bytes,     852536 total
- age   2:     951912 bytes,    1804448 total
- age   3:     454968 bytes,    2259416 total
- age   4:     522744 bytes,    2782160 total
- age   5:     477656 bytes,    3259816 total
- age   6:     374360 bytes,    3634176 total
- age   7:     317328 bytes,    3951504 total
- age   8:     639088 bytes,    4590592 total
: 93190K->5231K(109248K), 0.0193919 secs] 118310K->30537K(502464K), 0.0196093 secs] [Times: user=0.06 sys=0.00, real=0.02 secs] 
Heap after GC invocations=44 (full 1):
 par new generation   total 109248K, used 5231K [0x11000000, 0x19000000, 0x19000000)
  eden space 87424K,   0% used [0x11000000, 0x11000000, 0x16560000)
  from space 21824K,  23% used [0x16560000, 0x16a7bd58, 0x17ab0000)
  to   space 21824K,   0% used [0x17ab0000, 0x17ab0000, 0x19000000)
 concurrent mark-sweep generation total 393216K, used 25306K [0x19000000, 0x31000000, 0x31000000)
 Metaspace       used 24806K, capacity 25017K, committed 25216K, reserved 25984K
}
2016-03-09T22:48:28.619-0500: 932.454: Total time for which application threads were stopped: 0.0203095 seconds
2016-03-09T22:48:28.901-0500: 932.735: Total time for which application threads were stopped: 0.0004041 seconds
2016-03-09T22:48:28.934-0500: 932.768: Total time for which application threads were stopped: 0.0004010 seconds
2016-03-09T22:48:28.934-0500: 932.768: Total time for which application threads were stopped: 0.0003049 seconds
2016-03-09T22:48:28.935-0500: 932.769: Total time for which application threads were stopped: 0.0003360 seconds
2016-03-09T22:48:29.288-0500: 933.123: Total time for which application threads were stopped: 0.0003535 seconds
2016-03-09T22:48:29.350-0500: 933.185: Total time for which application threads were stopped: 0.0002710 seconds
2016-03-09T22:48:30.030-0500: 933.864: Total time for which application threads were stopped: 0.0002022 seconds
2016-03-09T22:48:30.032-0500: 933.866: Total time for which application threads were stopped: 0.0001946 seconds
2016-03-09T22:48:30.128-0500: 933.963: Total time for which application threads were stopped: 0.0002277 seconds
2016-03-09T22:48:30.154-0500: 933.988: Total time for which application threads were stopped: 0.0001866 seconds
2016-03-09T22:48:30.298-0500: 934.132: Total time for which application threads were stopped: 0.0002646 seconds
2016-03-09T22:48:30.361-0500: 934.195: Total time for which application threads were stopped: 0.0001752 seconds
2016-03-09T22:48:30.709-0500: 934.543: Total time for which application threads were stopped: 0.0003801 seconds
{Heap before GC invocations=44 (full 1):
 par new generation   total 109248K, used 92655K [0x11000000, 0x19000000, 0x19000000)
  eden space 87424K, 100% used [0x11000000, 0x16560000, 0x16560000)
  from space 21824K,  23% used [0x16560000, 0x16a7bd58, 0x17ab0000)
  to   space 21824K,   0% used [0x17ab0000, 0x17ab0000, 0x19000000)
 concurrent mark-sweep generation total 393216K, used 25306K [0x19000000, 0x31000000, 0x31000000)
 Metaspace       used 24814K, capacity 25017K, committed 25216K, reserved 25984K
2016-03-09T22:48:30.731-0500: 934.565: [GC (Allocation Failure) 934.565: [ParNew
Desired survivor size 20112996 bytes, new threshold 8 (max 8)
- age   1:    1590648 bytes,    1590648 total
- age   2:     147216 bytes,    1737864 total
- age   3:     215200 bytes,    1953064 total
- age   4:     136232 bytes,    2089296 total
- age   5:     168520 bytes,    2257816 total
- age   6:     167120 bytes,    2424936 total
- age   7:     107088 bytes,    2532024 total
- age   8:      22160 bytes,    2554184 total
: 92655K->5731K(109248K), 0.0116918 secs] 117961K->31208K(502464K), 0.0118355 secs] [Times: user=0.00 sys=0.00, real=0.01 secs] 
Heap after GC invocations=45 (full 1):
 par new generation   total 109248K, used 5731K [0x11000000, 0x19000000, 0x19000000)
  eden space 87424K,   0% used [0x11000000, 0x11000000, 0x16560000)
  from space 21824K,  26% used [0x17ab0000, 0x18048ef0, 0x19000000)
  to   space 21824K,   0% used [0x16560000, 0x16560000, 0x17ab0000)
 concurrent mark-sweep generation total 393216K, used 25476K [0x19000000, 0x31000000, 0x31000000)
 Metaspace       used 24814K, capacity 25017K, committed 25216K, reserved 25984K
}
2016-03-09T22:48:30.743-0500: 934.577: Total time for which application threads were stopped: 0.0123110 seconds
2016-03-09T22:48:31.743-0500: 935.577: Total time for which application threads were stopped: 0.0001680 seconds
{Heap before GC invocations=45 (full 1):
 par new generation   total 109248K, used 93155K [0x11000000, 0x19000000, 0x19000000)
  eden space 87424K, 100% used [0x11000000, 0x16560000, 0x16560000)
  from space 21824K,  26% used [0x17ab0000, 0x18048ef0, 0x19000000)
  to   space 21824K,   0% used [0x16560000, 0x16560000, 0x17ab0000)
 concurrent mark-sweep generation total 393216K, used 25476K [0x19000000, 0x31000000, 0x31000000)
 Metaspace       used 24814K, capacity 25017K, committed 25216K, reserved 25984K
2016-03-09T22:48:32.371-0500: 936.205: [GC (Allocation Failure) 936.205: [ParNew
Desired survivor size 20112996 bytes, new threshold 8 (max 8)
- age   1:     719984 bytes,     719984 total
- age   2:    1285688 bytes,    2005672 total
- age   3:     147096 bytes,    2152768 total
- age   4:     215152 bytes,    2367920 total
- age   5:     136216 bytes,    2504136 total
- age   6:     168456 bytes,    2672592 total
- age   7:     167072 bytes,    2839664 total
- age   8:     107024 bytes,    2946688 total
: 93155K->3655K(109248K), 0.0087854 secs] 118632K->29154K(502464K), 0.0088861 secs] [Times: user=0.00 sys=0.00, real=0.01 secs] 
Heap after GC invocations=46 (full 1):
 par new generation   total 109248K, used 3655K [0x11000000, 0x19000000, 0x19000000)
  eden space 87424K,   0% used [0x11000000, 0x11000000, 0x16560000)
  from space 21824K,  16% used [0x16560000, 0x168f1fd0, 0x17ab0000)
  to   space 21824K,   0% used [0x17ab0000, 0x17ab0000, 0x19000000)
 concurrent mark-sweep generation total 393216K, used 25498K [0x19000000, 0x31000000, 0x31000000)
 Metaspace       used 24814K, capacity 25017K, committed 25216K, reserved 25984K
}
2016-03-09T22:48:32.380-0500: 936.214: Total time for which application threads were stopped: 0.0092168 seconds
{Heap before GC invocations=46 (full 1):
 par new generation   total 109248K, used 91079K [0x11000000, 0x19000000, 0x19000000)
  eden space 87424K, 100% used [0x11000000, 0x16560000, 0x16560000)
  from space 21824K,  16% used [0x16560000, 0x168f1fd0, 0x17ab0000)
  to   space 21824K,   0% used [0x17ab0000, 0x17ab0000, 0x19000000)
 concurrent mark-sweep generation total 393216K, used 25498K [0x19000000, 0x31000000, 0x31000000)
 Metaspace       used 24814K, capacity 25017K, committed 25216K, reserved 25984K
2016-03-09T22:48:33.761-0500: 937.596: [GC (Allocation Failure) 937.596: [ParNew
Desired survivor size 20112996 bytes, new threshold 8 (max 8)
- age   1:     853128 bytes,     853128 total
- age   2:     280136 bytes,    1133264 total
- age   3:    1267160 bytes,    2400424 total
- age   4:     147048 bytes,    2547472 total
- age   5:     215056 bytes,    2762528 total
- age   6:     136104 bytes,    2898632 total
- age   7:     168392 bytes,    3067024 total
- age   8:     167072 bytes,    3234096 total
: 91079K->4358K(109248K), 0.0078556 secs] 116578K->29961K(502464K), 0.0079335 secs] [Times: user=0.00 sys=0.00, real=0.01 secs] 
Heap after GC invocations=47 (full 1):
 par new generation   total 109248K, used 4358K [0x11000000, 0x19000000, 0x19000000)
  eden space 87424K,   0% used [0x11000000, 0x11000000, 0x16560000)
  from space 21824K,  19% used [0x17ab0000, 0x17ef19f0, 0x19000000)
  to   space 21824K,   0% used [0x16560000, 0x16560000, 0x17ab0000)
 concurrent mark-sweep generation total 393216K, used 25602K [0x19000000, 0x31000000, 0x31000000)
 Metaspace       used 24814K, capacity 25017K, committed 25216K, reserved 25984K
}
2016-03-09T22:48:33.769-0500: 937.604: Total time for which application threads were stopped: 0.0081825 seconds
2016-03-09T22:48:34.770-0500: 938.604: Total time for which application threads were stopped: 0.0001247 seconds
{Heap before GC invocations=47 (full 1):
 par new generation   total 109248K, used 91782K [0x11000000, 0x19000000, 0x19000000)
  eden space 87424K, 100% used [0x11000000, 0x16560000, 0x16560000)
  from space 21824K,  19% used [0x17ab0000, 0x17ef19f0, 0x19000000)
  to   space 21824K,   0% used [0x16560000, 0x16560000, 0x17ab0000)
 concurrent mark-sweep generation total 393216K, used 25602K [0x19000000, 0x31000000, 0x31000000)
 Metaspace       used 24814K, capacity 25017K, committed 25216K, reserved 25984K
2016-03-09T22:48:35.172-0500: 939.007: [GC (Allocation Failure) 939.007: [ParNew
Desired survivor size 20112996 bytes, new threshold 8 (max 8)
- age   1:     829088 bytes,     829088 total
- age   2:     368664 bytes,    1197752 total
- age   3:     247320 bytes,    1445072 total
- age   4:    1266784 bytes,    2711856 total
- age   5:     146920 bytes,    2858776 total
- age   6:     215008 bytes,    3073784 total
- age   7:     136072 bytes,    3209856 total
- age   8:     168296 bytes,    3378152 total
: 91782K->4065K(109248K), 0.0197207 secs] 117385K->29831K(502464K), 0.0199176 secs] [Times: user=0.03 sys=0.00, real=0.02 secs] 
Heap after GC invocations=48 (full 1):
 par new generation   total 109248K, used 4065K [0x11000000, 0x19000000, 0x19000000)
  eden space 87424K,   0% used [0x11000000, 0x11000000, 0x16560000)
  from space 21824K,  18% used [0x16560000, 0x16958700, 0x17ab0000)
  to   space 21824K,   0% used [0x17ab0000, 0x17ab0000, 0x19000000)
 concurrent mark-sweep generation total 393216K, used 25765K [0x19000000, 0x31000000, 0x31000000)
 Metaspace       used 24814K, capacity 25017K, committed 25216K, reserved 25984K
}
2016-03-09T22:48:35.192-0500: 939.027: Total time for which application threads were stopped: 0.0204813 seconds
2016-03-09T22:48:37.193-0500: 941.028: Total time for which application threads were stopped: 0.0003136 seconds
{Heap before GC invocations=48 (full 1):
 par new generation   total 109248K, used 91489K [0x11000000, 0x19000000, 0x19000000)
  eden space 87424K, 100% used [0x11000000, 0x16560000, 0x16560000)
  from space 21824K,  18% used [0x16560000, 0x16958700, 0x17ab0000)
  to   space 21824K,   0% used [0x17ab0000, 0x17ab0000, 0x19000000)
 concurrent mark-sweep generation total 393216K, used 25765K [0x19000000, 0x31000000, 0x31000000)
 Metaspace       used 24814K, capacity 25017K, committed 25216K, reserved 25984K
2016-03-09T22:48:38.002-0500: 941.837: [GC (Allocation Failure) 941.837: [ParNew
Desired survivor size 20112996 bytes, new threshold 8 (max 8)
- age   1:     765448 bytes,     765448 total
- age   2:     325528 bytes,    1090976 total
- age   3:     355632 bytes,    1446608 total
- age   4:     247208 bytes,    1693816 total
- age   5:    1266784 bytes,    2960600 total
- age   6:     146856 bytes,    3107456 total
- age   7:     214912 bytes,    3322368 total
- age   8:     136040 bytes,    3458408 total
: 91489K->5120K(109248K), 0.0179303 secs] 117255K->31050K(502464K), 0.0180949 secs] [Times: user=0.05 sys=0.00, real=0.02 secs] 
Heap after GC invocations=49 (full 1):
 par new generation   total 109248K, used 5120K [0x11000000, 0x19000000, 0x19000000)
  eden space 87424K,   0% used [0x11000000, 0x11000000, 0x16560000)
  from space 21824K,  23% used [0x17ab0000, 0x17fb01c8, 0x19000000)
  to   space 21824K,   0% used [0x16560000, 0x16560000, 0x17ab0000)
 concurrent mark-sweep generation total 393216K, used 25930K [0x19000000, 0x31000000, 0x31000000)
 Metaspace       used 24814K, capacity 25017K, committed 25216K, reserved 25984K
}
2016-03-09T22:48:38.020-0500: 941.855: Total time for which application threads were stopped: 0.0186385 seconds
2016-03-09T22:48:40.021-0500: 943.855: Total time for which application threads were stopped: 0.0002965 seconds
{Heap before GC invocations=49 (full 1):
 par new generation   total 109248K, used 92544K [0x11000000, 0x19000000, 0x19000000)
  eden space 87424K, 100% used [0x11000000, 0x16560000, 0x16560000)
  from space 21824K,  23% used [0x17ab0000, 0x17fb01c8, 0x19000000)
  to   space 21824K,   0% used [0x16560000, 0x16560000, 0x17ab0000)
 concurrent mark-sweep generation total 393216K, used 25930K [0x19000000, 0x31000000, 0x31000000)
 Metaspace       used 24816K, capacity 25017K, committed 25216K, reserved 25984K
2016-03-09T22:48:40.824-0500: 944.659: [GC (Allocation Failure) 944.660: [ParNew
Desired survivor size 20112996 bytes, new threshold 8 (max 8)
- age   1:     905808 bytes,     905808 total
- age   2:     235608 bytes,    1141416 total
- age   3:     325440 bytes,    1466856 total
- age   4:     355600 bytes,    1822456 total
- age   5:     247176 bytes,    2069632 total
- age   6:    1266784 bytes,    3336416 total
- age   7:     146808 bytes,    3483224 total
- age   8:     214848 bytes,    3698072 total
: 92544K->4791K(109248K), 0.0182097 secs] 118474K->30854K(502464K), 0.0197697 secs] [Times: user=0.05 sys=0.00, real=0.02 secs] 
Heap after GC invocations=50 (full 1):
 par new generation   total 109248K, used 4791K [0x11000000, 0x19000000, 0x19000000)
  eden space 87424K,   0% used [0x11000000, 0x11000000, 0x16560000)
  from space 21824K,  21% used [0x16560000, 0x16a0de30, 0x17ab0000)
  to   space 21824K,   0% used [0x17ab0000, 0x17ab0000, 0x19000000)
 concurrent mark-sweep generation total 393216K, used 26062K [0x19000000, 0x31000000, 0x31000000)
 Metaspace       used 24816K, capacity 25017K, committed 25216K, reserved 25984K
}
2016-03-09T22:48:40.845-0500: 944.679: Total time for which application threads were stopped: 0.0206273 seconds
2016-03-09T22:48:41.845-0500: 945.679: Total time for which application threads were stopped: 0.0002429 seconds
{Heap before GC invocations=50 (full 1):
 par new generation   total 109248K, used 92215K [0x11000000, 0x19000000, 0x19000000)
  eden space 87424K, 100% used [0x11000000, 0x16560000, 0x16560000)
  from space 21824K,  21% used [0x16560000, 0x16a0de30, 0x17ab0000)
  to   space 21824K,   0% used [0x17ab0000, 0x17ab0000, 0x19000000)
 concurrent mark-sweep generation total 393216K, used 26062K [0x19000000, 0x31000000, 0x31000000)
 Metaspace       used 24816K, capacity 25017K, committed 25216K, reserved 25984K
2016-03-09T22:48:43.670-0500: 947.504: [GC (Allocation Failure) 947.504: [ParNew
Desired survivor size 20112996 bytes, new threshold 8 (max 8)
- age   1:    1029432 bytes,    1029432 total
- age   2:     314856 bytes,    1344288 total
- age   3:     235608 bytes,    1579896 total
- age   4:     300720 bytes,    1880616 total
- age   5:     336944 bytes,    2217560 total
- age   6:     247144 bytes,    2464704 total
- age   7:    1266720 bytes,    3731424 total
- age   8:     146760 bytes,    3878184 total
: 92215K->4741K(109248K), 0.0151265 secs] 118278K->31014K(502464K), 0.0152889 secs] [Times: user=0.02 sys=0.00, real=0.01 secs] 
Heap after GC invocations=51 (full 1):
 par new generation   total 109248K, used 4741K [0x11000000, 0x19000000, 0x19000000)
  eden space 87424K,   0% used [0x11000000, 0x11000000, 0x16560000)
  from space 21824K,  21% used [0x17ab0000, 0x17f51668, 0x19000000)
  to   space 21824K,   0% used [0x16560000, 0x16560000, 0x17ab0000)
 concurrent mark-sweep generation total 393216K, used 26272K [0x19000000, 0x31000000, 0x31000000)
 Metaspace       used 24816K, capacity 25017K, committed 25216K, reserved 25984K
}
2016-03-09T22:48:43.685-0500: 947.520: Total time for which application threads were stopped: 0.0158256 seconds
2016-03-09T22:48:43.933-0500: 947.767: Total time for which application threads were stopped: 0.0002288 seconds
2016-03-09T22:48:43.937-0500: 947.771: Total time for which application threads were stopped: 0.0002760 seconds
2016-03-09T22:48:43.944-0500: 947.779: Total time for which application threads were stopped: 0.0003353 seconds
2016-03-09T22:48:43.945-0500: 947.779: Total time for which application threads were stopped: 0.0002220 seconds
2016-03-09T22:48:43.945-0500: 947.779: Total time for which application threads were stopped: 0.0002425 seconds
2016-03-09T22:48:44.214-0500: 948.049: Total time for which application threads were stopped: 0.0002475 seconds
2016-03-09T22:48:44.930-0500: 948.765: Total time for which application threads were stopped: 0.0001825 seconds
2016-03-09T22:48:44.932-0500: 948.766: Total time for which application threads were stopped: 0.0001479 seconds
2016-03-09T22:48:44.950-0500: 948.785: Total time for which application threads were stopped: 0.0003102 seconds
2016-03-09T22:48:45.139-0500: 948.974: Total time for which application threads were stopped: 0.0001999 seconds
{Heap before GC invocations=51 (full 1):
 par new generation   total 109248K, used 92165K [0x11000000, 0x19000000, 0x19000000)
  eden space 87424K, 100% used [0x11000000, 0x16560000, 0x16560000)
  from space 21824K,  21% used [0x17ab0000, 0x17f51668, 0x19000000)
  to   space 21824K,   0% used [0x16560000, 0x16560000, 0x17ab0000)
 concurrent mark-sweep generation total 393216K, used 26272K [0x19000000, 0x31000000, 0x31000000)
 Metaspace       used 24818K, capacity 25017K, committed 25216K, reserved 25984K
2016-03-09T22:48:45.512-0500: 949.346: [GC (Allocation Failure) 949.346: [ParNew
Desired survivor size 20112996 bytes, new threshold 8 (max 8)
- age   1:    1219648 bytes,    1219648 total
- age   2:     108896 bytes,    1328544 total
- age   3:      65480 bytes,    1394024 total
- age   4:      59080 bytes,    1453104 total
- age   5:      49632 bytes,    1502736 total
- age   6:      65728 bytes,    1568464 total
- age   7:      64120 bytes,    1632584 total
- age   8:    1009256 bytes,    2641840 total
: 92165K->4907K(109248K), 0.0107080 secs] 118438K->31323K(502464K), 0.0108376 secs] [Times: user=0.00 sys=0.00, real=0.01 secs] 
Heap after GC invocations=52 (full 1):
 par new generation   total 109248K, used 4907K [0x11000000, 0x19000000, 0x19000000)
  eden space 87424K,   0% used [0x11000000, 0x11000000, 0x16560000)
  from space 21824K,  22% used [0x16560000, 0x16a2ad30, 0x17ab0000)
  to   space 21824K,   0% used [0x17ab0000, 0x17ab0000, 0x19000000)
 concurrent mark-sweep generation total 393216K, used 26415K [0x19000000, 0x31000000, 0x31000000)
 Metaspace       used 24818K, capacity 25017K, committed 25216K, reserved 25984K
}
2016-03-09T22:48:45.523-0500: 949.357: Total time for which application threads were stopped: 0.0112227 seconds
2016-03-09T22:48:45.524-0500: 949.358: Total time for which application threads were stopped: 0.0003733 seconds
{Heap before GC invocations=52 (full 1):
 par new generation   total 109248K, used 92331K [0x11000000, 0x19000000, 0x19000000)
  eden space 87424K, 100% used [0x11000000, 0x16560000, 0x16560000)
  from space 21824K,  22% used [0x16560000, 0x16a2ad30, 0x17ab0000)
  to   space 21824K,   0% used [0x17ab0000, 0x17ab0000, 0x19000000)
 concurrent mark-sweep generation total 393216K, used 26415K [0x19000000, 0x31000000, 0x31000000)
 Metaspace       used 24818K, capacity 25017K, committed 25216K, reserved 25984K
2016-03-09T22:48:47.032-0500: 950.866: [GC (Allocation Failure) 950.866: [ParNew
Desired survivor size 20112996 bytes, new threshold 8 (max 8)
- age   1:     748664 bytes,     748664 total
- age   2:     892672 bytes,    1641336 total
- age   3:     108864 bytes,    1750200 total
- age   4:      65400 bytes,    1815600 total
- age   5:      59032 bytes,    1874632 total
- age   6:      49552 bytes,    1924184 total
- age   7:      65712 bytes,    1989896 total
- age   8:      64120 bytes,    2054016 total
: 92331K->2928K(109248K), 0.0095543 secs] 118747K->30330K(502464K), 0.0096612 secs] [Times: user=0.02 sys=0.00, real=0.01 secs] 
Heap after GC invocations=53 (full 1):
 par new generation   total 109248K, used 2928K [0x11000000, 0x19000000, 0x19000000)
  eden space 87424K,   0% used [0x11000000, 0x11000000, 0x16560000)
  from space 21824K,  13% used [0x17ab0000, 0x17d8c258, 0x19000000)
  to   space 21824K,   0% used [0x16560000, 0x16560000, 0x17ab0000)
 concurrent mark-sweep generation total 393216K, used 27401K [0x19000000, 0x31000000, 0x31000000)
 Metaspace       used 24818K, capacity 25017K, committed 25216K, reserved 25984K
}
2016-03-09T22:48:47.042-0500: 950.876: Total time for which application threads were stopped: 0.0099748 seconds
{Heap before GC invocations=53 (full 1):
 par new generation   total 109248K, used 90352K [0x11000000, 0x19000000, 0x19000000)
  eden space 87424K, 100% used [0x11000000, 0x16560000, 0x16560000)
  from space 21824K,  13% used [0x17ab0000, 0x17d8c258, 0x19000000)
  to   space 21824K,   0% used [0x16560000, 0x16560000, 0x17ab0000)
 concurrent mark-sweep generation total 393216K, used 27401K [0x19000000, 0x31000000, 0x31000000)
 Metaspace       used 24818K, capacity 25017K, committed 25216K, reserved 25984K
2016-03-09T22:48:48.512-0500: 952.347: [GC (Allocation Failure) 952.347: [ParNew
Desired survivor size 20112996 bytes, new threshold 8 (max 8)
- age   1:     768240 bytes,     768240 total
- age   2:     318144 bytes,    1086384 total
- age   3:     891000 bytes,    1977384 total
- age   4:     108768 bytes,    2086152 total
- age   5:      65352 bytes,    2151504 total
- age   6:      58984 bytes,    2210488 total
- age   7:      49456 bytes,    2259944 total
- age   8:      65680 bytes,    2325624 total
: 90352K->2680K(109248K), 0.0104670 secs] 117754K->30145K(502464K), 0.0105902 secs] [Times: user=0.00 sys=0.00, real=0.01 secs] 
Heap after GC invocations=54 (full 1):
 par new generation   total 109248K, used 2680K [0x11000000, 0x19000000, 0x19000000)
  eden space 87424K,   0% used [0x11000000, 0x11000000, 0x16560000)
  from space 21824K,  12% used [0x16560000, 0x167fe2d8, 0x17ab0000)
  to   space 21824K,   0% used [0x17ab0000, 0x17ab0000, 0x19000000)
 concurrent mark-sweep generation total 393216K, used 27464K [0x19000000, 0x31000000, 0x31000000)
 Metaspace       used 24818K, capacity 25017K, committed 25216K, reserved 25984K
}
2016-03-09T22:48:48.522-0500: 952.357: Total time for which application threads were stopped: 0.0108916 seconds
{Heap before GC invocations=54 (full 1):
 par new generation   total 109248K, used 90104K [0x11000000, 0x19000000, 0x19000000)
  eden space 87424K, 100% used [0x11000000, 0x16560000, 0x16560000)
  from space 21824K,  12% used [0x16560000, 0x167fe2d8, 0x17ab0000)
  to   space 21824K,   0% used [0x17ab0000, 0x17ab0000, 0x19000000)
 concurrent mark-sweep generation total 393216K, used 27464K [0x19000000, 0x31000000, 0x31000000)
 Metaspace       used 24865K, capacity 25049K, committed 25216K, reserved 25984K
2016-03-09T22:48:49.942-0500: 953.776: [GC (Allocation Failure) 953.776: [ParNew
Desired survivor size 20112996 bytes, new threshold 8 (max 8)
- age   1:     871600 bytes,     871600 total
- age   2:     294248 bytes,    1165848 total
- age   3:     285328 bytes,    1451176 total
- age   4:     880288 bytes,    2331464 total
- age   5:     108752 bytes,    2440216 total
- age   6:      65304 bytes,    2505520 total
- age   7:      58936 bytes,    2564456 total
- age   8:      49376 bytes,    2613832 total
: 90104K->3561K(109248K), 0.0089306 secs] 117569K->31089K(502464K), 0.0090366 secs] [Times: user=0.06 sys=0.00, real=0.01 secs] 
Heap after GC invocations=55 (full 1):
 par new generation   total 109248K, used 3561K [0x11000000, 0x19000000, 0x19000000)
  eden space 87424K,   0% used [0x11000000, 0x11000000, 0x16560000)
  from space 21824K,  16% used [0x17ab0000, 0x17e2a500, 0x19000000)
  to   space 21824K,   0% used [0x16560000, 0x16560000, 0x17ab0000)
 concurrent mark-sweep generation total 393216K, used 27528K [0x19000000, 0x31000000, 0x31000000)
 Metaspace       used 24865K, capacity 25049K, committed 25216K, reserved 25984K
}
2016-03-09T22:48:49.951-0500: 953.786: Total time for which application threads were stopped: 0.0094141 seconds
2016-03-09T22:48:50.851-0500: 954.685: Total time for which application threads were stopped: 0.0001384 seconds
2016-03-09T22:48:50.851-0500: 954.685: Total time for which application threads were stopped: 0.0000988 seconds
2016-03-09T22:48:50.851-0500: 954.685: Total time for which application threads were stopped: 0.0000825 seconds
2016-03-09T22:48:50.851-0500: 954.685: Total time for which application threads were stopped: 0.0000817 seconds
2016-03-09T22:48:50.851-0500: 954.685: Total time for which application threads were stopped: 0.0000810 seconds
2016-03-09T22:48:50.852-0500: 954.686: Total time for which application threads were stopped: 0.0001064 seconds
2016-03-09T22:48:50.852-0500: 954.686: Total time for which application threads were stopped: 0.0002714 seconds
2016-03-09T22:48:50.852-0500: 954.687: Total time for which application threads were stopped: 0.0000973 seconds
2016-03-09T22:48:50.852-0500: 954.687: Total time for which application threads were stopped: 0.0000924 seconds
2016-03-09T22:48:50.853-0500: 954.687: Total time for which application threads were stopped: 0.0000992 seconds
2016-03-09T22:48:50.853-0500: 954.687: Total time for which application threads were stopped: 0.0000996 seconds
2016-03-09T22:48:50.857-0500: 954.691: Total time for which application threads were stopped: 0.0001566 seconds
2016-03-09T22:48:50.857-0500: 954.691: Total time for which application threads were stopped: 0.0001114 seconds
2016-03-09T22:48:50.859-0500: 954.693: Total time for which application threads were stopped: 0.0003026 seconds
2016-03-09T22:48:50.859-0500: 954.693: Total time for which application threads were stopped: 0.0001061 seconds
2016-03-09T22:48:50.859-0500: 954.693: Total time for which application threads were stopped: 0.0001030 seconds
2016-03-09T22:48:50.859-0500: 954.694: Total time for which application threads were stopped: 0.0000977 seconds
2016-03-09T22:48:50.859-0500: 954.694: Total time for which application threads were stopped: 0.0000973 seconds
2016-03-09T22:48:51.859-0500: 955.693: Total time for which application threads were stopped: 0.0001330 seconds
2016-03-09T22:48:52.661-0500: 956.495: Total time for which application threads were stopped: 0.0002897 seconds
2016-03-09T22:48:52.661-0500: 956.496: Total time for which application threads were stopped: 0.0002235 seconds
2016-03-09T22:48:52.661-0500: 956.496: Total time for which application threads were stopped: 0.0001783 seconds
2016-03-09T22:48:52.662-0500: 956.496: Total time for which application threads were stopped: 0.0001429 seconds
2016-03-09T22:48:52.662-0500: 956.497: Total time for which application threads were stopped: 0.0002197 seconds
2016-03-09T22:48:52.667-0500: 956.503: Total time for which application threads were stopped: 0.0004630 seconds
2016-03-09T22:48:52.671-0500: 956.506: Total time for which application threads were stopped: 0.0002665 seconds
2016-03-09T22:48:52.672-0500: 956.506: Total time for which application threads were stopped: 0.0002672 seconds
2016-03-09T22:48:52.673-0500: 956.507: Total time for which application threads were stopped: 0.0002258 seconds
2016-03-09T22:48:52.673-0500: 956.507: Total time for which application threads were stopped: 0.0002125 seconds
2016-03-09T22:48:53.673-0500: 957.508: Total time for which application threads were stopped: 0.0002813 seconds
2016-03-09T22:50:06.213-0500: 1030.048: Total time for which application threads were stopped: 0.0003273 seconds
2016-03-09T22:50:06.269-0500: 1030.104: Total time for which application threads were stopped: 0.0004542 seconds
2016-03-09T22:50:06.300-0500: 1030.134: Total time for which application threads were stopped: 0.0002820 seconds
2016-03-09T22:50:06.302-0500: 1030.137: Total time for which application threads were stopped: 0.0003250 seconds
2016-03-09T22:50:06.303-0500: 1030.137: Total time for which application threads were stopped: 0.0002805 seconds
2016-03-09T22:50:06.341-0500: 1030.175: Total time for which application threads were stopped: 0.0003771 seconds
2016-03-09T22:50:06.468-0500: 1030.302: Total time for which application threads were stopped: 0.0004482 seconds
2016-03-09T22:50:06.474-0500: 1030.308: Total time for which application threads were stopped: 0.0003212 seconds
2016-03-09T22:50:06.474-0500: 1030.308: Total time for which application threads were stopped: 0.0003927 seconds
2016-03-09T22:50:06.475-0500: 1030.309: Total time for which application threads were stopped: 0.0003049 seconds
2016-03-09T22:50:06.510-0500: 1030.344: Total time for which application threads were stopped: 0.0002444 seconds
2016-03-09T22:50:06.510-0500: 1030.344: Total time for which application threads were stopped: 0.0001642 seconds
2016-03-09T22:50:06.510-0500: 1030.344: Total time for which application threads were stopped: 0.0001482 seconds
2016-03-09T22:50:06.527-0500: 1030.362: Total time for which application threads were stopped: 0.0004820 seconds
2016-03-09T22:50:06.569-0500: 1030.404: Total time for which application threads were stopped: 0.0004128 seconds
2016-03-09T22:50:06.598-0500: 1030.432: Total time for which application threads were stopped: 0.0003972 seconds
2016-03-09T22:50:06.601-0500: 1030.436: Total time for which application threads were stopped: 0.0002988 seconds
2016-03-09T22:50:06.637-0500: 1030.471: Total time for which application threads were stopped: 0.0002992 seconds
2016-03-09T22:50:06.664-0500: 1030.499: Total time for which application threads were stopped: 0.0003927 seconds
2016-03-09T22:50:06.665-0500: 1030.499: Total time for which application threads were stopped: 0.0002220 seconds
2016-03-09T22:50:07.390-0500: 1031.224: Total time for which application threads were stopped: 0.0003843 seconds
2016-03-09T22:50:07.481-0500: 1031.316: Total time for which application threads were stopped: 0.0017927 seconds
2016-03-09T22:50:07.495-0500: 1031.329: Total time for which application threads were stopped: 0.0002562 seconds
2016-03-09T22:50:31.288-0500: 1055.122: Total time for which application threads were stopped: 0.0002935 seconds
2016-03-09T22:50:31.291-0500: 1055.125: Total time for which application threads were stopped: 0.0002402 seconds
2016-03-09T22:50:32.291-0500: 1056.126: Total time for which application threads were stopped: 0.0004025 seconds
2016-03-09T22:50:32.796-0500: 1056.630: Total time for which application threads were stopped: 0.0002539 seconds
2016-03-09T22:50:32.796-0500: 1056.631: Total time for which application threads were stopped: 0.0001711 seconds
2016-03-09T22:50:32.797-0500: 1056.631: Total time for which application threads were stopped: 0.0003459 seconds
2016-03-09T22:50:32.798-0500: 1056.633: Total time for which application threads were stopped: 0.0002437 seconds
2016-03-09T22:50:33.799-0500: 1057.633: Total time for which application threads were stopped: 0.0002053 seconds
2016-03-09T22:50:34.191-0500: 1058.025: Total time for which application threads were stopped: 0.0002957 seconds
2016-03-09T22:50:34.196-0500: 1058.030: Total time for which application threads were stopped: 0.0003242 seconds
2016-03-09T22:50:34.209-0500: 1058.043: Total time for which application threads were stopped: 0.0004447 seconds
2016-03-09T22:50:34.210-0500: 1058.044: Total time for which application threads were stopped: 0.0002395 seconds
2016-03-09T22:50:34.218-0500: 1058.052: Total time for which application threads were stopped: 0.0004710 seconds
2016-03-09T22:50:34.221-0500: 1058.055: Total time for which application threads were stopped: 0.0002642 seconds
2016-03-09T22:50:34.222-0500: 1058.056: Total time for which application threads were stopped: 0.0005379 seconds
2016-03-09T22:50:34.223-0500: 1058.057: Total time for which application threads were stopped: 0.0002334 seconds
2016-03-09T22:50:34.224-0500: 1058.058: Total time for which application threads were stopped: 0.0004394 seconds
2016-03-09T22:50:34.251-0500: 1058.086: Total time for which application threads were stopped: 0.0002900 seconds
2016-03-09T22:50:34.251-0500: 1058.086: Total time for which application threads were stopped: 0.0002201 seconds
2016-03-09T22:50:34.252-0500: 1058.087: Total time for which application threads were stopped: 0.0003064 seconds
2016-03-09T22:50:34.399-0500: 1058.233: Total time for which application threads were stopped: 0.0002657 seconds
2016-03-09T22:50:35.399-0500: 1059.233: Total time for which application threads were stopped: 0.0002524 seconds
2016-03-09T22:50:58.496-0500: 1082.331: Total time for which application threads were stopped: 0.0019858 seconds
2016-03-09T22:50:58.662-0500: 1082.496: Total time for which application threads were stopped: 0.0003375 seconds
{Heap before GC invocations=55 (full 1):
 par new generation   total 109248K, used 90985K [0x11000000, 0x19000000, 0x19000000)
  eden space 87424K, 100% used [0x11000000, 0x16560000, 0x16560000)
  from space 21824K,  16% used [0x17ab0000, 0x17e2a500, 0x19000000)
  to   space 21824K,   0% used [0x16560000, 0x16560000, 0x17ab0000)
 concurrent mark-sweep generation total 393216K, used 27528K [0x19000000, 0x31000000, 0x31000000)
 Metaspace       used 25262K, capacity 25491K, committed 25600K, reserved 25984K
2016-03-09T22:50:58.773-0500: 1082.607: [GC (Allocation Failure) 1082.607: [ParNew
Desired survivor size 20112996 bytes, new threshold 8 (max 8)
- age   1:    4290784 bytes,    4290784 total
- age   2:      62584 bytes,    4353368 total
- age   3:      65368 bytes,    4418736 total
- age   4:      69728 bytes,    4488464 total
- age   5:     598496 bytes,    5086960 total
- age   6:     108608 bytes,    5195568 total
- age   7:      65304 bytes,    5260872 total
- age   8:      58904 bytes,    5319776 total
: 90985K->5960K(109248K), 0.0224948 secs] 118513K->33536K(502464K), 0.0226883 secs] [Times: user=0.09 sys=0.00, real=0.02 secs] 
Heap after GC invocations=56 (full 1):
 par new generation   total 109248K, used 5960K [0x11000000, 0x19000000, 0x19000000)
  eden space 87424K,   0% used [0x11000000, 0x11000000, 0x16560000)
  from space 21824K,  27% used [0x16560000, 0x16b32060, 0x17ab0000)
  to   space 21824K,   0% used [0x17ab0000, 0x17ab0000, 0x19000000)
 concurrent mark-sweep generation total 393216K, used 27576K [0x19000000, 0x31000000, 0x31000000)
 Metaspace       used 25262K, capacity 25491K, committed 25600K, reserved 25984K
}
2016-03-09T22:50:58.796-0500: 1082.630: Total time for which application threads were stopped: 0.0232706 seconds
2016-03-09T22:50:59.796-0500: 1083.630: Total time for which application threads were stopped: 0.0002300 seconds
2016-03-09T22:51:03.796-0500: 1087.630: Total time for which application threads were stopped: 0.0002049 seconds
2016-03-09T22:51:07.797-0500: 1091.631: Total time for which application threads were stopped: 0.0002657 seconds
2016-03-09T22:51:14.798-0500: 1098.632: Total time for which application threads were stopped: 0.0002912 seconds
2016-03-09T22:51:16.798-0500: 1100.632: Total time for which application threads were stopped: 0.0002224 seconds
2016-03-09T22:51:18.799-0500: 1102.633: Total time for which application threads were stopped: 0.0002098 seconds
2016-03-09T22:51:19.471-0500: 1103.305: Total time for which application threads were stopped: 0.0003953 seconds
2016-03-09T22:51:19.493-0500: 1103.327: Total time for which application threads were stopped: 0.0003573 seconds
2016-03-09T22:51:19.497-0500: 1103.331: Total time for which application threads were stopped: 0.0003307 seconds
2016-03-09T22:51:19.497-0500: 1103.332: Total time for which application threads were stopped: 0.0002904 seconds
2016-03-09T22:51:19.498-0500: 1103.332: Total time for which application threads were stopped: 0.0002782 seconds
2016-03-09T22:51:19.499-0500: 1103.333: Total time for which application threads were stopped: 0.0002695 seconds
2016-03-09T22:51:19.521-0500: 1103.355: Total time for which application threads were stopped: 0.0003242 seconds
2016-03-09T22:51:19.521-0500: 1103.356: Total time for which application threads were stopped: 0.0002687 seconds
2016-03-09T22:51:19.521-0500: 1103.356: Total time for which application threads were stopped: 0.0001996 seconds
2016-03-09T22:51:19.522-0500: 1103.357: Total time for which application threads were stopped: 0.0002075 seconds
2016-03-09T22:51:19.543-0500: 1103.377: Total time for which application threads were stopped: 0.0003474 seconds
2016-03-09T22:51:20.543-0500: 1104.377: Total time for which application threads were stopped: 0.0003558 seconds
2016-03-09T22:52:24.556-0500: 1168.390: Total time for which application threads were stopped: 0.0002866 seconds
2016-03-09T22:52:24.762-0500: 1168.596: Total time for which application threads were stopped: 0.0002494 seconds
2016-03-09T22:52:24.781-0500: 1168.615: Total time for which application threads were stopped: 0.0002220 seconds
2016-03-09T22:52:25.781-0500: 1169.615: Total time for which application threads were stopped: 0.0002296 seconds
2016-03-09T22:52:27.346-0500: 1171.181: Total time for which application threads were stopped: 0.0002159 seconds
{Heap before GC invocations=56 (full 1):
 par new generation   total 109248K, used 93373K [0x11000000, 0x19000000, 0x19000000)
  eden space 87424K,  99% used [0x11000000, 0x1655d6c0, 0x16560000)
  from space 21824K,  27% used [0x16560000, 0x16b32060, 0x17ab0000)
  to   space 21824K,   0% used [0x17ab0000, 0x17ab0000, 0x19000000)
 concurrent mark-sweep generation total 393216K, used 27576K [0x19000000, 0x31000000, 0x31000000)
 Metaspace       used 25379K, capacity 25604K, committed 25728K, reserved 25984K
2016-03-09T22:52:27.820-0500: 1171.654: [GC (Allocation Failure) 1171.654: [ParNew
Desired survivor size 20112996 bytes, new threshold 8 (max 8)
- age   1:    2142904 bytes,    2142904 total
- age   2:     869624 bytes,    3012528 total
- age   3:      62584 bytes,    3075112 total
- age   4:      65368 bytes,    3140480 total
- age   5:      69728 bytes,    3210208 total
- age   6:     598480 bytes,    3808688 total
- age   7:     108184 bytes,    3916872 total
- age   8:      65304 bytes,    3982176 total
: 93373K->6370K(109248K), 0.0220371 secs] 120950K->34004K(502464K), 0.0222933 secs] [Times: user=0.08 sys=0.00, real=0.02 secs] 
Heap after GC invocations=57 (full 1):
 par new generation   total 109248K, used 6370K [0x11000000, 0x19000000, 0x19000000)
  eden space 87424K,   0% used [0x11000000, 0x11000000, 0x16560000)
  from space 21824K,  29% used [0x17ab0000, 0x180e8940, 0x19000000)
  to   space 21824K,   0% used [0x16560000, 0x16560000, 0x17ab0000)
 concurrent mark-sweep generation total 393216K, used 27634K [0x19000000, 0x31000000, 0x31000000)
 Metaspace       used 25379K, capacity 25604K, committed 25728K, reserved 25984K
}
2016-03-09T22:52:27.842-0500: 1171.677: Total time for which application threads were stopped: 0.0230737 seconds
2016-03-09T22:52:27.845-0500: 1171.680: Total time for which application threads were stopped: 0.0007656 seconds
{Heap before GC invocations=57 (full 1):
 par new generation   total 109248K, used 93794K [0x11000000, 0x19000000, 0x19000000)
  eden space 87424K, 100% used [0x11000000, 0x16560000, 0x16560000)
  from space 21824K,  29% used [0x17ab0000, 0x180e8940, 0x19000000)
  to   space 21824K,   0% used [0x16560000, 0x16560000, 0x17ab0000)
 concurrent mark-sweep generation total 393216K, used 27634K [0x19000000, 0x31000000, 0x31000000)
 Metaspace       used 25391K, capacity 25646K, committed 25728K, reserved 25984K
2016-03-09T22:52:28.227-0500: 1172.061: [GC (Allocation Failure) 1172.062: [ParNew
Desired survivor size 20112996 bytes, new threshold 8 (max 8)
- age   1:     625800 bytes,     625800 total
- age   2:    1652792 bytes,    2278592 total
- age   3:     869048 bytes,    3147640 total
- age   4:      62584 bytes,    3210224 total
- age   5:      65368 bytes,    3275592 total
- age   6:      69728 bytes,    3345320 total
- age   7:     598480 bytes,    3943800 total
- age   8:     108184 bytes,    4051984 total
: 93794K->4576K(109248K), 0.0198705 secs] 121428K->32274K(502464K), 0.0200689 secs] [Times: user=0.06 sys=0.00, real=0.02 secs] 
Heap after GC invocations=58 (full 1):
 par new generation   total 109248K, used 4576K [0x11000000, 0x19000000, 0x19000000)
  eden space 87424K,   0% used [0x11000000, 0x11000000, 0x16560000)
  from space 21824K,  20% used [0x16560000, 0x169d8170, 0x17ab0000)
  to   space 21824K,   0% used [0x17ab0000, 0x17ab0000, 0x19000000)
 concurrent mark-sweep generation total 393216K, used 27697K [0x19000000, 0x31000000, 0x31000000)
 Metaspace       used 25391K, capacity 25646K, committed 25728K, reserved 25984K
}
2016-03-09T22:52:28.247-0500: 1172.082: Total time for which application threads were stopped: 0.0209892 seconds
2016-03-09T22:52:28.248-0500: 1172.082: Total time for which application threads were stopped: 0.0003756 seconds
2016-03-09T22:52:28.748-0500: 1172.582: Total time for which application threads were stopped: 0.0003816 seconds
2016-03-09T22:52:28.813-0500: 1172.647: Total time for which application threads were stopped: 0.0003413 seconds
2016-03-09T22:52:29.813-0500: 1173.647: Total time for which application threads were stopped: 0.0002862 seconds
2016-03-09T22:52:55.931-0500: 1199.765: Total time for which application threads were stopped: 0.0003452 seconds
2016-03-09T22:52:55.965-0500: 1199.800: Total time for which application threads were stopped: 0.0002973 seconds
2016-03-09T22:52:55.977-0500: 1199.811: Total time for which application threads were stopped: 0.0003128 seconds
2016-03-09T22:52:55.977-0500: 1199.812: Total time for which application threads were stopped: 0.0002189 seconds
2016-03-09T22:52:55.977-0500: 1199.812: Total time for which application threads were stopped: 0.0002437 seconds
2016-03-09T22:52:56.062-0500: 1199.896: Total time for which application threads were stopped: 0.0002703 seconds
2016-03-09T22:52:57.062-0500: 1200.897: Total time for which application threads were stopped: 0.0003360 seconds
{Heap before GC invocations=58 (full 1):
 par new generation   total 109248K, used 92000K [0x11000000, 0x19000000, 0x19000000)
  eden space 87424K, 100% used [0x11000000, 0x16560000, 0x16560000)
  from space 21824K,  20% used [0x16560000, 0x169d8170, 0x17ab0000)
  to   space 21824K,   0% used [0x17ab0000, 0x17ab0000, 0x19000000)
 concurrent mark-sweep generation total 393216K, used 27697K [0x19000000, 0x31000000, 0x31000000)
 Metaspace       used 25420K, capacity 25680K, committed 25728K, reserved 25984K
2016-03-09T22:52:57.317-0500: 1201.151: [GC (Allocation Failure) 1201.152: [ParNew
Desired survivor size 20112996 bytes, new threshold 8 (max 8)
- age   1:    2868504 bytes,    2868504 total
- age   2:      95528 bytes,    2964032 total
- age   3:     932864 bytes,    3896896 total
- age   4:     868136 bytes,    4765032 total
- age   5:      62504 bytes,    4827536 total
- age   6:      65304 bytes,    4892840 total
- age   7:      69664 bytes,    4962504 total
- age   8:     598416 bytes,    5560920 total
: 92000K->6952K(109248K), 0.0318800 secs] 119698K->34755K(502464K), 0.0321210 secs] [Times: user=0.13 sys=0.00, real=0.03 secs] 
Heap after GC invocations=59 (full 1):
 par new generation   total 109248K, used 6952K [0x11000000, 0x19000000, 0x19000000)
  eden space 87424K,   0% used [0x11000000, 0x11000000, 0x16560000)
  from space 21824K,  31% used [0x17ab0000, 0x1817a200, 0x19000000)
  to   space 21824K,   0% used [0x16560000, 0x16560000, 0x17ab0000)
 concurrent mark-sweep generation total 393216K, used 27803K [0x19000000, 0x31000000, 0x31000000)
 Metaspace       used 25420K, capacity 25680K, committed 25728K, reserved 25984K
}
2016-03-09T22:52:57.349-0500: 1201.184: Total time for which application threads were stopped: 0.0328778 seconds
2016-03-09T22:52:58.350-0500: 1202.184: Total time for which application threads were stopped: 0.0002273 seconds
2016-03-09T22:52:59.350-0500: 1203.184: Total time for which application threads were stopped: 0.0002056 seconds
{Heap before GC invocations=59 (full 1):
 par new generation   total 109248K, used 94376K [0x11000000, 0x19000000, 0x19000000)
  eden space 87424K, 100% used [0x11000000, 0x16560000, 0x16560000)
  from space 21824K,  31% used [0x17ab0000, 0x1817a200, 0x19000000)
  to   space 21824K,   0% used [0x16560000, 0x16560000, 0x17ab0000)
 concurrent mark-sweep generation total 393216K, used 27803K [0x19000000, 0x31000000, 0x31000000)
 Metaspace       used 25420K, capacity 25680K, committed 25728K, reserved 25984K
2016-03-09T22:53:00.003-0500: 1203.837: [GC (Allocation Failure) 1203.838: [ParNew
Desired survivor size 20112996 bytes, new threshold 8 (max 8)
- age   1:    1714792 bytes,    1714792 total
- age   2:    2477328 bytes,    4192120 total
- age   3:      95528 bytes,    4287648 total
- age   4:     932592 bytes,    5220240 total
- age   5:     868072 bytes,    6088312 total
- age   6:      62392 bytes,    6150704 total
- age   7:      65208 bytes,    6215912 total
- age   8:      69648 bytes,    6285560 total
: 94376K->7546K(109248K), 0.0218836 secs] 122179K->35934K(502464K), 0.0220603 secs] [Times: user=0.13 sys=0.00, real=0.02 secs] 
Heap after GC invocations=60 (full 1):
 par new generation   total 109248K, used 7546K [0x11000000, 0x19000000, 0x19000000)
  eden space 87424K,   0% used [0x11000000, 0x11000000, 0x16560000)
  from space 21824K,  34% used [0x16560000, 0x16cbebe8, 0x17ab0000)
  to   space 21824K,   0% used [0x17ab0000, 0x17ab0000, 0x19000000)
 concurrent mark-sweep generation total 393216K, used 28387K [0x19000000, 0x31000000, 0x31000000)
 Metaspace       used 25420K, capacity 25680K, committed 25728K, reserved 25984K
}
2016-03-09T22:53:00.025-0500: 1203.860: Total time for which application threads were stopped: 0.0225879 seconds
{Heap before GC invocations=60 (full 1):
 par new generation   total 109248K, used 94970K [0x11000000, 0x19000000, 0x19000000)
  eden space 87424K, 100% used [0x11000000, 0x16560000, 0x16560000)
  from space 21824K,  34% used [0x16560000, 0x16cbebe8, 0x17ab0000)
  to   space 21824K,   0% used [0x17ab0000, 0x17ab0000, 0x19000000)
 concurrent mark-sweep generation total 393216K, used 28387K [0x19000000, 0x31000000, 0x31000000)
 Metaspace       used 25420K, capacity 25680K, committed 25728K, reserved 25984K
2016-03-09T22:53:01.941-0500: 1205.776: [GC (Allocation Failure) 1205.776: [ParNew
Desired survivor size 20112996 bytes, new threshold 8 (max 8)
- age   1:    1491848 bytes,    1491848 total
- age   2:    1099200 bytes,    2591048 total
- age   3:    2476296 bytes,    5067344 total
- age   4:      95528 bytes,    5162872 total
- age   5:     928888 bytes,    6091760 total
- age   6:     868024 bytes,    6959784 total
- age   7:      62232 bytes,    7022016 total
- age   8:      65096 bytes,    7087112 total
: 94970K->8608K(109248K), 0.0400435 secs] 123358K->37063K(502464K), 0.0402784 secs] [Times: user=0.13 sys=0.00, real=0.04 secs] 
Heap after GC invocations=61 (full 1):
 par new generation   total 109248K, used 8608K [0x11000000, 0x19000000, 0x19000000)
  eden space 87424K,   0% used [0x11000000, 0x11000000, 0x16560000)
  from space 21824K,  39% used [0x17ab0000, 0x18318020, 0x19000000)
  to   space 21824K,   0% used [0x16560000, 0x16560000, 0x17ab0000)
 concurrent mark-sweep generation total 393216K, used 28455K [0x19000000, 0x31000000, 0x31000000)
 Metaspace       used 25420K, capacity 25680K, committed 25728K, reserved 25984K
}
2016-03-09T22:53:01.981-0500: 1205.816: Total time for which application threads were stopped: 0.0410611 seconds
2016-03-09T22:53:02.982-0500: 1206.816: Total time for which application threads were stopped: 0.0002144 seconds
2016-03-09T22:53:03.982-0500: 1207.816: Total time for which application threads were stopped: 0.0004037 seconds
{Heap before GC invocations=61 (full 1):
 par new generation   total 109248K, used 96032K [0x11000000, 0x19000000, 0x19000000)
  eden space 87424K, 100% used [0x11000000, 0x16560000, 0x16560000)
  from space 21824K,  39% used [0x17ab0000, 0x18318020, 0x19000000)
  to   space 21824K,   0% used [0x16560000, 0x16560000, 0x17ab0000)
 concurrent mark-sweep generation total 393216K, used 28455K [0x19000000, 0x31000000, 0x31000000)
 Metaspace       used 25420K, capacity 25680K, committed 25728K, reserved 25984K
2016-03-09T22:53:04.982-0500: 1208.817: [GC (Allocation Failure) 1208.817: [ParNew
Desired survivor size 20112996 bytes, new threshold 8 (max 8)
- age   1:    1559312 bytes,    1559312 total
- age   2:     841352 bytes,    2400664 total
- age   3:     955112 bytes,    3355776 total
- age   4:    2476088 bytes,    5831864 total
- age   5:      95528 bytes,    5927392 total
- age   6:     928888 bytes,    6856280 total
- age   7:     867992 bytes,    7724272 total
- age   8:      62056 bytes,    7786328 total
: 96032K->9938K(109248K), 0.0304504 secs] 124487K->38457K(502464K), 0.0306872 secs] [Times: user=0.08 sys=0.00, real=0.03 secs] 
Heap after GC invocations=62 (full 1):
 par new generation   total 109248K, used 9938K [0x11000000, 0x19000000, 0x19000000)
  eden space 87424K,   0% used [0x11000000, 0x11000000, 0x16560000)
  from space 21824K,  45% used [0x16560000, 0x16f148a0, 0x17ab0000)
  to   space 21824K,   0% used [0x17ab0000, 0x17ab0000, 0x19000000)
 concurrent mark-sweep generation total 393216K, used 28518K [0x19000000, 0x31000000, 0x31000000)
 Metaspace       used 25420K, capacity 25680K, committed 25728K, reserved 25984K
}
2016-03-09T22:53:05.014-0500: 1208.848: Total time for which application threads were stopped: 0.0314056 seconds
2016-03-09T22:53:06.014-0500: 1209.848: Total time for which application threads were stopped: 0.0002357 seconds
{Heap before GC invocations=62 (full 1):
 par new generation   total 109248K, used 97362K [0x11000000, 0x19000000, 0x19000000)
  eden space 87424K, 100% used [0x11000000, 0x16560000, 0x16560000)
  from space 21824K,  45% used [0x16560000, 0x16f148a0, 0x17ab0000)
  to   space 21824K,   0% used [0x17ab0000, 0x17ab0000, 0x19000000)
 concurrent mark-sweep generation total 393216K, used 28518K [0x19000000, 0x31000000, 0x31000000)
 Metaspace       used 25420K, capacity 25680K, committed 25728K, reserved 25984K
2016-03-09T22:53:08.029-0500: 1211.863: [GC (Allocation Failure) 1211.863: [ParNew
Desired survivor size 20112996 bytes, new threshold 8 (max 8)
- age   1:    1051304 bytes,    1051304 total
- age   2:     935696 bytes,    1987000 total
- age   3:     841352 bytes,    2828352 total
- age   4:     955112 bytes,    3783464 total
- age   5:    2476088 bytes,    6259552 total
- age   6:      95528 bytes,    6355080 total
- age   7:     928904 bytes,    7283984 total
- age   8:     867928 bytes,    8151912 total
: 97362K->10425K(109248K), 0.0319963 secs] 125881K->39004K(502464K), 0.0322153 secs] [Times: user=0.08 sys=0.00, real=0.03 secs] 
Heap after GC invocations=63 (full 1):
 par new generation   total 109248K, used 10425K [0x11000000, 0x19000000, 0x19000000)
  eden space 87424K,   0% used [0x11000000, 0x11000000, 0x16560000)
  from space 21824K,  47% used [0x17ab0000, 0x184de450, 0x19000000)
  to   space 21824K,   0% used [0x16560000, 0x16560000, 0x17ab0000)
 concurrent mark-sweep generation total 393216K, used 28579K [0x19000000, 0x31000000, 0x31000000)
 Metaspace       used 25420K, capacity 25680K, committed 25728K, reserved 25984K
}
2016-03-09T22:53:08.061-0500: 1211.896: Total time for which application threads were stopped: 0.0327798 seconds
2016-03-09T22:53:09.062-0500: 1212.896: Total time for which application threads were stopped: 0.0002874 seconds
2016-03-09T22:53:10.062-0500: 1213.896: Total time for which application threads were stopped: 0.0002273 seconds
{Heap before GC invocations=63 (full 1):
 par new generation   total 109248K, used 97849K [0x11000000, 0x19000000, 0x19000000)
  eden space 87424K, 100% used [0x11000000, 0x16560000, 0x16560000)
  from space 21824K,  47% used [0x17ab0000, 0x184de450, 0x19000000)
  to   space 21824K,   0% used [0x16560000, 0x16560000, 0x17ab0000)
 concurrent mark-sweep generation total 393216K, used 28579K [0x19000000, 0x31000000, 0x31000000)
 Metaspace       used 25420K, capacity 25680K, committed 25728K, reserved 25984K
2016-03-09T22:53:10.667-0500: 1214.502: [GC (Allocation Failure) 1214.502: [ParNew
Desired survivor size 20112996 bytes, new threshold 8 (max 8)
- age   1:    1349440 bytes,    1349440 total
- age   2:     364640 bytes,    1714080 total
- age   3:     918376 bytes,    2632456 total
- age   4:     841352 bytes,    3473808 total
- age   5:     955112 bytes,    4428920 total
- age   6:    2476048 bytes,    6904968 total
- age   7:      95528 bytes,    7000496 total
- age   8:     916968 bytes,    7917464 total
: 97849K->9014K(109248K), 0.0417890 secs] 126428K->38441K(502464K), 0.0420391 secs] [Times: user=0.09 sys=0.00, real=0.04 secs] 
Heap after GC invocations=64 (full 1):
 par new generation   total 109248K, used 9014K [0x11000000, 0x19000000, 0x19000000)
  eden space 87424K,   0% used [0x11000000, 0x11000000, 0x16560000)
  from space 21824K,  41% used [0x16560000, 0x16e2d888, 0x17ab0000)
  to   space 21824K,   0% used [0x17ab0000, 0x17ab0000, 0x19000000)
 concurrent mark-sweep generation total 393216K, used 29427K [0x19000000, 0x31000000, 0x31000000)
 Metaspace       used 25420K, capacity 25680K, committed 25728K, reserved 25984K
}
2016-03-09T22:53:10.710-0500: 1214.544: Total time for which application threads were stopped: 0.0428134 seconds
2016-03-09T22:53:10.714-0500: 1214.548: Total time for which application threads were stopped: 0.0005120 seconds
2016-03-09T22:53:10.746-0500: 1214.581: Total time for which application threads were stopped: 0.0003626 seconds
2016-03-09T22:53:10.983-0500: 1214.817: Total time for which application threads were stopped: 0.0004797 seconds
2016-03-09T22:53:10.997-0500: 1214.831: Total time for which application threads were stopped: 0.0016604 seconds
2016-03-09T22:53:11.393-0500: 1215.228: Total time for which application threads were stopped: 0.0028349 seconds
2016-03-09T22:53:11.394-0500: 1215.228: Total time for which application threads were stopped: 0.0003315 seconds
2016-03-09T22:53:11.394-0500: 1215.229: Total time for which application threads were stopped: 0.0003311 seconds
2016-03-09T22:53:12.043-0500: 1215.877: Total time for which application threads were stopped: 0.0124106 seconds
2016-03-09T22:53:12.052-0500: 1215.886: Total time for which application threads were stopped: 0.0020591 seconds
2016-03-09T22:53:12.053-0500: 1215.888: Total time for which application threads were stopped: 0.0002942 seconds
2016-03-09T22:53:12.233-0500: 1216.068: Total time for which application threads were stopped: 0.0017497 seconds
2016-03-09T22:53:12.323-0500: 1216.158: Total time for which application threads were stopped: 0.0008621 seconds
2016-03-09T22:53:12.369-0500: 1216.204: Total time for which application threads were stopped: 0.0001916 seconds
2016-03-09T22:53:13.370-0500: 1217.204: Total time for which application threads were stopped: 0.0001840 seconds
{Heap before GC invocations=64 (full 1):
 par new generation   total 109248K, used 96438K [0x11000000, 0x19000000, 0x19000000)
  eden space 87424K, 100% used [0x11000000, 0x16560000, 0x16560000)
  from space 21824K,  41% used [0x16560000, 0x16e2d888, 0x17ab0000)
  to   space 21824K,   0% used [0x17ab0000, 0x17ab0000, 0x19000000)
 concurrent mark-sweep generation total 393216K, used 29427K [0x19000000, 0x31000000, 0x31000000)
 Metaspace       used 25454K, capacity 25680K, committed 25728K, reserved 25984K
2016-03-09T22:53:13.572-0500: 1217.407: [GC (Allocation Failure) 1217.407: [ParNew
Desired survivor size 20112996 bytes, new threshold 8 (max 8)
- age   1:    2167848 bytes,    2167848 total
- age   2:     336472 bytes,    2504320 total
- age   3:     216768 bytes,    2721088 total
- age   4:     278016 bytes,    2999104 total
- age   5:     366872 bytes,    3365976 total
- age   6:     482856 bytes,    3848832 total
- age   7:    2189552 bytes,    6038384 total
- age   8:      95528 bytes,    6133912 total
: 96438K->10200K(109248K), 0.0206505 secs] 125865K->40526K(502464K), 0.0207660 secs] [Times: user=0.06 sys=0.00, real=0.02 secs] 
Heap after GC invocations=65 (full 1):
 par new generation   total 109248K, used 10200K [0x11000000, 0x19000000, 0x19000000)
  eden space 87424K,   0% used [0x11000000, 0x11000000, 0x16560000)
  from space 21824K,  46% used [0x17ab0000, 0x184a6300, 0x19000000)
  to   space 21824K,   0% used [0x16560000, 0x16560000, 0x17ab0000)
 concurrent mark-sweep generation total 393216K, used 30325K [0x19000000, 0x31000000, 0x31000000)
 Metaspace       used 25454K, capacity 25680K, committed 25728K, reserved 25984K
}
2016-03-09T22:53:13.593-0500: 1217.428: Total time for which application threads were stopped: 0.0211028 seconds
2016-03-09T22:53:13.644-0500: 1217.479: Total time for which application threads were stopped: 0.0001988 seconds
2016-03-09T22:53:13.646-0500: 1217.480: Total time for which application threads were stopped: 0.0001950 seconds
2016-03-09T22:53:13.673-0500: 1217.507: Total time for which application threads were stopped: 0.0002296 seconds
2016-03-09T22:53:13.679-0500: 1217.513: Total time for which application threads were stopped: 0.0001863 seconds
2016-03-09T22:53:13.679-0500: 1217.514: Total time for which application threads were stopped: 0.0001597 seconds
2016-03-09T22:53:13.680-0500: 1217.514: Total time for which application threads were stopped: 0.0001391 seconds
2016-03-09T22:53:13.688-0500: 1217.522: Total time for which application threads were stopped: 0.0002151 seconds
2016-03-09T22:53:14.688-0500: 1218.522: Total time for which application threads were stopped: 0.0001802 seconds
{Heap before GC invocations=65 (full 1):
 par new generation   total 109248K, used 97624K [0x11000000, 0x19000000, 0x19000000)
  eden space 87424K, 100% used [0x11000000, 0x16560000, 0x16560000)
  from space 21824K,  46% used [0x17ab0000, 0x184a6300, 0x19000000)
  to   space 21824K,   0% used [0x16560000, 0x16560000, 0x17ab0000)
 concurrent mark-sweep generation total 393216K, used 30325K [0x19000000, 0x31000000, 0x31000000)
 Metaspace       used 25457K, capacity 25680K, committed 25728K, reserved 25984K
2016-03-09T22:53:15.213-0500: 1219.047: [GC (Allocation Failure) 1219.047: [ParNew
Desired survivor size 20112996 bytes, new threshold 8 (max 8)
- age   1:    1214304 bytes,    1214304 total
- age   2:    1318968 bytes,    2533272 total
- age   3:     336136 bytes,    2869408 total
- age   4:     216416 bytes,    3085824 total
- age   5:     277440 bytes,    3363264 total
- age   6:     366568 bytes,    3729832 total
- age   7:     482456 bytes,    4212288 total
- age   8:    2189040 bytes,    6401328 total
: 97624K->7994K(109248K), 0.0175205 secs] 127950K->38414K(502464K), 0.0176620 secs] [Times: user=0.02 sys=0.00, real=0.02 secs] 
Heap after GC invocations=66 (full 1):
 par new generation   total 109248K, used 7994K [0x11000000, 0x19000000, 0x19000000)
  eden space 87424K,   0% used [0x11000000, 0x11000000, 0x16560000)
  from space 21824K,  36% used [0x16560000, 0x16d2e890, 0x17ab0000)
  to   space 21824K,   0% used [0x17ab0000, 0x17ab0000, 0x19000000)
 concurrent mark-sweep generation total 393216K, used 30419K [0x19000000, 0x31000000, 0x31000000)
 Metaspace       used 25457K, capacity 25680K, committed 25728K, reserved 25984K
}
2016-03-09T22:53:15.230-0500: 1219.065: Total time for which application threads were stopped: 0.0180086 seconds
{Heap before GC invocations=66 (full 1):
 par new generation   total 109248K, used 95418K [0x11000000, 0x19000000, 0x19000000)
  eden space 87424K, 100% used [0x11000000, 0x16560000, 0x16560000)
  from space 21824K,  36% used [0x16560000, 0x16d2e890, 0x17ab0000)
  to   space 21824K,   0% used [0x17ab0000, 0x17ab0000, 0x19000000)
 concurrent mark-sweep generation total 393216K, used 30419K [0x19000000, 0x31000000, 0x31000000)
 Metaspace       used 25457K, capacity 25680K, committed 25728K, reserved 25984K
2016-03-09T22:53:17.782-0500: 1221.617: [GC (Allocation Failure) 1221.617: [ParNew
Desired survivor size 20112996 bytes, new threshold 8 (max 8)
- age   1:    1152800 bytes,    1152800 total
- age   2:     738264 bytes,    1891064 total
- age   3:    1318792 bytes,    3209856 total
- age   4:     335816 bytes,    3545672 total
- age   5:     216080 bytes,    3761752 total
- age   6:     277136 bytes,    4038888 total
- age   7:     366264 bytes,    4405152 total
- age   8:     482200 bytes,    4887352 total
: 95418K->8231K(109248K), 0.0397405 secs] 125838K->40791K(502464K), 0.0399557 secs] [Times: user=0.14 sys=0.00, real=0.04 secs] 
Heap after GC invocations=67 (full 1):
 par new generation   total 109248K, used 8231K [0x11000000, 0x19000000, 0x19000000)
  eden space 87424K,   0% used [0x11000000, 0x11000000, 0x16560000)
  from space 21824K,  37% used [0x17ab0000, 0x182b9f40, 0x19000000)
  to   space 21824K,   0% used [0x16560000, 0x16560000, 0x17ab0000)
 concurrent mark-sweep generation total 393216K, used 32559K [0x19000000, 0x31000000, 0x31000000)
 Metaspace       used 25457K, capacity 25680K, committed 25728K, reserved 25984K
}
2016-03-09T22:53:17.823-0500: 1221.657: Total time for which application threads were stopped: 0.0406053 seconds
2016-03-09T22:53:18.823-0500: 1222.657: Total time for which application threads were stopped: 0.0002505 seconds
{Heap before GC invocations=67 (full 1):
 par new generation   total 109248K, used 95655K [0x11000000, 0x19000000, 0x19000000)
  eden space 87424K, 100% used [0x11000000, 0x16560000, 0x16560000)
  from space 21824K,  37% used [0x17ab0000, 0x182b9f40, 0x19000000)
  to   space 21824K,   0% used [0x16560000, 0x16560000, 0x17ab0000)
 concurrent mark-sweep generation total 393216K, used 32559K [0x19000000, 0x31000000, 0x31000000)
 Metaspace       used 25457K, capacity 25680K, committed 25728K, reserved 25984K
2016-03-09T22:53:20.633-0500: 1224.467: [GC (Allocation Failure) 1224.467: [ParNew
Desired survivor size 20112996 bytes, new threshold 8 (max 8)
- age   1:    1281688 bytes,    1281688 total
- age   2:     615256 bytes,    1896944 total
- age   3:     738056 bytes,    2635000 total
- age   4:    1318712 bytes,    3953712 total
- age   5:     335592 bytes,    4289304 total
- age   6:     215808 bytes,    4505112 total
- age   7:     276976 bytes,    4782088 total
- age   8:     366120 bytes,    5148208 total
: 95655K->6412K(109248K), 0.0180797 secs] 128215K->39442K(502464K), 0.0182793 secs] [Times: user=0.00 sys=0.03, real=0.02 secs] 
Heap after GC invocations=68 (full 1):
 par new generation   total 109248K, used 6412K [0x11000000, 0x19000000, 0x19000000)
  eden space 87424K,   0% used [0x11000000, 0x11000000, 0x16560000)
  from space 21824K,  29% used [0x16560000, 0x16ba3390, 0x17ab0000)
  to   space 21824K,   0% used [0x17ab0000, 0x17ab0000, 0x19000000)
 concurrent mark-sweep generation total 393216K, used 33029K [0x19000000, 0x31000000, 0x31000000)
 Metaspace       used 25457K, capacity 25680K, committed 25728K, reserved 25984K
}
2016-03-09T22:53:20.651-0500: 1224.486: Total time for which application threads were stopped: 0.0188704 seconds
2016-03-09T22:53:21.651-0500: 1225.486: Total time for which application threads were stopped: 0.0002178 seconds
{Heap before GC invocations=68 (full 1):
 par new generation   total 109248K, used 93836K [0x11000000, 0x19000000, 0x19000000)
  eden space 87424K, 100% used [0x11000000, 0x16560000, 0x16560000)
  from space 21824K,  29% used [0x16560000, 0x16ba3390, 0x17ab0000)
  to   space 21824K,   0% used [0x17ab0000, 0x17ab0000, 0x19000000)
 concurrent mark-sweep generation total 393216K, used 33029K [0x19000000, 0x31000000, 0x31000000)
 Metaspace       used 25457K, capacity 25680K, committed 25728K, reserved 25984K
2016-03-09T22:53:23.199-0500: 1227.034: [GC (Allocation Failure) 1227.034: [ParNew
Desired survivor size 20112996 bytes, new threshold 8 (max 8)
- age   1:    1744168 bytes,    1744168 total
- age   2:     662264 bytes,    2406432 total
- age   3:     537176 bytes,    2943608 total
- age   4:     737784 bytes,    3681392 total
- age   5:    1318488 bytes,    4999880 total
- age   6:     335352 bytes,    5335232 total
- age   7:     215696 bytes,    5550928 total
- age   8:     276880 bytes,    5827808 total
: 93836K->7720K(109248K), 0.0193124 secs] 126866K->41108K(502464K), 0.0195150 secs] [Times: user=0.02 sys=0.00, real=0.02 secs] 
Heap after GC invocations=69 (full 1):
 par new generation   total 109248K, used 7720K [0x11000000, 0x19000000, 0x19000000)
  eden space 87424K,   0% used [0x11000000, 0x11000000, 0x16560000)
  from space 21824K,  35% used [0x17ab0000, 0x1823a390, 0x19000000)
  to   space 21824K,   0% used [0x16560000, 0x16560000, 0x17ab0000)
 concurrent mark-sweep generation total 393216K, used 33387K [0x19000000, 0x31000000, 0x31000000)
 Metaspace       used 25457K, capacity 25680K, committed 25728K, reserved 25984K
}
2016-03-09T22:53:23.219-0500: 1227.053: Total time for which application threads were stopped: 0.0200685 seconds
2016-03-09T22:53:23.785-0500: 1227.619: Total time for which application threads were stopped: 0.0002338 seconds
{Heap before GC invocations=69 (full 1):
 par new generation   total 109248K, used 95140K [0x11000000, 0x19000000, 0x19000000)
  eden space 87424K,  99% used [0x11000000, 0x1655ef90, 0x16560000)
  from space 21824K,  35% used [0x17ab0000, 0x1823a390, 0x19000000)
  to   space 21824K,   0% used [0x16560000, 0x16560000, 0x17ab0000)
 concurrent mark-sweep generation total 393216K, used 33387K [0x19000000, 0x31000000, 0x31000000)
 Metaspace       used 25457K, capacity 25680K, committed 25728K, reserved 25984K
2016-03-09T22:53:25.813-0500: 1229.648: [GC (Allocation Failure) 1229.648: [ParNew
Desired survivor size 20112996 bytes, new threshold 8 (max 8)
- age   1:    1329992 bytes,    1329992 total
- age   2:    1121504 bytes,    2451496 total
- age   3:     653928 bytes,    3105424 total
- age   4:     532840 bytes,    3638264 total
- age   5:     737592 bytes,    4375856 total
- age   6:    1318304 bytes,    5694160 total
- age   7:     335208 bytes,    6029368 total
- age   8:     215600 bytes,    6244968 total
: 95140K->7411K(109248K), 0.0210602 secs] 128527K->41069K(502464K), 0.0213073 secs] [Times: user=0.06 sys=0.00, real=0.02 secs] 
Heap after GC invocations=70 (full 1):
 par new generation   total 109248K, used 7411K [0x11000000, 0x19000000, 0x19000000)
  eden space 87424K,   0% used [0x11000000, 0x11000000, 0x16560000)
  from space 21824K,  33% used [0x16560000, 0x16c9cec0, 0x17ab0000)
  to   space 21824K,   0% used [0x17ab0000, 0x17ab0000, 0x19000000)
 concurrent mark-sweep generation total 393216K, used 33657K [0x19000000, 0x31000000, 0x31000000)
 Metaspace       used 25457K, capacity 25680K, committed 25728K, reserved 25984K
}
2016-03-09T22:53:25.835-0500: 1229.669: Total time for which application threads were stopped: 0.0218699 seconds
2016-03-09T22:53:26.234-0500: 1230.069: Total time for which application threads were stopped: 0.0001954 seconds
2016-03-09T22:53:26.240-0500: 1230.074: Total time for which application threads were stopped: 0.0002608 seconds
2016-03-09T22:53:26.255-0500: 1230.090: Total time for which application threads were stopped: 0.0003144 seconds
2016-03-09T22:53:26.256-0500: 1230.090: Total time for which application threads were stopped: 0.0002212 seconds
2016-03-09T22:53:26.256-0500: 1230.091: Total time for which application threads were stopped: 0.0002649 seconds
2016-03-09T22:53:26.273-0500: 1230.108: Total time for which application threads were stopped: 0.0003900 seconds
2016-03-09T22:53:27.274-0500: 1231.108: Total time for which application threads were stopped: 0.0002094 seconds
{Heap before GC invocations=70 (full 1):
 par new generation   total 109248K, used 94835K [0x11000000, 0x19000000, 0x19000000)
  eden space 87424K, 100% used [0x11000000, 0x16560000, 0x16560000)
  from space 21824K,  33% used [0x16560000, 0x16c9cec0, 0x17ab0000)
  to   space 21824K,   0% used [0x17ab0000, 0x17ab0000, 0x19000000)
 concurrent mark-sweep generation total 393216K, used 33657K [0x19000000, 0x31000000, 0x31000000)
 Metaspace       used 25465K, capacity 25712K, committed 25856K, reserved 25984K
2016-03-09T22:53:27.898-0500: 1231.733: [GC (Allocation Failure) 1231.733: [ParNew
Desired survivor size 20112996 bytes, new threshold 8 (max 8)
- age   1:    2591040 bytes,    2591040 total
- age   2:     293832 bytes,    2884872 total
- age   3:     292752 bytes,    3177624 total
- age   4:     343304 bytes,    3520928 total
- age   5:     254136 bytes,    3775064 total
- age   6:     404664 bytes,    4179728 total
- age   7:    1316704 bytes,    5496432 total
- age   8:     335128 bytes,    5831560 total
: 94835K->9252K(109248K), 0.0183515 secs] 128493K->43120K(502464K), 0.0186058 secs] [Times: user=0.08 sys=0.00, real=0.02 secs] 
Heap after GC invocations=71 (full 1):
 par new generation   total 109248K, used 9252K [0x11000000, 0x19000000, 0x19000000)
  eden space 87424K,   0% used [0x11000000, 0x11000000, 0x16560000)
  from space 21824K,  42% used [0x17ab0000, 0x183b9288, 0x19000000)
  to   space 21824K,   0% used [0x16560000, 0x16560000, 0x17ab0000)
 concurrent mark-sweep generation total 393216K, used 33867K [0x19000000, 0x31000000, 0x31000000)
 Metaspace       used 25465K, capacity 25712K, committed 25856K, reserved 25984K
}
2016-03-09T22:53:27.916-0500: 1231.752: Total time for which application threads were stopped: 0.0192672 seconds
2016-03-09T22:53:28.226-0500: 1232.060: Total time for which application threads were stopped: 0.0002247 seconds
2016-03-09T22:53:28.228-0500: 1232.062: Total time for which application threads were stopped: 0.0001726 seconds
2016-03-09T22:53:28.305-0500: 1232.139: Total time for which application threads were stopped: 0.0003467 seconds
2016-03-09T22:53:28.315-0500: 1232.150: Total time for which application threads were stopped: 0.0002406 seconds
2016-03-09T22:53:28.316-0500: 1232.150: Total time for which application threads were stopped: 0.0001384 seconds
2016-03-09T22:53:28.316-0500: 1232.150: Total time for which application threads were stopped: 0.0001904 seconds
2016-03-09T22:53:28.316-0500: 1232.151: Total time for which application threads were stopped: 0.0002087 seconds
2016-03-09T22:53:28.317-0500: 1232.151: Total time for which application threads were stopped: 0.0001825 seconds
2016-03-09T22:53:28.317-0500: 1232.151: Total time for which application threads were stopped: 0.0002661 seconds
2016-03-09T22:53:28.321-0500: 1232.156: Total time for which application threads were stopped: 0.0004075 seconds
2016-03-09T22:53:29.321-0500: 1233.156: Total time for which application threads were stopped: 0.0003292 seconds
2016-03-09T22:53:29.377-0500: 1233.211: Total time for which application threads were stopped: 0.0002665 seconds
2016-03-09T22:53:29.418-0500: 1233.252: Total time for which application threads were stopped: 0.0003109 seconds
2016-03-09T22:53:29.418-0500: 1233.253: Total time for which application threads were stopped: 0.0002144 seconds
2016-03-09T22:53:29.419-0500: 1233.253: Total time for which application threads were stopped: 0.0002307 seconds
2016-03-09T22:53:29.421-0500: 1233.255: Total time for which application threads were stopped: 0.0002600 seconds
2016-03-09T22:53:29.422-0500: 1233.256: Total time for which application threads were stopped: 0.0002459 seconds
2016-03-09T22:53:29.423-0500: 1233.257: Total time for which application threads were stopped: 0.0002429 seconds
2016-03-09T22:53:29.428-0500: 1233.262: Total time for which application threads were stopped: 0.0002513 seconds
2016-03-09T22:53:29.429-0500: 1233.263: Total time for which application threads were stopped: 0.0001646 seconds
2016-03-09T22:53:29.429-0500: 1233.264: Total time for which application threads were stopped: 0.0004200 seconds
{Heap before GC invocations=71 (full 1):
 par new generation   total 109248K, used 96676K [0x11000000, 0x19000000, 0x19000000)
  eden space 87424K, 100% used [0x11000000, 0x16560000, 0x16560000)
  from space 21824K,  42% used [0x17ab0000, 0x183b9288, 0x19000000)
  to   space 21824K,   0% used [0x16560000, 0x16560000, 0x17ab0000)
 concurrent mark-sweep generation total 393216K, used 33867K [0x19000000, 0x31000000, 0x31000000)
 Metaspace       used 25470K, capacity 25712K, committed 25856K, reserved 25984K
2016-03-09T22:53:29.792-0500: 1233.626: [GC (Allocation Failure) 1233.626: [ParNew
Desired survivor size 20112996 bytes, new threshold 8 (max 8)
- age   1:    2005144 bytes,    2005144 total
- age   2:    1406328 bytes,    3411472 total
- age   3:     223096 bytes,    3634568 total
- age   4:     231728 bytes,    3866296 total
- age   5:     283160 bytes,    4149456 total
- age   6:     190904 bytes,    4340360 total
- age   7:     314064 bytes,    4654424 total
- age   8:    1277360 bytes,    5931784 total
: 96676K->7550K(109248K), 0.0143047 secs] 130544K->41745K(502464K), 0.0144803 secs] [Times: user=0.06 sys=0.00, real=0.01 secs] 
Heap after GC invocations=72 (full 1):
 par new generation   total 109248K, used 7550K [0x11000000, 0x19000000, 0x19000000)
  eden space 87424K,   0% used [0x11000000, 0x11000000, 0x16560000)
  from space 21824K,  34% used [0x16560000, 0x16cbf8d8, 0x17ab0000)
  to   space 21824K,   0% used [0x17ab0000, 0x17ab0000, 0x19000000)
 concurrent mark-sweep generation total 393216K, used 34195K [0x19000000, 0x31000000, 0x31000000)
 Metaspace       used 25470K, capacity 25712K, committed 25856K, reserved 25984K
}
2016-03-09T22:53:29.807-0500: 1233.641: Total time for which application threads were stopped: 0.0150836 seconds
2016-03-09T22:53:30.800-0500: 1234.635: Total time for which application threads were stopped: 0.0002053 seconds
2016-03-09T22:53:30.800-0500: 1234.635: Total time for which application threads were stopped: 0.0001425 seconds
{Heap before GC invocations=72 (full 1):
 par new generation   total 109248K, used 94974K [0x11000000, 0x19000000, 0x19000000)
  eden space 87424K, 100% used [0x11000000, 0x16560000, 0x16560000)
  from space 21824K,  34% used [0x16560000, 0x16cbf8d8, 0x17ab0000)
  to   space 21824K,   0% used [0x17ab0000, 0x17ab0000, 0x19000000)
 concurrent mark-sweep generation total 393216K, used 34195K [0x19000000, 0x31000000, 0x31000000)
 Metaspace       used 25472K, capacity 25712K, committed 25856K, reserved 25984K
2016-03-09T22:53:31.030-0500: 1234.865: [GC (Allocation Failure) 1234.865: [ParNew
Desired survivor size 20112996 bytes, new threshold 8 (max 8)
- age   1:     617928 bytes,     617928 total
- age   2:    1147240 bytes,    1765168 total
- age   3:    1406128 bytes,    3171296 total
- age   4:     223000 bytes,    3394296 total
- age   5:     231696 bytes,    3625992 total
- age   6:     282968 bytes,    3908960 total
- age   7:     190712 bytes,    4099672 total
- age   8:     313888 bytes,    4413560 total
: 94974K->5867K(109248K), 0.0135574 secs] 129169K->41309K(502464K), 0.0136737 secs] [Times: user=0.02 sys=0.00, real=0.01 secs] 
Heap after GC invocations=73 (full 1):
 par new generation   total 109248K, used 5867K [0x11000000, 0x19000000, 0x19000000)
  eden space 87424K,   0% used [0x11000000, 0x11000000, 0x16560000)
  from space 21824K,  26% used [0x17ab0000, 0x1806ae50, 0x19000000)
  to   space 21824K,   0% used [0x16560000, 0x16560000, 0x17ab0000)
 concurrent mark-sweep generation total 393216K, used 35442K [0x19000000, 0x31000000, 0x31000000)
 Metaspace       used 25472K, capacity 25712K, committed 25856K, reserved 25984K
}
2016-03-09T22:53:31.044-0500: 1234.879: Total time for which application threads were stopped: 0.0140029 seconds
{Heap before GC invocations=73 (full 1):
 par new generation   total 109248K, used 93291K [0x11000000, 0x19000000, 0x19000000)
  eden space 87424K, 100% used [0x11000000, 0x16560000, 0x16560000)
  from space 21824K,  26% used [0x17ab0000, 0x1806ae50, 0x19000000)
  to   space 21824K,   0% used [0x16560000, 0x16560000, 0x17ab0000)
 concurrent mark-sweep generation total 393216K, used 35442K [0x19000000, 0x31000000, 0x31000000)
 Metaspace       used 25472K, capacity 25712K, committed 25856K, reserved 25984K
2016-03-09T22:53:33.581-0500: 1237.416: [GC (Allocation Failure) 1237.416: [ParNew
Desired survivor size 20112996 bytes, new threshold 8 (max 8)
- age   1:     965264 bytes,     965264 total
- age   2:     254072 bytes,    1219336 total
- age   3:    1146120 bytes,    2365456 total
- age   4:    1406000 bytes,    3771456 total
- age   5:     222888 bytes,    3994344 total
- age   6:     231600 bytes,    4225944 total
- age   7:     282840 bytes,    4508784 total
- age   8:     190584 bytes,    4699368 total
: 93291K->6255K(109248K), 0.0188529 secs] 128733K->42003K(502464K), 0.0190825 secs] [Times: user=0.06 sys=0.00, real=0.02 secs] 
Heap after GC invocations=74 (full 1):
 par new generation   total 109248K, used 6255K [0x11000000, 0x19000000, 0x19000000)
  eden space 87424K,   0% used [0x11000000, 0x11000000, 0x16560000)
  from space 21824K,  28% used [0x16560000, 0x16b7bc88, 0x17ab0000)
  to   space 21824K,   0% used [0x17ab0000, 0x17ab0000, 0x19000000)
 concurrent mark-sweep generation total 393216K, used 35748K [0x19000000, 0x31000000, 0x31000000)
 Metaspace       used 25472K, capacity 25712K, committed 25856K, reserved 25984K
}
2016-03-09T22:53:33.601-0500: 1237.435: Total time for which application threads were stopped: 0.0196698 seconds
{Heap before GC invocations=74 (full 1):
 par new generation   total 109248K, used 93672K [0x11000000, 0x19000000, 0x19000000)
  eden space 87424K,  99% used [0x11000000, 0x1655e4f0, 0x16560000)
  from space 21824K,  28% used [0x16560000, 0x16b7bc88, 0x17ab0000)
  to   space 21824K,   0% used [0x17ab0000, 0x17ab0000, 0x19000000)
 concurrent mark-sweep generation total 393216K, used 35748K [0x19000000, 0x31000000, 0x31000000)
 Metaspace       used 25472K, capacity 25712K, committed 25856K, reserved 25984K
2016-03-09T22:53:36.345-0500: 1240.180: [GC (Allocation Failure) 1240.180: [ParNew
Desired survivor size 20112996 bytes, new threshold 8 (max 8)
- age   1:    1235080 bytes,    1235080 total
- age   2:     413464 bytes,    1648544 total
- age   3:     188424 bytes,    1836968 total
- age   4:    1146008 bytes,    2982976 total
- age   5:    1405952 bytes,    4388928 total
- age   6:     222760 bytes,    4611688 total
- age   7:     231472 bytes,    4843160 total
- age   8:     282792 bytes,    5125952 total
: 93672K->5723K(109248K), 0.0151543 secs] 129421K->41658K(502464K), 0.0153702 secs] [Times: user=0.06 sys=0.00, real=0.02 secs] 
Heap after GC invocations=75 (full 1):
 par new generation   total 109248K, used 5723K [0x11000000, 0x19000000, 0x19000000)
  eden space 87424K,   0% used [0x11000000, 0x11000000, 0x16560000)
  from space 21824K,  26% used [0x17ab0000, 0x18046ff0, 0x19000000)
  to   space 21824K,   0% used [0x16560000, 0x16560000, 0x17ab0000)
 concurrent mark-sweep generation total 393216K, used 35934K [0x19000000, 0x31000000, 0x31000000)
 Metaspace       used 25472K, capacity 25712K, committed 25856K, reserved 25984K
}
2016-03-09T22:53:36.361-0500: 1240.195: Total time for which application threads were stopped: 0.0160354 seconds
2016-03-09T22:53:37.362-0500: 1241.196: Total time for which application threads were stopped: 0.0002893 seconds
{Heap before GC invocations=75 (full 1):
 par new generation   total 109248K, used 93147K [0x11000000, 0x19000000, 0x19000000)
  eden space 87424K, 100% used [0x11000000, 0x16560000, 0x16560000)
  from space 21824K,  26% used [0x17ab0000, 0x18046ff0, 0x19000000)
  to   space 21824K,   0% used [0x16560000, 0x16560000, 0x17ab0000)
 concurrent mark-sweep generation total 393216K, used 35934K [0x19000000, 0x31000000, 0x31000000)
 Metaspace       used 25472K, capacity 25712K, committed 25856K, reserved 25984K
2016-03-09T22:53:38.881-0500: 1242.715: [GC (Allocation Failure) 1242.716: [ParNew
Desired survivor size 20112996 bytes, new threshold 8 (max 8)
- age   1:    1339840 bytes,    1339840 total
- age   2:     643408 bytes,    1983248 total
- age   3:     409064 bytes,    2392312 total
- age   4:     188360 bytes,    2580672 total
- age   5:    1091976 bytes,    3672648 total
- age   6:    1405904 bytes,    5078552 total
- age   7:     222632 bytes,    5301184 total
- age   8:     231424 bytes,    5532608 total
: 93147K->7571K(109248K), 0.0206550 secs] 129082K->43782K(502464K), 0.0208671 secs] [Times: user=0.06 sys=0.01, real=0.02 secs] 
Heap after GC invocations=76 (full 1):
 par new generation   total 109248K, used 7571K [0x11000000, 0x19000000, 0x19000000)
  eden space 87424K,   0% used [0x11000000, 0x11000000, 0x16560000)
  from space 21824K,  34% used [0x16560000, 0x16cc4f40, 0x17ab0000)
  to   space 21824K,   0% used [0x17ab0000, 0x17ab0000, 0x19000000)
 concurrent mark-sweep generation total 393216K, used 36210K [0x19000000, 0x31000000, 0x31000000)
 Metaspace       used 25472K, capacity 25712K, committed 25856K, reserved 25984K
}
2016-03-09T22:53:38.902-0500: 1242.737: Total time for which application threads were stopped: 0.0214213 seconds
2016-03-09T22:53:39.902-0500: 1243.737: Total time for which application threads were stopped: 0.0002129 seconds
2016-03-09T22:53:41.242-0500: 1245.077: Total time for which application threads were stopped: 0.0002741 seconds
2016-03-09T22:53:41.318-0500: 1245.153: Total time for which application threads were stopped: 0.0007169 seconds
2016-03-09T22:53:41.319-0500: 1245.153: Total time for which application threads were stopped: 0.0002866 seconds
2016-03-09T22:53:41.319-0500: 1245.153: Total time for which application threads were stopped: 0.0002034 seconds
{Heap before GC invocations=76 (full 1):
 par new generation   total 109248K, used 94995K [0x11000000, 0x19000000, 0x19000000)
  eden space 87424K, 100% used [0x11000000, 0x16560000, 0x16560000)
  from space 21824K,  34% used [0x16560000, 0x16cc4f40, 0x17ab0000)
  to   space 21824K,   0% used [0x17ab0000, 0x17ab0000, 0x19000000)
 concurrent mark-sweep generation total 393216K, used 36210K [0x19000000, 0x31000000, 0x31000000)
 Metaspace       used 25475K, capacity 25712K, committed 25856K, reserved 25984K
2016-03-09T22:53:41.324-0500: 1245.159: [GC (Allocation Failure) 1245.159: [ParNew
Desired survivor size 20112996 bytes, new threshold 8 (max 8)
- age   1:    1622408 bytes,    1622408 total
- age   2:     662568 bytes,    2284976 total
- age   3:     628192 bytes,    2913168 total
- age   4:     402032 bytes,    3315200 total
- age   5:     183976 bytes,    3499176 total
- age   6:    1059384 bytes,    4558560 total
- age   7:    1405720 bytes,    5964280 total
- age   8:     222600 bytes,    6186880 total
: 94995K->7769K(109248K), 0.0190741 secs] 131206K->44206K(502464K), 0.0192828 secs] [Times: user=0.01 sys=0.00, real=0.02 secs] 
Heap after GC invocations=77 (full 1):
 par new generation   total 109248K, used 7769K [0x11000000, 0x19000000, 0x19000000)
  eden space 87424K,   0% used [0x11000000, 0x11000000, 0x16560000)
  from space 21824K,  35% used [0x17ab0000, 0x182465d0, 0x19000000)
  to   space 21824K,   0% used [0x16560000, 0x16560000, 0x17ab0000)
 concurrent mark-sweep generation total 393216K, used 36436K [0x19000000, 0x31000000, 0x31000000)
 Metaspace       used 25475K, capacity 25712K, committed 25856K, reserved 25984K
}
2016-03-09T22:53:41.344-0500: 1245.178: Total time for which application threads were stopped: 0.0198264 seconds
2016-03-09T22:53:41.350-0500: 1245.184: Total time for which application threads were stopped: 0.0002840 seconds
2016-03-09T22:53:41.558-0500: 1245.392: Total time for which application threads were stopped: 0.0002665 seconds
2016-03-09T22:53:42.502-0500: 1246.337: Total time for which application threads were stopped: 0.0021294 seconds
2016-03-09T22:53:42.504-0500: 1246.339: Total time for which application threads were stopped: 0.0002744 seconds
2016-03-09T22:53:42.581-0500: 1246.415: Total time for which application threads were stopped: 0.0003524 seconds
2016-03-09T22:53:42.607-0500: 1246.441: Total time for which application threads were stopped: 0.0002809 seconds
{Heap before GC invocations=77 (full 1):
 par new generation   total 109248K, used 95188K [0x11000000, 0x19000000, 0x19000000)
  eden space 87424K,  99% used [0x11000000, 0x1655ea48, 0x16560000)
  from space 21824K,  35% used [0x17ab0000, 0x182465d0, 0x19000000)
  to   space 21824K,   0% used [0x16560000, 0x16560000, 0x17ab0000)
 concurrent mark-sweep generation total 393216K, used 36436K [0x19000000, 0x31000000, 0x31000000)
 Metaspace       used 25479K, capacity 25712K, committed 25856K, reserved 25984K
2016-03-09T22:53:43.464-0500: 1247.298: [GC (Allocation Failure) 1247.298: [ParNew
Desired survivor size 20112996 bytes, new threshold 8 (max 8)
- age   1:    1710416 bytes,    1710416 total
- age   2:     399008 bytes,    2109424 total
- age   3:     257152 bytes,    2366576 total
- age   4:     169088 bytes,    2535664 total
- age   5:     129216 bytes,    2664880 total
- age   6:      38736 bytes,    2703616 total
- age   7:     142928 bytes,    2846544 total
- age   8:     212000 bytes,    3058544 total
: 95188K->5292K(109248K), 0.0190676 secs] 131624K->41946K(502464K), 0.0192900 secs] [Times: user=0.01 sys=0.00, real=0.02 secs] 
Heap after GC invocations=78 (full 1):
 par new generation   total 109248K, used 5292K [0x11000000, 0x19000000, 0x19000000)
  eden space 87424K,   0% used [0x11000000, 0x11000000, 0x16560000)
  from space 21824K,  24% used [0x16560000, 0x16a8b000, 0x17ab0000)
  to   space 21824K,   0% used [0x17ab0000, 0x17ab0000, 0x19000000)
 concurrent mark-sweep generation total 393216K, used 36654K [0x19000000, 0x31000000, 0x31000000)
 Metaspace       used 25479K, capacity 25712K, committed 25856K, reserved 25984K
}
2016-03-09T22:53:43.483-0500: 1247.317: Total time for which application threads were stopped: 0.0199324 seconds
{Heap before GC invocations=78 (full 1):
 par new generation   total 109248K, used 92716K [0x11000000, 0x19000000, 0x19000000)
  eden space 87424K, 100% used [0x11000000, 0x16560000, 0x16560000)
  from space 21824K,  24% used [0x16560000, 0x16a8b000, 0x17ab0000)
  to   space 21824K,   0% used [0x17ab0000, 0x17ab0000, 0x19000000)
 concurrent mark-sweep generation total 393216K, used 36654K [0x19000000, 0x31000000, 0x31000000)
 Metaspace       used 25479K, capacity 25712K, committed 25856K, reserved 25984K
2016-03-09T22:53:45.914-0500: 1249.748: [GC (Allocation Failure) 1249.748: [ParNew
Desired survivor size 20112996 bytes, new threshold 8 (max 8)
- age   1:    1432536 bytes,    1432536 total
- age   2:    1238424 bytes,    2670960 total
- age   3:     398840 bytes,    3069800 total
- age   4:     257040 bytes,    3326840 total
- age   5:     169024 bytes,    3495864 total
- age   6:     129096 bytes,    3624960 total
- age   7:      38688 bytes,    3663648 total
- age   8:     142928 bytes,    3806576 total
: 92716K->4883K(109248K), 0.0177923 secs] 129370K->41744K(502464K), 0.0179832 secs] [Times: user=0.09 sys=0.02, real=0.02 secs] 
Heap after GC invocations=79 (full 1):
 par new generation   total 109248K, used 4883K [0x11000000, 0x19000000, 0x19000000)
  eden space 87424K,   0% used [0x11000000, 0x11000000, 0x16560000)
  from space 21824K,  22% used [0x17ab0000, 0x17f74ef0, 0x19000000)
  to   space 21824K,   0% used [0x16560000, 0x16560000, 0x17ab0000)
 concurrent mark-sweep generation total 393216K, used 36861K [0x19000000, 0x31000000, 0x31000000)
 Metaspace       used 25479K, capacity 25712K, committed 25856K, reserved 25984K
}
2016-03-09T22:53:45.932-0500: 1249.766: Total time for which application threads were stopped: 0.0186389 seconds
2016-03-09T22:53:46.932-0500: 1250.766: Total time for which application threads were stopped: 0.0002144 seconds
{Heap before GC invocations=79 (full 1):
 par new generation   total 109248K, used 92307K [0x11000000, 0x19000000, 0x19000000)
  eden space 87424K, 100% used [0x11000000, 0x16560000, 0x16560000)
  from space 21824K,  22% used [0x17ab0000, 0x17f74ef0, 0x19000000)
  to   space 21824K,   0% used [0x16560000, 0x16560000, 0x17ab0000)
 concurrent mark-sweep generation total 393216K, used 36861K [0x19000000, 0x31000000, 0x31000000)
 Metaspace       used 25480K, capacity 25712K, committed 25856K, reserved 25984K
2016-03-09T22:53:48.392-0500: 1252.226: [GC (Allocation Failure) 1252.226: [ParNew
Desired survivor size 20112996 bytes, new threshold 8 (max 8)
- age   1:    1095112 bytes,    1095112 total
- age   2:     942384 bytes,    2037496 total
- age   3:    1238232 bytes,    3275728 total
- age   4:     398776 bytes,    3674504 total
- age   5:     256992 bytes,    3931496 total
- age   6:     168992 bytes,    4100488 total
- age   7:     129032 bytes,    4229520 total
- age   8:      38640 bytes,    4268160 total
: 92307K->5129K(109248K), 0.0183370 secs] 129168K->42130K(502464K), 0.0185579 secs] [Times: user=0.06 sys=0.00, real=0.02 secs] 
Heap after GC invocations=80 (full 1):
 par new generation   total 109248K, used 5129K [0x11000000, 0x19000000, 0x19000000)
  eden space 87424K,   0% used [0x11000000, 0x11000000, 0x16560000)
  from space 21824K,  23% used [0x16560000, 0x16a626c8, 0x17ab0000)
  to   space 21824K,   0% used [0x17ab0000, 0x17ab0000, 0x19000000)
 concurrent mark-sweep generation total 393216K, used 37000K [0x19000000, 0x31000000, 0x31000000)
 Metaspace       used 25480K, capacity 25712K, committed 25856K, reserved 25984K
}
2016-03-09T22:53:48.411-0500: 1252.245: Total time for which application threads were stopped: 0.0191433 seconds
{Heap before GC invocations=80 (full 1):
 par new generation   total 109248K, used 92553K [0x11000000, 0x19000000, 0x19000000)
  eden space 87424K, 100% used [0x11000000, 0x16560000, 0x16560000)
  from space 21824K,  23% used [0x16560000, 0x16a626c8, 0x17ab0000)
  to   space 21824K,   0% used [0x17ab0000, 0x17ab0000, 0x19000000)
 concurrent mark-sweep generation total 393216K, used 37000K [0x19000000, 0x31000000, 0x31000000)
 Metaspace       used 25480K, capacity 25712K, committed 25856K, reserved 25984K
2016-03-09T22:53:50.896-0500: 1254.731: [GC (Allocation Failure) 1254.731: [ParNew
Desired survivor size 20112996 bytes, new threshold 8 (max 8)
- age   1:    1410184 bytes,    1410184 total
- age   2:     513288 bytes,    1923472 total
- age   3:     875168 bytes,    2798640 total
- age   4:    1238120 bytes,    4036760 total
- age   5:     398744 bytes,    4435504 total
- age   6:     256896 bytes,    4692400 total
- age   7:     168944 bytes,    4861344 total
- age   8:     128968 bytes,    4990312 total
: 92553K->6742K(109248K), 0.0187609 secs] 129554K->43780K(502464K), 0.0190118 secs] [Times: user=0.05 sys=0.00, real=0.02 secs] 
Heap after GC invocations=81 (full 1):
 par new generation   total 109248K, used 6742K [0x11000000, 0x19000000, 0x19000000)
  eden space 87424K,   0% used [0x11000000, 0x11000000, 0x16560000)
  from space 21824K,  30% used [0x17ab0000, 0x181459c0, 0x19000000)
  to   space 21824K,   0% used [0x16560000, 0x16560000, 0x17ab0000)
 concurrent mark-sweep generation total 393216K, used 37038K [0x19000000, 0x31000000, 0x31000000)
 Metaspace       used 25480K, capacity 25712K, committed 25856K, reserved 25984K
}
2016-03-09T22:53:50.916-0500: 1254.750: Total time for which application threads were stopped: 0.0196724 seconds
2016-03-09T22:53:51.916-0500: 1255.750: Total time for which application threads were stopped: 0.0001939 seconds
{Heap before GC invocations=81 (full 1):
 par new generation   total 109248K, used 94166K [0x11000000, 0x19000000, 0x19000000)
  eden space 87424K, 100% used [0x11000000, 0x16560000, 0x16560000)
  from space 21824K,  30% used [0x17ab0000, 0x181459c0, 0x19000000)
  to   space 21824K,   0% used [0x16560000, 0x16560000, 0x17ab0000)
 concurrent mark-sweep generation total 393216K, used 37038K [0x19000000, 0x31000000, 0x31000000)
 Metaspace       used 25480K, capacity 25712K, committed 25856K, reserved 25984K
2016-03-09T22:53:53.492-0500: 1257.327: [GC (Allocation Failure) 1257.327: [ParNew
Desired survivor size 20112996 bytes, new threshold 8 (max 8)
- age   1:    1049656 bytes,    1049656 total
- age   2:     784408 bytes,    1834064 total
- age   3:     509096 bytes,    2343160 total
- age   4:     875056 bytes,    3218216 total
- age   5:    1238040 bytes,    4456256 total
- age   6:     398712 bytes,    4854968 total
- age   7:     256864 bytes,    5111832 total
- age   8:     168928 bytes,    5280760 total
: 94166K->6803K(109248K), 0.0193999 secs] 131204K->43968K(502464K), 0.0196063 secs] [Times: user=0.00 sys=0.02, real=0.02 secs] 
Heap after GC invocations=82 (full 1):
 par new generation   total 109248K, used 6803K [0x11000000, 0x19000000, 0x19000000)
  eden space 87424K,   0% used [0x11000000, 0x11000000, 0x16560000)
  from space 21824K,  31% used [0x16560000, 0x16c04f30, 0x17ab0000)
  to   space 21824K,   0% used [0x17ab0000, 0x17ab0000, 0x19000000)
 concurrent mark-sweep generation total 393216K, used 37164K [0x19000000, 0x31000000, 0x31000000)
 Metaspace       used 25480K, capacity 25712K, committed 25856K, reserved 25984K
}
2016-03-09T22:53:53.513-0500: 1257.347: Total time for which application threads were stopped: 0.0201483 seconds
{Heap before GC invocations=82 (full 1):
 par new generation   total 109248K, used 94227K [0x11000000, 0x19000000, 0x19000000)
  eden space 87424K, 100% used [0x11000000, 0x16560000, 0x16560000)
  from space 21824K,  31% used [0x16560000, 0x16c04f30, 0x17ab0000)
  to   space 21824K,   0% used [0x17ab0000, 0x17ab0000, 0x19000000)
 concurrent mark-sweep generation total 393216K, used 37164K [0x19000000, 0x31000000, 0x31000000)
 Metaspace       used 25480K, capacity 25712K, committed 25856K, reserved 25984K
2016-03-09T22:53:56.027-0500: 1259.862: [GC (Allocation Failure) 1259.862: [ParNew
Desired survivor size 20112996 bytes, new threshold 8 (max 8)
- age   1:    1140000 bytes,    1140000 total
- age   2:     376424 bytes,    1516424 total
- age   3:     784328 bytes,    2300752 total
- age   4:     500792 bytes,    2801544 total
- age   5:     874960 bytes,    3676504 total
- age   6:    1237992 bytes,    4914496 total
- age   7:     398680 bytes,    5313176 total
- age   8:     256816 bytes,    5569992 total
: 94227K->7021K(109248K), 0.0171860 secs] 131392K->44351K(502464K), 0.0177391 secs] [Times: user=0.02 sys=0.00, real=0.02 secs] 
Heap after GC invocations=83 (full 1):
 par new generation   total 109248K, used 7021K [0x11000000, 0x19000000, 0x19000000)
  eden space 87424K,   0% used [0x11000000, 0x11000000, 0x16560000)
  from space 21824K,  32% used [0x17ab0000, 0x1818b7d0, 0x19000000)
  to   space 21824K,   0% used [0x16560000, 0x16560000, 0x17ab0000)
 concurrent mark-sweep generation total 393216K, used 37329K [0x19000000, 0x31000000, 0x31000000)
 Metaspace       used 25480K, capacity 25712K, committed 25856K, reserved 25984K
}
2016-03-09T22:53:56.045-0500: 1259.880: Total time for which application threads were stopped: 0.0184705 seconds
2016-03-09T22:53:56.268-0500: 1260.102: Total time for which application threads were stopped: 0.0002836 seconds
2016-03-09T22:53:56.273-0500: 1260.107: Total time for which application threads were stopped: 0.0002817 seconds
2016-03-09T22:53:56.288-0500: 1260.122: Total time for which application threads were stopped: 0.0003277 seconds
2016-03-09T22:53:56.289-0500: 1260.123: Total time for which application threads were stopped: 0.0002638 seconds
2016-03-09T22:53:56.289-0500: 1260.123: Total time for which application threads were stopped: 0.0002068 seconds
2016-03-09T22:53:56.453-0500: 1260.287: Total time for which application threads were stopped: 0.0003383 seconds
2016-03-09T22:53:57.453-0500: 1261.288: Total time for which application threads were stopped: 0.0002957 seconds
2016-03-09T22:53:57.585-0500: 1261.420: Total time for which application threads were stopped: 0.0003839 seconds
2016-03-09T22:53:57.588-0500: 1261.422: Total time for which application threads were stopped: 0.0002581 seconds
2016-03-09T22:53:57.627-0500: 1261.461: Total time for which application threads were stopped: 0.0004580 seconds
2016-03-09T22:53:57.752-0500: 1261.587: Total time for which application threads were stopped: 0.0002437 seconds
{Heap before GC invocations=83 (full 1):
 par new generation   total 109248K, used 94445K [0x11000000, 0x19000000, 0x19000000)
  eden space 87424K, 100% used [0x11000000, 0x16560000, 0x16560000)
  from space 21824K,  32% used [0x17ab0000, 0x1818b7d0, 0x19000000)
  to   space 21824K,   0% used [0x16560000, 0x16560000, 0x17ab0000)
 concurrent mark-sweep generation total 393216K, used 37329K [0x19000000, 0x31000000, 0x31000000)
 Metaspace       used 25486K, capacity 25722K, committed 25856K, reserved 25984K
2016-03-09T22:53:58.157-0500: 1261.991: [GC (Allocation Failure) 1261.991: [ParNew
Desired survivor size 20112996 bytes, new threshold 8 (max 8)
- age   1:    1694280 bytes,    1694280 total
- age   2:     113136 bytes,    1807416 total
- age   3:     120640 bytes,    1928056 total
- age   4:     256752 bytes,    2184808 total
- age   5:     192152 bytes,    2376960 total
- age   6:     268544 bytes,    2645504 total
- age   7:     911992 bytes,    3557496 total
- age   8:     396368 bytes,    3953864 total
: 94445K->7076K(109248K), 0.0171914 secs] 131775K->44656K(502464K), 0.0174172 secs] [Times: user=0.06 sys=0.00, real=0.02 secs] 
Heap after GC invocations=84 (full 1):
 par new generation   total 109248K, used 7076K [0x11000000, 0x19000000, 0x19000000)
  eden space 87424K,   0% used [0x11000000, 0x11000000, 0x16560000)
  from space 21824K,  32% used [0x16560000, 0x16c493a0, 0x17ab0000)
  to   space 21824K,   0% used [0x17ab0000, 0x17ab0000, 0x19000000)
 concurrent mark-sweep generation total 393216K, used 37579K [0x19000000, 0x31000000, 0x31000000)
 Metaspace       used 25486K, capacity 25722K, committed 25856K, reserved 25984K
}
2016-03-09T22:53:58.174-0500: 1262.009: Total time for which application threads were stopped: 0.0179782 seconds
2016-03-09T22:53:58.175-0500: 1262.010: Total time for which application threads were stopped: 0.0004896 seconds
{Heap before GC invocations=84 (full 1):
 par new generation   total 109248K, used 94500K [0x11000000, 0x19000000, 0x19000000)
  eden space 87424K, 100% used [0x11000000, 0x16560000, 0x16560000)
  from space 21824K,  32% used [0x16560000, 0x16c493a0, 0x17ab0000)
  to   space 21824K,   0% used [0x17ab0000, 0x17ab0000, 0x19000000)
 concurrent mark-sweep generation total 393216K, used 37579K [0x19000000, 0x31000000, 0x31000000)
 Metaspace       used 25486K, capacity 25722K, committed 25856K, reserved 25984K
2016-03-09T22:54:00.666-0500: 1264.500: [GC (Allocation Failure) 1264.500: [ParNew
Desired survivor size 20112996 bytes, new threshold 8 (max 8)
- age   1:    1214144 bytes,    1214144 total
- age   2:    1354240 bytes,    2568384 total
- age   3:     111440 bytes,    2679824 total
- age   4:     120608 bytes,    2800432 total
- age   5:     256688 bytes,    3057120 total
- age   6:     192088 bytes,    3249208 total
- age   7:     268512 bytes,    3517720 total
- age   8:     911952 bytes,    4429672 total
: 94500K->5234K(109248K), 0.0188251 secs] 132080K->43201K(502464K), 0.0190471 secs] [Times: user=0.00 sys=0.00, real=0.02 secs] 
Heap after GC invocations=85 (full 1):
 par new generation   total 109248K, used 5234K [0x11000000, 0x19000000, 0x19000000)
  eden space 87424K,   0% used [0x11000000, 0x11000000, 0x16560000)
  from space 21824K,  23% used [0x17ab0000, 0x17fcca28, 0x19000000)
  to   space 21824K,   0% used [0x16560000, 0x16560000, 0x17ab0000)
 concurrent mark-sweep generation total 393216K, used 37967K [0x19000000, 0x31000000, 0x31000000)
 Metaspace       used 25486K, capacity 25722K, committed 25856K, reserved 25984K
}
2016-03-09T22:54:00.685-0500: 1264.519: Total time for which application threads were stopped: 0.0196975 seconds
{Heap before GC invocations=85 (full 1):
 par new generation   total 109248K, used 92658K [0x11000000, 0x19000000, 0x19000000)
  eden space 87424K, 100% used [0x11000000, 0x16560000, 0x16560000)
  from space 21824K,  23% used [0x17ab0000, 0x17fcca28, 0x19000000)
  to   space 21824K,   0% used [0x16560000, 0x16560000, 0x17ab0000)
 concurrent mark-sweep generation total 393216K, used 37967K [0x19000000, 0x31000000, 0x31000000)
 Metaspace       used 25486K, capacity 25722K, committed 25856K, reserved 25984K
2016-03-09T22:54:03.188-0500: 1267.023: [GC (Allocation Failure) 1267.023: [ParNew
Desired survivor size 20112996 bytes, new threshold 8 (max 8)
- age   1:     943792 bytes,     943792 total
- age   2:     751728 bytes,    1695520 total
- age   3:    1354104 bytes,    3049624 total
- age   4:     111424 bytes,    3161048 total
- age   5:     120560 bytes,    3281608 total
- age   6:     256688 bytes,    3538296 total
- age   7:     192056 bytes,    3730352 total
- age   8:     268432 bytes,    3998784 total
: 92658K->5580K(109248K), 0.0205600 secs] 130625K->44438K(502464K), 0.0207744 secs] [Times: user=0.05 sys=0.00, real=0.02 secs] 
Heap after GC invocations=86 (full 1):
 par new generation   total 109248K, used 5580K [0x11000000, 0x19000000, 0x19000000)
  eden space 87424K,   0% used [0x11000000, 0x11000000, 0x16560000)
  from space 21824K,  25% used [0x16560000, 0x16ad3180, 0x17ab0000)
  to   space 21824K,   0% used [0x17ab0000, 0x17ab0000, 0x19000000)
 concurrent mark-sweep generation total 393216K, used 38857K [0x19000000, 0x31000000, 0x31000000)
 Metaspace       used 25486K, capacity 25722K, committed 25856K, reserved 25984K
}
2016-03-09T22:54:03.209-0500: 1267.044: Total time for which application threads were stopped: 0.0213271 seconds
{Heap before GC invocations=86 (full 1):
 par new generation   total 109248K, used 93004K [0x11000000, 0x19000000, 0x19000000)
  eden space 87424K, 100% used [0x11000000, 0x16560000, 0x16560000)
  from space 21824K,  25% used [0x16560000, 0x16ad3180, 0x17ab0000)
  to   space 21824K,   0% used [0x17ab0000, 0x17ab0000, 0x19000000)
 concurrent mark-sweep generation total 393216K, used 38857K [0x19000000, 0x31000000, 0x31000000)
 Metaspace       used 25486K, capacity 25722K, committed 25856K, reserved 25984K
2016-03-09T22:54:05.787-0500: 1269.621: [GC (Allocation Failure) 1269.621: [ParNew
Desired survivor size 20112996 bytes, new threshold 8 (max 8)
- age   1:     777080 bytes,     777080 total
- age   2:     399160 bytes,    1176240 total
- age   3:     747552 bytes,    1923792 total
- age   4:    1354104 bytes,    3277896 total
- age   5:     111376 bytes,    3389272 total
- age   6:     120528 bytes,    3509800 total
- age   7:     256608 bytes,    3766408 total
- age   8:     191976 bytes,    3958384 total
: 93004K->4788K(109248K), 0.0193698 secs] 131862K->43908K(502464K), 0.0195766 secs] [Times: user=0.06 sys=0.00, real=0.02 secs] 
Heap after GC invocations=87 (full 1):
 par new generation   total 109248K, used 4788K [0x11000000, 0x19000000, 0x19000000)
  eden space 87424K,   0% used [0x11000000, 0x11000000, 0x16560000)
  from space 21824K,  21% used [0x17ab0000, 0x17f5d3c0, 0x19000000)
  to   space 21824K,   0% used [0x16560000, 0x16560000, 0x17ab0000)
 concurrent mark-sweep generation total 393216K, used 39119K [0x19000000, 0x31000000, 0x31000000)
 Metaspace       used 25486K, capacity 25722K, committed 25856K, reserved 25984K
}
2016-03-09T22:54:05.807-0500: 1269.641: Total time for which application threads were stopped: 0.0201244 seconds
{Heap before GC invocations=87 (full 1):
 par new generation   total 109248K, used 92212K [0x11000000, 0x19000000, 0x19000000)
  eden space 87424K, 100% used [0x11000000, 0x16560000, 0x16560000)
  from space 21824K,  21% used [0x17ab0000, 0x17f5d3c0, 0x19000000)
  to   space 21824K,   0% used [0x16560000, 0x16560000, 0x17ab0000)
 concurrent mark-sweep generation total 393216K, used 39119K [0x19000000, 0x31000000, 0x31000000)
 Metaspace       used 25486K, capacity 25722K, committed 25856K, reserved 25984K
2016-03-09T22:54:08.325-0500: 1272.159: [GC (Allocation Failure) 1272.159: [ParNew
Desired survivor size 20112996 bytes, new threshold 8 (max 8)
- age   1:    1284376 bytes,    1284376 total
- age   2:     214408 bytes,    1498784 total
- age   3:     328048 bytes,    1826832 total
- age   4:     747632 bytes,    2574464 total
- age   5:    1354056 bytes,    3928520 total
- age   6:     111360 bytes,    4039880 total
- age   7:     120512 bytes,    4160392 total
- age   8:     256424 bytes,    4416816 total
: 92212K->6121K(109248K), 0.0194671 secs] 131332K->45428K(502464K), 0.0196777 secs] [Times: user=0.02 sys=0.00, real=0.02 secs] 
Heap after GC invocations=88 (full 1):
 par new generation   total 109248K, used 6121K [0x11000000, 0x19000000, 0x19000000)
  eden space 87424K,   0% used [0x11000000, 0x11000000, 0x16560000)
  from space 21824K,  28% used [0x16560000, 0x16b5a4b0, 0x17ab0000)
  to   space 21824K,   0% used [0x17ab0000, 0x17ab0000, 0x19000000)
 concurrent mark-sweep generation total 393216K, used 39307K [0x19000000, 0x31000000, 0x31000000)
 Metaspace       used 25486K, capacity 25722K, committed 25856K, reserved 25984K
}
2016-03-09T22:54:08.345-0500: 1272.179: Total time for which application threads were stopped: 0.0202354 seconds
{Heap before GC invocations=88 (full 1):
 par new generation   total 109248K, used 93545K [0x11000000, 0x19000000, 0x19000000)
  eden space 87424K, 100% used [0x11000000, 0x16560000, 0x16560000)
  from space 21824K,  28% used [0x16560000, 0x16b5a4b0, 0x17ab0000)
  to   space 21824K,   0% used [0x17ab0000, 0x17ab0000, 0x19000000)
 concurrent mark-sweep generation total 393216K, used 39307K [0x19000000, 0x31000000, 0x31000000)
 Metaspace       used 25486K, capacity 25722K, committed 25856K, reserved 25984K
2016-03-09T22:54:10.853-0500: 1274.687: [GC (Allocation Failure) 1274.687: [ParNew
Desired survivor size 20112996 bytes, new threshold 8 (max 8)
- age   1:    1134336 bytes,    1134336 total
- age   2:     686960 bytes,    1821296 total
- age   3:     206008 bytes,    2027304 total
- age   4:     327528 bytes,    2354832 total
- age   5:     747456 bytes,    3102288 total
- age   6:    1354008 bytes,    4456296 total
- age   7:     111264 bytes,    4567560 total
- age   8:     120512 bytes,    4688072 total
: 93545K->6229K(109248K), 0.0168067 secs] 132852K->45787K(502464K), 0.0170317 secs] [Times: user=0.03 sys=0.02, real=0.02 secs] 
Heap after GC invocations=89 (full 1):
 par new generation   total 109248K, used 6229K [0x11000000, 0x19000000, 0x19000000)
  eden space 87424K,   0% used [0x11000000, 0x11000000, 0x16560000)
  from space 21824K,  28% used [0x17ab0000, 0x180c5580, 0x19000000)
  to   space 21824K,   0% used [0x16560000, 0x16560000, 0x17ab0000)
 concurrent mark-sweep generation total 393216K, used 39557K [0x19000000, 0x31000000, 0x31000000)
 Metaspace       used 25486K, capacity 25722K, committed 25856K, reserved 25984K
}
2016-03-09T22:54:10.870-0500: 1274.705: Total time for which application threads were stopped: 0.0176319 seconds
2016-03-09T22:54:11.278-0500: 1275.112: Total time for which application threads were stopped: 0.0002847 seconds
2016-03-09T22:54:11.281-0500: 1275.115: Total time for which application threads were stopped: 0.0001992 seconds
2016-03-09T22:54:11.294-0500: 1275.128: Total time for which application threads were stopped: 0.0003505 seconds
2016-03-09T22:54:11.294-0500: 1275.129: Total time for which application threads were stopped: 0.0002429 seconds
2016-03-09T22:54:11.294-0500: 1275.129: Total time for which application threads were stopped: 0.0002037 seconds
2016-03-09T22:54:11.460-0500: 1275.295: Total time for which application threads were stopped: 0.0002725 seconds
2016-03-09T22:54:12.461-0500: 1276.295: Total time for which application threads were stopped: 0.0002045 seconds
2016-03-09T22:54:12.552-0500: 1276.387: Total time for which application threads were stopped: 0.0002908 seconds
2016-03-09T22:54:12.554-0500: 1276.389: Total time for which application threads were stopped: 0.0001885 seconds
2016-03-09T22:54:12.809-0500: 1276.644: Total time for which application threads were stopped: 0.0003216 seconds
{Heap before GC invocations=89 (full 1):
 par new generation   total 109248K, used 93653K [0x11000000, 0x19000000, 0x19000000)
  eden space 87424K, 100% used [0x11000000, 0x16560000, 0x16560000)
  from space 21824K,  28% used [0x17ab0000, 0x180c5580, 0x19000000)
  to   space 21824K,   0% used [0x16560000, 0x16560000, 0x17ab0000)
 concurrent mark-sweep generation total 393216K, used 39557K [0x19000000, 0x31000000, 0x31000000)
 Metaspace       used 25488K, capacity 25722K, committed 25856K, reserved 25984K
2016-03-09T22:54:13.020-0500: 1276.854: [GC (Allocation Failure) 1276.854: [ParNew
Desired survivor size 20112996 bytes, new threshold 8 (max 8)
- age   1:    1489264 bytes,    1489264 total
- age   2:     184496 bytes,    1673760 total
- age   3:     206320 bytes,    1880080 total
- age   4:      27928 bytes,    1908008 total
- age   5:     113152 bytes,    2021160 total
- age   6:     172136 bytes,    2193296 total
- age   7:    1093192 bytes,    3286488 total
- age   8:     111168 bytes,    3397656 total
: 93653K->4676K(109248K), 0.0185754 secs] 133211K->44352K(502464K), 0.0188160 secs] [Times: user=0.06 sys=0.00, real=0.02 secs] 
Heap after GC invocations=90 (full 1):
 par new generation   total 109248K, used 4676K [0x11000000, 0x19000000, 0x19000000)
  eden space 87424K,   0% used [0x11000000, 0x11000000, 0x16560000)
  from space 21824K,  21% used [0x16560000, 0x169f12c0, 0x17ab0000)
  to   space 21824K,   0% used [0x17ab0000, 0x17ab0000, 0x19000000)
 concurrent mark-sweep generation total 393216K, used 39675K [0x19000000, 0x31000000, 0x31000000)
 Metaspace       used 25488K, capacity 25722K, committed 25856K, reserved 25984K
}
2016-03-09T22:54:13.039-0500: 1276.873: Total time for which application threads were stopped: 0.0193755 seconds
{Heap before GC invocations=90 (full 1):
 par new generation   total 109248K, used 92100K [0x11000000, 0x19000000, 0x19000000)
  eden space 87424K, 100% used [0x11000000, 0x16560000, 0x16560000)
  from space 21824K,  21% used [0x16560000, 0x169f12c0, 0x17ab0000)
  to   space 21824K,   0% used [0x17ab0000, 0x17ab0000, 0x19000000)
 concurrent mark-sweep generation total 393216K, used 39675K [0x19000000, 0x31000000, 0x31000000)
 Metaspace       used 25488K, capacity 25722K, committed 25856K, reserved 25984K
2016-03-09T22:54:15.640-0500: 1279.475: [GC (Allocation Failure) 1279.475: [ParNew
Desired survivor size 20112996 bytes, new threshold 8 (max 8)
- age   1:    1206568 bytes,    1206568 total
- age   2:    1158680 bytes,    2365248 total
- age   3:     184336 bytes,    2549584 total
- age   4:     206272 bytes,    2755856 total
- age   5:      27896 bytes,    2783752 total
- age   6:     113056 bytes,    2896808 total
- age   7:     172088 bytes,    3068896 total
- age   8:    1093112 bytes,    4162008 total
: 92100K->5029K(109248K), 0.0154303 secs] 131776K->44813K(502464K), 0.0156473 secs] [Times: user=0.03 sys=0.00, real=0.02 secs] 
Heap after GC invocations=91 (full 1):
 par new generation   total 109248K, used 5029K [0x11000000, 0x19000000, 0x19000000)
  eden space 87424K,   0% used [0x11000000, 0x11000000, 0x16560000)
  from space 21824K,  23% used [0x17ab0000, 0x17f99548, 0x19000000)
  to   space 21824K,   0% used [0x16560000, 0x16560000, 0x17ab0000)
 concurrent mark-sweep generation total 393216K, used 39783K [0x19000000, 0x31000000, 0x31000000)
 Metaspace       used 25488K, capacity 25722K, committed 25856K, reserved 25984K
}
2016-03-09T22:54:15.656-0500: 1279.491: Total time for which application threads were stopped: 0.0163908 seconds
{Heap before GC invocations=91 (full 1):
 par new generation   total 109248K, used 92453K [0x11000000, 0x19000000, 0x19000000)
  eden space 87424K, 100% used [0x11000000, 0x16560000, 0x16560000)
  from space 21824K,  23% used [0x17ab0000, 0x17f99548, 0x19000000)
  to   space 21824K,   0% used [0x16560000, 0x16560000, 0x17ab0000)
 concurrent mark-sweep generation total 393216K, used 39783K [0x19000000, 0x31000000, 0x31000000)
 Metaspace       used 25488K, capacity 25722K, committed 25856K, reserved 25984K
2016-03-09T22:54:18.200-0500: 1282.035: [GC (Allocation Failure) 1282.035: [ParNew
Desired survivor size 20112996 bytes, new threshold 8 (max 8)
- age   1:    1045840 bytes,    1045840 total
- age   2:     665112 bytes,    1710952 total
- age   3:    1156928 bytes,    2867880 total
- age   4:     184320 bytes,    3052200 total
- age   5:     206176 bytes,    3258376 total
- age   6:      27848 bytes,    3286224 total
- age   7:     113024 bytes,    3399248 total
- age   8:     172056 bytes,    3571304 total
: 92453K->5258K(109248K), 0.0222732 secs] 132237K->46109K(502464K), 0.0224807 secs] [Times: user=0.03 sys=0.00, real=0.02 secs] 
Heap after GC invocations=92 (full 1):
 par new generation   total 109248K, used 5258K [0x11000000, 0x19000000, 0x19000000)
  eden space 87424K,   0% used [0x11000000, 0x11000000, 0x16560000)
  from space 21824K,  24% used [0x16560000, 0x16a82960, 0x17ab0000)
  to   space 21824K,   0% used [0x17ab0000, 0x17ab0000, 0x19000000)
 concurrent mark-sweep generation total 393216K, used 40851K [0x19000000, 0x31000000, 0x31000000)
 Metaspace       used 25488K, capacity 25722K, committed 25856K, reserved 25984K
}
2016-03-09T22:54:18.223-0500: 1282.057: Total time for which application threads were stopped: 0.0230627 seconds
{Heap before GC invocations=92 (full 1):
 par new generation   total 109248K, used 92682K [0x11000000, 0x19000000, 0x19000000)
  eden space 87424K, 100% used [0x11000000, 0x16560000, 0x16560000)
  from space 21824K,  24% used [0x16560000, 0x16a82960, 0x17ab0000)
  to   space 21824K,   0% used [0x17ab0000, 0x17ab0000, 0x19000000)
 concurrent mark-sweep generation total 393216K, used 40851K [0x19000000, 0x31000000, 0x31000000)
 Metaspace       used 25488K, capacity 25722K, committed 25856K, reserved 25984K
2016-03-09T22:54:20.823-0500: 1284.658: [GC (Allocation Failure) 1284.658: [ParNew
Desired survivor size 20112996 bytes, new threshold 8 (max 8)
- age   1:     918552 bytes,     918552 total
- age   2:     524448 bytes,    1443000 total
- age   3:     659320 bytes,    2102320 total
- age   4:    1156912 bytes,    3259232 total
- age   5:     184304 bytes,    3443536 total
- age   6:     206160 bytes,    3649696 total
- age   7:      27752 bytes,    3677448 total
- age   8:     113008 bytes,    3790456 total
: 92682K->4807K(109248K), 0.0175441 secs] 133533K->45827K(502464K), 0.0177384 secs] [Times: user=0.03 sys=0.00, real=0.02 secs] 
Heap after GC invocations=93 (full 1):
 par new generation   total 109248K, used 4807K [0x11000000, 0x19000000, 0x19000000)
  eden space 87424K,   0% used [0x11000000, 0x11000000, 0x16560000)
  from space 21824K,  22% used [0x17ab0000, 0x17f61f18, 0x19000000)
  to   space 21824K,   0% used [0x16560000, 0x16560000, 0x17ab0000)
 concurrent mark-sweep generation total 393216K, used 41019K [0x19000000, 0x31000000, 0x31000000)
 Metaspace       used 25488K, capacity 25722K, committed 25856K, reserved 25984K
}
2016-03-09T22:54:20.841-0500: 1284.675: Total time for which application threads were stopped: 0.0183104 seconds
2016-03-09T22:54:21.841-0500: 1285.675: Total time for which application threads were stopped: 0.0002627 seconds
{Heap before GC invocations=93 (full 1):
 par new generation   total 109248K, used 92231K [0x11000000, 0x19000000, 0x19000000)
  eden space 87424K, 100% used [0x11000000, 0x16560000, 0x16560000)
  from space 21824K,  22% used [0x17ab0000, 0x17f61f18, 0x19000000)
  to   space 21824K,   0% used [0x16560000, 0x16560000, 0x17ab0000)
 concurrent mark-sweep generation total 393216K, used 41019K [0x19000000, 0x31000000, 0x31000000)
 Metaspace       used 25488K, capacity 25722K, committed 25856K, reserved 25984K
2016-03-09T22:54:23.474-0500: 1287.309: [GC (Allocation Failure) 1287.309: [ParNew
Desired survivor size 20112996 bytes, new threshold 8 (max 8)
- age   1:     861720 bytes,     861720 total
- age   2:     369328 bytes,    1231048 total
- age   3:     520288 bytes,    1751336 total
- age   4:     659272 bytes,    2410608 total
- age   5:    1156896 bytes,    3567504 total
- age   6:     184256 bytes,    3751760 total
- age   7:     206128 bytes,    3957888 total
- age   8:      27752 bytes,    3985640 total
: 92231K->5623K(109248K), 0.0190319 secs] 133251K->46752K(502464K), 0.0192554 secs] [Times: user=0.06 sys=0.02, real=0.02 secs] 
Heap after GC invocations=94 (full 1):
 par new generation   total 109248K, used 5623K [0x11000000, 0x19000000, 0x19000000)
  eden space 87424K,   0% used [0x11000000, 0x11000000, 0x16560000)
  from space 21824K,  25% used [0x16560000, 0x16addcf8, 0x17ab0000)
  to   space 21824K,   0% used [0x17ab0000, 0x17ab0000, 0x19000000)
 concurrent mark-sweep generation total 393216K, used 41129K [0x19000000, 0x31000000, 0x31000000)
 Metaspace       used 25488K, capacity 25722K, committed 25856K, reserved 25984K
}
2016-03-09T22:54:23.494-0500: 1287.328: Total time for which application threads were stopped: 0.0198294 seconds
{Heap before GC invocations=94 (full 1):
 par new generation   total 109248K, used 93047K [0x11000000, 0x19000000, 0x19000000)
  eden space 87424K, 100% used [0x11000000, 0x16560000, 0x16560000)
  from space 21824K,  25% used [0x16560000, 0x16addcf8, 0x17ab0000)
  to   space 21824K,   0% used [0x17ab0000, 0x17ab0000, 0x19000000)
 concurrent mark-sweep generation total 393216K, used 41129K [0x19000000, 0x31000000, 0x31000000)
 Metaspace       used 25488K, capacity 25722K, committed 25856K, reserved 25984K
2016-03-09T22:54:26.022-0500: 1289.856: [GC (Allocation Failure) 1289.856: [ParNew
Desired survivor size 20112996 bytes, new threshold 8 (max 8)
- age   1:    1030408 bytes,    1030408 total
- age   2:     279336 bytes,    1309744 total
- age   3:     359104 bytes,    1668848 total
- age   4:     520512 bytes,    2189360 total
- age   5:     593784 bytes,    2783144 total
- age   6:    1156880 bytes,    3940024 total
- age   7:     184176 bytes,    4124200 total
- age   8:     206128 bytes,    4330328 total
: 93047K->5657K(109248K), 0.0190650 secs] 134176K->46814K(502464K), 0.0192702 secs] [Times: user=0.06 sys=0.00, real=0.02 secs] 
Heap after GC invocations=95 (full 1):
 par new generation   total 109248K, used 5657K [0x11000000, 0x19000000, 0x19000000)
  eden space 87424K,   0% used [0x11000000, 0x11000000, 0x16560000)
  from space 21824K,  25% used [0x17ab0000, 0x18036510, 0x19000000)
  to   space 21824K,   0% used [0x16560000, 0x16560000, 0x17ab0000)
 concurrent mark-sweep generation total 393216K, used 41156K [0x19000000, 0x31000000, 0x31000000)
 Metaspace       used 25488K, capacity 25722K, committed 25856K, reserved 25984K
}
2016-03-09T22:54:26.041-0500: 1289.876: Total time for which application threads were stopped: 0.0198176 seconds
2016-03-09T22:54:26.288-0500: 1290.122: Total time for which application threads were stopped: 0.0006424 seconds
2016-03-09T22:54:26.292-0500: 1290.127: Total time for which application threads were stopped: 0.0003014 seconds
2016-03-09T22:54:26.314-0500: 1290.148: Total time for which application threads were stopped: 0.0002980 seconds
2016-03-09T22:54:26.314-0500: 1290.149: Total time for which application threads were stopped: 0.0002566 seconds
2016-03-09T22:54:26.315-0500: 1290.149: Total time for which application threads were stopped: 0.0002805 seconds
2016-03-09T22:54:26.533-0500: 1290.367: Total time for which application threads were stopped: 0.0002471 seconds
2016-03-09T22:54:28.192-0500: 1292.027: Total time for which application threads were stopped: 0.0003106 seconds
2016-03-09T22:54:28.194-0500: 1292.029: Total time for which application threads were stopped: 0.0002516 seconds
{Heap before GC invocations=95 (full 1):
 par new generation   total 109248K, used 93081K [0x11000000, 0x19000000, 0x19000000)
  eden space 87424K, 100% used [0x11000000, 0x16560000, 0x16560000)
  from space 21824K,  25% used [0x17ab0000, 0x18036510, 0x19000000)
  to   space 21824K,   0% used [0x16560000, 0x16560000, 0x17ab0000)
 concurrent mark-sweep generation total 393216K, used 41156K [0x19000000, 0x31000000, 0x31000000)
 Metaspace       used 25496K, capacity 25722K, committed 25856K, reserved 25984K
2016-03-09T22:54:28.419-0500: 1292.253: [GC (Allocation Failure) 1292.253: [ParNew
Desired survivor size 20112996 bytes, new threshold 8 (max 8)
- age   1:    1283856 bytes,    1283856 total
- age   2:      66952 bytes,    1350808 total
- age   3:      53120 bytes,    1403928 total
- age   4:     120128 bytes,    1524056 total
- age   5:     172296 bytes,    1696352 total
- age   6:     190720 bytes,    1887072 total
- age   7:     895488 bytes,    2782560 total
- age   8:     184144 bytes,    2966704 total
: 93081K->3764K(109248K), 0.0180979 secs] 134238K->45122K(502464K), 0.0184081 secs] [Times: user=0.01 sys=0.00, real=0.02 secs] 
Heap after GC invocations=96 (full 1):
 par new generation   total 109248K, used 3764K [0x11000000, 0x19000000, 0x19000000)
  eden space 87424K,   0% used [0x11000000, 0x11000000, 0x16560000)
  from space 21824K,  17% used [0x16560000, 0x1690d138, 0x17ab0000)
  to   space 21824K,   0% used [0x17ab0000, 0x17ab0000, 0x19000000)
 concurrent mark-sweep generation total 393216K, used 41358K [0x19000000, 0x31000000, 0x31000000)
 Metaspace       used 25496K, capacity 25722K, committed 25856K, reserved 25984K
}
2016-03-09T22:54:28.438-0500: 1292.272: Total time for which application threads were stopped: 0.0192204 seconds
2016-03-09T22:54:28.616-0500: 1292.450: Total time for which application threads were stopped: 0.0002881 seconds
{Heap before GC invocations=96 (full 1):
 par new generation   total 109248K, used 91188K [0x11000000, 0x19000000, 0x19000000)
  eden space 87424K, 100% used [0x11000000, 0x16560000, 0x16560000)
  from space 21824K,  17% used [0x16560000, 0x1690d138, 0x17ab0000)
  to   space 21824K,   0% used [0x17ab0000, 0x17ab0000, 0x19000000)
 concurrent mark-sweep generation total 393216K, used 41358K [0x19000000, 0x31000000, 0x31000000)
 Metaspace       used 25496K, capacity 25722K, committed 25856K, reserved 25984K
2016-03-09T22:54:31.085-0500: 1294.919: [GC (Allocation Failure) 1294.919: [ParNew
Desired survivor size 20112996 bytes, new threshold 8 (max 8)
- age   1:     666056 bytes,     666056 total
- age   2:    1000416 bytes,    1666472 total
- age   3:      66856 bytes,    1733328 total
- age   4:      52992 bytes,    1786320 total
- age   5:     120064 bytes,    1906384 total
- age   6:     172264 bytes,    2078648 total
- age   7:     190672 bytes,    2269320 total
- age   8:     895456 bytes,    3164776 total
: 91188K->4060K(109248K), 0.0164821 secs] 132546K->45598K(502464K), 0.0167269 secs] [Times: user=0.06 sys=0.00, real=0.02 secs] 
Heap after GC invocations=97 (full 1):
 par new generation   total 109248K, used 4060K [0x11000000, 0x19000000, 0x19000000)
  eden space 87424K,   0% used [0x11000000, 0x11000000, 0x16560000)
  from space 21824K,  18% used [0x17ab0000, 0x17ea71e0, 0x19000000)
  to   space 21824K,   0% used [0x16560000, 0x16560000, 0x17ab0000)
 concurrent mark-sweep generation total 393216K, used 41537K [0x19000000, 0x31000000, 0x31000000)
 Metaspace       used 25496K, capacity 25722K, committed 25856K, reserved 25984K
}
2016-03-09T22:54:31.102-0500: 1294.936: Total time for which application threads were stopped: 0.0174563 seconds
{Heap before GC invocations=97 (full 1):
 par new generation   total 109248K, used 91484K [0x11000000, 0x19000000, 0x19000000)
  eden space 87424K, 100% used [0x11000000, 0x16560000, 0x16560000)
  from space 21824K,  18% used [0x17ab0000, 0x17ea71e0, 0x19000000)
  to   space 21824K,   0% used [0x16560000, 0x16560000, 0x17ab0000)
 concurrent mark-sweep generation total 393216K, used 41537K [0x19000000, 0x31000000, 0x31000000)
 Metaspace       used 25496K, capacity 25722K, committed 25856K, reserved 25984K
2016-03-09T22:54:33.734-0500: 1297.569: [GC (Allocation Failure) 1297.569: [ParNew
Desired survivor size 20112996 bytes, new threshold 8 (max 8)
- age   1:     733824 bytes,     733824 total
- age   2:     247448 bytes,     981272 total
- age   3:    1000368 bytes,    1981640 total
- age   4:      66824 bytes,    2048464 total
- age   5:      52992 bytes,    2101456 total
- age   6:     120016 bytes,    2221472 total
- age   7:     172248 bytes,    2393720 total
- age   8:     190592 bytes,    2584312 total
: 91484K->3521K(109248K), 0.0173343 secs] 133022K->45933K(502464K), 0.0175266 secs] [Times: user=0.06 sys=0.00, real=0.02 secs] 
Heap after GC invocations=98 (full 1):
 par new generation   total 109248K, used 3521K [0x11000000, 0x19000000, 0x19000000)
  eden space 87424K,   0% used [0x11000000, 0x11000000, 0x16560000)
  from space 21824K,  16% used [0x16560000, 0x168d0548, 0x17ab0000)
  to   space 21824K,   0% used [0x17ab0000, 0x17ab0000, 0x19000000)
 concurrent mark-sweep generation total 393216K, used 42412K [0x19000000, 0x31000000, 0x31000000)
 Metaspace       used 25496K, capacity 25722K, committed 25856K, reserved 25984K
}
2016-03-09T22:54:33.752-0500: 1297.587: Total time for which application threads were stopped: 0.0181728 seconds
{Heap before GC invocations=98 (full 1):
 par new generation   total 109248K, used 90945K [0x11000000, 0x19000000, 0x19000000)
  eden space 87424K, 100% used [0x11000000, 0x16560000, 0x16560000)
  from space 21824K,  16% used [0x16560000, 0x168d0548, 0x17ab0000)
  to   space 21824K,   0% used [0x17ab0000, 0x17ab0000, 0x19000000)
 concurrent mark-sweep generation total 393216K, used 42412K [0x19000000, 0x31000000, 0x31000000)
 Metaspace       used 25496K, capacity 25722K, committed 25856K, reserved 25984K
2016-03-09T22:54:36.387-0500: 1300.222: [GC (Allocation Failure) 1300.222: [ParNew
Desired survivor size 20112996 bytes, new threshold 8 (max 8)
- age   1:     988056 bytes,     988056 total
- age   2:     254384 bytes,    1242440 total
- age   3:     243304 bytes,    1485744 total
- age   4:     981848 bytes,    2467592 total
- age   5:      66808 bytes,    2534400 total
- age   6:      52912 bytes,    2587312 total
- age   7:     120000 bytes,    2707312 total
- age   8:     172216 bytes,    2879528 total
: 90945K->3344K(109248K), 0.0177148 secs] 133357K->45942K(502464K), 0.0179349 secs] [Times: user=0.01 sys=0.00, real=0.02 secs] 
Heap after GC invocations=99 (full 1):
 par new generation   total 109248K, used 3344K [0x11000000, 0x19000000, 0x19000000)
  eden space 87424K,   0% used [0x11000000, 0x11000000, 0x16560000)
  from space 21824K,  15% used [0x17ab0000, 0x17df4090, 0x19000000)
  to   space 21824K,   0% used [0x16560000, 0x16560000, 0x17ab0000)
 concurrent mark-sweep generation total 393216K, used 42598K [0x19000000, 0x31000000, 0x31000000)
 Metaspace       used 25496K, capacity 25722K, committed 25856K, reserved 25984K
}
2016-03-09T22:54:36.405-0500: 1300.240: Total time for which application threads were stopped: 0.0186735 seconds
{Heap before GC invocations=99 (full 1):
 par new generation   total 109248K, used 90768K [0x11000000, 0x19000000, 0x19000000)
  eden space 87424K, 100% used [0x11000000, 0x16560000, 0x16560000)
  from space 21824K,  15% used [0x17ab0000, 0x17df4090, 0x19000000)
  to   space 21824K,   0% used [0x16560000, 0x16560000, 0x17ab0000)
 concurrent mark-sweep generation total 393216K, used 42598K [0x19000000, 0x31000000, 0x31000000)
 Metaspace       used 25496K, capacity 25722K, committed 25856K, reserved 25984K
2016-03-09T22:54:39.046-0500: 1302.880: [GC (Allocation Failure) 1302.880: [ParNew
Desired survivor size 20112996 bytes, new threshold 8 (max 8)
- age   1:     821816 bytes,     821816 total
- age   2:     486024 bytes,    1307840 total
- age   3:     283008 bytes,    1590848 total
- age   4:     243304 bytes,    1834152 total
- age   5:     981800 bytes,    2815952 total
- age   6:      66776 bytes,    2882728 total
- age   7:      52896 bytes,    2935624 total
- age   8:     119984 bytes,    3055608 total
: 90768K->4276K(109248K), 0.0180120 secs] 133366K->47042K(502464K), 0.0182249 secs] [Times: user=0.01 sys=0.00, real=0.02 secs] 
Heap after GC invocations=100 (full 1):
 par new generation   total 109248K, used 4276K [0x11000000, 0x19000000, 0x19000000)
  eden space 87424K,   0% used [0x11000000, 0x11000000, 0x16560000)
  from space 21824K,  19% used [0x16560000, 0x1698d010, 0x17ab0000)
  to   space 21824K,   0% used [0x17ab0000, 0x17ab0000, 0x19000000)
 concurrent mark-sweep generation total 393216K, used 42766K [0x19000000, 0x31000000, 0x31000000)
 Metaspace       used 25496K, capacity 25722K, committed 25856K, reserved 25984K
}
2016-03-09T22:54:39.064-0500: 1302.899: Total time for which application threads were stopped: 0.0188103 seconds
2016-03-09T22:54:41.307-0500: 1305.142: Total time for which application threads were stopped: 0.0003018 seconds
2016-03-09T22:54:41.311-0500: 1305.145: Total time for which application threads were stopped: 0.0002106 seconds
2016-03-09T22:54:41.331-0500: 1305.166: Total time for which application threads were stopped: 0.0002847 seconds
2016-03-09T22:54:41.332-0500: 1305.166: Total time for which application threads were stopped: 0.0002239 seconds
2016-03-09T22:54:41.332-0500: 1305.167: Total time for which application threads were stopped: 0.0002471 seconds
{Heap before GC invocations=100 (full 1):
 par new generation   total 109248K, used 91672K [0x11000000, 0x19000000, 0x19000000)
  eden space 87424K,  99% used [0x11000000, 0x165591f0, 0x16560000)
  from space 21824K,  19% used [0x16560000, 0x1698d010, 0x17ab0000)
  to   space 21824K,   0% used [0x17ab0000, 0x17ab0000, 0x19000000)
 concurrent mark-sweep generation total 393216K, used 42766K [0x19000000, 0x31000000, 0x31000000)
 Metaspace       used 25500K, capacity 25722K, committed 25856K, reserved 25984K
2016-03-09T22:54:41.410-0500: 1305.244: [GC (Allocation Failure) 1305.244: [ParNew
Desired survivor size 20112996 bytes, new threshold 8 (max 8)
- age   1:    1373304 bytes,    1373304 total
- age   2:     282664 bytes,    1655968 total
- age   3:     535320 bytes,    2191288 total
- age   4:     243032 bytes,    2434320 total
- age   5:     236000 bytes,    2670320 total
- age   6:     951392 bytes,    3621712 total
- age   7:      66728 bytes,    3688440 total
- age   8:      52848 bytes,    3741288 total
: 91672K->4294K(109248K), 0.0176205 secs] 134439K->47178K(502464K), 0.0178425 secs] [Times: user=0.06 sys=0.00, real=0.02 secs] 
Heap after GC invocations=101 (full 1):
 par new generation   total 109248K, used 4294K [0x11000000, 0x19000000, 0x19000000)
  eden space 87424K,   0% used [0x11000000, 0x11000000, 0x16560000)
  from space 21824K,  19% used [0x17ab0000, 0x17ee1a70, 0x19000000)
  to   space 21824K,   0% used [0x16560000, 0x16560000, 0x17ab0000)
 concurrent mark-sweep generation total 393216K, used 42883K [0x19000000, 0x31000000, 0x31000000)
 Metaspace       used 25500K, capacity 25722K, committed 25856K, reserved 25984K
}
2016-03-09T22:54:41.428-0500: 1305.262: Total time for which application threads were stopped: 0.0184925 seconds
2016-03-09T22:54:41.462-0500: 1305.297: Total time for which application threads were stopped: 0.0003839 seconds
2016-03-09T22:54:41.512-0500: 1305.346: Total time for which application threads were stopped: 0.0003581 seconds
2016-03-09T22:54:41.512-0500: 1305.347: Total time for which application threads were stopped: 0.0003490 seconds
2016-03-09T22:54:41.513-0500: 1305.347: Total time for which application threads were stopped: 0.0003087 seconds
2016-03-09T22:54:41.513-0500: 1305.348: Total time for which application threads were stopped: 0.0003125 seconds
2016-03-09T22:54:41.514-0500: 1305.348: Total time for which application threads were stopped: 0.0002619 seconds
2016-03-09T22:54:41.516-0500: 1305.350: Total time for which application threads were stopped: 0.0003022 seconds
2016-03-09T22:54:41.516-0500: 1305.351: Total time for which application threads were stopped: 0.0002649 seconds
2016-03-09T22:54:41.517-0500: 1305.351: Total time for which application threads were stopped: 0.0003185 seconds
2016-03-09T22:54:41.517-0500: 1305.351: Total time for which application threads were stopped: 0.0002703 seconds
2016-03-09T22:54:41.518-0500: 1305.352: Total time for which application threads were stopped: 0.0006154 seconds
2016-03-09T22:54:41.530-0500: 1305.365: Total time for which application threads were stopped: 0.0003524 seconds
2016-03-09T22:54:41.530-0500: 1305.365: Total time for which application threads were stopped: 0.0002269 seconds
2016-03-09T22:54:41.636-0500: 1305.470: Total time for which application threads were stopped: 0.0003288 seconds
2016-03-09T22:54:42.636-0500: 1306.470: Total time for which application threads were stopped: 0.0003030 seconds
2016-03-09T22:54:42.833-0500: 1306.667: Total time for which application threads were stopped: 0.0003239 seconds
2016-03-09T22:54:42.834-0500: 1306.668: Total time for which application threads were stopped: 0.0002570 seconds
2016-03-09T22:54:42.849-0500: 1306.684: Total time for which application threads were stopped: 0.0002862 seconds
2016-03-09T22:54:42.850-0500: 1306.684: Total time for which application threads were stopped: 0.0001961 seconds
2016-03-09T22:54:42.872-0500: 1306.706: Total time for which application threads were stopped: 0.0003436 seconds
2016-03-09T22:54:42.872-0500: 1306.706: Total time for which application threads were stopped: 0.0002859 seconds
2016-03-09T22:54:42.937-0500: 1306.772: Total time for which application threads were stopped: 0.0003140 seconds
2016-03-09T22:54:42.938-0500: 1306.773: Total time for which application threads were stopped: 0.0003452 seconds
2016-03-09T22:54:42.939-0500: 1306.774: Total time for which application threads were stopped: 0.0003090 seconds
2016-03-09T22:54:42.941-0500: 1306.776: Total time for which application threads were stopped: 0.0003087 seconds
2016-03-09T22:54:42.942-0500: 1306.777: Total time for which application threads were stopped: 0.0002908 seconds
2016-03-09T22:54:42.944-0500: 1306.778: Total time for which application threads were stopped: 0.0006994 seconds
{Heap before GC invocations=101 (full 1):
 par new generation   total 109248K, used 91718K [0x11000000, 0x19000000, 0x19000000)
  eden space 87424K, 100% used [0x11000000, 0x16560000, 0x16560000)
  from space 21824K,  19% used [0x17ab0000, 0x17ee1a70, 0x19000000)
  to   space 21824K,   0% used [0x16560000, 0x16560000, 0x17ab0000)
 concurrent mark-sweep generation total 393216K, used 42883K [0x19000000, 0x31000000, 0x31000000)
 Metaspace       used 25503K, capacity 25754K, committed 25856K, reserved 25984K
2016-03-09T22:54:43.331-0500: 1307.165: [GC (Allocation Failure) 1307.165: [ParNew
Desired survivor size 20112996 bytes, new threshold 8 (max 8)
- age   1:    1015800 bytes,    1015800 total
- age   2:     663960 bytes,    1679760 total
- age   3:     141384 bytes,    1821144 total
- age   4:     157264 bytes,    1978408 total
- age   5:     134608 bytes,    2113016 total
- age   6:     112624 bytes,    2225640 total
- age   7:     840720 bytes,    3066360 total
- age   8:      66712 bytes,    3133072 total
: 91718K->5462K(109248K), 0.0145548 secs] 134602K->48398K(502464K), 0.0146818 secs] [Times: user=0.06 sys=0.00, real=0.01 secs] 
Heap after GC invocations=102 (full 1):
 par new generation   total 109248K, used 5462K [0x11000000, 0x19000000, 0x19000000)
  eden space 87424K,   0% used [0x11000000, 0x11000000, 0x16560000)
  from space 21824K,  25% used [0x16560000, 0x16ab5b98, 0x17ab0000)
  to   space 21824K,   0% used [0x17ab0000, 0x17ab0000, 0x19000000)
 concurrent mark-sweep generation total 393216K, used 42935K [0x19000000, 0x31000000, 0x31000000)
 Metaspace       used 25503K, capacity 25754K, committed 25856K, reserved 25984K
}
2016-03-09T22:54:43.346-0500: 1307.180: Total time for which application threads were stopped: 0.0152455 seconds
2016-03-09T22:54:43.706-0500: 1307.540: Total time for which application threads were stopped: 0.0003212 seconds
2016-03-09T22:54:43.735-0500: 1307.569: Total time for which application threads were stopped: 0.0003094 seconds
2016-03-09T22:54:43.737-0500: 1307.571: Total time for which application threads were stopped: 0.0004295 seconds
2016-03-09T22:54:43.737-0500: 1307.572: Total time for which application threads were stopped: 0.0003326 seconds
2016-03-09T22:54:43.738-0500: 1307.572: Total time for which application threads were stopped: 0.0002935 seconds
2016-03-09T22:54:43.738-0500: 1307.572: Total time for which application threads were stopped: 0.0002756 seconds
2016-03-09T22:54:43.739-0500: 1307.573: Total time for which application threads were stopped: 0.0002425 seconds
2016-03-09T22:54:43.739-0500: 1307.573: Total time for which application threads were stopped: 0.0003471 seconds
2016-03-09T22:54:43.739-0500: 1307.574: Total time for which application threads were stopped: 0.0003391 seconds
2016-03-09T22:54:43.762-0500: 1307.597: Total time for which application threads were stopped: 0.0004098 seconds
2016-03-09T22:54:44.021-0500: 1307.856: Total time for which application threads were stopped: 0.0003771 seconds
2016-03-09T22:54:44.794-0500: 1308.628: Total time for which application threads were stopped: 0.0003307 seconds
2016-03-09T22:54:44.794-0500: 1308.628: Total time for which application threads were stopped: 0.0001965 seconds
2016-03-09T22:54:44.867-0500: 1308.702: Total time for which application threads were stopped: 0.0003182 seconds
{Heap before GC invocations=102 (full 1):
 par new generation   total 109248K, used 92886K [0x11000000, 0x19000000, 0x19000000)
  eden space 87424K, 100% used [0x11000000, 0x16560000, 0x16560000)
  from space 21824K,  25% used [0x16560000, 0x16ab5b98, 0x17ab0000)
  to   space 21824K,   0% used [0x17ab0000, 0x17ab0000, 0x19000000)
 concurrent mark-sweep generation total 393216K, used 42935K [0x19000000, 0x31000000, 0x31000000)
 Metaspace       used 25512K, capacity 25754K, committed 25856K, reserved 25984K
2016-03-09T22:54:45.219-0500: 1309.053: [GC (Allocation Failure) 1309.053: [ParNew
Desired survivor size 20112996 bytes, new threshold 8 (max 8)
- age   1:     736608 bytes,     736608 total
- age   2:     104328 bytes,     840936 total
- age   3:     443520 bytes,    1284456 total
- age   4:      64472 bytes,    1348928 total
- age   5:      89792 bytes,    1438720 total
- age   6:      65920 bytes,    1504640 total
- age   7:      43152 bytes,    1547792 total
- age   8:     757864 bytes,    2305656 total
: 92886K->3476K(109248K), 0.0126641 secs] 135822K->46477K(502464K), 0.0128439 secs] [Times: user=0.02 sys=0.00, real=0.01 secs] 
Heap after GC invocations=103 (full 1):
 par new generation   total 109248K, used 3476K [0x11000000, 0x19000000, 0x19000000)
  eden space 87424K,   0% used [0x11000000, 0x11000000, 0x16560000)
  from space 21824K,  15% used [0x17ab0000, 0x17e153d0, 0x19000000)
  to   space 21824K,   0% used [0x16560000, 0x16560000, 0x17ab0000)
 concurrent mark-sweep generation total 393216K, used 43000K [0x19000000, 0x31000000, 0x31000000)
 Metaspace       used 25512K, capacity 25754K, committed 25856K, reserved 25984K
}
2016-03-09T22:54:45.232-0500: 1309.066: Total time for which application threads were stopped: 0.0133160 seconds
{Heap before GC invocations=103 (full 1):
 par new generation   total 109248K, used 90900K [0x11000000, 0x19000000, 0x19000000)
  eden space 87424K, 100% used [0x11000000, 0x16560000, 0x16560000)
  from space 21824K,  15% used [0x17ab0000, 0x17e153d0, 0x19000000)
  to   space 21824K,   0% used [0x16560000, 0x16560000, 0x17ab0000)
 concurrent mark-sweep generation total 393216K, used 43000K [0x19000000, 0x31000000, 0x31000000)
 Metaspace       used 25512K, capacity 25754K, committed 25856K, reserved 25984K
2016-03-09T22:54:47.778-0500: 1311.612: [GC (Allocation Failure) 1311.613: [ParNew
Desired survivor size 20112996 bytes, new threshold 8 (max 8)
- age   1:     790720 bytes,     790720 total
- age   2:     427640 bytes,    1218360 total
- age   3:     103976 bytes,    1322336 total
- age   4:     443504 bytes,    1765840 total
- age   5:      64440 bytes,    1830280 total
- age   6:      89744 bytes,    1920024 total
- age   7:      65888 bytes,    1985912 total
- age   8:      43088 bytes,    2029000 total
: 90900K->2437K(109248K), 0.0191630 secs] 133901K->46177K(502464K), 0.0193839 secs] [Times: user=0.02 sys=0.00, real=0.02 secs] 
Heap after GC invocations=104 (full 1):
 par new generation   total 109248K, used 2437K [0x11000000, 0x19000000, 0x19000000)
  eden space 87424K,   0% used [0x11000000, 0x11000000, 0x16560000)
  from space 21824K,  11% used [0x16560000, 0x167c1450, 0x17ab0000)
  to   space 21824K,   0% used [0x17ab0000, 0x17ab0000, 0x19000000)
 concurrent mark-sweep generation total 393216K, used 43740K [0x19000000, 0x31000000, 0x31000000)
 Metaspace       used 25512K, capacity 25754K, committed 25856K, reserved 25984K
}
2016-03-09T22:54:47.798-0500: 1311.632: Total time for which application threads were stopped: 0.0199518 seconds
2016-03-09T22:54:49.995-0500: 1313.830: Total time for which application threads were stopped: 0.0002235 seconds
2016-03-09T22:54:49.998-0500: 1313.832: Total time for which application threads were stopped: 0.0002429 seconds
2016-03-09T22:54:50.052-0500: 1313.886: Total time for which application threads were stopped: 0.0002087 seconds
2016-03-09T22:54:50.057-0500: 1313.892: Total time for which application threads were stopped: 0.0002665 seconds
2016-03-09T22:54:50.064-0500: 1313.898: Total time for which application threads were stopped: 0.0003615 seconds
2016-03-09T22:54:50.064-0500: 1313.898: Total time for which application threads were stopped: 0.0002456 seconds
2016-03-09T22:54:50.064-0500: 1313.899: Total time for which application threads were stopped: 0.0003170 seconds
2016-03-09T22:54:50.065-0500: 1313.899: Total time for which application threads were stopped: 0.0001847 seconds
2016-03-09T22:54:50.065-0500: 1313.899: Total time for which application threads were stopped: 0.0001977 seconds
2016-03-09T22:54:50.066-0500: 1313.900: Total time for which application threads were stopped: 0.0001954 seconds
2016-03-09T22:54:50.066-0500: 1313.900: Total time for which application threads were stopped: 0.0001859 seconds
2016-03-09T22:54:50.066-0500: 1313.901: Total time for which application threads were stopped: 0.0001498 seconds
2016-03-09T22:54:51.905-0500: 1315.739: Total time for which application threads were stopped: 0.0002250 seconds
2016-03-09T22:54:51.907-0500: 1315.742: Total time for which application threads were stopped: 0.0002292 seconds
2016-03-09T22:54:51.908-0500: 1315.742: Total time for which application threads were stopped: 0.0002980 seconds
2016-03-09T22:54:51.908-0500: 1315.742: Total time for which application threads were stopped: 0.0002003 seconds
2016-03-09T22:54:51.908-0500: 1315.743: Total time for which application threads were stopped: 0.0002121 seconds
2016-03-09T22:54:51.908-0500: 1315.743: Total time for which application threads were stopped: 0.0002129 seconds
2016-03-09T22:54:51.909-0500: 1315.743: Total time for which application threads were stopped: 0.0002155 seconds
2016-03-09T22:54:51.909-0500: 1315.744: Total time for which application threads were stopped: 0.0001939 seconds
2016-03-09T22:54:51.909-0500: 1315.744: Total time for which application threads were stopped: 0.0003121 seconds
2016-03-09T22:54:51.910-0500: 1315.744: Total time for which application threads were stopped: 0.0002056 seconds
2016-03-09T22:54:51.910-0500: 1315.745: Total time for which application threads were stopped: 0.0002148 seconds
2016-03-09T22:54:51.910-0500: 1315.745: Total time for which application threads were stopped: 0.0002125 seconds
2016-03-09T22:54:51.911-0500: 1315.745: Total time for which application threads were stopped: 0.0001866 seconds
2016-03-09T22:54:51.911-0500: 1315.746: Total time for which application threads were stopped: 0.0002167 seconds
2016-03-09T22:54:51.911-0500: 1315.746: Total time for which application threads were stopped: 0.0002509 seconds
2016-03-09T22:54:51.912-0500: 1315.746: Total time for which application threads were stopped: 0.0002060 seconds
2016-03-09T22:54:51.912-0500: 1315.746: Total time for which application threads were stopped: 0.0001821 seconds
2016-03-09T22:54:51.912-0500: 1315.747: Total time for which application threads were stopped: 0.0002254 seconds
2016-03-09T22:54:51.913-0500: 1315.747: Total time for which application threads were stopped: 0.0001863 seconds
2016-03-09T22:54:51.913-0500: 1315.748: Total time for which application threads were stopped: 0.0002060 seconds
2016-03-09T22:54:51.913-0500: 1315.748: Total time for which application threads were stopped: 0.0001855 seconds
2016-03-09T22:54:51.914-0500: 1315.748: Total time for which application threads were stopped: 0.0001752 seconds
2016-03-09T22:54:51.914-0500: 1315.748: Total time for which application threads were stopped: 0.0002091 seconds
2016-03-09T22:54:51.914-0500: 1315.749: Total time for which application threads were stopped: 0.0001813 seconds
2016-03-09T22:54:51.915-0500: 1315.749: Total time for which application threads were stopped: 0.0006238 seconds
2016-03-09T22:54:51.915-0500: 1315.750: Total time for which application threads were stopped: 0.0003820 seconds
2016-03-09T22:54:52.022-0500: 1315.856: Total time for which application threads were stopped: 0.0002334 seconds
2016-03-09T22:54:52.024-0500: 1315.858: Total time for which application threads were stopped: 0.0003182 seconds
2016-03-09T22:54:52.025-0500: 1315.859: Total time for which application threads were stopped: 0.0003892 seconds
2016-03-09T22:54:52.026-0500: 1315.860: Total time for which application threads were stopped: 0.0003269 seconds
2016-03-09T22:54:52.027-0500: 1315.861: Total time for which application threads were stopped: 0.0003049 seconds
2016-03-09T22:54:53.027-0500: 1316.861: Total time for which application threads were stopped: 0.0002201 seconds
2016-03-09T22:54:58.734-0500: 1322.569: Total time for which application threads were stopped: 0.0002965 seconds
2016-03-09T22:54:58.735-0500: 1322.570: Total time for which application threads were stopped: 0.0002528 seconds
2016-03-09T22:54:58.743-0500: 1322.577: Total time for which application threads were stopped: 0.0003060 seconds
2016-03-09T22:54:58.746-0500: 1322.581: Total time for which application threads were stopped: 0.0002954 seconds
2016-03-09T22:54:58.765-0500: 1322.600: Total time for which application threads were stopped: 0.0003938 seconds
2016-03-09T22:54:58.766-0500: 1322.600: Total time for which application threads were stopped: 0.0002843 seconds
2016-03-09T22:54:58.786-0500: 1322.620: Total time for which application threads were stopped: 0.0002672 seconds
2016-03-09T22:54:58.786-0500: 1322.621: Total time for which application threads were stopped: 0.0001437 seconds
2016-03-09T22:54:58.786-0500: 1322.621: Total time for which application threads were stopped: 0.0002189 seconds
2016-03-09T22:54:58.789-0500: 1322.623: Total time for which application threads were stopped: 0.0001977 seconds
2016-03-09T22:54:58.795-0500: 1322.629: Total time for which application threads were stopped: 0.0002319 seconds
2016-03-09T22:54:58.795-0500: 1322.629: Total time for which application threads were stopped: 0.0001714 seconds
2016-03-09T22:54:58.795-0500: 1322.630: Total time for which application threads were stopped: 0.0001813 seconds
2016-03-09T22:54:58.797-0500: 1322.631: Total time for which application threads were stopped: 0.0002585 seconds
2016-03-09T22:54:59.489-0500: 1323.324: Total time for which application threads were stopped: 0.0004379 seconds
2016-03-09T22:54:59.489-0500: 1323.324: Total time for which application threads were stopped: 0.0002573 seconds
2016-03-09T22:54:59.490-0500: 1323.324: Total time for which application threads were stopped: 0.0002866 seconds
2016-03-09T22:54:59.491-0500: 1323.326: Total time for which application threads were stopped: 0.0002547 seconds
2016-03-09T22:55:00.232-0500: 1324.066: Total time for which application threads were stopped: 0.0002516 seconds
2016-03-09T22:55:05.827-0500: 1329.662: Total time for which application threads were stopped: 0.0002338 seconds
2016-03-09T22:55:05.833-0500: 1329.668: Total time for which application threads were stopped: 0.0004238 seconds
2016-03-09T22:55:05.834-0500: 1329.669: Total time for which application threads were stopped: 0.0002573 seconds
2016-03-09T22:55:05.836-0500: 1329.670: Total time for which application threads were stopped: 0.0003440 seconds
{Heap before GC invocations=104 (full 1):
 par new generation   total 109248K, used 89861K [0x11000000, 0x19000000, 0x19000000)
  eden space 87424K, 100% used [0x11000000, 0x16560000, 0x16560000)
  from space 21824K,  11% used [0x16560000, 0x167c1450, 0x17ab0000)
  to   space 21824K,   0% used [0x17ab0000, 0x17ab0000, 0x19000000)
 concurrent mark-sweep generation total 393216K, used 43740K [0x19000000, 0x31000000, 0x31000000)
 Metaspace       used 26339K, capacity 26596K, committed 26624K, reserved 27008K
2016-03-09T22:55:05.885-0500: 1329.720: [GC (Allocation Failure) 1329.720: [ParNew
Desired survivor size 20112996 bytes, new threshold 8 (max 8)
- age   1:    3880680 bytes,    3880680 total
- age   2:      71696 bytes,    3952376 total
- age   3:     120664 bytes,    4073040 total
- age   4:      45344 bytes,    4118384 total
- age   5:     125512 bytes,    4243896 total
- age   6:      64408 bytes,    4308304 total
- age   7:      89632 bytes,    4397936 total
- age   8:      65856 bytes,    4463792 total
: 89861K->5026K(109248K), 0.0248557 secs] 133601K->48808K(502464K), 0.0250986 secs] [Times: user=0.02 sys=0.00, real=0.03 secs] 
Heap after GC invocations=105 (full 1):
 par new generation   total 109248K, used 5026K [0x11000000, 0x19000000, 0x19000000)
  eden space 87424K,   0% used [0x11000000, 0x11000000, 0x16560000)
  from space 21824K,  23% used [0x17ab0000, 0x17f98820, 0x19000000)
  to   space 21824K,   0% used [0x16560000, 0x16560000, 0x17ab0000)
 concurrent mark-sweep generation total 393216K, used 43782K [0x19000000, 0x31000000, 0x31000000)
 Metaspace       used 26339K, capacity 26596K, committed 26624K, reserved 27008K
}
2016-03-09T22:55:05.911-0500: 1329.745: Total time for which application threads were stopped: 0.0258501 seconds
2016-03-09T22:55:06.911-0500: 1330.746: Total time for which application threads were stopped: 0.0002421 seconds
2016-03-09T22:55:22.846-0500: 1346.680: Total time for which application threads were stopped: 0.0002349 seconds
2016-03-09T22:55:22.846-0500: 1346.681: Total time for which application threads were stopped: 0.0001817 seconds
2016-03-09T22:55:22.847-0500: 1346.681: Total time for which application threads were stopped: 0.0001699 seconds
2016-03-09T22:55:22.848-0500: 1346.682: Total time for which application threads were stopped: 0.0002178 seconds
2016-03-09T22:55:22.849-0500: 1346.683: Total time for which application threads were stopped: 0.0001927 seconds
2016-03-09T22:55:22.849-0500: 1346.684: Total time for which application threads were stopped: 0.0001726 seconds
2016-03-09T22:55:22.850-0500: 1346.685: Total time for which application threads were stopped: 0.0001885 seconds
2016-03-09T22:55:22.851-0500: 1346.685: Total time for which application threads were stopped: 0.0002003 seconds
2016-03-09T22:55:22.853-0500: 1346.687: Total time for which application threads were stopped: 0.0001752 seconds
2016-03-09T22:55:22.853-0500: 1346.687: Total time for which application threads were stopped: 0.0001642 seconds
2016-03-09T22:55:22.853-0500: 1346.688: Total time for which application threads were stopped: 0.0001954 seconds
2016-03-09T22:55:22.855-0500: 1346.689: Total time for which application threads were stopped: 0.0001847 seconds
2016-03-09T22:55:22.897-0500: 1346.732: Total time for which application threads were stopped: 0.0002258 seconds
2016-03-09T22:55:22.898-0500: 1346.732: Total time for which application threads were stopped: 0.0001528 seconds
2016-03-09T22:55:23.119-0500: 1346.953: Total time for which application threads were stopped: 0.0004740 seconds
2016-03-09T22:55:23.119-0500: 1346.953: Total time for which application threads were stopped: 0.0002520 seconds
2016-03-09T22:55:23.121-0500: 1346.956: Total time for which application threads were stopped: 0.0003083 seconds
2016-03-09T22:55:23.122-0500: 1346.956: Total time for which application threads were stopped: 0.0002866 seconds
2016-03-09T22:55:23.122-0500: 1346.956: Total time for which application threads were stopped: 0.0002646 seconds
2016-03-09T22:55:23.128-0500: 1346.962: Total time for which application threads were stopped: 0.0003147 seconds
2016-03-09T22:55:23.131-0500: 1346.966: Total time for which application threads were stopped: 0.0002687 seconds
2016-03-09T22:55:23.132-0500: 1346.966: Total time for which application threads were stopped: 0.0001859 seconds
2016-03-09T22:55:23.132-0500: 1346.966: Total time for which application threads were stopped: 0.0002269 seconds
2016-03-09T22:55:23.133-0500: 1346.968: Total time for which application threads were stopped: 0.0002440 seconds
2016-03-09T22:55:23.148-0500: 1346.983: Total time for which application threads were stopped: 0.0002942 seconds
2016-03-09T22:55:23.149-0500: 1346.983: Total time for which application threads were stopped: 0.0002262 seconds
2016-03-09T22:55:23.149-0500: 1346.983: Total time for which application threads were stopped: 0.0002323 seconds
2016-03-09T22:55:23.151-0500: 1346.985: Total time for which application threads were stopped: 0.0002935 seconds
2016-03-09T22:55:23.161-0500: 1346.996: Total time for which application threads were stopped: 0.0003011 seconds
2016-03-09T22:55:23.162-0500: 1346.996: Total time for which application threads were stopped: 0.0006234 seconds
2016-03-09T22:55:23.162-0500: 1346.997: Total time for which application threads were stopped: 0.0002307 seconds
2016-03-09T22:55:23.164-0500: 1346.998: Total time for which application threads were stopped: 0.0002497 seconds
2016-03-09T22:55:23.170-0500: 1347.004: Total time for which application threads were stopped: 0.0002954 seconds
2016-03-09T22:55:23.170-0500: 1347.005: Total time for which application threads were stopped: 0.0002478 seconds
2016-03-09T22:55:23.172-0500: 1347.006: Total time for which application threads were stopped: 0.0002414 seconds
2016-03-09T22:55:23.198-0500: 1347.033: Total time for which application threads were stopped: 0.0004326 seconds
2016-03-09T22:55:23.199-0500: 1347.033: Total time for which application threads were stopped: 0.0001650 seconds
2016-03-09T22:55:23.208-0500: 1347.042: Total time for which application threads were stopped: 0.0003383 seconds
2016-03-09T22:55:23.239-0500: 1347.073: Total time for which application threads were stopped: 0.0003543 seconds
2016-03-09T22:55:23.331-0500: 1347.165: Total time for which application threads were stopped: 0.0004645 seconds
2016-03-09T22:55:23.332-0500: 1347.166: Total time for which application threads were stopped: 0.0001866 seconds
2016-03-09T22:55:23.341-0500: 1347.176: Total time for which application threads were stopped: 0.0001859 seconds
2016-03-09T22:55:23.431-0500: 1347.266: Total time for which application threads were stopped: 0.0002349 seconds
2016-03-09T22:55:23.466-0500: 1347.300: Total time for which application threads were stopped: 0.0002307 seconds
2016-03-09T22:55:23.521-0500: 1347.355: Total time for which application threads were stopped: 0.0003493 seconds
2016-03-09T22:55:23.528-0500: 1347.363: Total time for which application threads were stopped: 0.0005386 seconds
2016-03-09T22:55:23.680-0500: 1347.514: Total time for which application threads were stopped: 0.0005002 seconds
2016-03-09T22:55:23.892-0500: 1347.727: Total time for which application threads were stopped: 0.0002224 seconds
2016-03-09T22:55:23.934-0500: 1347.768: Total time for which application threads were stopped: 0.0002459 seconds
2016-03-09T22:55:23.939-0500: 1347.774: Total time for which application threads were stopped: 0.0002532 seconds
2016-03-09T22:55:23.955-0500: 1347.789: Total time for which application threads were stopped: 0.0003258 seconds
2016-03-09T22:55:23.956-0500: 1347.790: Total time for which application threads were stopped: 0.0002444 seconds
2016-03-09T22:55:23.956-0500: 1347.791: Total time for which application threads were stopped: 0.0002106 seconds
2016-03-09T22:55:23.957-0500: 1347.791: Total time for which application threads were stopped: 0.0001901 seconds
2016-03-09T22:55:23.957-0500: 1347.792: Total time for which application threads were stopped: 0.0002562 seconds
2016-03-09T22:55:23.980-0500: 1347.814: Total time for which application threads were stopped: 0.0002615 seconds
2016-03-09T22:55:23.981-0500: 1347.815: Total time for which application threads were stopped: 0.0002722 seconds
2016-03-09T22:55:23.982-0500: 1347.816: Total time for which application threads were stopped: 0.0002383 seconds
2016-03-09T22:55:23.982-0500: 1347.816: Total time for which application threads were stopped: 0.0001889 seconds
2016-03-09T22:55:23.982-0500: 1347.817: Total time for which application threads were stopped: 0.0001532 seconds
2016-03-09T22:55:23.982-0500: 1347.817: Total time for which application threads were stopped: 0.0001422 seconds
2016-03-09T22:55:23.983-0500: 1347.817: Total time for which application threads were stopped: 0.0001406 seconds
2016-03-09T22:55:23.983-0500: 1347.817: Total time for which application threads were stopped: 0.0002178 seconds
2016-03-09T22:55:23.985-0500: 1347.819: Total time for which application threads were stopped: 0.0002395 seconds
2016-03-09T22:55:23.985-0500: 1347.820: Total time for which application threads were stopped: 0.0002744 seconds
2016-03-09T22:55:23.986-0500: 1347.820: Total time for which application threads were stopped: 0.0002535 seconds
2016-03-09T22:55:23.986-0500: 1347.821: Total time for which application threads were stopped: 0.0002919 seconds
2016-03-09T22:55:23.987-0500: 1347.821: Total time for which application threads were stopped: 0.0002421 seconds
2016-03-09T22:55:23.988-0500: 1347.822: Total time for which application threads were stopped: 0.0002813 seconds
2016-03-09T22:55:23.992-0500: 1347.826: Total time for which application threads were stopped: 0.0002212 seconds
2016-03-09T22:55:23.992-0500: 1347.827: Total time for which application threads were stopped: 0.0002269 seconds
2016-03-09T22:55:23.993-0500: 1347.827: Total time for which application threads were stopped: 0.0002710 seconds
2016-03-09T22:55:23.993-0500: 1347.827: Total time for which application threads were stopped: 0.0001923 seconds
2016-03-09T22:55:23.993-0500: 1347.828: Total time for which application threads were stopped: 0.0002113 seconds
2016-03-09T22:55:23.994-0500: 1347.828: Total time for which application threads were stopped: 0.0002151 seconds
2016-03-09T22:55:23.994-0500: 1347.828: Total time for which application threads were stopped: 0.0002866 seconds
2016-03-09T22:55:23.994-0500: 1347.829: Total time for which application threads were stopped: 0.0004147 seconds
2016-03-09T22:55:23.999-0500: 1347.833: Total time for which application threads were stopped: 0.0001901 seconds
2016-03-09T22:55:24.008-0500: 1347.842: Total time for which application threads were stopped: 0.0003843 seconds
2016-03-09T22:55:24.013-0500: 1347.847: Total time for which application threads were stopped: 0.0003242 seconds
2016-03-09T22:55:24.014-0500: 1347.849: Total time for which application threads were stopped: 0.0002478 seconds
2016-03-09T22:55:24.018-0500: 1347.852: Total time for which application threads were stopped: 0.0002646 seconds
2016-03-09T22:55:24.018-0500: 1347.853: Total time for which application threads were stopped: 0.0001711 seconds
2016-03-09T22:55:24.019-0500: 1347.853: Total time for which application threads were stopped: 0.0005500 seconds
2016-03-09T22:55:24.019-0500: 1347.854: Total time for which application threads were stopped: 0.0005192 seconds
2016-03-09T22:55:24.037-0500: 1347.872: Total time for which application threads were stopped: 0.0002680 seconds
2016-03-09T22:55:24.037-0500: 1347.872: Total time for which application threads were stopped: 0.0001969 seconds
2016-03-09T22:55:24.038-0500: 1347.872: Total time for which application threads were stopped: 0.0002402 seconds
2016-03-09T22:55:24.038-0500: 1347.873: Total time for which application threads were stopped: 0.0002649 seconds
2016-03-09T22:55:24.038-0500: 1347.873: Total time for which application threads were stopped: 0.0002136 seconds
2016-03-09T22:55:24.039-0500: 1347.873: Total time for which application threads were stopped: 0.0002490 seconds
2016-03-09T22:55:24.039-0500: 1347.874: Total time for which application threads were stopped: 0.0001969 seconds
2016-03-09T22:55:24.039-0500: 1347.874: Total time for which application threads were stopped: 0.0001756 seconds
2016-03-09T22:55:24.040-0500: 1347.874: Total time for which application threads were stopped: 0.0002258 seconds
2016-03-09T22:55:24.040-0500: 1347.874: Total time for which application threads were stopped: 0.0002399 seconds
2016-03-09T22:55:24.040-0500: 1347.875: Total time for which application threads were stopped: 0.0002311 seconds
2016-03-09T22:55:24.041-0500: 1347.875: Total time for which application threads were stopped: 0.0002117 seconds
2016-03-09T22:55:24.041-0500: 1347.875: Total time for which application threads were stopped: 0.0002380 seconds
2016-03-09T22:55:24.041-0500: 1347.876: Total time for which application threads were stopped: 0.0002094 seconds
2016-03-09T22:55:24.041-0500: 1347.876: Total time for which application threads were stopped: 0.0002501 seconds
2016-03-09T22:55:24.042-0500: 1347.876: Total time for which application threads were stopped: 0.0002011 seconds
2016-03-09T22:55:24.043-0500: 1347.877: Total time for which application threads were stopped: 0.0002034 seconds
2016-03-09T22:55:24.043-0500: 1347.877: Total time for which application threads were stopped: 0.0003284 seconds
2016-03-09T22:55:24.043-0500: 1347.877: Total time for which application threads were stopped: 0.0002383 seconds
2016-03-09T22:55:24.044-0500: 1347.878: Total time for which application threads were stopped: 0.0005071 seconds
2016-03-09T22:55:24.058-0500: 1347.892: Total time for which application threads were stopped: 0.0003147 seconds
2016-03-09T22:55:24.060-0500: 1347.894: Total time for which application threads were stopped: 0.0003246 seconds
2016-03-09T22:55:24.060-0500: 1347.895: Total time for which application threads were stopped: 0.0002779 seconds
2016-03-09T22:55:24.084-0500: 1347.918: Total time for which application threads were stopped: 0.0003919 seconds
2016-03-09T22:55:24.110-0500: 1347.944: Total time for which application threads were stopped: 0.0003189 seconds
2016-03-09T22:55:24.138-0500: 1347.972: Total time for which application threads were stopped: 0.0003816 seconds
2016-03-09T22:55:25.138-0500: 1348.973: Total time for which application threads were stopped: 0.0003356 seconds
{Heap before GC invocations=105 (full 1):
 par new generation   total 109248K, used 92450K [0x11000000, 0x19000000, 0x19000000)
  eden space 87424K, 100% used [0x11000000, 0x16560000, 0x16560000)
  from space 21824K,  23% used [0x17ab0000, 0x17f98820, 0x19000000)
  to   space 21824K,   0% used [0x16560000, 0x16560000, 0x17ab0000)
 concurrent mark-sweep generation total 393216K, used 43782K [0x19000000, 0x31000000, 0x31000000)
 Metaspace       used 27593K, capacity 27854K, committed 27904K, reserved 28032K
2016-03-09T22:55:26.030-0500: 1349.864: [GC (Allocation Failure) 1349.865: [ParNew
Desired survivor size 20112996 bytes, new threshold 8 (max 8)
- age   1:    4405192 bytes,    4405192 total
- age   2:     575376 bytes,    4980568 total
- age   3:      71696 bytes,    5052264 total
- age   4:     120320 bytes,    5172584 total
- age   5:      45344 bytes,    5217928 total
- age   6:     125344 bytes,    5343272 total
- age   7:      64408 bytes,    5407680 total
- age   8:      89632 bytes,    5497312 total
: 92450K->7376K(109248K), 0.0264933 secs] 136232K->51223K(502464K), 0.0266997 secs] [Times: user=0.13 sys=0.00, real=0.03 secs] 
Heap after GC invocations=106 (full 1):
 par new generation   total 109248K, used 7376K [0x11000000, 0x19000000, 0x19000000)
  eden space 87424K,   0% used [0x11000000, 0x11000000, 0x16560000)
  from space 21824K,  33% used [0x16560000, 0x16c941c0, 0x17ab0000)
  to   space 21824K,   0% used [0x17ab0000, 0x17ab0000, 0x19000000)
 concurrent mark-sweep generation total 393216K, used 43847K [0x19000000, 0x31000000, 0x31000000)
 Metaspace       used 27593K, capacity 27854K, committed 27904K, reserved 28032K
}
2016-03-09T22:55:26.057-0500: 1349.891: Total time for which application threads were stopped: 0.0273083 seconds
2016-03-09T22:55:27.057-0500: 1350.892: Total time for which application threads were stopped: 0.0002851 seconds
2016-03-09T22:55:28.057-0500: 1351.892: Total time for which application threads were stopped: 0.0002490 seconds
{Heap before GC invocations=106 (full 1):
 par new generation   total 109248K, used 94800K [0x11000000, 0x19000000, 0x19000000)
  eden space 87424K, 100% used [0x11000000, 0x16560000, 0x16560000)
  from space 21824K,  33% used [0x16560000, 0x16c941c0, 0x17ab0000)
  to   space 21824K,   0% used [0x17ab0000, 0x17ab0000, 0x19000000)
 concurrent mark-sweep generation total 393216K, used 43847K [0x19000000, 0x31000000, 0x31000000)
 Metaspace       used 27609K, capacity 27886K, committed 28032K, reserved 28032K
2016-03-09T22:55:28.762-0500: 1352.597: [GC (Allocation Failure) 1352.597: [ParNew
Desired survivor size 20112996 bytes, new threshold 8 (max 8)
- age   1:    1842216 bytes,    1842216 total
- age   2:    2287192 bytes,    4129408 total
- age   3:     575064 bytes,    4704472 total
- age   4:      71696 bytes,    4776168 total
- age   5:     120320 bytes,    4896488 total
- age   6:      45344 bytes,    4941832 total
- age   7:     125344 bytes,    5067176 total
- age   8:      64408 bytes,    5131584 total
: 94800K->5867K(109248K), 0.0245703 secs] 138647K->49802K(502464K), 0.0248116 secs] [Times: user=0.05 sys=0.00, real=0.02 secs] 
Heap after GC invocations=107 (full 1):
 par new generation   total 109248K, used 5867K [0x11000000, 0x19000000, 0x19000000)
  eden space 87424K,   0% used [0x11000000, 0x11000000, 0x16560000)
  from space 21824K,  26% used [0x17ab0000, 0x1806af40, 0x19000000)
  to   space 21824K,   0% used [0x16560000, 0x16560000, 0x17ab0000)
 concurrent mark-sweep generation total 393216K, used 43934K [0x19000000, 0x31000000, 0x31000000)
 Metaspace       used 27609K, capacity 27886K, committed 28032K, reserved 28032K
}
2016-03-09T22:55:28.787-0500: 1352.622: Total time for which application threads were stopped: 0.0253815 seconds
2016-03-09T22:55:29.788-0500: 1353.622: Total time for which application threads were stopped: 0.0003725 seconds
{Heap before GC invocations=107 (full 1):
 par new generation   total 109248K, used 93291K [0x11000000, 0x19000000, 0x19000000)
  eden space 87424K, 100% used [0x11000000, 0x16560000, 0x16560000)
  from space 21824K,  26% used [0x17ab0000, 0x1806af40, 0x19000000)
  to   space 21824K,   0% used [0x16560000, 0x16560000, 0x17ab0000)
 concurrent mark-sweep generation total 393216K, used 43934K [0x19000000, 0x31000000, 0x31000000)
 Metaspace       used 27655K, capacity 27918K, committed 28032K, reserved 28032K
2016-03-09T22:55:31.487-0500: 1355.322: [GC (Allocation Failure) 1355.322: [ParNew
Desired survivor size 20112996 bytes, new threshold 8 (max 8)
- age   1:    1216120 bytes,    1216120 total
- age   2:    1248224 bytes,    2464344 total
- age   3:    2286824 bytes,    4751168 total
- age   4:     573416 bytes,    5324584 total
- age   5:      71696 bytes,    5396280 total
- age   6:     120320 bytes,    5516600 total
- age   7:      45344 bytes,    5561944 total
- age   8:     125344 bytes,    5687288 total
: 93291K->7860K(109248K), 0.0245368 secs] 137226K->51858K(502464K), 0.0247752 secs] [Times: user=0.06 sys=0.00, real=0.03 secs] 
Heap after GC invocations=108 (full 1):
 par new generation   total 109248K, used 7860K [0x11000000, 0x19000000, 0x19000000)
  eden space 87424K,   0% used [0x11000000, 0x11000000, 0x16560000)
  from space 21824K,  36% used [0x16560000, 0x16d0d320, 0x17ab0000)
  to   space 21824K,   0% used [0x17ab0000, 0x17ab0000, 0x19000000)
 concurrent mark-sweep generation total 393216K, used 43997K [0x19000000, 0x31000000, 0x31000000)
 Metaspace       used 27655K, capacity 27918K, committed 28032K, reserved 28032K
}
2016-03-09T22:55:31.512-0500: 1355.347: Total time for which application threads were stopped: 0.0254187 seconds
2016-03-09T22:55:32.513-0500: 1356.348: Total time for which application threads were stopped: 0.0002444 seconds
2016-03-09T22:55:33.514-0500: 1357.348: Total time for which application threads were stopped: 0.0002695 seconds
{Heap before GC invocations=108 (full 1):
 par new generation   total 109248K, used 95284K [0x11000000, 0x19000000, 0x19000000)
  eden space 87424K, 100% used [0x11000000, 0x16560000, 0x16560000)
  from space 21824K,  36% used [0x16560000, 0x16d0d320, 0x17ab0000)
  to   space 21824K,   0% used [0x17ab0000, 0x17ab0000, 0x19000000)
 concurrent mark-sweep generation total 393216K, used 43997K [0x19000000, 0x31000000, 0x31000000)
 Metaspace       used 27688K, capacity 27950K, committed 28032K, reserved 28032K
2016-03-09T22:55:34.162-0500: 1357.996: [GC (Allocation Failure) 1357.996: [ParNew
Desired survivor size 20112996 bytes, new threshold 8 (max 8)
- age   1:    1535400 bytes,    1535400 total
- age   2:     627984 bytes,    2163384 total
- age   3:    1043448 bytes,    3206832 total
- age   4:    2286776 bytes,    5493608 total
- age   5:     573416 bytes,    6067024 total
- age   6:      71696 bytes,    6138720 total
- age   7:     120320 bytes,    6259040 total
- age   8:      45344 bytes,    6304384 total
: 95284K->7495K(109248K), 0.0251237 secs] 139282K->51615K(502464K), 0.0253583 secs] [Times: user=0.08 sys=0.00, real=0.03 secs] 
Heap after GC invocations=109 (full 1):
 par new generation   total 109248K, used 7495K [0x11000000, 0x19000000, 0x19000000)
  eden space 87424K,   0% used [0x11000000, 0x11000000, 0x16560000)
  from space 21824K,  34% used [0x17ab0000, 0x18201dc0, 0x19000000)
  to   space 21824K,   0% used [0x16560000, 0x16560000, 0x17ab0000)
 concurrent mark-sweep generation total 393216K, used 44119K [0x19000000, 0x31000000, 0x31000000)
 Metaspace       used 27688K, capacity 27950K, committed 28032K, reserved 28032K
}
2016-03-09T22:55:34.187-0500: 1358.022: Total time for which application threads were stopped: 0.0259585 seconds
2016-03-09T22:55:36.188-0500: 1360.022: Total time for which application threads were stopped: 0.0002954 seconds
{Heap before GC invocations=109 (full 1):
 par new generation   total 109248K, used 94919K [0x11000000, 0x19000000, 0x19000000)
  eden space 87424K, 100% used [0x11000000, 0x16560000, 0x16560000)
  from space 21824K,  34% used [0x17ab0000, 0x18201dc0, 0x19000000)
  to   space 21824K,   0% used [0x16560000, 0x16560000, 0x17ab0000)
 concurrent mark-sweep generation total 393216K, used 44119K [0x19000000, 0x31000000, 0x31000000)
 Metaspace       used 27699K, capacity 27950K, committed 28032K, reserved 28032K
2016-03-09T22:55:36.803-0500: 1360.637: [GC (Allocation Failure) 1360.637: [ParNew
Desired survivor size 20112996 bytes, new threshold 8 (max 8)
- age   1:    1068952 bytes,    1068952 total
- age   2:     923672 bytes,    1992624 total
- age   3:     627984 bytes,    2620608 total
- age   4:    1043448 bytes,    3664056 total
- age   5:    2286776 bytes,    5950832 total
- age   6:     573416 bytes,    6524248 total
- age   7:      71696 bytes,    6595944 total
- age   8:     120320 bytes,    6716264 total
: 94919K->8093K(109248K), 0.0227286 secs] 139039K->52257K(502464K), 0.0229297 secs] [Times: user=0.09 sys=0.00, real=0.02 secs] 
Heap after GC invocations=110 (full 1):
 par new generation   total 109248K, used 8093K [0x11000000, 0x19000000, 0x19000000)
  eden space 87424K,   0% used [0x11000000, 0x11000000, 0x16560000)
  from space 21824K,  37% used [0x16560000, 0x16d47418, 0x17ab0000)
  to   space 21824K,   0% used [0x17ab0000, 0x17ab0000, 0x19000000)
 concurrent mark-sweep generation total 393216K, used 44164K [0x19000000, 0x31000000, 0x31000000)
 Metaspace       used 27699K, capacity 27950K, committed 28032K, reserved 28032K
}
2016-03-09T22:55:36.826-0500: 1360.660: Total time for which application threads were stopped: 0.0235230 seconds
2016-03-09T22:55:37.826-0500: 1361.660: Total time for which application threads were stopped: 0.0002573 seconds
2016-03-09T22:55:38.826-0500: 1362.660: Total time for which application threads were stopped: 0.0002630 seconds
2016-03-09T22:55:38.965-0500: 1362.799: Total time for which application threads were stopped: 0.0002482 seconds
2016-03-09T22:55:38.965-0500: 1362.799: Total time for which application threads were stopped: 0.0001904 seconds
2016-03-09T22:55:38.965-0500: 1362.800: Total time for which application threads were stopped: 0.0002376 seconds
2016-03-09T22:55:38.974-0500: 1362.809: Total time for which application threads were stopped: 0.0001939 seconds
2016-03-09T22:55:38.977-0500: 1362.811: Total time for which application threads were stopped: 0.0004599 seconds
2016-03-09T22:55:38.982-0500: 1362.817: Total time for which application threads were stopped: 0.0003022 seconds
2016-03-09T22:55:38.985-0500: 1362.819: Total time for which application threads were stopped: 0.0006705 seconds
2016-03-09T22:55:39.005-0500: 1362.840: Total time for which application threads were stopped: 0.0003520 seconds
2016-03-09T22:55:39.006-0500: 1362.840: Total time for which application threads were stopped: 0.0002676 seconds
2016-03-09T22:55:39.006-0500: 1362.840: Total time for which application threads were stopped: 0.0002684 seconds
2016-03-09T22:55:39.098-0500: 1362.933: Total time for which application threads were stopped: 0.0003071 seconds
{Heap before GC invocations=110 (full 1):
 par new generation   total 109248K, used 95490K [0x11000000, 0x19000000, 0x19000000)
  eden space 87424K,  99% used [0x11000000, 0x16559450, 0x16560000)
  from space 21824K,  37% used [0x16560000, 0x16d47418, 0x17ab0000)
  to   space 21824K,   0% used [0x17ab0000, 0x17ab0000, 0x19000000)
 concurrent mark-sweep generation total 393216K, used 44164K [0x19000000, 0x31000000, 0x31000000)
 Metaspace       used 27702K, capacity 27950K, committed 28032K, reserved 28032K
2016-03-09T22:55:39.125-0500: 1362.960: [GC (Allocation Failure) 1362.960: [ParNew
Desired survivor size 20112996 bytes, new threshold 8 (max 8)
- age   1:    2084168 bytes,    2084168 total
- age   2:     385120 bytes,    2469288 total
- age   3:     912208 bytes,    3381496 total
- age   4:     609048 bytes,    3990544 total
- age   5:    1037808 bytes,    5028352 total
- age   6:    2252848 bytes,    7281200 total
- age   7:     573416 bytes,    7854616 total
- age   8:      71696 bytes,    7926312 total
: 95490K->10515K(109248K), 0.0261485 secs] 139654K->54797K(502464K), 0.0264025 secs] [Times: user=0.06 sys=0.00, real=0.03 secs] 
Heap after GC invocations=111 (full 1):
 par new generation   total 109248K, used 10515K [0x11000000, 0x19000000, 0x19000000)
  eden space 87424K,   0% used [0x11000000, 0x11000000, 0x16560000)
  from space 21824K,  48% used [0x17ab0000, 0x184f4e90, 0x19000000)
  to   space 21824K,   0% used [0x16560000, 0x16560000, 0x17ab0000)
 concurrent mark-sweep generation total 393216K, used 44281K [0x19000000, 0x31000000, 0x31000000)
 Metaspace       used 27702K, capacity 27950K, committed 28032K, reserved 28032K
}
2016-03-09T22:55:39.152-0500: 1362.986: Total time for which application threads were stopped: 0.0270361 seconds
2016-03-09T22:55:39.222-0500: 1363.056: Total time for which application threads were stopped: 0.0003182 seconds
2016-03-09T22:55:39.842-0500: 1363.677: Total time for which application threads were stopped: 0.0003695 seconds
2016-03-09T22:55:39.844-0500: 1363.679: Total time for which application threads were stopped: 0.0002661 seconds
2016-03-09T22:55:39.847-0500: 1363.681: Total time for which application threads were stopped: 0.0003497 seconds
2016-03-09T22:55:39.849-0500: 1363.683: Total time for which application threads were stopped: 0.0004896 seconds
2016-03-09T22:55:39.851-0500: 1363.685: Total time for which application threads were stopped: 0.0003908 seconds
2016-03-09T22:55:40.019-0500: 1363.854: Total time for which application threads were stopped: 0.0002486 seconds
2016-03-09T22:55:41.020-0500: 1364.854: Total time for which application threads were stopped: 0.0003136 seconds
{Heap before GC invocations=111 (full 1):
 par new generation   total 109248K, used 97939K [0x11000000, 0x19000000, 0x19000000)
  eden space 87424K, 100% used [0x11000000, 0x16560000, 0x16560000)
  from space 21824K,  48% used [0x17ab0000, 0x184f4e90, 0x19000000)
  to   space 21824K,   0% used [0x16560000, 0x16560000, 0x17ab0000)
 concurrent mark-sweep generation total 393216K, used 44281K [0x19000000, 0x31000000, 0x31000000)
 Metaspace       used 27705K, capacity 27982K, committed 28032K, reserved 28032K
2016-03-09T22:55:41.439-0500: 1365.273: [GC (Allocation Failure) 1365.273: [ParNew
Desired survivor size 20112996 bytes, new threshold 8 (max 8)
- age   1:    1159696 bytes,    1159696 total
- age   2:     164480 bytes,    1324176 total
- age   3:      80320 bytes,    1404496 total
- age   4:      79096 bytes,    1483592 total
- age   5:      80992 bytes,    1564584 total
- age   6:      70056 bytes,    1634640 total
- age   7:    1775128 bytes,    3409768 total
- age   8:     573416 bytes,    3983184 total
: 97939K->6607K(109248K), 0.0255411 secs] 142221K->50959K(502464K), 0.0257756 secs] [Times: user=0.06 sys=0.00, real=0.03 secs] 
Heap after GC invocations=112 (full 1):
 par new generation   total 109248K, used 6607K [0x11000000, 0x19000000, 0x19000000)
  eden space 87424K,   0% used [0x11000000, 0x11000000, 0x16560000)
  from space 21824K,  30% used [0x16560000, 0x16bd3da0, 0x17ab0000)
  to   space 21824K,   0% used [0x17ab0000, 0x17ab0000, 0x19000000)
 concurrent mark-sweep generation total 393216K, used 44351K [0x19000000, 0x31000000, 0x31000000)
 Metaspace       used 27705K, capacity 27982K, committed 28032K, reserved 28032K
}
2016-03-09T22:55:41.464-0500: 1365.299: Total time for which application threads were stopped: 0.0264260 seconds
{Heap before GC invocations=112 (full 1):
 par new generation   total 109248K, used 94031K [0x11000000, 0x19000000, 0x19000000)
  eden space 87424K, 100% used [0x11000000, 0x16560000, 0x16560000)
  from space 21824K,  30% used [0x16560000, 0x16bd3da0, 0x17ab0000)
  to   space 21824K,   0% used [0x17ab0000, 0x17ab0000, 0x19000000)
 concurrent mark-sweep generation total 393216K, used 44351K [0x19000000, 0x31000000, 0x31000000)
 Metaspace       used 27705K, capacity 27982K, committed 28032K, reserved 28032K
2016-03-09T22:55:44.021-0500: 1367.855: [GC (Allocation Failure) 1367.855: [ParNew
Desired survivor size 20112996 bytes, new threshold 8 (max 8)
- age   1:     861416 bytes,     861416 total
- age   2:     799992 bytes,    1661408 total
- age   3:     163352 bytes,    1824760 total
- age   4:      79344 bytes,    1904104 total
- age   5:      77168 bytes,    1981272 total
- age   6:      78752 bytes,    2060024 total
- age   7:      68056 bytes,    2128080 total
- age   8:    1773416 bytes,    3901496 total
: 94031K->4665K(109248K), 0.0267187 secs] 138383K->49580K(502464K), 0.0269437 secs] [Times: user=0.08 sys=0.00, real=0.03 secs] 
Heap after GC invocations=113 (full 1):
 par new generation   total 109248K, used 4665K [0x11000000, 0x19000000, 0x19000000)
  eden space 87424K,   0% used [0x11000000, 0x11000000, 0x16560000)
  from space 21824K,  21% used [0x17ab0000, 0x17f3e730, 0x19000000)
  to   space 21824K,   0% used [0x16560000, 0x16560000, 0x17ab0000)
 concurrent mark-sweep generation total 393216K, used 44914K [0x19000000, 0x31000000, 0x31000000)
 Metaspace       used 27705K, capacity 27982K, committed 28032K, reserved 28032K
}
2016-03-09T22:55:44.048-0500: 1367.882: Total time for which application threads were stopped: 0.0275090 seconds
{Heap before GC invocations=113 (full 1):
 par new generation   total 109248K, used 92089K [0x11000000, 0x19000000, 0x19000000)
  eden space 87424K, 100% used [0x11000000, 0x16560000, 0x16560000)
  from space 21824K,  21% used [0x17ab0000, 0x17f3e730, 0x19000000)
  to   space 21824K,   0% used [0x16560000, 0x16560000, 0x17ab0000)
 concurrent mark-sweep generation total 393216K, used 44914K [0x19000000, 0x31000000, 0x31000000)
 Metaspace       used 27705K, capacity 27982K, committed 28032K, reserved 28032K
2016-03-09T22:55:46.570-0500: 1370.404: [GC (Allocation Failure) 1370.404: [ParNew
Desired survivor size 20112996 bytes, new threshold 8 (max 8)
- age   1:    1081792 bytes,    1081792 total
- age   2:     414048 bytes,    1495840 total
- age   3:     765936 bytes,    2261776 total
- age   4:     162056 bytes,    2423832 total
- age   5:      78176 bytes,    2502008 total
- age   6:      75656 bytes,    2577664 total
- age   7:      78056 bytes,    2655720 total
- age   8:      66704 bytes,    2722424 total
: 92089K->5063K(109248K), 0.0360161 secs] 137004K->51713K(502464K), 0.0362293 secs] [Times: user=0.17 sys=0.00, real=0.04 secs] 
Heap after GC invocations=114 (full 1):
 par new generation   total 109248K, used 5063K [0x11000000, 0x19000000, 0x19000000)
  eden space 87424K,   0% used [0x11000000, 0x11000000, 0x16560000)
  from space 21824K,  23% used [0x16560000, 0x16a51fd0, 0x17ab0000)
  to   space 21824K,   0% used [0x17ab0000, 0x17ab0000, 0x19000000)
 concurrent mark-sweep generation total 393216K, used 46649K [0x19000000, 0x31000000, 0x31000000)
 Metaspace       used 27705K, capacity 27982K, committed 28032K, reserved 28032K
}
2016-03-09T22:55:46.606-0500: 1370.441: Total time for which application threads were stopped: 0.0368136 seconds
2016-03-09T22:55:47.607-0500: 1371.441: Total time for which application threads were stopped: 0.0003341 seconds
{Heap before GC invocations=114 (full 1):
 par new generation   total 109248K, used 92487K [0x11000000, 0x19000000, 0x19000000)
  eden space 87424K, 100% used [0x11000000, 0x16560000, 0x16560000)
  from space 21824K,  23% used [0x16560000, 0x16a51fd0, 0x17ab0000)
  to   space 21824K,   0% used [0x17ab0000, 0x17ab0000, 0x19000000)
 concurrent mark-sweep generation total 393216K, used 46649K [0x19000000, 0x31000000, 0x31000000)
 Metaspace       used 27705K, capacity 27982K, committed 28032K, reserved 28032K
2016-03-09T22:55:49.078-0500: 1372.913: [GC (Allocation Failure) 1372.913: [ParNew
Desired survivor size 20112996 bytes, new threshold 8 (max 8)
- age   1:    1357320 bytes,    1357320 total
- age   2:     617200 bytes,    1974520 total
- age   3:     399640 bytes,    2374160 total
- age   4:     716408 bytes,    3090568 total
- age   5:     161704 bytes,    3252272 total
- age   6:      77208 bytes,    3329480 total
- age   7:      75280 bytes,    3404760 total
- age   8:      77800 bytes,    3482560 total
: 92487K->4186K(109248K), 0.0168694 secs] 139137K->50901K(502464K), 0.0170743 secs] [Times: user=0.06 sys=0.00, real=0.02 secs] 
Heap after GC invocations=115 (full 1):
 par new generation   total 109248K, used 4186K [0x11000000, 0x19000000, 0x19000000)
  eden space 87424K,   0% used [0x11000000, 0x11000000, 0x16560000)
  from space 21824K,  19% used [0x17ab0000, 0x17ec6ba8, 0x19000000)
  to   space 21824K,   0% used [0x16560000, 0x16560000, 0x17ab0000)
 concurrent mark-sweep generation total 393216K, used 46714K [0x19000000, 0x31000000, 0x31000000)
 Metaspace       used 27705K, capacity 27982K, committed 28032K, reserved 28032K
}
2016-03-09T22:55:49.096-0500: 1372.930: Total time for which application threads were stopped: 0.0176380 seconds
2016-03-09T22:55:50.096-0500: 1373.930: Total time for which application threads were stopped: 0.0002577 seconds
{Heap before GC invocations=115 (full 1):
 par new generation   total 109248K, used 91610K [0x11000000, 0x19000000, 0x19000000)
  eden space 87424K, 100% used [0x11000000, 0x16560000, 0x16560000)
  from space 21824K,  19% used [0x17ab0000, 0x17ec6ba8, 0x19000000)
  to   space 21824K,   0% used [0x16560000, 0x16560000, 0x17ab0000)
 concurrent mark-sweep generation total 393216K, used 46714K [0x19000000, 0x31000000, 0x31000000)
 Metaspace       used 27705K, capacity 27982K, committed 28032K, reserved 28032K
2016-03-09T22:55:51.585-0500: 1375.419: [GC (Allocation Failure) 1375.419: [ParNew
Desired survivor size 20112996 bytes, new threshold 8 (max 8)
- age   1:    1656928 bytes,    1656928 total
- age   2:     713784 bytes,    2370712 total
- age   3:     514600 bytes,    2885312 total
- age   4:     399528 bytes,    3284840 total
- age   5:     683528 bytes,    3968368 total
- age   6:     161480 bytes,    4129848 total
- age   7:      76944 bytes,    4206792 total
- age   8:      75152 bytes,    4281944 total
: 91610K->5737K(109248K), 0.0195352 secs] 138325K->52527K(502464K), 0.0197595 secs] [Times: user=0.06 sys=0.00, real=0.02 secs] 
Heap after GC invocations=116 (full 1):
 par new generation   total 109248K, used 5737K [0x11000000, 0x19000000, 0x19000000)
  eden space 87424K,   0% used [0x11000000, 0x11000000, 0x16560000)
  from space 21824K,  26% used [0x16560000, 0x16afa660, 0x17ab0000)
  to   space 21824K,   0% used [0x17ab0000, 0x17ab0000, 0x19000000)
 concurrent mark-sweep generation total 393216K, used 46790K [0x19000000, 0x31000000, 0x31000000)
 Metaspace       used 27705K, capacity 27982K, committed 28032K, reserved 28032K
}
2016-03-09T22:55:51.605-0500: 1375.439: Total time for which application threads were stopped: 0.0203445 seconds
2016-03-09T22:55:53.998-0500: 1377.832: Total time for which application threads were stopped: 0.0003014 seconds
2016-03-09T22:55:54.000-0500: 1377.835: Total time for which application threads were stopped: 0.0002539 seconds
{Heap before GC invocations=116 (full 1):
 par new generation   total 109248K, used 93161K [0x11000000, 0x19000000, 0x19000000)
  eden space 87424K, 100% used [0x11000000, 0x16560000, 0x16560000)
  from space 21824K,  26% used [0x16560000, 0x16afa660, 0x17ab0000)
  to   space 21824K,   0% used [0x17ab0000, 0x17ab0000, 0x19000000)
 concurrent mark-sweep generation total 393216K, used 46790K [0x19000000, 0x31000000, 0x31000000)
 Metaspace       used 27705K, capacity 27982K, committed 28032K, reserved 28032K
2016-03-09T22:55:54.036-0500: 1377.871: [GC (Allocation Failure) 1377.871: [ParNew
Desired survivor size 20112996 bytes, new threshold 8 (max 8)
- age   1:    1786144 bytes,    1786144 total
- age   2:    1011984 bytes,    2798128 total
- age   3:     707320 bytes,    3505448 total
- age   4:     499696 bytes,    4005144 total
- age   5:     392384 bytes,    4397528 total
- age   6:     649240 bytes,    5046768 total
- age   7:     161184 bytes,    5207952 total
- age   8:      76736 bytes,    5284688 total
: 93161K->6189K(109248K), 0.0186263 secs] 139951K->53052K(502464K), 0.0188426 secs] [Times: user=0.06 sys=0.00, real=0.02 secs] 
Heap after GC invocations=117 (full 1):
 par new generation   total 109248K, used 6189K [0x11000000, 0x19000000, 0x19000000)
  eden space 87424K,   0% used [0x11000000, 0x11000000, 0x16560000)
  from space 21824K,  28% used [0x17ab0000, 0x180bb4d8, 0x19000000)
  to   space 21824K,   0% used [0x16560000, 0x16560000, 0x17ab0000)
 concurrent mark-sweep generation total 393216K, used 46863K [0x19000000, 0x31000000, 0x31000000)
 Metaspace       used 27705K, capacity 27982K, committed 28032K, reserved 28032K
}
2016-03-09T22:55:54.056-0500: 1377.890: Total time for which application threads were stopped: 0.0195694 seconds
2016-03-09T22:55:54.061-0500: 1377.895: Total time for which application threads were stopped: 0.0003007 seconds
2016-03-09T22:55:54.065-0500: 1377.900: Total time for which application threads were stopped: 0.0002931 seconds
2016-03-09T22:55:54.066-0500: 1377.900: Total time for which application threads were stopped: 0.0002703 seconds
2016-03-09T22:55:54.066-0500: 1377.901: Total time for which application threads were stopped: 0.0002300 seconds
2016-03-09T22:55:55.067-0500: 1378.901: Total time for which application threads were stopped: 0.0002965 seconds
2016-03-09T22:55:55.200-0500: 1379.034: Total time for which application threads were stopped: 0.0002897 seconds
2016-03-09T22:55:55.202-0500: 1379.036: Total time for which application threads were stopped: 0.0002216 seconds
2016-03-09T22:55:55.272-0500: 1379.106: Total time for which application threads were stopped: 0.0004409 seconds
2016-03-09T22:55:55.307-0500: 1379.141: Total time for which application threads were stopped: 0.0003113 seconds
{Heap before GC invocations=117 (full 1):
 par new generation   total 109248K, used 93613K [0x11000000, 0x19000000, 0x19000000)
  eden space 87424K, 100% used [0x11000000, 0x16560000, 0x16560000)
  from space 21824K,  28% used [0x17ab0000, 0x180bb4d8, 0x19000000)
  to   space 21824K,   0% used [0x16560000, 0x16560000, 0x17ab0000)
 concurrent mark-sweep generation total 393216K, used 46863K [0x19000000, 0x31000000, 0x31000000)
 Metaspace       used 27706K, capacity 27982K, committed 28032K, reserved 28032K
2016-03-09T22:55:55.921-0500: 1379.755: [GC (Allocation Failure) 1379.755: [ParNew
Desired survivor size 20112996 bytes, new threshold 8 (max 8)
- age   1:    2184696 bytes,    2184696 total
- age   2:     279888 bytes,    2464584 total
- age   3:     210888 bytes,    2675472 total
- age   4:     288680 bytes,    2964152 total
- age   5:     200584 bytes,    3164736 total
- age   6:     123168 bytes,    3287904 total
- age   7:     290432 bytes,    3578336 total
- age   8:     156592 bytes,    3734928 total
: 93613K->6331K(109248K), 0.0199248 secs] 140476K->53269K(502464K), 0.0201669 secs] [Times: user=0.01 sys=0.00, real=0.02 secs] 
Heap after GC invocations=118 (full 1):
 par new generation   total 109248K, used 6331K [0x11000000, 0x19000000, 0x19000000)
  eden space 87424K,   0% used [0x11000000, 0x11000000, 0x16560000)
  from space 21824K,  29% used [0x16560000, 0x16b8ef20, 0x17ab0000)
  to   space 21824K,   0% used [0x17ab0000, 0x17ab0000, 0x19000000)
 concurrent mark-sweep generation total 393216K, used 46938K [0x19000000, 0x31000000, 0x31000000)
 Metaspace       used 27706K, capacity 27982K, committed 28032K, reserved 28032K
}
2016-03-09T22:55:55.941-0500: 1379.776: Total time for which application threads were stopped: 0.0207485 seconds
2016-03-09T22:55:56.941-0500: 1380.776: Total time for which application threads were stopped: 0.0002296 seconds
{Heap before GC invocations=118 (full 1):
 par new generation   total 109248K, used 93755K [0x11000000, 0x19000000, 0x19000000)
  eden space 87424K, 100% used [0x11000000, 0x16560000, 0x16560000)
  from space 21824K,  29% used [0x16560000, 0x16b8ef20, 0x17ab0000)
  to   space 21824K,   0% used [0x17ab0000, 0x17ab0000, 0x19000000)
 concurrent mark-sweep generation total 393216K, used 46938K [0x19000000, 0x31000000, 0x31000000)
 Metaspace       used 27706K, capacity 27982K, committed 28032K, reserved 28032K
2016-03-09T22:55:58.326-0500: 1382.161: [GC (Allocation Failure) 1382.161: [ParNew
Desired survivor size 20112996 bytes, new threshold 8 (max 8)
- age   1:    1690416 bytes,    1690416 total
- age   2:    1811048 bytes,    3501464 total
- age   3:     279760 bytes,    3781224 total
- age   4:     210760 bytes,    3991984 total
- age   5:     288392 bytes,    4280376 total
- age   6:     200488 bytes,    4480864 total
- age   7:     123008 bytes,    4603872 total
- age   8:     290352 bytes,    4894224 total
: 93755K->5876K(109248K), 0.0169933 secs] 140693K->52967K(502464K), 0.0172237 secs] [Times: user=0.02 sys=0.00, real=0.02 secs] 
Heap after GC invocations=119 (full 1):
 par new generation   total 109248K, used 5876K [0x11000000, 0x19000000, 0x19000000)
  eden space 87424K,   0% used [0x11000000, 0x11000000, 0x16560000)
  from space 21824K,  26% used [0x17ab0000, 0x1806d298, 0x19000000)
  to   space 21824K,   0% used [0x16560000, 0x16560000, 0x17ab0000)
 concurrent mark-sweep generation total 393216K, used 47090K [0x19000000, 0x31000000, 0x31000000)
 Metaspace       used 27706K, capacity 27982K, committed 28032K, reserved 28032K
}
2016-03-09T22:55:58.344-0500: 1382.178: Total time for which application threads were stopped: 0.0179208 seconds
{Heap before GC invocations=119 (full 1):
 par new generation   total 109248K, used 93300K [0x11000000, 0x19000000, 0x19000000)
  eden space 87424K, 100% used [0x11000000, 0x16560000, 0x16560000)
  from space 21824K,  26% used [0x17ab0000, 0x1806d298, 0x19000000)
  to   space 21824K,   0% used [0x16560000, 0x16560000, 0x17ab0000)
 concurrent mark-sweep generation total 393216K, used 47090K [0x19000000, 0x31000000, 0x31000000)
 Metaspace       used 27706K, capacity 27982K, committed 28032K, reserved 28032K
2016-03-09T22:56:00.875-0500: 1384.709: [GC (Allocation Failure) 1384.709: [ParNew
Desired survivor size 20112996 bytes, new threshold 8 (max 8)
- age   1:     992336 bytes,     992336 total
- age   2:    1191616 bytes,    2183952 total
- age   3:    1810984 bytes,    3994936 total
- age   4:     279632 bytes,    4274568 total
- age   5:     210616 bytes,    4485184 total
- age   6:     288216 bytes,    4773400 total
- age   7:     200328 bytes,    4973728 total
- age   8:     122880 bytes,    5096608 total
: 93300K->6520K(109248K), 0.0194265 secs] 140391K->53895K(502464K), 0.0196477 secs] [Times: user=0.02 sys=0.00, real=0.02 secs] 
Heap after GC invocations=120 (full 1):
 par new generation   total 109248K, used 6520K [0x11000000, 0x19000000, 0x19000000)
  eden space 87424K,   0% used [0x11000000, 0x11000000, 0x16560000)
  from space 21824K,  29% used [0x16560000, 0x16bbe350, 0x17ab0000)
  to   space 21824K,   0% used [0x17ab0000, 0x17ab0000, 0x19000000)
 concurrent mark-sweep generation total 393216K, used 47374K [0x19000000, 0x31000000, 0x31000000)
 Metaspace       used 27706K, capacity 27982K, committed 28032K, reserved 28032K
}
2016-03-09T22:56:00.894-0500: 1384.729: Total time for which application threads were stopped: 0.0202213 seconds
2016-03-09T22:56:01.895-0500: 1385.729: Total time for which application threads were stopped: 0.0003775 seconds
{Heap before GC invocations=120 (full 1):
 par new generation   total 109248K, used 93944K [0x11000000, 0x19000000, 0x19000000)
  eden space 87424K, 100% used [0x11000000, 0x16560000, 0x16560000)
  from space 21824K,  29% used [0x16560000, 0x16bbe350, 0x17ab0000)
  to   space 21824K,   0% used [0x17ab0000, 0x17ab0000, 0x19000000)
 concurrent mark-sweep generation total 393216K, used 47374K [0x19000000, 0x31000000, 0x31000000)
 Metaspace       used 27706K, capacity 27982K, committed 28032K, reserved 28032K
2016-03-09T22:56:03.390-0500: 1387.224: [GC (Allocation Failure) 1387.224: [ParNew
Desired survivor size 20112996 bytes, new threshold 8 (max 8)
- age   1:    1158888 bytes,    1158888 total
- age   2:     431752 bytes,    1590640 total
- age   3:    1121856 bytes,    2712496 total
- age   4:    1810936 bytes,    4523432 total
- age   5:     279488 bytes,    4802920 total
- age   6:     210536 bytes,    5013456 total
- age   7:     288120 bytes,    5301576 total
- age   8:     200280 bytes,    5501856 total
: 93944K->6994K(109248K), 0.0168903 secs] 141319K->54489K(502464K), 0.0171191 secs] [Times: user=0.01 sys=0.00, real=0.02 secs] 
Heap after GC invocations=121 (full 1):
 par new generation   total 109248K, used 6994K [0x11000000, 0x19000000, 0x19000000)
  eden space 87424K,   0% used [0x11000000, 0x11000000, 0x16560000)
  from space 21824K,  32% used [0x17ab0000, 0x18184bb0, 0x19000000)
  to   space 21824K,   0% used [0x16560000, 0x16560000, 0x17ab0000)
 concurrent mark-sweep generation total 393216K, used 47494K [0x19000000, 0x31000000, 0x31000000)
 Metaspace       used 27706K, capacity 27982K, committed 28032K, reserved 28032K
}
2016-03-09T22:56:03.407-0500: 1387.242: Total time for which application threads were stopped: 0.0178167 seconds
{Heap before GC invocations=121 (full 1):
 par new generation   total 109248K, used 94418K [0x11000000, 0x19000000, 0x19000000)
  eden space 87424K, 100% used [0x11000000, 0x16560000, 0x16560000)
  from space 21824K,  32% used [0x17ab0000, 0x18184bb0, 0x19000000)
  to   space 21824K,   0% used [0x16560000, 0x16560000, 0x17ab0000)
 concurrent mark-sweep generation total 393216K, used 47494K [0x19000000, 0x31000000, 0x31000000)
 Metaspace       used 27706K, capacity 27982K, committed 28032K, reserved 28032K
2016-03-09T22:56:05.923-0500: 1389.757: [GC (Allocation Failure) 1389.757: [ParNew
Desired survivor size 20112996 bytes, new threshold 8 (max 8)
- age   1:    1317368 bytes,    1317368 total
- age   2:     534256 bytes,    1851624 total
- age   3:     429400 bytes,    2281024 total
- age   4:    1121792 bytes,    3402816 total
- age   5:    1810888 bytes,    5213704 total
- age   6:     279360 bytes,    5493064 total
- age   7:     210456 bytes,    5703520 total
- age   8:     288008 bytes,    5991528 total
: 94418K->8143K(109248K), 0.0179212 secs] 141913K->55832K(502464K), 0.0181249 secs] [Times: user=0.06 sys=0.00, real=0.02 secs] 
Heap after GC invocations=122 (full 1):
 par new generation   total 109248K, used 8143K [0x11000000, 0x19000000, 0x19000000)
  eden space 87424K,   0% used [0x11000000, 0x11000000, 0x16560000)
  from space 21824K,  37% used [0x16560000, 0x16d53c20, 0x17ab0000)
  to   space 21824K,   0% used [0x17ab0000, 0x17ab0000, 0x19000000)
 concurrent mark-sweep generation total 393216K, used 47689K [0x19000000, 0x31000000, 0x31000000)
 Metaspace       used 27706K, capacity 27982K, committed 28032K, reserved 28032K
}
2016-03-09T22:56:05.941-0500: 1389.776: Total time for which application threads were stopped: 0.0188635 seconds
2016-03-09T22:56:07.942-0500: 1391.776: Total time for which application threads were stopped: 0.0003752 seconds
{Heap before GC invocations=122 (full 1):
 par new generation   total 109248K, used 95567K [0x11000000, 0x19000000, 0x19000000)
  eden space 87424K, 100% used [0x11000000, 0x16560000, 0x16560000)
  from space 21824K,  37% used [0x16560000, 0x16d53c20, 0x17ab0000)
  to   space 21824K,   0% used [0x17ab0000, 0x17ab0000, 0x19000000)
 concurrent mark-sweep generation total 393216K, used 47689K [0x19000000, 0x31000000, 0x31000000)
 Metaspace       used 27706K, capacity 27982K, committed 28032K, reserved 28032K
2016-03-09T22:56:08.511-0500: 1392.346: [GC (Allocation Failure) 1392.346: [ParNew
Desired survivor size 20112996 bytes, new threshold 8 (max 8)
- age   1:    1192552 bytes,    1192552 total
- age   2:     623672 bytes,    1816224 total
- age   3:     525952 bytes,    2342176 total
- age   4:     425176 bytes,    2767352 total
- age   5:    1121712 bytes,    3889064 total
- age   6:    1810792 bytes,    5699856 total
- age   7:     279248 bytes,    5979104 total
- age   8:     210392 bytes,    6189496 total
: 95567K->8028K(109248K), 0.0189411 secs] 143256K->55999K(502464K), 0.0191638 secs] [Times: user=0.02 sys=0.00, real=0.02 secs] 
Heap after GC invocations=123 (full 1):
 par new generation   total 109248K, used 8028K [0x11000000, 0x19000000, 0x19000000)
  eden space 87424K,   0% used [0x11000000, 0x11000000, 0x16560000)
  from space 21824K,  36% used [0x17ab0000, 0x18287050, 0x19000000)
  to   space 21824K,   0% used [0x16560000, 0x16560000, 0x17ab0000)
 concurrent mark-sweep generation total 393216K, used 47971K [0x19000000, 0x31000000, 0x31000000)
 Metaspace       used 27706K, capacity 27982K, committed 28032K, reserved 28032K
}
2016-03-09T22:56:08.531-0500: 1392.365: Total time for which application threads were stopped: 0.0197245 seconds
2016-03-09T22:56:09.004-0500: 1392.838: Total time for which application threads were stopped: 0.0003334 seconds
2016-03-09T22:56:09.007-0500: 1392.842: Total time for which application threads were stopped: 0.0002874 seconds
2016-03-09T22:56:09.027-0500: 1392.861: Total time for which application threads were stopped: 0.0003786 seconds
2016-03-09T22:56:09.027-0500: 1392.862: Total time for which application threads were stopped: 0.0002558 seconds
2016-03-09T22:56:09.028-0500: 1392.862: Total time for which application threads were stopped: 0.0003486 seconds
2016-03-09T22:56:09.239-0500: 1393.073: Total time for which application threads were stopped: 0.0002486 seconds
2016-03-09T22:56:10.564-0500: 1394.399: Total time for which application threads were stopped: 0.0002988 seconds
2016-03-09T22:56:10.566-0500: 1394.400: Total time for which application threads were stopped: 0.0002182 seconds
{Heap before GC invocations=123 (full 1):
 par new generation   total 109248K, used 95452K [0x11000000, 0x19000000, 0x19000000)
  eden space 87424K, 100% used [0x11000000, 0x16560000, 0x16560000)
  from space 21824K,  36% used [0x17ab0000, 0x18287050, 0x19000000)
  to   space 21824K,   0% used [0x16560000, 0x16560000, 0x17ab0000)
 concurrent mark-sweep generation total 393216K, used 47971K [0x19000000, 0x31000000, 0x31000000)
 Metaspace       used 27712K, capacity 27982K, committed 28032K, reserved 28032K
2016-03-09T22:56:10.570-0500: 1394.405: [GC (Allocation Failure) 1394.405: [ParNew
Desired survivor size 20112996 bytes, new threshold 8 (max 8)
- age   1:    1978752 bytes,    1978752 total
- age   2:     232512 bytes,    2211264 total
- age   3:     313392 bytes,    2524656 total
- age   4:     190240 bytes,    2714896 total
- age   5:     179320 bytes,    2894216 total
- age   6:     302224 bytes,    3196440 total
- age   7:    1550352 bytes,    4746792 total
- age   8:     277768 bytes,    5024560 total
: 95452K->6607K(109248K), 0.0174909 secs] 143423K->54784K(502464K), 0.0177041 secs] [Times: user=0.11 sys=0.00, real=0.02 secs] 
Heap after GC invocations=124 (full 1):
 par new generation   total 109248K, used 6607K [0x11000000, 0x19000000, 0x19000000)
  eden space 87424K,   0% used [0x11000000, 0x11000000, 0x16560000)
  from space 21824K,  30% used [0x16560000, 0x16bd3f98, 0x17ab0000)
  to   space 21824K,   0% used [0x17ab0000, 0x17ab0000, 0x19000000)
 concurrent mark-sweep generation total 393216K, used 48176K [0x19000000, 0x31000000, 0x31000000)
 Metaspace       used 27712K, capacity 27982K, committed 28032K, reserved 28032K
}
2016-03-09T22:56:10.588-0500: 1394.423: Total time for which application threads were stopped: 0.0186313 seconds
2016-03-09T22:56:10.635-0500: 1394.469: Total time for which application threads were stopped: 0.0002813 seconds
2016-03-09T22:56:10.730-0500: 1394.564: Total time for which application threads were stopped: 0.0002467 seconds
2016-03-09T22:56:11.730-0500: 1395.565: Total time for which application threads were stopped: 0.0002649 seconds
{Heap before GC invocations=124 (full 1):
 par new generation   total 109248K, used 94031K [0x11000000, 0x19000000, 0x19000000)
  eden space 87424K, 100% used [0x11000000, 0x16560000, 0x16560000)
  from space 21824K,  30% used [0x16560000, 0x16bd3f98, 0x17ab0000)
  to   space 21824K,   0% used [0x17ab0000, 0x17ab0000, 0x19000000)
 concurrent mark-sweep generation total 393216K, used 48176K [0x19000000, 0x31000000, 0x31000000)
 Metaspace       used 27712K, capacity 27982K, committed 28032K, reserved 28032K
2016-03-09T22:56:13.015-0500: 1396.850: [GC (Allocation Failure) 1396.850: [ParNew
Desired survivor size 20112996 bytes, new threshold 8 (max 8)
- age   1:    1588904 bytes,    1588904 total
- age   2:    1131168 bytes,    2720072 total
- age   3:     161904 bytes,    2881976 total
- age   4:     254640 bytes,    3136616 total
- age   5:     127272 bytes,    3263888 total
- age   6:     115080 bytes,    3378968 total
- age   7:     243376 bytes,    3622344 total
- age   8:    1496352 bytes,    5118696 total
: 94031K->5937K(109248K), 0.0176437 secs] 142208K->54383K(502464K), 0.0179048 secs] [Times: user=0.06 sys=0.00, real=0.02 secs] 
Heap after GC invocations=125 (full 1):
 par new generation   total 109248K, used 5937K [0x11000000, 0x19000000, 0x19000000)
  eden space 87424K,   0% used [0x11000000, 0x11000000, 0x16560000)
  from space 21824K,  27% used [0x17ab0000, 0x1807c4c8, 0x19000000)
  to   space 21824K,   0% used [0x16560000, 0x16560000, 0x17ab0000)
 concurrent mark-sweep generation total 393216K, used 48446K [0x19000000, 0x31000000, 0x31000000)
 Metaspace       used 27712K, capacity 27982K, committed 28032K, reserved 28032K
}
2016-03-09T22:56:13.034-0500: 1396.868: Total time for which application threads were stopped: 0.0185944 seconds
2016-03-09T22:56:13.036-0500: 1396.870: Total time for which application threads were stopped: 0.0004512 seconds
2016-03-09T22:56:15.036-0500: 1398.871: Total time for which application threads were stopped: 0.0002174 seconds
{Heap before GC invocations=125 (full 1):
 par new generation   total 109248K, used 93361K [0x11000000, 0x19000000, 0x19000000)
  eden space 87424K, 100% used [0x11000000, 0x16560000, 0x16560000)
  from space 21824K,  27% used [0x17ab0000, 0x1807c4c8, 0x19000000)
  to   space 21824K,   0% used [0x16560000, 0x16560000, 0x17ab0000)
 concurrent mark-sweep generation total 393216K, used 48446K [0x19000000, 0x31000000, 0x31000000)
 Metaspace       used 27712K, capacity 27982K, committed 28032K, reserved 28032K
2016-03-09T22:56:15.569-0500: 1399.403: [GC (Allocation Failure) 1399.403: [ParNew
Desired survivor size 20112996 bytes, new threshold 8 (max 8)
- age   1:    1110736 bytes,    1110736 total
- age   2:    1154520 bytes,    2265256 total
- age   3:    1131088 bytes,    3396344 total
- age   4:     161824 bytes,    3558168 total
- age   5:     254544 bytes,    3812712 total
- age   6:     127240 bytes,    3939952 total
- age   7:     115016 bytes,    4054968 total
- age   8:     243360 bytes,    4298328 total
: 93361K->6570K(109248K), 0.0225784 secs] 141807K->56478K(502464K), 0.0227871 secs] [Times: user=0.06 sys=0.01, real=0.02 secs] 
Heap after GC invocations=126 (full 1):
 par new generation   total 109248K, used 6570K [0x11000000, 0x19000000, 0x19000000)
  eden space 87424K,   0% used [0x11000000, 0x11000000, 0x16560000)
  from space 21824K,  30% used [0x16560000, 0x16bcab08, 0x17ab0000)
  to   space 21824K,   0% used [0x17ab0000, 0x17ab0000, 0x19000000)
 concurrent mark-sweep generation total 393216K, used 49908K [0x19000000, 0x31000000, 0x31000000)
 Metaspace       used 27712K, capacity 27982K, committed 28032K, reserved 28032K
}
2016-03-09T22:56:15.592-0500: 1399.426: Total time for which application threads were stopped: 0.0234006 seconds
2016-03-09T22:56:16.593-0500: 1400.427: Total time for which application threads were stopped: 0.0002722 seconds
{Heap before GC invocations=126 (full 1):
 par new generation   total 109248K, used 93987K [0x11000000, 0x19000000, 0x19000000)
  eden space 87424K,  99% used [0x11000000, 0x1655e2b0, 0x16560000)
  from space 21824K,  30% used [0x16560000, 0x16bcab08, 0x17ab0000)
  to   space 21824K,   0% used [0x17ab0000, 0x17ab0000, 0x19000000)
 concurrent mark-sweep generation total 393216K, used 49908K [0x19000000, 0x31000000, 0x31000000)
 Metaspace       used 27712K, capacity 27982K, committed 28032K, reserved 28032K
2016-03-09T22:56:18.265-0500: 1402.100: [GC (Allocation Failure) 1402.100: [ParNew
Desired survivor size 20112996 bytes, new threshold 8 (max 8)
- age   1:    1595960 bytes,    1595960 total
- age   2:     541752 bytes,    2137712 total
- age   3:    1154856 bytes,    3292568 total
- age   4:    1131056 bytes,    4423624 total
- age   5:     161784 bytes,    4585408 total
- age   6:     254400 bytes,    4839808 total
- age   7:     127160 bytes,    4966968 total
- age   8:     114952 bytes,    5081920 total
: 93987K->5731K(109248K), 0.0180428 secs] 143895K->55876K(502464K), 0.0182652 secs] [Times: user=0.05 sys=0.00, real=0.02 secs] 
Heap after GC invocations=127 (full 1):
 par new generation   total 109248K, used 5731K [0x11000000, 0x19000000, 0x19000000)
  eden space 87424K,   0% used [0x11000000, 0x11000000, 0x16560000)
  from space 21824K,  26% used [0x17ab0000, 0x18048cb0, 0x19000000)
  to   space 21824K,   0% used [0x16560000, 0x16560000, 0x17ab0000)
 concurrent mark-sweep generation total 393216K, used 50145K [0x19000000, 0x31000000, 0x31000000)
 Metaspace       used 27712K, capacity 27982K, committed 28032K, reserved 28032K
}
2016-03-09T22:56:18.284-0500: 1402.118: Total time for which application threads were stopped: 0.0189943 seconds
2016-03-09T22:56:20.284-0500: 1404.119: Total time for which application threads were stopped: 0.0003771 seconds
{Heap before GC invocations=127 (full 1):
 par new generation   total 109248K, used 93155K [0x11000000, 0x19000000, 0x19000000)
  eden space 87424K, 100% used [0x11000000, 0x16560000, 0x16560000)
  from space 21824K,  26% used [0x17ab0000, 0x18048cb0, 0x19000000)
  to   space 21824K,   0% used [0x16560000, 0x16560000, 0x17ab0000)
 concurrent mark-sweep generation total 393216K, used 50145K [0x19000000, 0x31000000, 0x31000000)
 Metaspace       used 27712K, capacity 27982K, committed 28032K, reserved 28032K
2016-03-09T22:56:21.047-0500: 1404.881: [GC (Allocation Failure) 1404.881: [ParNew
Desired survivor size 20112996 bytes, new threshold 8 (max 8)
- age   1:    1138064 bytes,    1138064 total
- age   2:     763416 bytes,    1901480 total
- age   3:     528728 bytes,    2430208 total
- age   4:    1154200 bytes,    3584408 total
- age   5:    1130992 bytes,    4715400 total
- age   6:     161696 bytes,    4877096 total
- age   7:     254352 bytes,    5131448 total
- age   8:     127048 bytes,    5258496 total
: 93155K->7422K(109248K), 0.0211207 secs] 143300K->57680K(502464K), 0.0213457 secs] [Times: user=0.06 sys=0.00, real=0.02 secs] 
Heap after GC invocations=128 (full 1):
 par new generation   total 109248K, used 7422K [0x11000000, 0x19000000, 0x19000000)
  eden space 87424K,   0% used [0x11000000, 0x11000000, 0x16560000)
  from space 21824K,  34% used [0x16560000, 0x16c9fb98, 0x17ab0000)
  to   space 21824K,   0% used [0x17ab0000, 0x17ab0000, 0x19000000)
 concurrent mark-sweep generation total 393216K, used 50257K [0x19000000, 0x31000000, 0x31000000)
 Metaspace       used 27712K, capacity 27982K, committed 28032K, reserved 28032K
}
2016-03-09T22:56:21.068-0500: 1404.903: Total time for which application threads were stopped: 0.0220676 seconds
2016-03-09T22:56:21.511-0500: 1405.346: Total time for which application threads were stopped: 0.0002592 seconds
{Heap before GC invocations=128 (full 1):
 par new generation   total 109248K, used 94846K [0x11000000, 0x19000000, 0x19000000)
  eden space 87424K, 100% used [0x11000000, 0x16560000, 0x16560000)
  from space 21824K,  34% used [0x16560000, 0x16c9fb98, 0x17ab0000)
  to   space 21824K,   0% used [0x17ab0000, 0x17ab0000, 0x19000000)
 concurrent mark-sweep generation total 393216K, used 50257K [0x19000000, 0x31000000, 0x31000000)
 Metaspace       used 27712K, capacity 27982K, committed 28032K, reserved 28032K
2016-03-09T22:56:23.749-0500: 1407.584: [GC (Allocation Failure) 1407.584: [ParNew
Desired survivor size 20112996 bytes, new threshold 8 (max 8)
- age   1:     763568 bytes,     763568 total
- age   2:     787360 bytes,    1550928 total
- age   3:     751840 bytes,    2302768 total
- age   4:     524504 bytes,    2827272 total
- age   5:    1154136 bytes,    3981408 total
- age   6:    1130976 bytes,    5112384 total
- age   7:     161600 bytes,    5273984 total
- age   8:     254320 bytes,    5528304 total
: 94846K->6863K(109248K), 0.0179527 secs] 145104K->57245K(502464K), 0.0181968 secs] [Times: user=0.06 sys=0.00, real=0.02 secs] 
Heap after GC invocations=129 (full 1):
 par new generation   total 109248K, used 6863K [0x11000000, 0x19000000, 0x19000000)
  eden space 87424K,   0% used [0x11000000, 0x11000000, 0x16560000)
  from space 21824K,  31% used [0x17ab0000, 0x18163fa8, 0x19000000)
  to   space 21824K,   0% used [0x16560000, 0x16560000, 0x17ab0000)
 concurrent mark-sweep generation total 393216K, used 50381K [0x19000000, 0x31000000, 0x31000000)
 Metaspace       used 27712K, capacity 27982K, committed 28032K, reserved 28032K
}
2016-03-09T22:56:23.768-0500: 1407.602: Total time for which application threads were stopped: 0.0188776 seconds
2016-03-09T22:56:24.017-0500: 1407.852: Total time for which application threads were stopped: 0.0003725 seconds
2016-03-09T22:56:24.020-0500: 1407.855: Total time for which application threads were stopped: 0.0002855 seconds
2016-03-09T22:56:24.045-0500: 1407.879: Total time for which application threads were stopped: 0.0004364 seconds
2016-03-09T22:56:24.045-0500: 1407.879: Total time for which application threads were stopped: 0.0003109 seconds
2016-03-09T22:56:24.045-0500: 1407.880: Total time for which application threads were stopped: 0.0002490 seconds
2016-03-09T22:56:24.200-0500: 1408.035: Total time for which application threads were stopped: 0.0003425 seconds
2016-03-09T22:56:25.201-0500: 1409.036: Total time for which application threads were stopped: 0.0003759 seconds
2016-03-09T22:56:25.546-0500: 1409.381: Total time for which application threads were stopped: 0.0002790 seconds
2016-03-09T22:56:25.548-0500: 1409.383: Total time for which application threads were stopped: 0.0003254 seconds
2016-03-09T22:56:25.585-0500: 1409.420: Total time for which application threads were stopped: 0.0003280 seconds
{Heap before GC invocations=129 (full 1):
 par new generation   total 109248K, used 94287K [0x11000000, 0x19000000, 0x19000000)
  eden space 87424K, 100% used [0x11000000, 0x16560000, 0x16560000)
  from space 21824K,  31% used [0x17ab0000, 0x18163fa8, 0x19000000)
  to   space 21824K,   0% used [0x16560000, 0x16560000, 0x17ab0000)
 concurrent mark-sweep generation total 393216K, used 50381K [0x19000000, 0x31000000, 0x31000000)
 Metaspace       used 27715K, capacity 27982K, committed 28032K, reserved 28032K
2016-03-09T22:56:25.883-0500: 1409.718: [GC (Allocation Failure) 1409.718: [ParNew
Desired survivor size 20112996 bytes, new threshold 8 (max 8)
- age   1:    1635224 bytes,    1635224 total
- age   2:     128680 bytes,    1763904 total
- age   3:     167760 bytes,    1931664 total
- age   4:     248592 bytes,    2180256 total
- age   5:     184048 bytes,    2364304 total
- age   6:     415688 bytes,    2779992 total
- age   7:    1087040 bytes,    3867032 total
- age   8:     161552 bytes,    4028584 total
: 94287K->7030K(109248K), 0.0192809 secs] 144669K->57660K(502464K), 0.0195207 secs] [Times: user=0.01 sys=0.00, real=0.02 secs] 
Heap after GC invocations=130 (full 1):
 par new generation   total 109248K, used 7030K [0x11000000, 0x19000000, 0x19000000)
  eden space 87424K,   0% used [0x11000000, 0x11000000, 0x16560000)
  from space 21824K,  32% used [0x16560000, 0x16c3d850, 0x17ab0000)
  to   space 21824K,   0% used [0x17ab0000, 0x17ab0000, 0x19000000)
 concurrent mark-sweep generation total 393216K, used 50630K [0x19000000, 0x31000000, 0x31000000)
 Metaspace       used 27715K, capacity 27982K, committed 28032K, reserved 28032K
}
2016-03-09T22:56:25.903-0500: 1409.737: Total time for which application threads were stopped: 0.0201107 seconds
2016-03-09T22:56:25.906-0500: 1409.741: Total time for which application threads were stopped: 0.0002273 seconds
{Heap before GC invocations=130 (full 1):
 par new generation   total 109248K, used 94447K [0x11000000, 0x19000000, 0x19000000)
  eden space 87424K,  99% used [0x11000000, 0x1655e3b0, 0x16560000)
  from space 21824K,  32% used [0x16560000, 0x16c3d850, 0x17ab0000)
  to   space 21824K,   0% used [0x17ab0000, 0x17ab0000, 0x19000000)
 concurrent mark-sweep generation total 393216K, used 50630K [0x19000000, 0x31000000, 0x31000000)
 Metaspace       used 27715K, capacity 27982K, committed 28032K, reserved 28032K
2016-03-09T22:56:28.398-0500: 1412.232: [GC (Allocation Failure) 1412.232: [ParNew
Desired survivor size 20112996 bytes, new threshold 8 (max 8)
- age   1:     977056 bytes,     977056 total
- age   2:    1301032 bytes,    2278088 total
- age   3:     128616 bytes,    2406704 total
- age   4:     167680 bytes,    2574384 total
- age   5:     248528 bytes,    2822912 total
- age   6:     183984 bytes,    3006896 total
- age   7:     415648 bytes,    3422544 total
- age   8:    1087016 bytes,    4509560 total
: 94447K->5990K(109248K), 0.0187396 secs] 145077K->56778K(502464K), 0.0189585 secs] [Times: user=0.06 sys=0.01, real=0.02 secs] 
Heap after GC invocations=131 (full 1):
 par new generation   total 109248K, used 5990K [0x11000000, 0x19000000, 0x19000000)
  eden space 87424K,   0% used [0x11000000, 0x11000000, 0x16560000)
  from space 21824K,  27% used [0x17ab0000, 0x18089b78, 0x19000000)
  to   space 21824K,   0% used [0x16560000, 0x16560000, 0x17ab0000)
 concurrent mark-sweep generation total 393216K, used 50787K [0x19000000, 0x31000000, 0x31000000)
 Metaspace       used 27715K, capacity 27982K, committed 28032K, reserved 28032K
}
2016-03-09T22:56:28.417-0500: 1412.251: Total time for which application threads were stopped: 0.0195367 seconds
{Heap before GC invocations=131 (full 1):
 par new generation   total 109248K, used 93414K [0x11000000, 0x19000000, 0x19000000)
  eden space 87424K, 100% used [0x11000000, 0x16560000, 0x16560000)
  from space 21824K,  27% used [0x17ab0000, 0x18089b78, 0x19000000)
  to   space 21824K,   0% used [0x16560000, 0x16560000, 0x17ab0000)
 concurrent mark-sweep generation total 393216K, used 50787K [0x19000000, 0x31000000, 0x31000000)
 Metaspace       used 27715K, capacity 27982K, committed 28032K, reserved 28032K
2016-03-09T22:56:30.883-0500: 1414.717: [GC (Allocation Failure) 1414.717: [ParNew
Desired survivor size 20112996 bytes, new threshold 8 (max 8)
- age   1:    1401632 bytes,    1401632 total
- age   2:     346472 bytes,    1748104 total
- age   3:    1300928 bytes,    3049032 total
- age   4:     128616 bytes,    3177648 total
- age   5:     167600 bytes,    3345248 total
- age   6:     248400 bytes,    3593648 total
- age   7:     183888 bytes,    3777536 total
- age   8:     415632 bytes,    4193168 total
: 93414K->5614K(109248K), 0.0223207 secs] 144202K->57464K(502464K), 0.0225549 secs] [Times: user=0.03 sys=0.00, real=0.02 secs] 
Heap after GC invocations=132 (full 1):
 par new generation   total 109248K, used 5614K [0x11000000, 0x19000000, 0x19000000)
  eden space 87424K,   0% used [0x11000000, 0x11000000, 0x16560000)
  from space 21824K,  25% used [0x16560000, 0x16adbad0, 0x17ab0000)
  to   space 21824K,   0% used [0x17ab0000, 0x17ab0000, 0x19000000)
 concurrent mark-sweep generation total 393216K, used 51849K [0x19000000, 0x31000000, 0x31000000)
 Metaspace       used 27715K, capacity 27982K, committed 28032K, reserved 28032K
}
2016-03-09T22:56:30.906-0500: 1414.740: Total time for which application threads were stopped: 0.0231429 seconds
{Heap before GC invocations=132 (full 1):
 par new generation   total 109248K, used 93038K [0x11000000, 0x19000000, 0x19000000)
  eden space 87424K, 100% used [0x11000000, 0x16560000, 0x16560000)
  from space 21824K,  25% used [0x16560000, 0x16adbad0, 0x17ab0000)
  to   space 21824K,   0% used [0x17ab0000, 0x17ab0000, 0x19000000)
 concurrent mark-sweep generation total 393216K, used 51849K [0x19000000, 0x31000000, 0x31000000)
 Metaspace       used 27715K, capacity 27982K, committed 28032K, reserved 28032K
2016-03-09T22:56:33.437-0500: 1417.271: [GC (Allocation Failure) 1417.271: [ParNew
Desired survivor size 20112996 bytes, new threshold 8 (max 8)
- age   1:     796848 bytes,     796848 total
- age   2:     891032 bytes,    1687880 total
- age   3:     341960 bytes,    2029840 total
- age   4:    1300880 bytes,    3330720 total
- age   5:     128552 bytes,    3459272 total
- age   6:     167568 bytes,    3626840 total
- age   7:     248320 bytes,    3875160 total
- age   8:     183808 bytes,    4058968 total
: 93038K->5506K(109248K), 0.0169439 secs] 144888K->57762K(502464K), 0.0171739 secs] [Times: user=0.03 sys=0.00, real=0.02 secs] 
Heap after GC invocations=133 (full 1):
 par new generation   total 109248K, used 5506K [0x11000000, 0x19000000, 0x19000000)
  eden space 87424K,   0% used [0x11000000, 0x11000000, 0x16560000)
  from space 21824K,  25% used [0x17ab0000, 0x18010b80, 0x19000000)
  to   space 21824K,   0% used [0x16560000, 0x16560000, 0x17ab0000)
 concurrent mark-sweep generation total 393216K, used 52255K [0x19000000, 0x31000000, 0x31000000)
 Metaspace       used 27715K, capacity 27982K, committed 28032K, reserved 28032K
}
2016-03-09T22:56:33.454-0500: 1417.289: Total time for which application threads were stopped: 0.0178699 seconds
{Heap before GC invocations=133 (full 1):
 par new generation   total 109248K, used 92930K [0x11000000, 0x19000000, 0x19000000)
  eden space 87424K, 100% used [0x11000000, 0x16560000, 0x16560000)
  from space 21824K,  25% used [0x17ab0000, 0x18010b80, 0x19000000)
  to   space 21824K,   0% used [0x16560000, 0x16560000, 0x17ab0000)
 concurrent mark-sweep generation total 393216K, used 52255K [0x19000000, 0x31000000, 0x31000000)
 Metaspace       used 27715K, capacity 27982K, committed 28032K, reserved 28032K
2016-03-09T22:56:35.931-0500: 1419.765: [GC (Allocation Failure) 1419.765: [ParNew
Desired survivor size 20112996 bytes, new threshold 8 (max 8)
- age   1:    1161352 bytes,    1161352 total
- age   2:     237704 bytes,    1399056 total
- age   3:     819752 bytes,    2218808 total
- age   4:     341944 bytes,    2560752 total
- age   5:    1300832 bytes,    3861584 total
- age   6:     128488 bytes,    3990072 total
- age   7:     167504 bytes,    4157576 total
- age   8:     248272 bytes,    4405848 total
: 92930K->5294K(109248K), 0.0192889 secs] 145186K->57729K(502464K), 0.0195025 secs] [Times: user=0.05 sys=0.00, real=0.02 secs] 
Heap after GC invocations=134 (full 1):
 par new generation   total 109248K, used 5294K [0x11000000, 0x19000000, 0x19000000)
  eden space 87424K,   0% used [0x11000000, 0x11000000, 0x16560000)
  from space 21824K,  24% used [0x16560000, 0x16a8bb00, 0x17ab0000)
  to   space 21824K,   0% used [0x17ab0000, 0x17ab0000, 0x19000000)
 concurrent mark-sweep generation total 393216K, used 52434K [0x19000000, 0x31000000, 0x31000000)
 Metaspace       used 27715K, capacity 27982K, committed 28032K, reserved 28032K
}
2016-03-09T22:56:35.951-0500: 1419.785: Total time for which application threads were stopped: 0.0200795 seconds
{Heap before GC invocations=134 (full 1):
 par new generation   total 109248K, used 92718K [0x11000000, 0x19000000, 0x19000000)
  eden space 87424K, 100% used [0x11000000, 0x16560000, 0x16560000)
  from space 21824K,  24% used [0x16560000, 0x16a8bb00, 0x17ab0000)
  to   space 21824K,   0% used [0x17ab0000, 0x17ab0000, 0x19000000)
 concurrent mark-sweep generation total 393216K, used 52434K [0x19000000, 0x31000000, 0x31000000)
 Metaspace       used 27715K, capacity 27982K, committed 28032K, reserved 28032K
2016-03-09T22:56:38.519-0500: 1422.354: [GC (Allocation Failure) 1422.354: [ParNew
Desired survivor size 20112996 bytes, new threshold 8 (max 8)
- age   1:    1112712 bytes,    1112712 total
- age   2:     546872 bytes,    1659584 total
- age   3:     229432 bytes,    1889016 total
- age   4:     819720 bytes,    2708736 total
- age   5:     341880 bytes,    3050616 total
- age   6:    1300768 bytes,    4351384 total
- age   7:     128408 bytes,    4479792 total
- age   8:     167472 bytes,    4647264 total
: 92718K->6215K(109248K), 0.0189323 secs] 145153K->58892K(502464K), 0.0193413 secs] [Times: user=0.05 sys=0.00, real=0.02 secs] 
Heap after GC invocations=135 (full 1):
 par new generation   total 109248K, used 6215K [0x11000000, 0x19000000, 0x19000000)
  eden space 87424K,   0% used [0x11000000, 0x11000000, 0x16560000)
  from space 21824K,  28% used [0x17ab0000, 0x180c1cb0, 0x19000000)
  to   space 21824K,   0% used [0x16560000, 0x16560000, 0x17ab0000)
 concurrent mark-sweep generation total 393216K, used 52677K [0x19000000, 0x31000000, 0x31000000)
 Metaspace       used 27715K, capacity 27982K, committed 28032K, reserved 28032K
}
2016-03-09T22:56:38.539-0500: 1422.373: Total time for which application threads were stopped: 0.0199020 seconds
2016-03-09T22:56:39.027-0500: 1422.862: Total time for which application threads were stopped: 0.0002843 seconds
2016-03-09T22:56:39.029-0500: 1422.864: Total time for which application threads were stopped: 0.0001954 seconds
2016-03-09T22:56:39.051-0500: 1422.885: Total time for which application threads were stopped: 0.0004102 seconds
2016-03-09T22:56:39.051-0500: 1422.886: Total time for which application threads were stopped: 0.0002904 seconds
2016-03-09T22:56:39.051-0500: 1422.886: Total time for which application threads were stopped: 0.0002889 seconds
2016-03-09T22:56:39.085-0500: 1422.920: Total time for which application threads were stopped: 0.0003296 seconds
2016-03-09T22:56:40.086-0500: 1423.920: Total time for which application threads were stopped: 0.0002486 seconds
{Heap before GC invocations=135 (full 1):
 par new generation   total 109248K, used 93639K [0x11000000, 0x19000000, 0x19000000)
  eden space 87424K, 100% used [0x11000000, 0x16560000, 0x16560000)
  from space 21824K,  28% used [0x17ab0000, 0x180c1cb0, 0x19000000)
  to   space 21824K,   0% used [0x16560000, 0x16560000, 0x17ab0000)
 concurrent mark-sweep generation total 393216K, used 52677K [0x19000000, 0x31000000, 0x31000000)
 Metaspace       used 27716K, capacity 27982K, committed 28032K, reserved 28032K
2016-03-09T22:56:40.810-0500: 1424.644: [GC (Allocation Failure) 1424.644: [ParNew
Desired survivor size 20112996 bytes, new threshold 8 (max 8)
- age   1:    1687936 bytes,    1687936 total
- age   2:     236448 bytes,    1924384 total
- age   3:     202392 bytes,    2126776 total
- age   4:     121528 bytes,    2248304 total
- age   5:     272264 bytes,    2520568 total
- age   6:     162744 bytes,    2683312 total
- age   7:    1142768 bytes,    3826080 total
- age   8:     128392 bytes,    3954472 total
: 93639K->5046K(109248K), 0.0184743 secs] 146316K->57887K(502464K), 0.0186993 secs] [Times: user=0.02 sys=0.00, real=0.02 secs] 
Heap after GC invocations=136 (full 1):
 par new generation   total 109248K, used 5046K [0x11000000, 0x19000000, 0x19000000)
  eden space 87424K,   0% used [0x11000000, 0x11000000, 0x16560000)
  from space 21824K,  23% used [0x16560000, 0x16a4dbc0, 0x17ab0000)
  to   space 21824K,   0% used [0x17ab0000, 0x17ab0000, 0x19000000)
 concurrent mark-sweep generation total 393216K, used 52840K [0x19000000, 0x31000000, 0x31000000)
 Metaspace       used 27716K, capacity 27982K, committed 28032K, reserved 28032K
}
2016-03-09T22:56:40.829-0500: 1424.663: Total time for which application threads were stopped: 0.0192942 seconds
2016-03-09T22:56:40.997-0500: 1424.832: Total time for which application threads were stopped: 0.0002106 seconds
2016-03-09T22:56:40.999-0500: 1424.834: Total time for which application threads were stopped: 0.0004466 seconds
2016-03-09T22:56:41.062-0500: 1424.896: Total time for which application threads were stopped: 0.0017086 seconds
2016-03-09T22:56:41.063-0500: 1424.897: Total time for which application threads were stopped: 0.0003417 seconds
2016-03-09T22:56:41.063-0500: 1424.898: Total time for which application threads were stopped: 0.0003155 seconds
2016-03-09T22:56:41.064-0500: 1424.898: Total time for which application threads were stopped: 0.0002703 seconds
2016-03-09T22:56:41.064-0500: 1424.898: Total time for which application threads were stopped: 0.0002771 seconds
2016-03-09T22:56:41.065-0500: 1424.899: Total time for which application threads were stopped: 0.0002836 seconds
2016-03-09T22:56:41.065-0500: 1424.899: Total time for which application threads were stopped: 0.0003174 seconds
2016-03-09T22:56:41.065-0500: 1424.900: Total time for which application threads were stopped: 0.0002904 seconds
2016-03-09T22:56:41.066-0500: 1424.900: Total time for which application threads were stopped: 0.0002718 seconds
2016-03-09T22:56:41.069-0500: 1424.904: Total time for which application threads were stopped: 0.0003109 seconds
2016-03-09T22:56:41.070-0500: 1424.904: Total time for which application threads were stopped: 0.0005405 seconds
2016-03-09T22:56:41.070-0500: 1424.905: Total time for which application threads were stopped: 0.0002592 seconds
2016-03-09T22:56:41.073-0500: 1424.907: Total time for which application threads were stopped: 0.0003132 seconds
2016-03-09T22:56:41.080-0500: 1424.914: Total time for which application threads were stopped: 0.0004360 seconds
2016-03-09T22:56:41.080-0500: 1424.914: Total time for which application threads were stopped: 0.0002760 seconds
2016-03-09T22:56:41.180-0500: 1425.014: Total time for which application threads were stopped: 0.0003151 seconds
2016-03-09T22:56:41.452-0500: 1425.287: Total time for which application threads were stopped: 0.0002881 seconds
2016-03-09T22:56:41.452-0500: 1425.287: Total time for which application threads were stopped: 0.0001931 seconds
2016-03-09T22:56:41.457-0500: 1425.292: Total time for which application threads were stopped: 0.0005614 seconds
2016-03-09T22:56:41.457-0500: 1425.292: Total time for which application threads were stopped: 0.0001885 seconds
2016-03-09T22:56:41.461-0500: 1425.296: Total time for which application threads were stopped: 0.0003535 seconds
2016-03-09T22:56:41.475-0500: 1425.309: Total time for which application threads were stopped: 0.0002342 seconds
2016-03-09T22:56:41.478-0500: 1425.312: Total time for which application threads were stopped: 0.0002026 seconds
2016-03-09T22:56:41.480-0500: 1425.315: Total time for which application threads were stopped: 0.0003132 seconds
2016-03-09T22:56:41.484-0500: 1425.318: Total time for which application threads were stopped: 0.0002927 seconds
2016-03-09T22:56:41.486-0500: 1425.320: Total time for which application threads were stopped: 0.0002908 seconds
2016-03-09T22:56:41.487-0500: 1425.321: Total time for which application threads were stopped: 0.0002437 seconds
2016-03-09T22:56:41.488-0500: 1425.322: Total time for which application threads were stopped: 0.0002733 seconds
2016-03-09T22:56:41.488-0500: 1425.323: Total time for which application threads were stopped: 0.0002368 seconds
2016-03-09T22:56:41.489-0500: 1425.323: Total time for which application threads were stopped: 0.0002653 seconds
2016-03-09T22:56:41.490-0500: 1425.324: Total time for which application threads were stopped: 0.0002916 seconds
2016-03-09T22:56:41.490-0500: 1425.325: Total time for which application threads were stopped: 0.0002862 seconds
{Heap before GC invocations=136 (full 1):
 par new generation   total 109248K, used 92470K [0x11000000, 0x19000000, 0x19000000)
  eden space 87424K, 100% used [0x11000000, 0x16560000, 0x16560000)
  from space 21824K,  23% used [0x16560000, 0x16a4dbc0, 0x17ab0000)
  to   space 21824K,   0% used [0x17ab0000, 0x17ab0000, 0x19000000)
 concurrent mark-sweep generation total 393216K, used 52840K [0x19000000, 0x31000000, 0x31000000)
 Metaspace       used 27718K, capacity 27982K, committed 28032K, reserved 28032K
2016-03-09T22:56:42.267-0500: 1426.101: [GC (Allocation Failure) 1426.101: [ParNew
Desired survivor size 20112996 bytes, new threshold 8 (max 8)
- age   1:    1364480 bytes,    1364480 total
- age   2:     872832 bytes,    2237312 total
- age   3:     172040 bytes,    2409352 total
- age   4:     128640 bytes,    2537992 total
- age   5:      52392 bytes,    2590384 total
- age   6:     210968 bytes,    2801352 total
- age   7:      96560 bytes,    2897912 total
- age   8:    1068704 bytes,    3966616 total
: 92470K->5197K(109248K), 0.0184454 secs] 145311K->58163K(502464K), 0.0186940 secs] [Times: user=0.06 sys=0.00, real=0.02 secs] 
Heap after GC invocations=137 (full 1):
 par new generation   total 109248K, used 5197K [0x11000000, 0x19000000, 0x19000000)
  eden space 87424K,   0% used [0x11000000, 0x11000000, 0x16560000)
  from space 21824K,  23% used [0x17ab0000, 0x17fc3650, 0x19000000)
  to   space 21824K,   0% used [0x16560000, 0x16560000, 0x17ab0000)
 concurrent mark-sweep generation total 393216K, used 52966K [0x19000000, 0x31000000, 0x31000000)
 Metaspace       used 27718K, capacity 27982K, committed 28032K, reserved 28032K
}
2016-03-09T22:56:42.286-0500: 1426.120: Total time for which application threads were stopped: 0.0192816 seconds
2016-03-09T22:56:42.626-0500: 1426.460: Total time for which application threads were stopped: 0.0003037 seconds
2016-03-09T22:56:42.628-0500: 1426.462: Total time for which application threads were stopped: 0.0003182 seconds
2016-03-09T22:56:42.696-0500: 1426.531: Total time for which application threads were stopped: 0.0004052 seconds
{Heap before GC invocations=137 (full 1):
 par new generation   total 109248K, used 92621K [0x11000000, 0x19000000, 0x19000000)
  eden space 87424K, 100% used [0x11000000, 0x16560000, 0x16560000)
  from space 21824K,  23% used [0x17ab0000, 0x17fc3650, 0x19000000)
  to   space 21824K,   0% used [0x16560000, 0x16560000, 0x17ab0000)
 concurrent mark-sweep generation total 393216K, used 52966K [0x19000000, 0x31000000, 0x31000000)
 Metaspace       used 27721K, capacity 27982K, committed 28032K, reserved 28032K
2016-03-09T22:56:44.557-0500: 1428.392: [GC (Allocation Failure) 1428.392: [ParNew
Desired survivor size 20112996 bytes, new threshold 8 (max 8)
- age   1:    1106304 bytes,    1106304 total
- age   2:     527480 bytes,    1633784 total
- age   3:     872664 bytes,    2506448 total
- age   4:     172024 bytes,    2678472 total
- age   5:     128608 bytes,    2807080 total
- age   6:      52264 bytes,    2859344 total
- age   7:     210872 bytes,    3070216 total
- age   8:      96496 bytes,    3166712 total
: 92621K->4437K(109248K), 0.0200195 secs] 145587K->58447K(502464K), 0.0202339 secs] [Times: user=0.02 sys=0.00, real=0.02 secs] 
Heap after GC invocations=138 (full 1):
 par new generation   total 109248K, used 4437K [0x11000000, 0x19000000, 0x19000000)
  eden space 87424K,   0% used [0x11000000, 0x11000000, 0x16560000)
  from space 21824K,  20% used [0x16560000, 0x169b5760, 0x17ab0000)
  to   space 21824K,   0% used [0x17ab0000, 0x17ab0000, 0x19000000)
 concurrent mark-sweep generation total 393216K, used 54009K [0x19000000, 0x31000000, 0x31000000)
 Metaspace       used 27721K, capacity 27982K, committed 28032K, reserved 28032K
}
2016-03-09T22:56:44.578-0500: 1428.412: Total time for which application threads were stopped: 0.0208208 seconds
{Heap before GC invocations=138 (full 1):
 par new generation   total 109248K, used 91809K [0x11000000, 0x19000000, 0x19000000)
  eden space 87424K,  99% used [0x11000000, 0x16553068, 0x16560000)
  from space 21824K,  20% used [0x16560000, 0x169b5760, 0x17ab0000)
  to   space 21824K,   0% used [0x17ab0000, 0x17ab0000, 0x19000000)
 concurrent mark-sweep generation total 393216K, used 54009K [0x19000000, 0x31000000, 0x31000000)
 Metaspace       used 27721K, capacity 27982K, committed 28032K, reserved 28032K
2016-03-09T22:56:47.059-0500: 1430.894: [GC (Allocation Failure) 1430.894: [ParNew
Desired survivor size 20112996 bytes, new threshold 8 (max 8)
- age   1:    1054408 bytes,    1054408 total
- age   2:     614656 bytes,    1669064 total
- age   3:     524920 bytes,    2193984 total
- age   4:     872632 bytes,    3066616 total
- age   5:     171976 bytes,    3238592 total
- age   6:     128592 bytes,    3367184 total
- age   7:      52232 bytes,    3419416 total
- age   8:     210840 bytes,    3630256 total
: 91809K->4958K(109248K), 0.0181637 secs] 145819K->59062K(502464K), 0.0183914 secs] [Times: user=0.01 sys=0.00, real=0.02 secs] 
Heap after GC invocations=139 (full 1):
 par new generation   total 109248K, used 4958K [0x11000000, 0x19000000, 0x19000000)
  eden space 87424K,   0% used [0x11000000, 0x11000000, 0x16560000)
  from space 21824K,  22% used [0x17ab0000, 0x17f87960, 0x19000000)
  to   space 21824K,   0% used [0x16560000, 0x16560000, 0x17ab0000)
 concurrent mark-sweep generation total 393216K, used 54103K [0x19000000, 0x31000000, 0x31000000)
 Metaspace       used 27721K, capacity 27982K, committed 28032K, reserved 28032K
}
2016-03-09T22:56:47.078-0500: 1430.912: Total time for which application threads were stopped: 0.0189677 seconds
2016-03-09T22:56:49.079-0500: 1432.913: Total time for which application threads were stopped: 0.0002813 seconds
{Heap before GC invocations=139 (full 1):
 par new generation   total 109248K, used 92382K [0x11000000, 0x19000000, 0x19000000)
  eden space 87424K, 100% used [0x11000000, 0x16560000, 0x16560000)
  from space 21824K,  22% used [0x17ab0000, 0x17f87960, 0x19000000)
  to   space 21824K,   0% used [0x16560000, 0x16560000, 0x17ab0000)
 concurrent mark-sweep generation total 393216K, used 54103K [0x19000000, 0x31000000, 0x31000000)
 Metaspace       used 27721K, capacity 27982K, committed 28032K, reserved 28032K
2016-03-09T22:56:49.629-0500: 1433.464: [GC (Allocation Failure) 1433.464: [ParNew
Desired survivor size 20112996 bytes, new threshold 8 (max 8)
- age   1:     944360 bytes,     944360 total
- age   2:     533520 bytes,    1477880 total
- age   3:     614592 bytes,    2092472 total
- age   4:     524888 bytes,    2617360 total
- age   5:     872600 bytes,    3489960 total
- age   6:     171912 bytes,    3661872 total
- age   7:     128496 bytes,    3790368 total
- age   8:      52216 bytes,    3842584 total
: 92382K->4856K(109248K), 0.0183808 secs] 146486K->59166K(502464K), 0.0185883 secs] [Times: user=0.05 sys=0.02, real=0.02 secs] 
Heap after GC invocations=140 (full 1):
 par new generation   total 109248K, used 4856K [0x11000000, 0x19000000, 0x19000000)
  eden space 87424K,   0% used [0x11000000, 0x11000000, 0x16560000)
  from space 21824K,  22% used [0x16560000, 0x16a1e0f0, 0x17ab0000)
  to   space 21824K,   0% used [0x17ab0000, 0x17ab0000, 0x19000000)
 concurrent mark-sweep generation total 393216K, used 54309K [0x19000000, 0x31000000, 0x31000000)
 Metaspace       used 27721K, capacity 27982K, committed 28032K, reserved 28032K
}
2016-03-09T22:56:49.648-0500: 1433.483: Total time for which application threads were stopped: 0.0191672 seconds
{Heap before GC invocations=140 (full 1):
 par new generation   total 109248K, used 92226K [0x11000000, 0x19000000, 0x19000000)
  eden space 87424K,  99% used [0x11000000, 0x16552728, 0x16560000)
  from space 21824K,  22% used [0x16560000, 0x16a1e0f0, 0x17ab0000)
  to   space 21824K,   0% used [0x17ab0000, 0x17ab0000, 0x19000000)
 concurrent mark-sweep generation total 393216K, used 54309K [0x19000000, 0x31000000, 0x31000000)
 Metaspace       used 27721K, capacity 27982K, committed 28032K, reserved 28032K
2016-03-09T22:56:52.279-0500: 1436.114: [GC (Allocation Failure) 1436.114: [ParNew
Desired survivor size 20112996 bytes, new threshold 8 (max 8)
- age   1:     847408 bytes,     847408 total
- age   2:     392864 bytes,    1240272 total
- age   3:     529376 bytes,    1769648 total
- age   4:     614576 bytes,    2384224 total
- age   5:     524872 bytes,    2909096 total
- age   6:     872552 bytes,    3781648 total
- age   7:     171880 bytes,    3953528 total
- age   8:     128480 bytes,    4082008 total
: 92226K->5603K(109248K), 0.0169435 secs] 146535K->59964K(502464K), 0.0171712 secs] [Times: user=0.02 sys=0.00, real=0.02 secs] 
Heap after GC invocations=141 (full 1):
 par new generation   total 109248K, used 5603K [0x11000000, 0x19000000, 0x19000000)
  eden space 87424K,   0% used [0x11000000, 0x11000000, 0x16560000)
  from space 21824K,  25% used [0x17ab0000, 0x18028e38, 0x19000000)
  to   space 21824K,   0% used [0x16560000, 0x16560000, 0x17ab0000)
 concurrent mark-sweep generation total 393216K, used 54360K [0x19000000, 0x31000000, 0x31000000)
 Metaspace       used 27721K, capacity 27982K, committed 28032K, reserved 28032K
}
2016-03-09T22:56:52.297-0500: 1436.131: Total time for which application threads were stopped: 0.0177676 seconds
2016-03-09T22:56:54.035-0500: 1437.869: Total time for which application threads were stopped: 0.0003014 seconds
2016-03-09T22:56:54.038-0500: 1437.872: Total time for which application threads were stopped: 0.0002843 seconds
2016-03-09T22:56:54.058-0500: 1437.893: Total time for which application threads were stopped: 0.0003223 seconds
2016-03-09T22:56:54.059-0500: 1437.893: Total time for which application threads were stopped: 0.0002763 seconds
2016-03-09T22:56:54.059-0500: 1437.894: Total time for which application threads were stopped: 0.0002684 seconds
2016-03-09T22:56:54.308-0500: 1438.142: Total time for which application threads were stopped: 0.0003592 seconds
{Heap before GC invocations=141 (full 1):
 par new generation   total 109248K, used 93027K [0x11000000, 0x19000000, 0x19000000)
  eden space 87424K, 100% used [0x11000000, 0x16560000, 0x16560000)
  from space 21824K,  25% used [0x17ab0000, 0x18028e38, 0x19000000)
  to   space 21824K,   0% used [0x16560000, 0x16560000, 0x17ab0000)
 concurrent mark-sweep generation total 393216K, used 54360K [0x19000000, 0x31000000, 0x31000000)
 Metaspace       used 27721K, capacity 27982K, committed 28032K, reserved 28032K
2016-03-09T22:56:54.590-0500: 1438.425: [GC (Allocation Failure) 1438.425: [ParNew
Desired survivor size 20112996 bytes, new threshold 8 (max 8)
- age   1:    1313392 bytes,    1313392 total
- age   2:     132336 bytes,    1445728 total
- age   3:     187408 bytes,    1633136 total
- age   4:     235104 bytes,    1868240 total
- age   5:     242424 bytes,    2110664 total
- age   6:     270864 bytes,    2381528 total
- age   7:     872400 bytes,    3253928 total
- age   8:     171816 bytes,    3425744 total
: 93027K->5164K(109248K), 0.0179782 secs] 147388K->59650K(502464K), 0.0182078 secs] [Times: user=0.02 sys=0.00, real=0.02 secs] 
Heap after GC invocations=142 (full 1):
 par new generation   total 109248K, used 5164K [0x11000000, 0x19000000, 0x19000000)
  eden space 87424K,   0% used [0x11000000, 0x11000000, 0x16560000)
  from space 21824K,  23% used [0x16560000, 0x16a6b260, 0x17ab0000)
  to   space 21824K,   0% used [0x17ab0000, 0x17ab0000, 0x19000000)
 concurrent mark-sweep generation total 393216K, used 54486K [0x19000000, 0x31000000, 0x31000000)
 Metaspace       used 27721K, capacity 27982K, committed 28032K, reserved 28032K
}
2016-03-09T22:56:54.609-0500: 1438.443: Total time for which application threads were stopped: 0.0187928 seconds
2016-03-09T22:56:54.801-0500: 1438.635: Total time for which application threads were stopped: 0.0002862 seconds
2016-03-09T22:56:54.802-0500: 1438.636: Total time for which application threads were stopped: 0.0001703 seconds
2016-03-09T22:56:54.927-0500: 1438.761: Total time for which application threads were stopped: 0.0003227 seconds
2016-03-09T22:56:54.998-0500: 1438.833: Total time for which application threads were stopped: 0.0002463 seconds
{Heap before GC invocations=142 (full 1):
 par new generation   total 109248K, used 92588K [0x11000000, 0x19000000, 0x19000000)
  eden space 87424K, 100% used [0x11000000, 0x16560000, 0x16560000)
  from space 21824K,  23% used [0x16560000, 0x16a6b260, 0x17ab0000)
  to   space 21824K,   0% used [0x17ab0000, 0x17ab0000, 0x19000000)
 concurrent mark-sweep generation total 393216K, used 54486K [0x19000000, 0x31000000, 0x31000000)
 Metaspace       used 27722K, capacity 27982K, committed 28032K, reserved 28032K
2016-03-09T22:56:57.116-0500: 1440.951: [GC (Allocation Failure) 1440.951: [ParNew
Desired survivor size 20112996 bytes, new threshold 8 (max 8)
- age   1:     915528 bytes,     915528 total
- age   2:     730960 bytes,    1646488 total
- age   3:      54992 bytes,    1701480 total
- age   4:     120896 bytes,    1822376 total
- age   5:     171032 bytes,    1993408 total
- age   6:     185752 bytes,    2179160 total
- age   7:      57648 bytes,    2236808 total
- age   8:     115320 bytes,    2352128 total
: 92588K->3236K(109248K), 0.0167595 secs] 147074K->57890K(502464K), 0.0169895 secs] [Times: user=0.06 sys=0.00, real=0.02 secs] 
Heap after GC invocations=143 (full 1):
 par new generation   total 109248K, used 3236K [0x11000000, 0x19000000, 0x19000000)
  eden space 87424K,   0% used [0x11000000, 0x11000000, 0x16560000)
  from space 21824K,  14% used [0x17ab0000, 0x17dd93c0, 0x19000000)
  to   space 21824K,   0% used [0x16560000, 0x16560000, 0x17ab0000)
 concurrent mark-sweep generation total 393216K, used 54653K [0x19000000, 0x31000000, 0x31000000)
 Metaspace       used 27722K, capacity 27982K, committed 28032K, reserved 28032K
}
2016-03-09T22:56:57.133-0500: 1440.968: Total time for which application threads were stopped: 0.0175764 seconds
2016-03-09T22:56:58.134-0500: 1441.968: Total time for which application threads were stopped: 0.0001980 seconds
{Heap before GC invocations=143 (full 1):
 par new generation   total 109248K, used 90660K [0x11000000, 0x19000000, 0x19000000)
  eden space 87424K, 100% used [0x11000000, 0x16560000, 0x16560000)
  from space 21824K,  14% used [0x17ab0000, 0x17dd93c0, 0x19000000)
  to   space 21824K,   0% used [0x16560000, 0x16560000, 0x17ab0000)
 concurrent mark-sweep generation total 393216K, used 54653K [0x19000000, 0x31000000, 0x31000000)
 Metaspace       used 27722K, capacity 27982K, committed 28032K, reserved 28032K
2016-03-09T22:56:59.719-0500: 1443.553: [GC (Allocation Failure) 1443.554: [ParNew
Desired survivor size 20112996 bytes, new threshold 8 (max 8)
- age   1:     711672 bytes,     711672 total
- age   2:     496888 bytes,    1208560 total
- age   3:     730912 bytes,    1939472 total
- age   4:      54944 bytes,    1994416 total
- age   5:     120880 bytes,    2115296 total
- age   6:     171000 bytes,    2286296 total
- age   7:     185752 bytes,    2472048 total
- age   8:      57616 bytes,    2529664 total
: 90660K->3166K(109248K), 0.0179402 secs] 145314K->57933K(502464K), 0.0181523 secs] [Times: user=0.06 sys=0.00, real=0.02 secs] 
Heap after GC invocations=144 (full 1):
 par new generation   total 109248K, used 3166K [0x11000000, 0x19000000, 0x19000000)
  eden space 87424K,   0% used [0x11000000, 0x11000000, 0x16560000)
  from space 21824K,  14% used [0x16560000, 0x16877b60, 0x17ab0000)
  to   space 21824K,   0% used [0x17ab0000, 0x17ab0000, 0x19000000)
 concurrent mark-sweep generation total 393216K, used 54766K [0x19000000, 0x31000000, 0x31000000)
 Metaspace       used 27722K, capacity 27982K, committed 28032K, reserved 28032K
}
2016-03-09T22:56:59.737-0500: 1443.572: Total time for which application threads were stopped: 0.0187118 seconds
{Heap before GC invocations=144 (full 1):
 par new generation   total 109248K, used 90590K [0x11000000, 0x19000000, 0x19000000)
  eden space 87424K, 100% used [0x11000000, 0x16560000, 0x16560000)
  from space 21824K,  14% used [0x16560000, 0x16877b60, 0x17ab0000)
  to   space 21824K,   0% used [0x17ab0000, 0x17ab0000, 0x19000000)
 concurrent mark-sweep generation total 393216K, used 54766K [0x19000000, 0x31000000, 0x31000000)
 Metaspace       used 27722K, capacity 27982K, committed 28032K, reserved 28032K
2016-03-09T22:57:02.265-0500: 1446.099: [GC (Allocation Failure) 1446.099: [ParNew
Desired survivor size 20112996 bytes, new threshold 8 (max 8)
- age   1:     864808 bytes,     864808 total
- age   2:     237376 bytes,    1102184 total
- age   3:     496872 bytes,    1599056 total
- age   4:     730896 bytes,    2329952 total
- age   5:      54848 bytes,    2384800 total
- age   6:     120864 bytes,    2505664 total
- age   7:     171000 bytes,    2676664 total
- age   8:     185720 bytes,    2862384 total
: 90590K->3519K(109248K), 0.0179383 secs] 145357K->58342K(502464K), 0.0181732 secs] [Times: user=0.02 sys=0.00, real=0.02 secs] 
Heap after GC invocations=145 (full 1):
 par new generation   total 109248K, used 3519K [0x11000000, 0x19000000, 0x19000000)
  eden space 87424K,   0% used [0x11000000, 0x11000000, 0x16560000)
  from space 21824K,  16% used [0x17ab0000, 0x17e1fef8, 0x19000000)
  to   space 21824K,   0% used [0x16560000, 0x16560000, 0x17ab0000)
 concurrent mark-sweep generation total 393216K, used 54822K [0x19000000, 0x31000000, 0x31000000)
 Metaspace       used 27722K, capacity 27982K, committed 28032K, reserved 28032K
}
2016-03-09T22:57:02.283-0500: 1446.118: Total time for which application threads were stopped: 0.0187544 seconds
2016-03-09T22:57:04.284-0500: 1448.118: Total time for which application threads were stopped: 0.0002262 seconds
{Heap before GC invocations=145 (full 1):
 par new generation   total 109248K, used 90943K [0x11000000, 0x19000000, 0x19000000)
  eden space 87424K, 100% used [0x11000000, 0x16560000, 0x16560000)
  from space 21824K,  16% used [0x17ab0000, 0x17e1fef8, 0x19000000)
  to   space 21824K,   0% used [0x16560000, 0x16560000, 0x17ab0000)
 concurrent mark-sweep generation total 393216K, used 54822K [0x19000000, 0x31000000, 0x31000000)
 Metaspace       used 27722K, capacity 27982K, committed 28032K, reserved 28032K
2016-03-09T22:57:04.796-0500: 1448.631: [GC (Allocation Failure) 1448.631: [ParNew
Desired survivor size 20112996 bytes, new threshold 8 (max 8)
- age   1:     863272 bytes,     863272 total
- age   2:     379352 bytes,    1242624 total
- age   3:     237296 bytes,    1479920 total
- age   4:     478224 bytes,    1958144 total
- age   5:     730864 bytes,    2689008 total
- age   6:      54832 bytes,    2743840 total
- age   7:     120864 bytes,    2864704 total
- age   8:     170952 bytes,    3035656 total
: 90943K->3599K(109248K), 0.0185777 secs] 145766K->58603K(502464K), 0.0188213 secs] [Times: user=0.02 sys=0.00, real=0.02 secs] 
Heap after GC invocations=146 (full 1):
 par new generation   total 109248K, used 3599K [0x11000000, 0x19000000, 0x19000000)
  eden space 87424K,   0% used [0x11000000, 0x11000000, 0x16560000)
  from space 21824K,  16% used [0x16560000, 0x168e3df0, 0x17ab0000)
  to   space 21824K,   0% used [0x17ab0000, 0x17ab0000, 0x19000000)
 concurrent mark-sweep generation total 393216K, used 55004K [0x19000000, 0x31000000, 0x31000000)
 Metaspace       used 27722K, capacity 27982K, committed 28032K, reserved 28032K
}
2016-03-09T22:57:04.815-0500: 1448.650: Total time for which application threads were stopped: 0.0194025 seconds
{Heap before GC invocations=146 (full 1):
 par new generation   total 109248K, used 91023K [0x11000000, 0x19000000, 0x19000000)
  eden space 87424K, 100% used [0x11000000, 0x16560000, 0x16560000)
  from space 21824K,  16% used [0x16560000, 0x168e3df0, 0x17ab0000)
  to   space 21824K,   0% used [0x17ab0000, 0x17ab0000, 0x19000000)
 concurrent mark-sweep generation total 393216K, used 55004K [0x19000000, 0x31000000, 0x31000000)
 Metaspace       used 27722K, capacity 27982K, committed 28032K, reserved 28032K
2016-03-09T22:57:07.352-0500: 1451.187: [GC (Allocation Failure) 1451.187: [ParNew
Desired survivor size 20112996 bytes, new threshold 8 (max 8)
- age   1:     856008 bytes,     856008 total
- age   2:     331440 bytes,    1187448 total
- age   3:     371080 bytes,    1558528 total
- age   4:     233120 bytes,    1791648 total
- age   5:     478192 bytes,    2269840 total
- age   6:     730848 bytes,    3000688 total
- age   7:      54784 bytes,    3055472 total
- age   8:     120832 bytes,    3176304 total
: 91023K->4039K(109248K), 0.0174210 secs] 146027K->59210K(502464K), 0.0176775 secs] [Times: user=0.00 sys=0.01, real=0.02 secs] 
Heap after GC invocations=147 (full 1):
 par new generation   total 109248K, used 4039K [0x11000000, 0x19000000, 0x19000000)
  eden space 87424K,   0% used [0x11000000, 0x11000000, 0x16560000)
  from space 21824K,  18% used [0x17ab0000, 0x17ea1e30, 0x19000000)
  to   space 21824K,   0% used [0x16560000, 0x16560000, 0x17ab0000)
 concurrent mark-sweep generation total 393216K, used 55170K [0x19000000, 0x31000000, 0x31000000)
 Metaspace       used 27722K, capacity 27982K, committed 28032K, reserved 28032K
}
2016-03-09T22:57:07.370-0500: 1451.205: Total time for which application threads were stopped: 0.0184351 seconds
2016-03-09T22:57:09.052-0500: 1452.886: Total time for which application threads were stopped: 0.0003098 seconds
2016-03-09T22:57:09.055-0500: 1452.889: Total time for which application threads were stopped: 0.0002543 seconds
2016-03-09T22:57:09.070-0500: 1452.904: Total time for which application threads were stopped: 0.0004147 seconds
2016-03-09T22:57:09.070-0500: 1452.905: Total time for which application threads were stopped: 0.0002760 seconds
2016-03-09T22:57:09.070-0500: 1452.905: Total time for which application threads were stopped: 0.0002646 seconds
2016-03-09T22:57:09.282-0500: 1453.117: Total time for which application threads were stopped: 0.0002570 seconds
{Heap before GC invocations=147 (full 1):
 par new generation   total 109248K, used 91463K [0x11000000, 0x19000000, 0x19000000)
  eden space 87424K, 100% used [0x11000000, 0x16560000, 0x16560000)
  from space 21824K,  18% used [0x17ab0000, 0x17ea1e30, 0x19000000)
  to   space 21824K,   0% used [0x16560000, 0x16560000, 0x17ab0000)
 concurrent mark-sweep generation total 393216K, used 55170K [0x19000000, 0x31000000, 0x31000000)
 Metaspace       used 27722K, capacity 27982K, committed 28032K, reserved 28032K
2016-03-09T22:57:09.694-0500: 1453.528: [GC (Allocation Failure) 1453.528: [ParNew
Desired survivor size 20112996 bytes, new threshold 8 (max 8)
- age   1:    1106984 bytes,    1106984 total
- age   2:     143840 bytes,    1250824 total
- age   3:     155544 bytes,    1406368 total
- age   4:     132648 bytes,    1539016 total
- age   5:     117024 bytes,    1656040 total
- age   6:     189824 bytes,    1845864 total
- age   7:     729416 bytes,    2575280 total
- age   8:      54768 bytes,    2630048 total
: 91463K->3480K(109248K), 0.0188373 secs] 146634K->58769K(502464K), 0.0190559 secs] [Times: user=0.06 sys=0.00, real=0.02 secs] 
Heap after GC invocations=148 (full 1):
 par new generation   total 109248K, used 3480K [0x11000000, 0x19000000, 0x19000000)
  eden space 87424K,   0% used [0x11000000, 0x11000000, 0x16560000)
  from space 21824K,  15% used [0x16560000, 0x168c6240, 0x17ab0000)
  to   space 21824K,   0% used [0x17ab0000, 0x17ab0000, 0x19000000)
 concurrent mark-sweep generation total 393216K, used 55288K [0x19000000, 0x31000000, 0x31000000)
 Metaspace       used 27722K, capacity 27982K, committed 28032K, reserved 28032K
}
2016-03-09T22:57:09.713-0500: 1453.547: Total time for which application threads were stopped: 0.0196287 seconds
2016-03-09T22:57:10.071-0500: 1453.905: Total time for which application threads were stopped: 0.0002148 seconds
2016-03-09T22:57:10.073-0500: 1453.907: Total time for which application threads were stopped: 0.0002209 seconds
2016-03-09T22:57:10.101-0500: 1453.936: Total time for which application threads were stopped: 0.0012449 seconds
2016-03-09T22:57:10.325-0500: 1454.159: Total time for which application threads were stopped: 0.0002608 seconds
{Heap before GC invocations=148 (full 1):
 par new generation   total 109248K, used 90904K [0x11000000, 0x19000000, 0x19000000)
  eden space 87424K, 100% used [0x11000000, 0x16560000, 0x16560000)
  from space 21824K,  15% used [0x16560000, 0x168c6240, 0x17ab0000)
  to   space 21824K,   0% used [0x17ab0000, 0x17ab0000, 0x19000000)
 concurrent mark-sweep generation total 393216K, used 55288K [0x19000000, 0x31000000, 0x31000000)
 Metaspace       used 27722K, capacity 27982K, committed 28032K, reserved 28032K
2016-03-09T22:57:12.183-0500: 1456.017: [GC (Allocation Failure) 1456.017: [ParNew
Desired survivor size 20112996 bytes, new threshold 8 (max 8)
- age   1:     905064 bytes,     905064 total
- age   2:     514256 bytes,    1419320 total
- age   3:      66912 bytes,    1486232 total
- age   4:      87672 bytes,    1573904 total
- age   5:      64296 bytes,    1638200 total
- age   6:      47168 bytes,    1685368 total
- age   7:     110024 bytes,    1795392 total
- age   8:     715712 bytes,    2511104 total
: 90904K->3495K(109248K), 0.0183139 secs] 146193K->58838K(502464K), 0.0185435 secs] [Times: user=0.02 sys=0.00, real=0.02 secs] 
Heap after GC invocations=149 (full 1):
 par new generation   total 109248K, used 3495K [0x11000000, 0x19000000, 0x19000000)
  eden space 87424K,   0% used [0x11000000, 0x11000000, 0x16560000)
  from space 21824K,  16% used [0x17ab0000, 0x17e19e30, 0x19000000)
  to   space 21824K,   0% used [0x16560000, 0x16560000, 0x17ab0000)
 concurrent mark-sweep generation total 393216K, used 55342K [0x19000000, 0x31000000, 0x31000000)
 Metaspace       used 27722K, capacity 27982K, committed 28032K, reserved 28032K
}
2016-03-09T22:57:12.201-0500: 1456.036: Total time for which application threads were stopped: 0.0191140 seconds
{Heap before GC invocations=149 (full 1):
 par new generation   total 109248K, used 90919K [0x11000000, 0x19000000, 0x19000000)
  eden space 87424K, 100% used [0x11000000, 0x16560000, 0x16560000)
  from space 21824K,  16% used [0x17ab0000, 0x17e19e30, 0x19000000)
  to   space 21824K,   0% used [0x16560000, 0x16560000, 0x17ab0000)
 concurrent mark-sweep generation total 393216K, used 55342K [0x19000000, 0x31000000, 0x31000000)
 Metaspace       used 27722K, capacity 27982K, committed 28032K, reserved 28032K
2016-03-09T22:57:14.705-0500: 1458.540: [GC (Allocation Failure) 1458.540: [ParNew
Desired survivor size 20112996 bytes, new threshold 8 (max 8)
- age   1:     813248 bytes,     813248 total
- age   2:     474432 bytes,    1287680 total
- age   3:     514224 bytes,    1801904 total
- age   4:      66880 bytes,    1868784 total
- age   5:      87656 bytes,    1956440 total
- age   6:      64280 bytes,    2020720 total
- age   7:      47152 bytes,    2067872 total
- age   8:     109976 bytes,    2177848 total
: 90919K->2666K(109248K), 0.0195420 secs] 146262K->58707K(502464K), 0.0198454 secs] [Times: user=0.06 sys=0.00, real=0.02 secs] 
Heap after GC invocations=150 (full 1):
 par new generation   total 109248K, used 2666K [0x11000000, 0x19000000, 0x19000000)
  eden space 87424K,   0% used [0x11000000, 0x11000000, 0x16560000)
  from space 21824K,  12% used [0x16560000, 0x167fa980, 0x17ab0000)
  to   space 21824K,   0% used [0x17ab0000, 0x17ab0000, 0x19000000)
 concurrent mark-sweep generation total 393216K, used 56041K [0x19000000, 0x31000000, 0x31000000)
 Metaspace       used 27722K, capacity 27982K, committed 28032K, reserved 28032K
}
2016-03-09T22:57:14.726-0500: 1458.560: Total time for which application threads were stopped: 0.0204247 seconds
2016-03-09T22:57:17.476-0500: 1461.310: Total time for which application threads were stopped: 0.0002729 seconds
2016-03-09T22:57:17.478-0500: 1461.312: Total time for which application threads were stopped: 0.0001840 seconds
2016-03-09T22:57:17.537-0500: 1461.372: Total time for which application threads were stopped: 0.0002243 seconds
2016-03-09T22:57:17.538-0500: 1461.372: Total time for which application threads were stopped: 0.0001851 seconds
2016-03-09T22:57:17.538-0500: 1461.372: Total time for which application threads were stopped: 0.0001999 seconds
2016-03-09T22:57:17.539-0500: 1461.373: Total time for which application threads were stopped: 0.0002649 seconds
2016-03-09T22:57:17.539-0500: 1461.373: Total time for which application threads were stopped: 0.0003288 seconds
2016-03-09T22:57:17.541-0500: 1461.375: Total time for which application threads were stopped: 0.0002091 seconds
2016-03-09T22:57:17.541-0500: 1461.376: Total time for which application threads were stopped: 0.0001768 seconds
2016-03-09T22:57:17.542-0500: 1461.376: Total time for which application threads were stopped: 0.0003486 seconds
2016-03-09T22:57:17.543-0500: 1461.377: Total time for which application threads were stopped: 0.0001866 seconds
2016-03-09T22:57:17.543-0500: 1461.377: Total time for which application threads were stopped: 0.0001916 seconds
2016-03-09T22:57:17.543-0500: 1461.378: Total time for which application threads were stopped: 0.0002030 seconds
2016-03-09T22:57:17.550-0500: 1461.384: Total time for which application threads were stopped: 0.0002060 seconds
2016-03-09T22:57:17.550-0500: 1461.385: Total time for which application threads were stopped: 0.0001794 seconds
2016-03-09T22:57:17.551-0500: 1461.385: Total time for which application threads were stopped: 0.0001482 seconds
2016-03-09T22:57:17.551-0500: 1461.385: Total time for which application threads were stopped: 0.0001817 seconds
2016-03-09T22:57:17.551-0500: 1461.385: Total time for which application threads were stopped: 0.0001486 seconds
2016-03-09T22:57:17.551-0500: 1461.386: Total time for which application threads were stopped: 0.0001425 seconds
2016-03-09T22:57:17.551-0500: 1461.386: Total time for which application threads were stopped: 0.0001547 seconds
2016-03-09T22:57:18.428-0500: 1462.263: Total time for which application threads were stopped: 0.0003018 seconds
2016-03-09T22:57:18.429-0500: 1462.263: Total time for which application threads were stopped: 0.0002129 seconds
2016-03-09T22:57:18.429-0500: 1462.264: Total time for which application threads were stopped: 0.0002136 seconds
2016-03-09T22:57:18.430-0500: 1462.264: Total time for which application threads were stopped: 0.0005428 seconds
2016-03-09T22:57:18.434-0500: 1462.268: Total time for which application threads were stopped: 0.0003543 seconds
2016-03-09T22:57:22.794-0500: 1466.628: Total time for which application threads were stopped: 0.0002878 seconds
2016-03-09T22:57:22.820-0500: 1466.654: Total time for which application threads were stopped: 0.0003999 seconds
2016-03-09T22:57:22.820-0500: 1466.654: Total time for which application threads were stopped: 0.0002494 seconds
2016-03-09T22:57:22.823-0500: 1466.658: Total time for which application threads were stopped: 0.0005949 seconds
2016-03-09T22:57:22.824-0500: 1466.659: Total time for which application threads were stopped: 0.0002946 seconds
2016-03-09T22:57:22.825-0500: 1466.660: Total time for which application threads were stopped: 0.0004246 seconds
2016-03-09T22:57:22.838-0500: 1466.673: Total time for which application threads were stopped: 0.0004295 seconds
2016-03-09T22:57:22.839-0500: 1466.673: Total time for which application threads were stopped: 0.0003140 seconds
{Heap before GC invocations=150 (full 1):
 par new generation   total 109248K, used 90090K [0x11000000, 0x19000000, 0x19000000)
  eden space 87424K, 100% used [0x11000000, 0x16560000, 0x16560000)
  from space 21824K,  12% used [0x16560000, 0x167fa980, 0x17ab0000)
  to   space 21824K,   0% used [0x17ab0000, 0x17ab0000, 0x19000000)
 concurrent mark-sweep generation total 393216K, used 56041K [0x19000000, 0x31000000, 0x31000000)
 Metaspace       used 27732K, capacity 28016K, committed 28160K, reserved 29056K
2016-03-09T22:57:22.893-0500: 1466.727: [GC (Allocation Failure) 1466.727: [ParNew
Desired survivor size 20112996 bytes, new threshold 8 (max 8)
- age   1:     938488 bytes,     938488 total
- age   2:      72792 bytes,    1011280 total
- age   3:     123792 bytes,    1135072 total
- age   4:     496328 bytes,    1631400 total
- age   5:      66848 bytes,    1698248 total
- age   6:      87544 bytes,    1785792 total
- age   7:      64264 bytes,    1850056 total
- age   8:      47152 bytes,    1897208 total
: 90090K->2724K(109248K), 0.0191528 secs] 146131K->58873K(502464K), 0.0193562 secs] [Times: user=0.06 sys=0.00, real=0.02 secs] 
Heap after GC invocations=151 (full 1):
 par new generation   total 109248K, used 2724K [0x11000000, 0x19000000, 0x19000000)
  eden space 87424K,   0% used [0x11000000, 0x11000000, 0x16560000)
  from space 21824K,  12% used [0x17ab0000, 0x17d59210, 0x19000000)
  to   space 21824K,   0% used [0x16560000, 0x16560000, 0x17ab0000)
 concurrent mark-sweep generation total 393216K, used 56148K [0x19000000, 0x31000000, 0x31000000)
 Metaspace       used 27732K, capacity 28016K, committed 28160K, reserved 29056K
}
2016-03-09T22:57:22.912-0500: 1466.747: Total time for which application threads were stopped: 0.0199545 seconds
2016-03-09T22:57:23.769-0500: 1467.604: Total time for which application threads were stopped: 0.0003425 seconds
2016-03-09T22:57:23.771-0500: 1467.606: Total time for which application threads were stopped: 0.0002703 seconds
2016-03-09T22:57:23.776-0500: 1467.611: Total time for which application threads were stopped: 0.0002098 seconds
2016-03-09T22:57:39.347-0500: 1483.182: Total time for which application threads were stopped: 0.0003729 seconds
2016-03-09T22:57:39.350-0500: 1483.184: Total time for which application threads were stopped: 0.0002456 seconds
2016-03-09T22:57:39.350-0500: 1483.184: Total time for which application threads were stopped: 0.0001578 seconds
2016-03-09T22:57:39.350-0500: 1483.185: Total time for which application threads were stopped: 0.0001578 seconds
2016-03-09T22:57:39.351-0500: 1483.185: Total time for which application threads were stopped: 0.0003223 seconds
2016-03-09T22:57:39.351-0500: 1483.186: Total time for which application threads were stopped: 0.0002494 seconds
2016-03-09T22:57:39.351-0500: 1483.186: Total time for which application threads were stopped: 0.0002733 seconds
2016-03-09T22:57:39.352-0500: 1483.186: Total time for which application threads were stopped: 0.0002418 seconds
2016-03-09T22:57:39.361-0500: 1483.195: Total time for which application threads were stopped: 0.0003037 seconds
2016-03-09T22:57:39.361-0500: 1483.196: Total time for which application threads were stopped: 0.0002630 seconds
2016-03-09T22:57:40.362-0500: 1484.196: Total time for which application threads were stopped: 0.0002509 seconds
2016-03-09T22:57:43.562-0500: 1487.397: Total time for which application threads were stopped: 0.0018615 seconds
2016-03-09T22:57:44.562-0500: 1488.397: Total time for which application threads were stopped: 0.0002475 seconds
2016-03-09T22:57:50.564-0500: 1494.399: Total time for which application threads were stopped: 0.0003528 seconds
2016-03-09T22:57:58.565-0500: 1502.399: Total time for which application threads were stopped: 0.0002269 seconds
2016-03-09T22:57:58.673-0500: 1502.507: Total time for which application threads were stopped: 0.0005204 seconds
2016-03-09T22:57:58.681-0500: 1502.516: Total time for which application threads were stopped: 0.0003626 seconds
2016-03-09T22:57:58.682-0500: 1502.516: Total time for which application threads were stopped: 0.0002296 seconds
2016-03-09T22:57:58.704-0500: 1502.539: Total time for which application threads were stopped: 0.0002471 seconds
2016-03-09T22:57:59.704-0500: 1503.539: Total time for which application threads were stopped: 0.0003672 seconds
2016-03-09T22:58:06.706-0500: 1510.540: Total time for which application threads were stopped: 0.0002110 seconds
2016-03-09T22:58:09.706-0500: 1513.540: Total time for which application threads were stopped: 0.0002296 seconds
2016-03-09T22:58:55.716-0500: 1559.550: Total time for which application threads were stopped: 0.0002262 seconds
2016-03-09T22:59:00.716-0500: 1564.551: Total time for which application threads were stopped: 0.0002338 seconds
2016-03-09T23:03:48.505-0500: 1852.340: Total time for which application threads were stopped: 0.0003942 seconds
{Heap before GC invocations=151 (full 1):
 par new generation   total 109248K, used 90148K [0x11000000, 0x19000000, 0x19000000)
  eden space 87424K, 100% used [0x11000000, 0x16560000, 0x16560000)
  from space 21824K,  12% used [0x17ab0000, 0x17d59210, 0x19000000)
  to   space 21824K,   0% used [0x16560000, 0x16560000, 0x17ab0000)
 concurrent mark-sweep generation total 393216K, used 56148K [0x19000000, 0x31000000, 0x31000000)
 Metaspace       used 28069K, capacity 28285K, committed 28416K, reserved 29056K
2016-03-09T23:03:48.543-0500: 1852.378: [GC (Allocation Failure) 1852.378: [ParNew
Desired survivor size 20112996 bytes, new threshold 8 (max 8)
- age   1:     751512 bytes,     751512 total
- age   2:     574384 bytes,    1325896 total
- age   3:      72792 bytes,    1398688 total
- age   4:     123792 bytes,    1522480 total
- age   5:     496232 bytes,    2018712 total
- age   6:      66848 bytes,    2085560 total
- age   7:      87512 bytes,    2173072 total
- age   8:      64136 bytes,    2237208 total
: 90148K->2584K(109248K), 0.0223553 secs] 146297K->58779K(502464K), 0.0225629 secs] [Times: user=0.02 sys=0.00, real=0.02 secs] 
Heap after GC invocations=152 (full 1):
 par new generation   total 109248K, used 2584K [0x11000000, 0x19000000, 0x19000000)
  eden space 87424K,   0% used [0x11000000, 0x11000000, 0x16560000)
  from space 21824K,  11% used [0x16560000, 0x167e6398, 0x17ab0000)
  to   space 21824K,   0% used [0x17ab0000, 0x17ab0000, 0x19000000)
 concurrent mark-sweep generation total 393216K, used 56194K [0x19000000, 0x31000000, 0x31000000)
 Metaspace       used 28069K, capacity 28285K, committed 28416K, reserved 29056K
}
2016-03-09T23:03:48.566-0500: 1852.401: Total time for which application threads were stopped: 0.0234854 seconds
2016-03-09T23:03:48.568-0500: 1852.402: Total time for which application threads were stopped: 0.0005580 seconds
2016-03-09T23:03:49.031-0500: 1852.865: Total time for which application threads were stopped: 0.0004607 seconds
2016-03-09T23:03:49.042-0500: 1852.876: Total time for which application threads were stopped: 0.0002965 seconds
2016-03-09T23:03:49.221-0500: 1853.055: Total time for which application threads were stopped: 0.0002999 seconds
2016-03-09T23:04:17.224-0500: 1881.059: Total time for which application threads were stopped: 0.0002695 seconds
2016-03-09T23:04:19.225-0500: 1883.059: Total time for which application threads were stopped: 0.0003052 seconds
2016-03-09T23:04:21.851-0500: 1885.685: Total time for which application threads were stopped: 0.0002763 seconds
2016-03-09T23:04:22.851-0500: 1886.686: Total time for which application threads were stopped: 0.0002486 seconds
2016-03-09T23:09:59.640-0500: 2223.474: Total time for which application threads were stopped: 0.0003949 seconds
2016-03-09T23:09:59.666-0500: 2223.500: Total time for which application threads were stopped: 0.0005614 seconds
2016-03-09T23:10:00.275-0500: 2224.109: Total time for which application threads were stopped: 0.0003269 seconds
2016-03-09T23:10:00.278-0500: 2224.112: Total time for which application threads were stopped: 0.0003471 seconds
2016-03-09T23:10:00.287-0500: 2224.121: Total time for which application threads were stopped: 0.0002756 seconds
2016-03-09T23:10:37.294-0500: 2261.129: Total time for which application threads were stopped: 0.0004379 seconds
2016-03-09T23:10:50.297-0500: 2274.132: Total time for which application threads were stopped: 0.0002136 seconds
2016-03-09T23:10:53.298-0500: 2277.133: Total time for which application threads were stopped: 0.0003326 seconds
2016-03-09T23:11:10.302-0500: 2294.136: Total time for which application threads were stopped: 0.0002763 seconds
2016-03-09T23:12:36.255-0500: 2380.090: Total time for which application threads were stopped: 0.0002532 seconds
2016-03-09T23:12:36.890-0500: 2380.724: Total time for which application threads were stopped: 0.0003680 seconds
2016-03-09T23:12:36.894-0500: 2380.728: Total time for which application threads were stopped: 0.0004143 seconds
2016-03-09T23:12:36.900-0500: 2380.735: Total time for which application threads were stopped: 0.0002809 seconds
2016-03-09T23:12:40.707-0500: 2384.541: Total time for which application threads were stopped: 0.0003877 seconds
2016-03-09T23:13:06.386-0500: 2410.221: Total time for which application threads were stopped: 0.0003429 seconds
2016-03-09T23:13:31.392-0500: 2435.227: Total time for which application threads were stopped: 0.0002387 seconds
{Heap before GC invocations=152 (full 1):
 par new generation   total 109248K, used 90008K [0x11000000, 0x19000000, 0x19000000)
  eden space 87424K, 100% used [0x11000000, 0x16560000, 0x16560000)
  from space 21824K,  11% used [0x16560000, 0x167e6398, 0x17ab0000)
  to   space 21824K,   0% used [0x17ab0000, 0x17ab0000, 0x19000000)
 concurrent mark-sweep generation total 393216K, used 56194K [0x19000000, 0x31000000, 0x31000000)
 Metaspace       used 28183K, capacity 28445K, committed 28544K, reserved 29056K
2016-03-09T23:13:44.578-0500: 2448.413: [GC (Allocation Failure) 2448.413: [ParNew
Desired survivor size 20112996 bytes, new threshold 8 (max 8)
- age   1:     502696 bytes,     502696 total
- age   2:     176088 bytes,     678784 total
- age   3:     560392 bytes,    1239176 total
- age   4:      72792 bytes,    1311968 total
- age   5:     123448 bytes,    1435416 total
- age   6:     496232 bytes,    1931648 total
- age   7:      66848 bytes,    1998496 total
- age   8:      87512 bytes,    2086008 total
: 90008K->2888K(109248K), 0.0919680 secs] 146203K->59146K(502464K), 0.0923082 secs] [Times: user=0.16 sys=0.14, real=0.09 secs] 
Heap after GC invocations=153 (full 1):
 par new generation   total 109248K, used 2888K [0x11000000, 0x19000000, 0x19000000)
  eden space 87424K,   0% used [0x11000000, 0x11000000, 0x16560000)
  from space 21824K,  13% used [0x17ab0000, 0x17d822b0, 0x19000000)
  to   space 21824K,   0% used [0x16560000, 0x16560000, 0x17ab0000)
 concurrent mark-sweep generation total 393216K, used 56257K [0x19000000, 0x31000000, 0x31000000)
 Metaspace       used 28183K, capacity 28445K, committed 28544K, reserved 29056K
}
2016-03-09T23:13:44.671-0500: 2448.505: Total time for which application threads were stopped: 0.0934418 seconds
2016-03-09T23:13:45.671-0500: 2449.506: Total time for which application threads were stopped: 0.0002988 seconds
2016-03-09T23:13:51.646-0500: 2455.480: Total time for which application threads were stopped: 0.0003839 seconds
2016-03-09T23:13:54.123-0500: 2457.958: Total time for which application threads were stopped: 0.0006173 seconds
2016-03-09T23:13:54.714-0500: 2458.548: Total time for which application threads were stopped: 0.0003094 seconds
2016-03-09T23:14:44.977-0500: 2508.812: Total time for which application threads were stopped: 0.0003208 seconds
2016-03-09T23:14:45.549-0500: 2509.383: Total time for which application threads were stopped: 0.0004189 seconds
2016-03-09T23:14:45.554-0500: 2509.389: Total time for which application threads were stopped: 0.0003501 seconds
2016-03-09T23:14:45.562-0500: 2509.397: Total time for which application threads were stopped: 0.0003151 seconds
2016-03-09T23:15:16.568-0500: 2540.402: Total time for which application threads were stopped: 0.0006652 seconds
2016-03-09T23:15:17.568-0500: 2541.403: Total time for which application threads were stopped: 0.0002300 seconds
2016-03-09T23:15:36.574-0500: 2560.409: Total time for which application threads were stopped: 0.0002893 seconds
2016-03-09T23:15:47.577-0500: 2571.412: Total time for which application threads were stopped: 0.0004364 seconds
2016-03-09T23:15:48.578-0500: 2572.412: Total time for which application threads were stopped: 0.0002277 seconds
{Heap before GC invocations=153 (full 1):
 par new generation   total 109248K, used 90312K [0x11000000, 0x19000000, 0x19000000)
  eden space 87424K, 100% used [0x11000000, 0x16560000, 0x16560000)
  from space 21824K,  13% used [0x17ab0000, 0x17d822b0, 0x19000000)
  to   space 21824K,   0% used [0x16560000, 0x16560000, 0x17ab0000)
 concurrent mark-sweep generation total 393216K, used 56257K [0x19000000, 0x31000000, 0x31000000)
 Metaspace       used 28221K, capacity 28482K, committed 28544K, reserved 29056K
2016-03-09T23:16:00.081-0500: 2583.916: [GC (Allocation Failure) 2583.916: [ParNew
Desired survivor size 20112996 bytes, new threshold 8 (max 8)
- age   1:     355304 bytes,     355304 total
- age   2:      67328 bytes,     422632 total
- age   3:     166568 bytes,     589200 total
- age   4:     560328 bytes,    1149528 total
- age   5:      72792 bytes,    1222320 total
- age   6:     123448 bytes,    1345768 total
- age   7:     496232 bytes,    1842000 total
- age   8:      66848 bytes,    1908848 total
: 90312K->2802K(109248K), 0.0198298 secs] 146570K->59144K(502464K), 0.0201780 secs] [Times: user=0.06 sys=0.00, real=0.02 secs] 
Heap after GC invocations=154 (full 1):
 par new generation   total 109248K, used 2802K [0x11000000, 0x19000000, 0x19000000)
  eden space 87424K,   0% used [0x11000000, 0x11000000, 0x16560000)
  from space 21824K,  12% used [0x16560000, 0x1681c818, 0x17ab0000)
  to   space 21824K,   0% used [0x17ab0000, 0x17ab0000, 0x19000000)
 concurrent mark-sweep generation total 393216K, used 56342K [0x19000000, 0x31000000, 0x31000000)
 Metaspace       used 28221K, capacity 28482K, committed 28544K, reserved 29056K
}
2016-03-09T23:16:00.102-0500: 2583.936: Total time for which application threads were stopped: 0.0209857 seconds
2016-03-09T23:16:00.562-0500: 2584.397: Total time for which application threads were stopped: 0.0007112 seconds
2016-03-09T23:16:00.571-0500: 2584.405: Total time for which application threads were stopped: 0.0003144 seconds
2016-03-09T23:16:38.580-0500: 2622.415: Total time for which application threads were stopped: 0.0002832 seconds
2016-03-09T23:17:01.583-0500: 2645.418: Total time for which application threads were stopped: 0.0002938 seconds
2016-03-09T23:17:28.588-0500: 2672.423: Total time for which application threads were stopped: 0.0002950 seconds
2016-03-09T23:17:28.725-0500: 2672.559: Total time for which application threads were stopped: 0.0003680 seconds
2016-03-09T23:18:33.556-0500: 2737.390: Total time for which application threads were stopped: 0.0003957 seconds
2016-03-09T23:18:34.021-0500: 2737.855: Total time for which application threads were stopped: 0.0003429 seconds
2016-03-09T23:18:34.028-0500: 2737.862: Total time for which application threads were stopped: 0.0003132 seconds
2016-03-09T23:18:42.029-0500: 2745.863: Total time for which application threads were stopped: 0.0002805 seconds
2016-03-09T23:18:42.202-0500: 2746.037: Total time for which application threads were stopped: 0.0005173 seconds
{Heap before GC invocations=154 (full 1):
 par new generation   total 109248K, used 90226K [0x11000000, 0x19000000, 0x19000000)
  eden space 87424K, 100% used [0x11000000, 0x16560000, 0x16560000)
  from space 21824K,  12% used [0x16560000, 0x1681c818, 0x17ab0000)
  to   space 21824K,   0% used [0x17ab0000, 0x17ab0000, 0x19000000)
 concurrent mark-sweep generation total 393216K, used 56342K [0x19000000, 0x31000000, 0x31000000)
 Metaspace       used 28273K, capacity 28551K, committed 28672K, reserved 29056K
2016-03-09T23:18:57.508-0500: 2761.342: [GC (Allocation Failure) 2761.342: [ParNew
Desired survivor size 20112996 bytes, new threshold 8 (max 8)
- age   1:    3211216 bytes,    3211216 total
- age   2:      17952 bytes,    3229168 total
- age   3:      65240 bytes,    3294408 total
- age   4:     166280 bytes,    3460688 total
- age   5:     560328 bytes,    4021016 total
- age   6:      72792 bytes,    4093808 total
- age   7:     123448 bytes,    4217256 total
- age   8:     496232 bytes,    4713488 total
: 90226K->5052K(109248K), 0.0310316 secs] 146568K->61460K(502464K), 0.0313832 secs] [Times: user=0.08 sys=0.05, real=0.03 secs] 
Heap after GC invocations=155 (full 1):
 par new generation   total 109248K, used 5052K [0x11000000, 0x19000000, 0x19000000)
  eden space 87424K,   0% used [0x11000000, 0x11000000, 0x16560000)
  from space 21824K,  23% used [0x17ab0000, 0x17f9f2f0, 0x19000000)
  to   space 21824K,   0% used [0x16560000, 0x16560000, 0x17ab0000)
 concurrent mark-sweep generation total 393216K, used 56408K [0x19000000, 0x31000000, 0x31000000)
 Metaspace       used 28273K, capacity 28551K, committed 28672K, reserved 29056K
}
2016-03-09T23:18:57.539-0500: 2761.374: Total time for which application threads were stopped: 0.0320248 seconds
2016-03-09T23:18:57.917-0500: 2761.751: Total time for which application threads were stopped: 0.0004086 seconds
2016-03-09T23:20:17.078-0500: 2840.912: Total time for which application threads were stopped: 0.0002714 seconds
2016-03-09T23:20:17.582-0500: 2841.416: Total time for which application threads were stopped: 0.0002954 seconds
2016-03-09T23:20:17.584-0500: 2841.419: Total time for which application threads were stopped: 0.0004634 seconds
2016-03-09T23:20:17.591-0500: 2841.425: Total time for which application threads were stopped: 0.0003011 seconds
2016-03-09T23:23:45.754-0500: 3049.589: Total time for which application threads were stopped: 0.0010837 seconds
2016-03-09T23:23:46.201-0500: 3050.036: Total time for which application threads were stopped: 0.0003003 seconds
2016-03-09T23:23:46.202-0500: 3050.036: Total time for which application threads were stopped: 0.0002376 seconds
2016-03-09T23:24:46.217-0500: 3110.051: Total time for which application threads were stopped: 0.0002794 seconds
2016-03-09T23:25:47.702-0500: 3171.536: Total time for which application threads were stopped: 0.0002722 seconds
2016-03-09T23:25:48.208-0500: 3172.043: Total time for which application threads were stopped: 0.0003547 seconds
2016-03-09T23:25:48.211-0500: 3172.046: Total time for which application threads were stopped: 0.0005173 seconds
2016-03-09T23:25:48.220-0500: 3172.054: Total time for which application threads were stopped: 0.0002961 seconds
2016-03-09T23:29:52.231-0500: 3416.065: Total time for which application threads were stopped: 0.0002897 seconds
2016-03-09T23:29:52.848-0500: 3416.682: Total time for which application threads were stopped: 0.0003147 seconds
2016-03-09T23:29:52.852-0500: 3416.686: Total time for which application threads were stopped: 0.0002961 seconds
2016-03-09T23:29:52.861-0500: 3416.695: Total time for which application threads were stopped: 0.0002916 seconds
2016-03-09T23:30:20.867-0500: 3444.702: Total time for which application threads were stopped: 0.0003049 seconds
2016-03-09T23:32:31.899-0500: 3575.734: Total time for which application threads were stopped: 0.0002459 seconds
2016-03-09T23:34:57.287-0500: 3721.121: Total time for which application threads were stopped: 0.0003718 seconds
2016-03-09T23:34:57.985-0500: 3721.820: Total time for which application threads were stopped: 0.0003957 seconds
2016-03-09T23:35:07.989-0500: 3731.823: Total time for which application threads were stopped: 0.0002178 seconds
2016-03-09T23:35:35.772-0500: 3759.606: Total time for which application threads were stopped: 0.0005424 seconds
2016-03-09T23:35:35.774-0500: 3759.608: Total time for which application threads were stopped: 0.0001813 seconds
2016-03-09T23:35:35.774-0500: 3759.609: Total time for which application threads were stopped: 0.0002543 seconds
2016-03-09T23:35:35.775-0500: 3759.609: Total time for which application threads were stopped: 0.0002041 seconds
2016-03-09T23:35:35.775-0500: 3759.610: Total time for which application threads were stopped: 0.0002729 seconds
2016-03-09T23:35:35.793-0500: 3759.628: Total time for which application threads were stopped: 0.0004702 seconds
2016-03-09T23:35:35.794-0500: 3759.629: Total time for which application threads were stopped: 0.0005588 seconds
2016-03-09T23:35:36.387-0500: 3760.222: Total time for which application threads were stopped: 0.0004660 seconds
2016-03-09T23:35:36.765-0500: 3760.599: Total time for which application threads were stopped: 0.0003155 seconds
{Heap before GC invocations=155 (full 1):
 par new generation   total 109248K, used 92476K [0x11000000, 0x19000000, 0x19000000)
  eden space 87424K, 100% used [0x11000000, 0x16560000, 0x16560000)
  from space 21824K,  23% used [0x17ab0000, 0x17f9f2f0, 0x19000000)
  to   space 21824K,   0% used [0x16560000, 0x16560000, 0x17ab0000)
 concurrent mark-sweep generation total 393216K, used 56408K [0x19000000, 0x31000000, 0x31000000)
 Metaspace       used 28351K, capacity 28644K, committed 28672K, reserved 29056K
2016-03-09T23:35:54.500-0500: 3778.334: [GC (Allocation Failure) 3778.334: [ParNew
Desired survivor size 20112996 bytes, new threshold 8 (max 8)
- age   1:    2737720 bytes,    2737720 total
- age   2:      17584 bytes,    2755304 total
- age   3:      17912 bytes,    2773216 total
- age   4:      62528 bytes,    2835744 total
- age   5:     164104 bytes,    2999848 total
- age   6:     560328 bytes,    3560176 total
- age   7:      72792 bytes,    3632968 total
- age   8:     123448 bytes,    3756416 total
: 92476K->6381K(109248K), 0.0263968 secs] 148884K->63274K(502464K), 0.0266294 secs] [Times: user=0.08 sys=0.05, real=0.03 secs] 
Heap after GC invocations=156 (full 1):
 par new generation   total 109248K, used 6381K [0x11000000, 0x19000000, 0x19000000)
  eden space 87424K,   0% used [0x11000000, 0x11000000, 0x16560000)
  from space 21824K,  29% used [0x16560000, 0x16b9b628, 0x17ab0000)
  to   space 21824K,   0% used [0x17ab0000, 0x17ab0000, 0x19000000)
 concurrent mark-sweep generation total 393216K, used 56892K [0x19000000, 0x31000000, 0x31000000)
 Metaspace       used 28351K, capacity 28644K, committed 28672K, reserved 29056K
}
2016-03-09T23:35:54.526-0500: 3778.361: Total time for which application threads were stopped: 0.0277526 seconds
2016-03-09T23:36:26.534-0500: 3810.368: Total time for which application threads were stopped: 0.0004904 seconds
2016-03-09T23:38:35.587-0500: 3939.422: Total time for which application threads were stopped: 0.0003873 seconds
2016-03-09T23:38:36.055-0500: 3939.890: Total time for which application threads were stopped: 0.0003261 seconds
2016-03-09T23:38:36.059-0500: 3939.893: Total time for which application threads were stopped: 0.0003649 seconds
2016-03-09T23:38:36.073-0500: 3939.907: Total time for which application threads were stopped: 0.0003185 seconds
2016-03-09T23:39:01.077-0500: 3964.911: Total time for which application threads were stopped: 0.0003471 seconds
2016-03-09T23:39:31.083-0500: 3994.917: Total time for which application threads were stopped: 0.0002828 seconds
2016-03-09T23:39:32.083-0500: 3995.917: Total time for which application threads were stopped: 0.0002083 seconds
2016-03-09T23:40:00.785-0500: 4024.620: Total time for which application threads were stopped: 0.0003478 seconds
2016-03-09T23:40:00.798-0500: 4024.633: Total time for which application threads were stopped: 0.0002980 seconds
2016-03-09T23:40:01.799-0500: 4025.633: Total time for which application threads were stopped: 0.0002475 seconds
{Heap before GC invocations=156 (full 1):
 par new generation   total 109248K, used 93805K [0x11000000, 0x19000000, 0x19000000)
  eden space 87424K, 100% used [0x11000000, 0x16560000, 0x16560000)
  from space 21824K,  29% used [0x16560000, 0x16b9b628, 0x17ab0000)
  to   space 21824K,   0% used [0x17ab0000, 0x17ab0000, 0x19000000)
 concurrent mark-sweep generation total 393216K, used 56892K [0x19000000, 0x31000000, 0x31000000)
 Metaspace       used 28380K, capacity 28649K, committed 28672K, reserved 29056K
2016-03-09T23:40:37.268-0500: 4061.103: [GC (Allocation Failure) 4061.103: [ParNew
Desired survivor size 20112996 bytes, new threshold 8 (max 8)
- age   1:     618080 bytes,     618080 total
- age   2:      84600 bytes,     702680 total
- age   3:      10152 bytes,     712832 total
- age   4:       4808 bytes,     717640 total
- age   5:      31928 bytes,     749568 total
- age   6:     162624 bytes,     912192 total
- age   7:     560328 bytes,    1472520 total
- age   8:      72792 bytes,    1545312 total
: 93805K->2285K(109248K), 0.0195173 secs] 150698K->59299K(502464K), 0.0199461 secs] [Times: user=0.06 sys=0.00, real=0.02 secs] 
Heap after GC invocations=157 (full 1):
 par new generation   total 109248K, used 2285K [0x11000000, 0x19000000, 0x19000000)
  eden space 87424K,   0% used [0x11000000, 0x11000000, 0x16560000)
  from space 21824K,  10% used [0x17ab0000, 0x17ceb7c0, 0x19000000)
  to   space 21824K,   0% used [0x16560000, 0x16560000, 0x17ab0000)
 concurrent mark-sweep generation total 393216K, used 57013K [0x19000000, 0x31000000, 0x31000000)
 Metaspace       used 28380K, capacity 28649K, committed 28672K, reserved 29056K
}
2016-03-09T23:40:37.289-0500: 4061.123: Total time for which application threads were stopped: 0.0207117 seconds
2016-03-09T23:40:51.292-0500: 4075.126: Total time for which application threads were stopped: 0.0002342 seconds
2016-03-09T23:41:00.294-0500: 4084.128: Total time for which application threads were stopped: 0.0003014 seconds
2016-03-09T23:41:00.367-0500: 4084.201: Total time for which application threads were stopped: 0.0004824 seconds
2016-03-09T23:41:00.381-0500: 4084.215: Total time for which application threads were stopped: 0.0003322 seconds
2016-03-09T23:41:01.382-0500: 4085.217: Total time for which application threads were stopped: 0.0002151 seconds
2016-03-09T23:41:21.388-0500: 4105.223: Total time for which application threads were stopped: 0.0002938 seconds
2016-03-09T23:41:36.391-0500: 4120.226: Total time for which application threads were stopped: 0.0002900 seconds
2016-03-09T23:41:42.394-0500: 4126.228: Total time for which application threads were stopped: 0.0002809 seconds
2016-03-09T23:41:55.396-0500: 4139.230: Total time for which application threads were stopped: 0.0002623 seconds
2016-03-09T23:42:03.398-0500: 4147.232: Total time for which application threads were stopped: 0.0002372 seconds
{Heap before GC invocations=157 (full 1):
 par new generation   total 109248K, used 89709K [0x11000000, 0x19000000, 0x19000000)
  eden space 87424K, 100% used [0x11000000, 0x16560000, 0x16560000)
  from space 21824K,  10% used [0x17ab0000, 0x17ceb7c0, 0x19000000)
  to   space 21824K,   0% used [0x16560000, 0x16560000, 0x17ab0000)
 concurrent mark-sweep generation total 393216K, used 57013K [0x19000000, 0x31000000, 0x31000000)
 Metaspace       used 28400K, capacity 28713K, committed 28800K, reserved 29056K
2016-03-09T23:42:05.042-0500: 4148.876: [GC (Allocation Failure) 4148.876: [ParNew
Desired survivor size 20112996 bytes, new threshold 8 (max 8)
- age   1:    2577208 bytes,    2577208 total
- age   2:     117320 bytes,    2694528 total
- age   3:      82080 bytes,    2776608 total
- age   4:       9056 bytes,    2785664 total
- age   5:       4808 bytes,    2790472 total
- age   6:      31928 bytes,    2822400 total
- age   7:     162608 bytes,    2985008 total
- age   8:     560328 bytes,    3545336 total
: 89709K->4172K(109248K), 0.0177893 secs] 146723K->61256K(502464K), 0.0180398 secs] [Times: user=0.02 sys=0.00, real=0.02 secs] 
Heap after GC invocations=158 (full 1):
 par new generation   total 109248K, used 4172K [0x11000000, 0x19000000, 0x19000000)
  eden space 87424K,   0% used [0x11000000, 0x11000000, 0x16560000)
  from space 21824K,  19% used [0x16560000, 0x169730c0, 0x17ab0000)
  to   space 21824K,   0% used [0x17ab0000, 0x17ab0000, 0x19000000)
 concurrent mark-sweep generation total 393216K, used 57084K [0x19000000, 0x31000000, 0x31000000)
 Metaspace       used 28400K, capacity 28713K, committed 28800K, reserved 29056K
}
2016-03-09T23:42:05.060-0500: 4148.894: Total time for which application threads were stopped: 0.0190927 seconds
2016-03-09T23:42:11.061-0500: 4154.895: Total time for which application threads were stopped: 0.0002843 seconds
2016-03-09T23:42:12.061-0500: 4155.896: Total time for which application threads were stopped: 0.0002984 seconds
2016-03-09T23:42:39.065-0500: 4182.900: Total time for which application threads were stopped: 0.0002900 seconds
2016-03-09T23:42:57.070-0500: 4200.904: Total time for which application threads were stopped: 0.0011594 seconds
2016-03-09T23:42:58.070-0500: 4201.905: Total time for which application threads were stopped: 0.0002235 seconds
2016-03-09T23:43:09.072-0500: 4212.906: Total time for which application threads were stopped: 0.0002273 seconds
{Heap before GC invocations=158 (full 1):
 par new generation   total 109248K, used 91596K [0x11000000, 0x19000000, 0x19000000)
  eden space 87424K, 100% used [0x11000000, 0x16560000, 0x16560000)
  from space 21824K,  19% used [0x16560000, 0x169730c0, 0x17ab0000)
  to   space 21824K,   0% used [0x17ab0000, 0x17ab0000, 0x19000000)
 concurrent mark-sweep generation total 393216K, used 57084K [0x19000000, 0x31000000, 0x31000000)
 Metaspace       used 28422K, capacity 28713K, committed 28800K, reserved 29056K
2016-03-09T23:43:18.370-0500: 4222.205: [GC (Allocation Failure) 4222.205: [ParNew
Desired survivor size 20112996 bytes, new threshold 8 (max 8)
- age   1:    3041424 bytes,    3041424 total
- age   2:      16864 bytes,    3058288 total
- age   3:      48104 bytes,    3106392 total
- age   4:      81064 bytes,    3187456 total
- age   5:       9056 bytes,    3196512 total
- age   6:       4776 bytes,    3201288 total
- age   7:      31928 bytes,    3233216 total
- age   8:     162576 bytes,    3395792 total
: 91596K->4909K(109248K), 0.0236356 secs] 148680K->62541K(502464K), 0.0240598 secs] [Times: user=0.02 sys=0.00, real=0.03 secs] 
Heap after GC invocations=159 (full 1):
 par new generation   total 109248K, used 4909K [0x11000000, 0x19000000, 0x19000000)
  eden space 87424K,   0% used [0x11000000, 0x11000000, 0x16560000)
  from space 21824K,  22% used [0x17ab0000, 0x17f7b4f8, 0x19000000)
  to   space 21824K,   0% used [0x16560000, 0x16560000, 0x17ab0000)
 concurrent mark-sweep generation total 393216K, used 57631K [0x19000000, 0x31000000, 0x31000000)
 Metaspace       used 28422K, capacity 28713K, committed 28800K, reserved 29056K
}
2016-03-09T23:43:18.395-0500: 4222.229: Total time for which application threads were stopped: 0.0248588 seconds
2016-03-09T23:43:36.398-0500: 4240.232: Total time for which application threads were stopped: 0.0002912 seconds
2016-03-09T23:43:36.701-0500: 4240.536: Total time for which application threads were stopped: 0.0003052 seconds
2016-03-09T23:43:36.709-0500: 4240.544: Total time for which application threads were stopped: 0.0002908 seconds
2016-03-09T23:44:32.937-0500: 4296.771: Total time for which application threads were stopped: 0.0003965 seconds
2016-03-09T23:44:32.949-0500: 4296.783: Total time for which application threads were stopped: 0.0004554 seconds
2016-03-09T23:44:33.439-0500: 4297.273: Total time for which application threads were stopped: 0.0007538 seconds
2016-03-09T23:44:33.443-0500: 4297.277: Total time for which application threads were stopped: 0.0003003 seconds
2016-03-09T23:44:33.451-0500: 4297.285: Total time for which application threads were stopped: 0.0002786 seconds
2016-03-09T23:45:11.462-0500: 4335.297: Total time for which application threads were stopped: 0.0003239 seconds
2016-03-09T23:46:21.578-0500: 4405.413: Total time for which application threads were stopped: 0.0042159 seconds
2016-03-09T23:46:21.596-0500: 4405.431: Total time for which application threads were stopped: 0.0017896 seconds
2016-03-09T23:46:21.610-0500: 4405.445: Total time for which application threads were stopped: 0.0003775 seconds
2016-03-09T23:46:21.613-0500: 4405.448: Total time for which application threads were stopped: 0.0001711 seconds
2016-03-09T23:46:21.626-0500: 4405.461: Total time for which application threads were stopped: 0.0002988 seconds
2016-03-09T23:46:21.631-0500: 4405.466: Total time for which application threads were stopped: 0.0001505 seconds
2016-03-09T23:46:21.632-0500: 4405.466: Total time for which application threads were stopped: 0.0001437 seconds
2016-03-09T23:46:21.633-0500: 4405.467: Total time for which application threads were stopped: 0.0001433 seconds
2016-03-09T23:46:21.633-0500: 4405.467: Total time for which application threads were stopped: 0.0001429 seconds
2016-03-09T23:46:21.633-0500: 4405.468: Total time for which application threads were stopped: 0.0001463 seconds
2016-03-09T23:46:21.634-0500: 4405.468: Total time for which application threads were stopped: 0.0001429 seconds
2016-03-09T23:46:21.636-0500: 4405.471: Total time for which application threads were stopped: 0.0001555 seconds
2016-03-09T23:46:21.641-0500: 4405.475: Total time for which application threads were stopped: 0.0004155 seconds
2016-03-09T23:46:21.641-0500: 4405.476: Total time for which application threads were stopped: 0.0001764 seconds
2016-03-09T23:46:21.644-0500: 4405.478: Total time for which application threads were stopped: 0.0003463 seconds
2016-03-09T23:46:21.645-0500: 4405.479: Total time for which application threads were stopped: 0.0003809 seconds
2016-03-09T23:46:21.645-0500: 4405.479: Total time for which application threads were stopped: 0.0002938 seconds
2016-03-09T23:46:21.646-0500: 4405.480: Total time for which application threads were stopped: 0.0002935 seconds
2016-03-09T23:46:21.646-0500: 4405.481: Total time for which application threads were stopped: 0.0002999 seconds
2016-03-09T23:46:21.647-0500: 4405.481: Total time for which application threads were stopped: 0.0003064 seconds
2016-03-09T23:46:21.648-0500: 4405.482: Total time for which application threads were stopped: 0.0003132 seconds
2016-03-09T23:46:21.648-0500: 4405.483: Total time for which application threads were stopped: 0.0002068 seconds
2016-03-09T23:46:21.649-0500: 4405.483: Total time for which application threads were stopped: 0.0001707 seconds
2016-03-09T23:46:21.649-0500: 4405.484: Total time for which application threads were stopped: 0.0001539 seconds
2016-03-09T23:46:21.650-0500: 4405.484: Total time for which application threads were stopped: 0.0002083 seconds
2016-03-09T23:46:21.650-0500: 4405.485: Total time for which application threads were stopped: 0.0002277 seconds
2016-03-09T23:46:21.650-0500: 4405.485: Total time for which application threads were stopped: 0.0001756 seconds
2016-03-09T23:46:21.651-0500: 4405.485: Total time for which application threads were stopped: 0.0001494 seconds
2016-03-09T23:46:21.651-0500: 4405.486: Total time for which application threads were stopped: 0.0001980 seconds
2016-03-09T23:46:21.652-0500: 4405.486: Total time for which application threads were stopped: 0.0002159 seconds
2016-03-09T23:46:21.652-0500: 4405.486: Total time for which application threads were stopped: 0.0001798 seconds
2016-03-09T23:46:21.652-0500: 4405.487: Total time for which application threads were stopped: 0.0002098 seconds
2016-03-09T23:46:21.653-0500: 4405.488: Total time for which application threads were stopped: 0.0004980 seconds
2016-03-09T23:46:21.661-0500: 4405.495: Total time for which application threads were stopped: 0.0003759 seconds
2016-03-09T23:46:21.662-0500: 4405.496: Total time for which application threads were stopped: 0.0002281 seconds
2016-03-09T23:46:21.663-0500: 4405.497: Total time for which application threads were stopped: 0.0001847 seconds
2016-03-09T23:46:21.666-0500: 4405.501: Total time for which application threads were stopped: 0.0002106 seconds
2016-03-09T23:46:21.667-0500: 4405.502: Total time for which application threads were stopped: 0.0002448 seconds
2016-03-09T23:46:21.668-0500: 4405.503: Total time for which application threads were stopped: 0.0002136 seconds
2016-03-09T23:46:21.669-0500: 4405.503: Total time for which application threads were stopped: 0.0002106 seconds
2016-03-09T23:46:21.673-0500: 4405.508: Total time for which application threads were stopped: 0.0002543 seconds
2016-03-09T23:46:21.674-0500: 4405.509: Total time for which application threads were stopped: 0.0002186 seconds
2016-03-09T23:46:21.675-0500: 4405.509: Total time for which application threads were stopped: 0.0002608 seconds
2016-03-09T23:46:21.676-0500: 4405.510: Total time for which application threads were stopped: 0.0001593 seconds
2016-03-09T23:46:21.679-0500: 4405.514: Total time for which application threads were stopped: 0.0001771 seconds
2016-03-09T23:46:21.681-0500: 4405.516: Total time for which application threads were stopped: 0.0001669 seconds
2016-03-09T23:46:21.681-0500: 4405.516: Total time for which application threads were stopped: 0.0002418 seconds
2016-03-09T23:46:21.682-0500: 4405.516: Total time for which application threads were stopped: 0.0002034 seconds
2016-03-09T23:46:21.683-0500: 4405.517: Total time for which application threads were stopped: 0.0004508 seconds
2016-03-09T23:46:21.685-0500: 4405.520: Total time for which application threads were stopped: 0.0003699 seconds
2016-03-09T23:46:21.687-0500: 4405.522: Total time for which application threads were stopped: 0.0001711 seconds
2016-03-09T23:46:21.689-0500: 4405.524: Total time for which application threads were stopped: 0.0003109 seconds
2016-03-09T23:46:21.728-0500: 4405.562: Total time for which application threads were stopped: 0.0004561 seconds
2016-03-09T23:46:21.728-0500: 4405.562: Total time for which application threads were stopped: 0.0001939 seconds
2016-03-09T23:46:21.729-0500: 4405.563: Total time for which application threads were stopped: 0.0001711 seconds
2016-03-09T23:46:21.730-0500: 4405.564: Total time for which application threads were stopped: 0.0003417 seconds
2016-03-09T23:46:21.730-0500: 4405.564: Total time for which application threads were stopped: 0.0001209 seconds
Heap
 par new generation   total 109248K, used 37818K [0x11000000, 0x19000000, 0x19000000)
  eden space 87424K,  37% used [0x11000000, 0x130234d0, 0x16560000)
  from space 21824K,  22% used [0x17ab0000, 0x17f7b4f8, 0x19000000)
  to   space 21824K,   0% used [0x16560000, 0x16560000, 0x17ab0000)
 concurrent mark-sweep generation total 393216K, used 57631K [0x19000000, 0x31000000, 0x31000000)
 Metaspace       used 28473K, capacity 28745K, committed 28800K, reserved 29056K
