Java HotSpot(TM) 64-Bit Server VM (24.80-b11) for windows-amd64 JRE (1.7.0_80-b15), built on Apr 10 2015 11:26:34 by "java_re" with unknown MS VC++:1600
Memory: 4k page, physical 8291420k(4779596k free), swap 16580980k(12634536k free)
CommandLine flags: -XX:CMSFullGCsBeforeCompaction=1 -XX:CMSInitiatingOccupancyFraction=50 -XX:CMSMaxAbortablePrecleanTime=6000 -XX:+CMSParallelRemarkEnabled -XX:+CMSScavengeBeforeRemark -XX:CMSTriggerPermRatio=80 -XX:ConcGCThreads=4 -XX:InitialHeapSize=536870912 -XX:MaxHeapSize=536870912 -XX:MaxTenuringThreshold=8 -XX:NewRatio=3 -XX:OldPLABSize=16 -XX:ParallelGCThreads=4 -XX:+ParallelRefProcEnabled -XX:PretenureSizeThreshold=67108864 -XX:+PrintGC -XX:+PrintGCApplicationStoppedTime -XX:+PrintGCDateStamps -XX:+PrintGCDetails -XX:+PrintGCTimeStamps -XX:+PrintHeapAtGC -XX:+PrintTenuringDistribution -XX:SurvivorRatio=4 -XX:TargetSurvivorRatio=90 -XX:ThreadStackSize=256 -XX:+UseCMSInitiatingOccupancyOnly -XX:+UseCompressedOops -XX:+UseConcMarkSweepGC -XX:-UseLargePagesIndividualAllocation -XX:+UseParNewGC 
2017-01-19T14:36:27.992-0500: 4.250: Total time for which application threads were stopped: 0.0002881 seconds, Stopping threads took: 0.0000326 seconds
2017-01-19T14:36:30.130-0500: 6.387: Total time for which application threads were stopped: 0.0001719 seconds, Stopping threads took: 0.0000649 seconds
2017-01-19T14:36:30.130-0500: 6.388: Total time for which application threads were stopped: 0.0000817 seconds, Stopping threads took: 0.0000392 seconds
2017-01-19T14:36:30.131-0500: 6.388: Total time for which application threads were stopped: 0.0001015 seconds, Stopping threads took: 0.0000627 seconds
{Heap before GC invocations=0 (full 0):
 par new generation   total 109248K, used 87424K [0x00000000dae00000, 0x00000000e2e00000, 0x00000000e2e00000)
  eden space 87424K, 100% used [0x00000000dae00000, 0x00000000e0360000, 0x00000000e0360000)
  from space 21824K,   0% used [0x00000000e0360000, 0x00000000e0360000, 0x00000000e18b0000)
  to   space 21824K,   0% used [0x00000000e18b0000, 0x00000000e18b0000, 0x00000000e2e00000)
 concurrent mark-sweep generation total 393216K, used 0K [0x00000000e2e00000, 0x00000000fae00000, 0x00000000fae00000)
 concurrent-mark-sweep perm gen total 21248K, used 9607K [0x00000000fae00000, 0x00000000fc2c0000, 0x0000000100000000)
2017-01-19T14:36:30.820-0500: 7.077: [GC2017-01-19T14:36:30.820-0500: 7.078: [ParNew
Desired survivor size 20112992 bytes, new threshold 8 (max 8)
- age   1:    5356456 bytes,    5356456 total
: 87424K->5295K(109248K), 0.0058902 secs] 87424K->5295K(502464K), 0.0060468 secs] [Times: user=0.00 sys=0.00, real=0.01 secs] 
Heap after GC invocations=1 (full 0):
 par new generation   total 109248K, used 5295K [0x00000000dae00000, 0x00000000e2e00000, 0x00000000e2e00000)
  eden space 87424K,   0% used [0x00000000dae00000, 0x00000000dae00000, 0x00000000e0360000)
  from space 21824K,  24% used [0x00000000e18b0000, 0x00000000e1ddbc18, 0x00000000e2e00000)
  to   space 21824K,   0% used [0x00000000e0360000, 0x00000000e0360000, 0x00000000e18b0000)
 concurrent mark-sweep generation total 393216K, used 0K [0x00000000e2e00000, 0x00000000fae00000, 0x00000000fae00000)
 concurrent-mark-sweep perm gen total 21248K, used 9607K [0x00000000fae00000, 0x00000000fc2c0000, 0x0000000100000000)
}
2017-01-19T14:36:30.826-0500: 7.084: Total time for which application threads were stopped: 0.0062135 seconds, Stopping threads took: 0.0000132 seconds
2017-01-19T14:36:30.826-0500: 7.084: Total time for which application threads were stopped: 0.0000352 seconds, Stopping threads took: 0.0000161 seconds
2017-01-19T14:36:30.826-0500: 7.084: Total time for which application threads were stopped: 0.0000517 seconds, Stopping threads took: 0.0000088 seconds
2017-01-19T14:36:30.826-0500: 7.084: Total time for which application threads were stopped: 0.0000290 seconds, Stopping threads took: 0.0000158 seconds
2017-01-19T14:36:30.827-0500: 7.084: Total time for which application threads were stopped: 0.0000473 seconds, Stopping threads took: 0.0000139 seconds
2017-01-19T14:36:30.827-0500: 7.084: Total time for which application threads were stopped: 0.0000227 seconds, Stopping threads took: 0.0000121 seconds
2017-01-19T14:36:30.827-0500: 7.084: Total time for which application threads were stopped: 0.0000341 seconds, Stopping threads took: 0.0000070 seconds
2017-01-19T14:36:30.827-0500: 7.084: Total time for which application threads were stopped: 0.0000205 seconds, Stopping threads took: 0.0000110 seconds
2017-01-19T14:36:30.827-0500: 7.084: Total time for which application threads were stopped: 0.0000352 seconds, Stopping threads took: 0.0000114 seconds
2017-01-19T14:36:30.827-0500: 7.084: Total time for which application threads were stopped: 0.0000205 seconds, Stopping threads took: 0.0000110 seconds
2017-01-19T14:36:30.827-0500: 7.084: Total time for which application threads were stopped: 0.0000429 seconds, Stopping threads took: 0.0000139 seconds
2017-01-19T14:36:30.827-0500: 7.084: Total time for which application threads were stopped: 0.0000202 seconds, Stopping threads took: 0.0000110 seconds
2017-01-19T14:36:30.827-0500: 7.084: Total time for which application threads were stopped: 0.0000326 seconds, Stopping threads took: 0.0000059 seconds
2017-01-19T14:36:30.827-0500: 7.084: Total time for which application threads were stopped: 0.0000205 seconds, Stopping threads took: 0.0000110 seconds
2017-01-19T14:36:30.827-0500: 7.084: Total time for which application threads were stopped: 0.0000209 seconds, Stopping threads took: 0.0000110 seconds
2017-01-19T14:36:30.827-0500: 7.084: Total time for which application threads were stopped: 0.0000216 seconds, Stopping threads took: 0.0000117 seconds
2017-01-19T14:36:30.827-0500: 7.084: Total time for which application threads were stopped: 0.0000246 seconds, Stopping threads took: 0.0000139 seconds
2017-01-19T14:36:30.827-0500: 7.084: Total time for which application threads were stopped: 0.0000150 seconds, Stopping threads took: 0.0000059 seconds
2017-01-19T14:36:30.827-0500: 7.084: Total time for which application threads were stopped: 0.0000260 seconds, Stopping threads took: 0.0000136 seconds
2017-01-19T14:36:30.827-0500: 7.084: Total time for which application threads were stopped: 0.0000202 seconds, Stopping threads took: 0.0000110 seconds
2017-01-19T14:36:30.827-0500: 7.085: Total time for which application threads were stopped: 0.0000209 seconds, Stopping threads took: 0.0000106 seconds
2017-01-19T14:36:30.827-0500: 7.085: Total time for which application threads were stopped: 0.0000198 seconds, Stopping threads took: 0.0000106 seconds
2017-01-19T14:36:30.827-0500: 7.085: Total time for which application threads were stopped: 0.0000147 seconds, Stopping threads took: 0.0000059 seconds
2017-01-19T14:36:30.827-0500: 7.085: Total time for which application threads were stopped: 0.0000224 seconds, Stopping threads took: 0.0000132 seconds
2017-01-19T14:36:30.827-0500: 7.085: Total time for which application threads were stopped: 0.0000161 seconds, Stopping threads took: 0.0000062 seconds
2017-01-19T14:36:30.827-0500: 7.085: Total time for which application threads were stopped: 0.0000209 seconds, Stopping threads took: 0.0000117 seconds
2017-01-19T14:36:30.828-0500: 7.085: Total time for which application threads were stopped: 0.0000880 seconds, Stopping threads took: 0.0000139 seconds
2017-01-19T14:36:30.828-0500: 7.085: Total time for which application threads were stopped: 0.0000202 seconds, Stopping threads took: 0.0000106 seconds
2017-01-19T14:36:30.828-0500: 7.085: Total time for which application threads were stopped: 0.0000238 seconds, Stopping threads took: 0.0000125 seconds
2017-01-19T14:36:30.828-0500: 7.085: Total time for which application threads were stopped: 0.0000227 seconds, Stopping threads took: 0.0000136 seconds
2017-01-19T14:36:30.828-0500: 7.085: Total time for which application threads were stopped: 0.0000202 seconds, Stopping threads took: 0.0000106 seconds
2017-01-19T14:36:30.828-0500: 7.085: Total time for which application threads were stopped: 0.0000198 seconds, Stopping threads took: 0.0000106 seconds
2017-01-19T14:36:30.828-0500: 7.085: Total time for which application threads were stopped: 0.0000224 seconds, Stopping threads took: 0.0000132 seconds
2017-01-19T14:36:30.828-0500: 7.085: Total time for which application threads were stopped: 0.0000227 seconds, Stopping threads took: 0.0000136 seconds
2017-01-19T14:36:30.828-0500: 7.085: Total time for which application threads were stopped: 0.0000205 seconds, Stopping threads took: 0.0000106 seconds
2017-01-19T14:36:30.828-0500: 7.085: Total time for which application threads were stopped: 0.0000209 seconds, Stopping threads took: 0.0000114 seconds
2017-01-19T14:36:30.828-0500: 7.085: Total time for which application threads were stopped: 0.0000213 seconds, Stopping threads took: 0.0000110 seconds
2017-01-19T14:36:30.828-0500: 7.085: Total time for which application threads were stopped: 0.0000143 seconds, Stopping threads took: 0.0000055 seconds
2017-01-19T14:36:30.828-0500: 7.085: Total time for which application threads were stopped: 0.0000209 seconds, Stopping threads took: 0.0000110 seconds
2017-01-19T14:36:30.828-0500: 7.085: Total time for which application threads were stopped: 0.0000202 seconds, Stopping threads took: 0.0000110 seconds
2017-01-19T14:36:30.828-0500: 7.085: Total time for which application threads were stopped: 0.0000202 seconds, Stopping threads took: 0.0000110 seconds
2017-01-19T14:36:30.828-0500: 7.085: Total time for which application threads were stopped: 0.0000194 seconds, Stopping threads took: 0.0000103 seconds
2017-01-19T14:36:30.828-0500: 7.085: Total time for which application threads were stopped: 0.0000198 seconds, Stopping threads took: 0.0000106 seconds
2017-01-19T14:36:30.828-0500: 7.085: Total time for which application threads were stopped: 0.0000198 seconds, Stopping threads took: 0.0000106 seconds
2017-01-19T14:36:30.828-0500: 7.086: Total time for which application threads were stopped: 0.0000249 seconds, Stopping threads took: 0.0000132 seconds
2017-01-19T14:36:30.828-0500: 7.086: Total time for which application threads were stopped: 0.0000209 seconds, Stopping threads took: 0.0000117 seconds
2017-01-19T14:36:30.828-0500: 7.086: Total time for which application threads were stopped: 0.0000718 seconds, Stopping threads took: 0.0000114 seconds
2017-01-19T14:36:30.829-0500: 7.086: Total time for which application threads were stopped: 0.0000378 seconds, Stopping threads took: 0.0000136 seconds
2017-01-19T14:36:30.829-0500: 7.086: Total time for which application threads were stopped: 0.0000407 seconds, Stopping threads took: 0.0000136 seconds
2017-01-19T14:36:30.829-0500: 7.086: Total time for which application threads were stopped: 0.0000374 seconds, Stopping threads took: 0.0000121 seconds
2017-01-19T14:36:30.829-0500: 7.086: Total time for which application threads were stopped: 0.0000392 seconds, Stopping threads took: 0.0000114 seconds
2017-01-19T14:36:30.829-0500: 7.086: Total time for which application threads were stopped: 0.0000326 seconds, Stopping threads took: 0.0000106 seconds
2017-01-19T14:36:30.829-0500: 7.087: Total time for which application threads were stopped: 0.0000297 seconds, Stopping threads took: 0.0000103 seconds
2017-01-19T14:36:30.829-0500: 7.087: Total time for which application threads were stopped: 0.0000323 seconds, Stopping threads took: 0.0000106 seconds
2017-01-19T14:36:30.829-0500: 7.087: Total time for which application threads were stopped: 0.0000348 seconds, Stopping threads took: 0.0000117 seconds
2017-01-19T14:36:30.829-0500: 7.087: Total time for which application threads were stopped: 0.0000319 seconds, Stopping threads took: 0.0000103 seconds
2017-01-19T14:36:30.829-0500: 7.087: Total time for which application threads were stopped: 0.0000345 seconds, Stopping threads took: 0.0000106 seconds
2017-01-19T14:36:30.829-0500: 7.087: Total time for which application threads were stopped: 0.0000297 seconds, Stopping threads took: 0.0000055 seconds
2017-01-19T14:36:30.830-0500: 7.087: Total time for which application threads were stopped: 0.0000367 seconds, Stopping threads took: 0.0000106 seconds
2017-01-19T14:36:30.830-0500: 7.087: Total time for which application threads were stopped: 0.0000286 seconds, Stopping threads took: 0.0000051 seconds
2017-01-19T14:36:30.830-0500: 7.087: Total time for which application threads were stopped: 0.0000264 seconds, Stopping threads took: 0.0000055 seconds
2017-01-19T14:36:30.830-0500: 7.087: Total time for which application threads were stopped: 0.0000260 seconds, Stopping threads took: 0.0000055 seconds
2017-01-19T14:36:30.830-0500: 7.087: Total time for which application threads were stopped: 0.0000253 seconds, Stopping threads took: 0.0000051 seconds
2017-01-19T14:36:30.830-0500: 7.087: Total time for which application threads were stopped: 0.0000260 seconds, Stopping threads took: 0.0000051 seconds
2017-01-19T14:36:30.830-0500: 7.087: Total time for which application threads were stopped: 0.0000312 seconds, Stopping threads took: 0.0000103 seconds
2017-01-19T14:36:30.830-0500: 7.087: Total time for which application threads were stopped: 0.0000253 seconds, Stopping threads took: 0.0000051 seconds
2017-01-19T14:36:30.830-0500: 7.087: Total time for which application threads were stopped: 0.0000308 seconds, Stopping threads took: 0.0000099 seconds
2017-01-19T14:36:30.830-0500: 7.087: Total time for which application threads were stopped: 0.0000246 seconds, Stopping threads took: 0.0000051 seconds
2017-01-19T14:36:30.830-0500: 7.087: Total time for which application threads were stopped: 0.0000304 seconds, Stopping threads took: 0.0000099 seconds
2017-01-19T14:36:30.830-0500: 7.087: Total time for which application threads were stopped: 0.0000257 seconds, Stopping threads took: 0.0000051 seconds
2017-01-19T14:36:30.830-0500: 7.088: Total time for which application threads were stopped: 0.0000257 seconds, Stopping threads took: 0.0000055 seconds
2017-01-19T14:36:30.830-0500: 7.088: Total time for which application threads were stopped: 0.0000257 seconds, Stopping threads took: 0.0000051 seconds
2017-01-19T14:36:30.830-0500: 7.088: Total time for which application threads were stopped: 0.0000583 seconds, Stopping threads took: 0.0000099 seconds
2017-01-19T14:36:30.935-0500: 7.192: Total time for which application threads were stopped: 0.0000502 seconds, Stopping threads took: 0.0000121 seconds
2017-01-19T14:36:31.935-0500: 8.192: Total time for which application threads were stopped: 0.0001147 seconds, Stopping threads took: 0.0000180 seconds
2017-01-19T14:36:32.125-0500: 8.383: Total time for which application threads were stopped: 0.0000817 seconds, Stopping threads took: 0.0000136 seconds
2017-01-19T14:36:32.390-0500: 8.648: Total time for which application threads were stopped: 0.0001276 seconds, Stopping threads took: 0.0000363 seconds
2017-01-19T14:36:32.390-0500: 8.648: Total time for which application threads were stopped: 0.0000370 seconds, Stopping threads took: 0.0000095 seconds
2017-01-19T14:36:32.391-0500: 8.648: Total time for which application threads were stopped: 0.0001561 seconds, Stopping threads took: 0.0001257 seconds
2017-01-19T14:36:32.391-0500: 8.648: Total time for which application threads were stopped: 0.0001067 seconds, Stopping threads took: 0.0000671 seconds
2017-01-19T14:36:32.391-0500: 8.648: Total time for which application threads were stopped: 0.0001118 seconds, Stopping threads took: 0.0000821 seconds
2017-01-19T14:36:32.391-0500: 8.649: Total time for which application threads were stopped: 0.0001206 seconds, Stopping threads took: 0.0000678 seconds
2017-01-19T14:36:32.391-0500: 8.649: Total time for which application threads were stopped: 0.0000315 seconds, Stopping threads took: 0.0000077 seconds
2017-01-19T14:36:32.391-0500: 8.649: Total time for which application threads were stopped: 0.0000297 seconds, Stopping threads took: 0.0000066 seconds
2017-01-19T14:36:32.392-0500: 8.649: Total time for which application threads were stopped: 0.0000997 seconds, Stopping threads took: 0.0000685 seconds
2017-01-19T14:36:32.392-0500: 8.649: Total time for which application threads were stopped: 0.0000334 seconds, Stopping threads took: 0.0000121 seconds
2017-01-19T14:36:32.392-0500: 8.649: Total time for which application threads were stopped: 0.0000242 seconds, Stopping threads took: 0.0000055 seconds
2017-01-19T14:36:32.392-0500: 8.649: Total time for which application threads were stopped: 0.0000257 seconds, Stopping threads took: 0.0000073 seconds
2017-01-19T14:36:32.392-0500: 8.649: Total time for which application threads were stopped: 0.0000249 seconds, Stopping threads took: 0.0000070 seconds
2017-01-19T14:36:32.392-0500: 8.649: Total time for which application threads were stopped: 0.0000231 seconds, Stopping threads took: 0.0000051 seconds
2017-01-19T14:36:32.392-0500: 8.649: Total time for which application threads were stopped: 0.0000231 seconds, Stopping threads took: 0.0000048 seconds
2017-01-19T14:36:32.392-0500: 8.649: Total time for which application threads were stopped: 0.0000227 seconds, Stopping threads took: 0.0000048 seconds
2017-01-19T14:36:32.392-0500: 8.649: Total time for which application threads were stopped: 0.0000231 seconds, Stopping threads took: 0.0000048 seconds
2017-01-19T14:36:32.392-0500: 8.649: Total time for which application threads were stopped: 0.0000227 seconds, Stopping threads took: 0.0000048 seconds
2017-01-19T14:36:32.392-0500: 8.649: Total time for which application threads were stopped: 0.0000227 seconds, Stopping threads took: 0.0000048 seconds
2017-01-19T14:36:32.392-0500: 8.649: Total time for which application threads were stopped: 0.0000806 seconds, Stopping threads took: 0.0000048 seconds
2017-01-19T14:36:32.392-0500: 8.650: Total time for which application threads were stopped: 0.0000249 seconds, Stopping threads took: 0.0000051 seconds
2017-01-19T14:36:32.392-0500: 8.650: Total time for which application threads were stopped: 0.0000231 seconds, Stopping threads took: 0.0000051 seconds
2017-01-19T14:36:32.392-0500: 8.650: Total time for which application threads were stopped: 0.0000224 seconds, Stopping threads took: 0.0000044 seconds
2017-01-19T14:36:32.392-0500: 8.650: Total time for which application threads were stopped: 0.0000224 seconds, Stopping threads took: 0.0000048 seconds
2017-01-19T14:36:32.393-0500: 8.650: Total time for which application threads were stopped: 0.0000242 seconds, Stopping threads took: 0.0000048 seconds
2017-01-19T14:36:32.393-0500: 8.650: Total time for which application threads were stopped: 0.0000220 seconds, Stopping threads took: 0.0000044 seconds
2017-01-19T14:36:32.393-0500: 8.650: Total time for which application threads were stopped: 0.0000231 seconds, Stopping threads took: 0.0000051 seconds
2017-01-19T14:36:32.393-0500: 8.650: Total time for which application threads were stopped: 0.0000227 seconds, Stopping threads took: 0.0000044 seconds
2017-01-19T14:36:32.393-0500: 8.650: Total time for which application threads were stopped: 0.0000169 seconds, Stopping threads took: 0.0000059 seconds
2017-01-19T14:36:32.393-0500: 8.650: Total time for which application threads were stopped: 0.0000132 seconds, Stopping threads took: 0.0000044 seconds
2017-01-19T14:36:32.393-0500: 8.650: Total time for which application threads were stopped: 0.0000132 seconds, Stopping threads took: 0.0000048 seconds
2017-01-19T14:36:32.393-0500: 8.650: Total time for which application threads were stopped: 0.0000132 seconds, Stopping threads took: 0.0000044 seconds
2017-01-19T14:36:32.393-0500: 8.650: Total time for which application threads were stopped: 0.0000128 seconds, Stopping threads took: 0.0000044 seconds
2017-01-19T14:36:32.393-0500: 8.650: Total time for which application threads were stopped: 0.0000128 seconds, Stopping threads took: 0.0000044 seconds
2017-01-19T14:36:32.393-0500: 8.650: Total time for which application threads were stopped: 0.0000132 seconds, Stopping threads took: 0.0000048 seconds
2017-01-19T14:36:32.393-0500: 8.650: Total time for which application threads were stopped: 0.0000128 seconds, Stopping threads took: 0.0000044 seconds
2017-01-19T14:36:32.393-0500: 8.650: Total time for which application threads were stopped: 0.0000128 seconds, Stopping threads took: 0.0000044 seconds
2017-01-19T14:36:32.393-0500: 8.650: Total time for which application threads were stopped: 0.0000132 seconds, Stopping threads took: 0.0000048 seconds
2017-01-19T14:36:32.393-0500: 8.650: Total time for which application threads were stopped: 0.0000128 seconds, Stopping threads took: 0.0000044 seconds
2017-01-19T14:36:32.393-0500: 8.650: Total time for which application threads were stopped: 0.0000128 seconds, Stopping threads took: 0.0000044 seconds
2017-01-19T14:36:32.393-0500: 8.651: Total time for which application threads were stopped: 0.0000128 seconds, Stopping threads took: 0.0000044 seconds
2017-01-19T14:36:32.393-0500: 8.651: Total time for which application threads were stopped: 0.0000128 seconds, Stopping threads took: 0.0000044 seconds
2017-01-19T14:36:32.393-0500: 8.651: Total time for which application threads were stopped: 0.0000128 seconds, Stopping threads took: 0.0000044 seconds
2017-01-19T14:36:32.393-0500: 8.651: Total time for which application threads were stopped: 0.0000128 seconds, Stopping threads took: 0.0000044 seconds
2017-01-19T14:36:32.393-0500: 8.651: Total time for which application threads were stopped: 0.0000132 seconds, Stopping threads took: 0.0000044 seconds
2017-01-19T14:36:32.393-0500: 8.651: Total time for which application threads were stopped: 0.0000132 seconds, Stopping threads took: 0.0000048 seconds
2017-01-19T14:36:32.393-0500: 8.651: Total time for which application threads were stopped: 0.0000132 seconds, Stopping threads took: 0.0000044 seconds
2017-01-19T14:36:32.393-0500: 8.651: Total time for which application threads were stopped: 0.0000634 seconds, Stopping threads took: 0.0000044 seconds
2017-01-19T14:36:32.394-0500: 8.651: Total time for which application threads were stopped: 0.0000964 seconds, Stopping threads took: 0.0000652 seconds
2017-01-19T14:36:32.394-0500: 8.651: Total time for which application threads were stopped: 0.0000744 seconds, Stopping threads took: 0.0000088 seconds
2017-01-19T14:36:32.394-0500: 8.651: Total time for which application threads were stopped: 0.0000356 seconds, Stopping threads took: 0.0000073 seconds
2017-01-19T14:36:32.394-0500: 8.651: Total time for which application threads were stopped: 0.0000315 seconds, Stopping threads took: 0.0000066 seconds
2017-01-19T14:36:32.394-0500: 8.652: Total time for which application threads were stopped: 0.0000458 seconds, Stopping threads took: 0.0000172 seconds
2017-01-19T14:36:32.394-0500: 8.652: Total time for which application threads were stopped: 0.0000359 seconds, Stopping threads took: 0.0000106 seconds
2017-01-19T14:36:32.394-0500: 8.652: Total time for which application threads were stopped: 0.0000370 seconds, Stopping threads took: 0.0000110 seconds
2017-01-19T14:36:32.394-0500: 8.652: Total time for which application threads were stopped: 0.0000286 seconds, Stopping threads took: 0.0000062 seconds
2017-01-19T14:36:32.395-0500: 8.652: Total time for which application threads were stopped: 0.0000550 seconds, Stopping threads took: 0.0000323 seconds
2017-01-19T14:36:32.395-0500: 8.652: Total time for which application threads were stopped: 0.0000341 seconds, Stopping threads took: 0.0000147 seconds
2017-01-19T14:36:32.395-0500: 8.652: Total time for which application threads were stopped: 0.0000290 seconds, Stopping threads took: 0.0000103 seconds
2017-01-19T14:36:32.395-0500: 8.652: Total time for which application threads were stopped: 0.0000249 seconds, Stopping threads took: 0.0000059 seconds
2017-01-19T14:36:32.395-0500: 8.653: Total time for which application threads were stopped: 0.0000825 seconds, Stopping threads took: 0.0000513 seconds
2017-01-19T14:36:32.395-0500: 8.653: Total time for which application threads were stopped: 0.0000451 seconds, Stopping threads took: 0.0000128 seconds
2017-01-19T14:36:32.396-0500: 8.653: Total time for which application threads were stopped: 0.0000462 seconds, Stopping threads took: 0.0000125 seconds
2017-01-19T14:36:32.396-0500: 8.653: Total time for which application threads were stopped: 0.0000469 seconds, Stopping threads took: 0.0000136 seconds
2017-01-19T14:36:32.396-0500: 8.653: Total time for which application threads were stopped: 0.0000466 seconds, Stopping threads took: 0.0000154 seconds
2017-01-19T14:36:32.396-0500: 8.653: Total time for which application threads were stopped: 0.0000451 seconds, Stopping threads took: 0.0000121 seconds
2017-01-19T14:36:32.396-0500: 8.653: Total time for which application threads were stopped: 0.0000535 seconds, Stopping threads took: 0.0000136 seconds
2017-01-19T14:36:32.396-0500: 8.653: Total time for which application threads were stopped: 0.0000462 seconds, Stopping threads took: 0.0000084 seconds
2017-01-19T14:36:32.396-0500: 8.654: Total time for which application threads were stopped: 0.0001246 seconds, Stopping threads took: 0.0000887 seconds
2017-01-19T14:36:32.397-0500: 8.654: Total time for which application threads were stopped: 0.0000513 seconds, Stopping threads took: 0.0000132 seconds
2017-01-19T14:36:32.397-0500: 8.654: Total time for which application threads were stopped: 0.0001418 seconds, Stopping threads took: 0.0000194 seconds
2017-01-19T14:36:32.397-0500: 8.654: Total time for which application threads were stopped: 0.0000304 seconds, Stopping threads took: 0.0000150 seconds
2017-01-19T14:36:32.397-0500: 8.654: Total time for which application threads were stopped: 0.0000319 seconds, Stopping threads took: 0.0000139 seconds
2017-01-19T14:36:32.397-0500: 8.654: Total time for which application threads were stopped: 0.0000242 seconds, Stopping threads took: 0.0000110 seconds
2017-01-19T14:36:32.397-0500: 8.654: Total time for which application threads were stopped: 0.0000337 seconds, Stopping threads took: 0.0000183 seconds
2017-01-19T14:36:32.397-0500: 8.654: Total time for which application threads were stopped: 0.0000535 seconds, Stopping threads took: 0.0000356 seconds
2017-01-19T14:36:32.397-0500: 8.655: Total time for which application threads were stopped: 0.0000418 seconds, Stopping threads took: 0.0000169 seconds
2017-01-19T14:36:32.397-0500: 8.655: Total time for which application threads were stopped: 0.0000381 seconds, Stopping threads took: 0.0000150 seconds
2017-01-19T14:36:32.397-0500: 8.655: Total time for which application threads were stopped: 0.0000359 seconds, Stopping threads took: 0.0000147 seconds
2017-01-19T14:36:32.398-0500: 8.655: Total time for which application threads were stopped: 0.0000297 seconds, Stopping threads took: 0.0000136 seconds
2017-01-19T14:36:32.398-0500: 8.655: Total time for which application threads were stopped: 0.0000297 seconds, Stopping threads took: 0.0000095 seconds
2017-01-19T14:36:32.398-0500: 8.655: Total time for which application threads were stopped: 0.0000389 seconds, Stopping threads took: 0.0000165 seconds
2017-01-19T14:36:32.398-0500: 8.655: Total time for which application threads were stopped: 0.0000315 seconds, Stopping threads took: 0.0000114 seconds
2017-01-19T14:36:32.398-0500: 8.655: Total time for which application threads were stopped: 0.0000297 seconds, Stopping threads took: 0.0000139 seconds
2017-01-19T14:36:32.398-0500: 8.655: Total time for which application threads were stopped: 0.0000447 seconds, Stopping threads took: 0.0000172 seconds
2017-01-19T14:36:32.398-0500: 8.655: Total time for which application threads were stopped: 0.0000392 seconds, Stopping threads took: 0.0000125 seconds
2017-01-19T14:36:32.398-0500: 8.655: Total time for which application threads were stopped: 0.0000359 seconds, Stopping threads took: 0.0000128 seconds
2017-01-19T14:36:32.398-0500: 8.656: Total time for which application threads were stopped: 0.0000363 seconds, Stopping threads took: 0.0000161 seconds
2017-01-19T14:36:32.425-0500: 8.682: Total time for which application threads were stopped: 0.0267315 seconds, Stopping threads took: 0.0266208 seconds
2017-01-19T14:36:32.426-0500: 8.683: Total time for which application threads were stopped: 0.0002408 seconds, Stopping threads took: 0.0001715 seconds
2017-01-19T14:36:32.427-0500: 8.685: Total time for which application threads were stopped: 0.0001719 seconds, Stopping threads took: 0.0001125 seconds
2017-01-19T14:36:32.428-0500: 8.685: Total time for which application threads were stopped: 0.0001906 seconds, Stopping threads took: 0.0001301 seconds
2017-01-19T14:36:32.428-0500: 8.686: Total time for which application threads were stopped: 0.0003830 seconds, Stopping threads took: 0.0003149 seconds
2017-01-19T14:36:32.429-0500: 8.686: Total time for which application threads were stopped: 0.0001470 seconds, Stopping threads took: 0.0000784 seconds
2017-01-19T14:36:32.430-0500: 8.687: Total time for which application threads were stopped: 0.0002470 seconds, Stopping threads took: 0.0001748 seconds
2017-01-19T14:36:32.430-0500: 8.687: Total time for which application threads were stopped: 0.0001796 seconds, Stopping threads took: 0.0001100 seconds
2017-01-19T14:36:32.430-0500: 8.688: Total time for which application threads were stopped: 0.0001349 seconds, Stopping threads took: 0.0000729 seconds
2017-01-19T14:36:32.431-0500: 8.689: Total time for which application threads were stopped: 0.0006631 seconds, Stopping threads took: 0.0005986 seconds
2017-01-19T14:36:32.432-0500: 8.690: Total time for which application threads were stopped: 0.0003673 seconds, Stopping threads took: 0.0001180 seconds
2017-01-19T14:36:32.433-0500: 8.690: Total time for which application threads were stopped: 0.0000711 seconds, Stopping threads took: 0.0000268 seconds
2017-01-19T14:36:32.434-0500: 8.691: Total time for which application threads were stopped: 0.0007250 seconds, Stopping threads took: 0.0006605 seconds
2017-01-19T14:36:32.436-0500: 8.693: Total time for which application threads were stopped: 0.0002888 seconds, Stopping threads took: 0.0001400 seconds
2017-01-19T14:36:32.437-0500: 8.694: Total time for which application threads were stopped: 0.0001257 seconds, Stopping threads took: 0.0000433 seconds
2017-01-19T14:36:32.437-0500: 8.695: Total time for which application threads were stopped: 0.0001994 seconds, Stopping threads took: 0.0001107 seconds
2017-01-19T14:36:32.438-0500: 8.695: Total time for which application threads were stopped: 0.0001283 seconds, Stopping threads took: 0.0000557 seconds
2017-01-19T14:36:32.438-0500: 8.696: Total time for which application threads were stopped: 0.0001855 seconds, Stopping threads took: 0.0001048 seconds
2017-01-19T14:36:32.439-0500: 8.696: Total time for which application threads were stopped: 0.0000920 seconds, Stopping threads took: 0.0000268 seconds
2017-01-19T14:36:32.439-0500: 8.696: Total time for which application threads were stopped: 0.0002005 seconds, Stopping threads took: 0.0001151 seconds
2017-01-19T14:36:32.440-0500: 8.697: Total time for which application threads were stopped: 0.0001276 seconds, Stopping threads took: 0.0000531 seconds
2017-01-19T14:36:32.445-0500: 8.703: Total time for which application threads were stopped: 0.0001492 seconds, Stopping threads took: 0.0000590 seconds
2017-01-19T14:36:32.445-0500: 8.703: Total time for which application threads were stopped: 0.0001543 seconds, Stopping threads took: 0.0000740 seconds
2017-01-19T14:36:32.446-0500: 8.703: Total time for which application threads were stopped: 0.0001572 seconds, Stopping threads took: 0.0000766 seconds
2017-01-19T14:36:32.450-0500: 8.707: Total time for which application threads were stopped: 0.0000557 seconds, Stopping threads took: 0.0000183 seconds
2017-01-19T14:36:32.451-0500: 8.708: Total time for which application threads were stopped: 0.0000693 seconds, Stopping threads took: 0.0000191 seconds
2017-01-19T14:36:32.456-0500: 8.713: Total time for which application threads were stopped: 0.0000455 seconds, Stopping threads took: 0.0000158 seconds
2017-01-19T14:36:32.488-0500: 8.745: Total time for which application threads were stopped: 0.0000531 seconds, Stopping threads took: 0.0000165 seconds
2017-01-19T14:36:32.557-0500: 8.815: Total time for which application threads were stopped: 0.0000579 seconds, Stopping threads took: 0.0000249 seconds
2017-01-19T14:36:32.559-0500: 8.816: Total time for which application threads were stopped: 0.0000509 seconds, Stopping threads took: 0.0000187 seconds
2017-01-19T14:36:32.589-0500: 8.845: Total time for which application threads were stopped: 0.0001180 seconds, Stopping threads took: 0.0000411 seconds
2017-01-19T14:36:32.589-0500: 8.846: Total time for which application threads were stopped: 0.0000737 seconds, Stopping threads took: 0.0000444 seconds
2017-01-19T14:36:32.589-0500: 8.846: Total time for which application threads were stopped: 0.0000389 seconds, Stopping threads took: 0.0000092 seconds
2017-01-19T14:36:32.620-0500: 8.876: Total time for which application threads were stopped: 0.0000700 seconds, Stopping threads took: 0.0000348 seconds
2017-01-19T14:36:32.620-0500: 8.876: Total time for which application threads were stopped: 0.0000128 seconds, Stopping threads took: 0.0000040 seconds
2017-01-19T14:36:32.620-0500: 8.876: Total time for which application threads were stopped: 0.0000191 seconds, Stopping threads took: 0.0000103 seconds
2017-01-19T14:36:32.620-0500: 8.877: Total time for which application threads were stopped: 0.0000656 seconds, Stopping threads took: 0.0000484 seconds
2017-01-19T14:36:32.623-0500: 8.880: Total time for which application threads were stopped: 0.0000345 seconds, Stopping threads took: 0.0000139 seconds
2017-01-19T14:36:32.625-0500: 8.882: Total time for which application threads were stopped: 0.0000455 seconds, Stopping threads took: 0.0000070 seconds
2017-01-19T14:36:32.625-0500: 8.882: Total time for which application threads were stopped: 0.0000161 seconds, Stopping threads took: 0.0000070 seconds
2017-01-19T14:36:32.625-0500: 8.882: Total time for which application threads were stopped: 0.0000114 seconds, Stopping threads took: 0.0000055 seconds
2017-01-19T14:36:32.625-0500: 8.882: Total time for which application threads were stopped: 0.0000106 seconds, Stopping threads took: 0.0000051 seconds
2017-01-19T14:36:32.625-0500: 8.882: Total time for which application threads were stopped: 0.0000103 seconds, Stopping threads took: 0.0000051 seconds
2017-01-19T14:36:32.626-0500: 8.882: Total time for which application threads were stopped: 0.0000579 seconds, Stopping threads took: 0.0000345 seconds
2017-01-19T14:36:32.669-0500: 8.925: Total time for which application threads were stopped: 0.0001136 seconds, Stopping threads took: 0.0000473 seconds
2017-01-19T14:36:32.792-0500: 9.048: Total time for which application threads were stopped: 0.0000883 seconds, Stopping threads took: 0.0000378 seconds
2017-01-19T14:36:32.792-0500: 9.049: Total time for which application threads were stopped: 0.0000638 seconds, Stopping threads took: 0.0000264 seconds
2017-01-19T14:36:32.793-0500: 9.049: Total time for which application threads were stopped: 0.0002353 seconds, Stopping threads took: 0.0000326 seconds
2017-01-19T14:36:32.793-0500: 9.049: Total time for which application threads were stopped: 0.0000623 seconds, Stopping threads took: 0.0000257 seconds
2017-01-19T14:36:32.847-0500: 9.103: Total time for which application threads were stopped: 0.0000938 seconds, Stopping threads took: 0.0000422 seconds
2017-01-19T14:36:32.851-0500: 9.108: Total time for which application threads were stopped: 0.0000645 seconds, Stopping threads took: 0.0000271 seconds
2017-01-19T14:36:32.852-0500: 9.108: Total time for which application threads were stopped: 0.0000722 seconds, Stopping threads took: 0.0000301 seconds
2017-01-19T14:36:32.852-0500: 9.108: Total time for which application threads were stopped: 0.0000634 seconds, Stopping threads took: 0.0000260 seconds
2017-01-19T14:36:32.868-0500: 9.124: Total time for which application threads were stopped: 0.0000795 seconds, Stopping threads took: 0.0000337 seconds
{Heap before GC invocations=1 (full 0):
 par new generation   total 109248K, used 92719K [0x00000000dae00000, 0x00000000e2e00000, 0x00000000e2e00000)
  eden space 87424K, 100% used [0x00000000dae00000, 0x00000000e0360000, 0x00000000e0360000)
  from space 21824K,  24% used [0x00000000e18b0000, 0x00000000e1ddbc18, 0x00000000e2e00000)
  to   space 21824K,   0% used [0x00000000e0360000, 0x00000000e0360000, 0x00000000e18b0000)
 concurrent mark-sweep generation total 393216K, used 0K [0x00000000e2e00000, 0x00000000fae00000, 0x00000000fae00000)
 concurrent-mark-sweep perm gen total 21248K, used 18385K [0x00000000fae00000, 0x00000000fc2c0000, 0x0000000100000000)
2017-01-19T14:36:32.936-0500: 9.193: [GC2017-01-19T14:36:32.937-0500: 9.193: [ParNew
Desired survivor size 20112992 bytes, new threshold 8 (max 8)
- age   1:   10336256 bytes,   10336256 total
- age   2:    2185568 bytes,   12521824 total
: 92719K->14245K(109248K), 0.0286012 secs] 92719K->14245K(502464K), 0.0287691 secs] [Times: user=0.05 sys=0.02, real=0.03 secs] 
Heap after GC invocations=2 (full 0):
 par new generation   total 109248K, used 14245K [0x00000000dae00000, 0x00000000e2e00000, 0x00000000e2e00000)
  eden space 87424K,   0% used [0x00000000dae00000, 0x00000000dae00000, 0x00000000e0360000)
  from space 21824K,  65% used [0x00000000e0360000, 0x00000000e11496f0, 0x00000000e18b0000)
  to   space 21824K,   0% used [0x00000000e18b0000, 0x00000000e18b0000, 0x00000000e2e00000)
 concurrent mark-sweep generation total 393216K, used 0K [0x00000000e2e00000, 0x00000000fae00000, 0x00000000fae00000)
 concurrent-mark-sweep perm gen total 21248K, used 18385K [0x00000000fae00000, 0x00000000fc2c0000, 0x0000000100000000)
}
2017-01-19T14:36:32.965-0500: 9.222: Total time for which application threads were stopped: 0.0290418 seconds, Stopping threads took: 0.0000374 seconds
2017-01-19T14:36:32.968-0500: 9.224: Total time for which application threads were stopped: 0.0001136 seconds, Stopping threads took: 0.0000542 seconds
2017-01-19T14:36:32.968-0500: 9.224: Total time for which application threads were stopped: 0.0001012 seconds, Stopping threads took: 0.0000832 seconds
2017-01-19T14:36:32.968-0500: 9.224: Total time for which application threads were stopped: 0.0001122 seconds, Stopping threads took: 0.0000700 seconds
2017-01-19T14:36:32.968-0500: 9.225: Total time for which application threads were stopped: 0.0001517 seconds, Stopping threads took: 0.0001092 seconds
2017-01-19T14:36:32.969-0500: 9.225: Total time for which application threads were stopped: 0.0001133 seconds, Stopping threads took: 0.0000707 seconds
2017-01-19T14:36:32.970-0500: 9.227: Total time for which application threads were stopped: 0.0000498 seconds, Stopping threads took: 0.0000341 seconds
2017-01-19T14:36:32.970-0500: 9.227: Total time for which application threads were stopped: 0.0000264 seconds, Stopping threads took: 0.0000150 seconds
2017-01-19T14:36:32.970-0500: 9.227: Total time for which application threads were stopped: 0.0000693 seconds, Stopping threads took: 0.0000513 seconds
2017-01-19T14:36:32.971-0500: 9.227: Total time for which application threads were stopped: 0.0000293 seconds, Stopping threads took: 0.0000187 seconds
2017-01-19T14:36:32.971-0500: 9.227: Total time for which application threads were stopped: 0.0000520 seconds, Stopping threads took: 0.0000326 seconds
2017-01-19T14:36:32.971-0500: 9.227: Total time for which application threads were stopped: 0.0000293 seconds, Stopping threads took: 0.0000136 seconds
2017-01-19T14:36:32.971-0500: 9.227: Total time for which application threads were stopped: 0.0000158 seconds, Stopping threads took: 0.0000062 seconds
2017-01-19T14:36:32.971-0500: 9.227: Total time for which application threads were stopped: 0.0000154 seconds, Stopping threads took: 0.0000070 seconds
2017-01-19T14:36:32.971-0500: 9.227: Total time for which application threads were stopped: 0.0000139 seconds, Stopping threads took: 0.0000055 seconds
2017-01-19T14:36:32.971-0500: 9.227: Total time for which application threads were stopped: 0.0000187 seconds, Stopping threads took: 0.0000106 seconds
2017-01-19T14:36:32.971-0500: 9.227: Total time for which application threads were stopped: 0.0000136 seconds, Stopping threads took: 0.0000055 seconds
2017-01-19T14:36:32.971-0500: 9.227: Total time for which application threads were stopped: 0.0000766 seconds, Stopping threads took: 0.0000572 seconds
2017-01-19T14:36:32.971-0500: 9.227: Total time for which application threads were stopped: 0.0000487 seconds, Stopping threads took: 0.0000312 seconds
2017-01-19T14:36:32.971-0500: 9.227: Total time for which application threads were stopped: 0.0000539 seconds, Stopping threads took: 0.0000400 seconds
2017-01-19T14:36:32.971-0500: 9.228: Total time for which application threads were stopped: 0.0000154 seconds, Stopping threads took: 0.0000070 seconds
2017-01-19T14:36:32.971-0500: 9.228: Total time for which application threads were stopped: 0.0001917 seconds, Stopping threads took: 0.0000055 seconds
2017-01-19T14:36:33.040-0500: 9.297: Total time for which application threads were stopped: 0.0000997 seconds, Stopping threads took: 0.0000389 seconds
2017-01-19T14:36:33.053-0500: 9.309: Total time for which application threads were stopped: 0.0000484 seconds, Stopping threads took: 0.0000224 seconds
2017-01-19T14:36:33.061-0500: 9.318: Total time for which application threads were stopped: 0.0000616 seconds, Stopping threads took: 0.0000180 seconds
2017-01-19T14:36:33.079-0500: 9.335: Total time for which application threads were stopped: 0.0000553 seconds, Stopping threads took: 0.0000249 seconds
2017-01-19T14:36:33.079-0500: 9.335: Total time for which application threads were stopped: 0.0000356 seconds, Stopping threads took: 0.0000136 seconds
2017-01-19T14:36:33.079-0500: 9.335: Total time for which application threads were stopped: 0.0000363 seconds, Stopping threads took: 0.0000150 seconds
2017-01-19T14:36:33.079-0500: 9.335: Total time for which application threads were stopped: 0.0000363 seconds, Stopping threads took: 0.0000150 seconds
2017-01-19T14:36:33.080-0500: 9.336: Total time for which application threads were stopped: 0.0000363 seconds, Stopping threads took: 0.0000150 seconds
2017-01-19T14:36:33.080-0500: 9.337: Total time for which application threads were stopped: 0.0002973 seconds, Stopping threads took: 0.0000136 seconds
2017-01-19T14:36:33.081-0500: 9.337: Total time for which application threads were stopped: 0.0000209 seconds, Stopping threads took: 0.0000088 seconds
2017-01-19T14:36:33.081-0500: 9.337: Total time for which application threads were stopped: 0.0000330 seconds, Stopping threads took: 0.0000209 seconds
2017-01-19T14:36:33.082-0500: 9.338: Total time for which application threads were stopped: 0.0000326 seconds, Stopping threads took: 0.0000209 seconds
2017-01-19T14:36:33.082-0500: 9.338: Total time for which application threads were stopped: 0.0000337 seconds, Stopping threads took: 0.0000216 seconds
2017-01-19T14:36:33.082-0500: 9.339: Total time for which application threads were stopped: 0.0000334 seconds, Stopping threads took: 0.0000213 seconds
2017-01-19T14:36:33.086-0500: 9.342: Total time for which application threads were stopped: 0.0000334 seconds, Stopping threads took: 0.0000213 seconds
2017-01-19T14:36:33.110-0500: 9.367: Total time for which application threads were stopped: 0.0000502 seconds, Stopping threads took: 0.0000293 seconds
2017-01-19T14:36:33.110-0500: 9.367: Total time for which application threads were stopped: 0.0000326 seconds, Stopping threads took: 0.0000205 seconds
2017-01-19T14:36:33.111-0500: 9.367: Total time for which application threads were stopped: 0.0000334 seconds, Stopping threads took: 0.0000216 seconds
2017-01-19T14:36:33.119-0500: 9.375: Total time for which application threads were stopped: 0.0000334 seconds, Stopping threads took: 0.0000213 seconds
2017-01-19T14:36:33.119-0500: 9.375: Total time for which application threads were stopped: 0.0000330 seconds, Stopping threads took: 0.0000209 seconds
2017-01-19T14:36:33.131-0500: 9.387: Total time for which application threads were stopped: 0.0000407 seconds, Stopping threads took: 0.0000198 seconds
2017-01-19T14:36:33.145-0500: 9.402: Total time for which application threads were stopped: 0.0000498 seconds, Stopping threads took: 0.0000301 seconds
2017-01-19T14:36:33.146-0500: 9.402: Total time for which application threads were stopped: 0.0000312 seconds, Stopping threads took: 0.0000194 seconds
2017-01-19T14:36:33.146-0500: 9.402: Total time for which application threads were stopped: 0.0000363 seconds, Stopping threads took: 0.0000220 seconds
2017-01-19T14:36:33.146-0500: 9.403: Total time for which application threads were stopped: 0.0000326 seconds, Stopping threads took: 0.0000205 seconds
2017-01-19T14:36:33.147-0500: 9.403: Total time for which application threads were stopped: 0.0000323 seconds, Stopping threads took: 0.0000205 seconds
2017-01-19T14:36:33.192-0500: 9.448: Total time for which application threads were stopped: 0.0000498 seconds, Stopping threads took: 0.0000293 seconds
2017-01-19T14:36:33.192-0500: 9.448: Total time for which application threads were stopped: 0.0000334 seconds, Stopping threads took: 0.0000213 seconds
2017-01-19T14:36:33.196-0500: 9.452: Total time for which application threads were stopped: 0.0000253 seconds, Stopping threads took: 0.0000125 seconds
2017-01-19T14:36:33.196-0500: 9.453: Total time for which application threads were stopped: 0.0000220 seconds, Stopping threads took: 0.0000099 seconds
2017-01-19T14:36:33.197-0500: 9.453: Total time for which application threads were stopped: 0.0000227 seconds, Stopping threads took: 0.0000106 seconds
2017-01-19T14:36:33.202-0500: 9.458: Total time for which application threads were stopped: 0.0000363 seconds, Stopping threads took: 0.0000176 seconds
2017-01-19T14:36:33.202-0500: 9.459: Total time for which application threads were stopped: 0.0000396 seconds, Stopping threads took: 0.0000227 seconds
2017-01-19T14:36:33.250-0500: 9.506: Total time for which application threads were stopped: 0.0000462 seconds, Stopping threads took: 0.0000136 seconds
2017-01-19T14:36:33.599-0500: 9.855: Total time for which application threads were stopped: 0.0004204 seconds, Stopping threads took: 0.0001477 seconds
2017-01-19T14:36:34.039-0500: 10.295: Total time for which application threads were stopped: 0.0002214 seconds, Stopping threads took: 0.0001254 seconds
2017-01-19T14:36:34.040-0500: 10.296: Total time for which application threads were stopped: 0.0002687 seconds, Stopping threads took: 0.0001851 seconds
2017-01-19T14:36:34.042-0500: 10.298: Total time for which application threads were stopped: 0.0001411 seconds, Stopping threads took: 0.0000586 seconds
2017-01-19T14:36:34.043-0500: 10.299: Total time for which application threads were stopped: 0.0001525 seconds, Stopping threads took: 0.0000806 seconds
2017-01-19T14:36:34.044-0500: 10.300: Total time for which application threads were stopped: 0.0001770 seconds, Stopping threads took: 0.0001136 seconds
2017-01-19T14:36:34.045-0500: 10.301: Total time for which application threads were stopped: 0.0001213 seconds, Stopping threads took: 0.0000641 seconds
2017-01-19T14:36:34.046-0500: 10.302: Total time for which application threads were stopped: 0.0001591 seconds, Stopping threads took: 0.0001019 seconds
2017-01-19T14:36:34.047-0500: 10.303: Total time for which application threads were stopped: 0.0001602 seconds, Stopping threads took: 0.0001026 seconds
2017-01-19T14:36:34.047-0500: 10.304: Total time for which application threads were stopped: 0.0000953 seconds, Stopping threads took: 0.0000564 seconds
2017-01-19T14:36:34.048-0500: 10.304: Total time for which application threads were stopped: 0.0001426 seconds, Stopping threads took: 0.0000828 seconds
2017-01-19T14:36:34.048-0500: 10.304: Total time for which application threads were stopped: 0.0000744 seconds, Stopping threads took: 0.0000235 seconds
2017-01-19T14:36:34.049-0500: 10.305: Total time for which application threads were stopped: 0.0001668 seconds, Stopping threads took: 0.0001081 seconds
2017-01-19T14:36:34.049-0500: 10.306: Total time for which application threads were stopped: 0.0001400 seconds, Stopping threads took: 0.0000854 seconds
2017-01-19T14:36:34.050-0500: 10.306: Total time for which application threads were stopped: 0.0001935 seconds, Stopping threads took: 0.0001345 seconds
2017-01-19T14:36:34.050-0500: 10.307: Total time for which application threads were stopped: 0.0001965 seconds, Stopping threads took: 0.0001393 seconds
2017-01-19T14:36:34.051-0500: 10.307: Total time for which application threads were stopped: 0.0001360 seconds, Stopping threads took: 0.0000806 seconds
2017-01-19T14:36:34.051-0500: 10.308: Total time for which application threads were stopped: 0.0001144 seconds, Stopping threads took: 0.0000575 seconds
2017-01-19T14:36:34.053-0500: 10.309: Total time for which application threads were stopped: 0.0002346 seconds, Stopping threads took: 0.0000242 seconds
2017-01-19T14:36:34.055-0500: 10.311: Total time for which application threads were stopped: 0.0001682 seconds, Stopping threads took: 0.0001096 seconds
2017-01-19T14:36:34.056-0500: 10.312: Total time for which application threads were stopped: 0.0001386 seconds, Stopping threads took: 0.0000792 seconds
2017-01-19T14:36:34.057-0500: 10.313: Total time for which application threads were stopped: 0.0001188 seconds, Stopping threads took: 0.0000619 seconds
2017-01-19T14:36:34.058-0500: 10.315: Total time for which application threads were stopped: 0.0001180 seconds, Stopping threads took: 0.0000601 seconds
2017-01-19T14:36:34.060-0500: 10.316: Total time for which application threads were stopped: 0.0000781 seconds, Stopping threads took: 0.0000290 seconds
2017-01-19T14:36:34.061-0500: 10.318: Total time for which application threads were stopped: 0.0000740 seconds, Stopping threads took: 0.0000231 seconds
2017-01-19T14:36:34.062-0500: 10.319: Total time for which application threads were stopped: 0.0000788 seconds, Stopping threads took: 0.0000249 seconds
2017-01-19T14:36:34.063-0500: 10.320: Total time for which application threads were stopped: 0.0000795 seconds, Stopping threads took: 0.0000249 seconds
2017-01-19T14:36:34.065-0500: 10.321: Total time for which application threads were stopped: 0.0001547 seconds, Stopping threads took: 0.0000916 seconds
2017-01-19T14:36:34.066-0500: 10.322: Total time for which application threads were stopped: 0.0001107 seconds, Stopping threads took: 0.0000568 seconds
2017-01-19T14:36:34.067-0500: 10.323: Total time for which application threads were stopped: 0.0000605 seconds, Stopping threads took: 0.0000194 seconds
2017-01-19T14:36:34.071-0500: 10.327: Total time for which application threads were stopped: 0.0000722 seconds, Stopping threads took: 0.0000462 seconds
2017-01-19T14:36:34.071-0500: 10.328: Total time for which application threads were stopped: 0.0000462 seconds, Stopping threads took: 0.0000246 seconds
2017-01-19T14:36:34.073-0500: 10.329: Total time for which application threads were stopped: 0.0000674 seconds, Stopping threads took: 0.0000374 seconds
2017-01-19T14:36:34.073-0500: 10.329: Total time for which application threads were stopped: 0.0000663 seconds, Stopping threads took: 0.0000425 seconds
2017-01-19T14:36:34.073-0500: 10.329: Total time for which application threads were stopped: 0.0000601 seconds, Stopping threads took: 0.0000341 seconds
2017-01-19T14:36:34.074-0500: 10.330: Total time for which application threads were stopped: 0.0000931 seconds, Stopping threads took: 0.0000649 seconds
2017-01-19T14:36:34.078-0500: 10.334: Total time for which application threads were stopped: 0.0000858 seconds, Stopping threads took: 0.0000583 seconds
2017-01-19T14:36:34.122-0500: 10.379: Total time for which application threads were stopped: 0.0001312 seconds, Stopping threads took: 0.0000433 seconds
2017-01-19T14:36:34.164-0500: 10.420: Total time for which application threads were stopped: 0.0000649 seconds, Stopping threads took: 0.0000293 seconds
2017-01-19T14:36:34.597-0500: 10.853: Total time for which application threads were stopped: 0.0003599 seconds, Stopping threads took: 0.0001990 seconds
2017-01-19T14:36:34.636-0500: 10.893: Total time for which application threads were stopped: 0.0001422 seconds, Stopping threads took: 0.0000638 seconds
2017-01-19T14:36:34.758-0500: 11.014: Total time for which application threads were stopped: 0.0002643 seconds, Stopping threads took: 0.0000352 seconds
{Heap before GC invocations=2 (full 0):
 par new generation   total 109248K, used 101669K [0x00000000dae00000, 0x00000000e2e00000, 0x00000000e2e00000)
  eden space 87424K, 100% used [0x00000000dae00000, 0x00000000e0360000, 0x00000000e0360000)
  from space 21824K,  65% used [0x00000000e0360000, 0x00000000e11496f0, 0x00000000e18b0000)
  to   space 21824K,   0% used [0x00000000e18b0000, 0x00000000e18b0000, 0x00000000e2e00000)
 concurrent mark-sweep generation total 393216K, used 0K [0x00000000e2e00000, 0x00000000fae00000, 0x00000000fae00000)
 concurrent-mark-sweep perm gen total 21248K, used 19725K [0x00000000fae00000, 0x00000000fc2c0000, 0x0000000100000000)
2017-01-19T14:36:34.829-0500: 11.086: [GC2017-01-19T14:36:34.829-0500: 11.086: [ParNew
Desired survivor size 20112992 bytes, new threshold 8 (max 8)
- age   1:    2660960 bytes,    2660960 total
- age   2:    4231056 bytes,    6892016 total
- age   3:    2172400 bytes,    9064416 total
: 101669K->15011K(109248K), 0.0059243 secs] 101669K->15011K(502464K), 0.0059943 secs] [Times: user=0.00 sys=0.00, real=0.01 secs] 
Heap after GC invocations=3 (full 0):
 par new generation   total 109248K, used 15011K [0x00000000dae00000, 0x00000000e2e00000, 0x00000000e2e00000)
  eden space 87424K,   0% used [0x00000000dae00000, 0x00000000dae00000, 0x00000000e0360000)
  from space 21824K,  68% used [0x00000000e18b0000, 0x00000000e2758f40, 0x00000000e2e00000)
  to   space 21824K,   0% used [0x00000000e0360000, 0x00000000e0360000, 0x00000000e18b0000)
 concurrent mark-sweep generation total 393216K, used 0K [0x00000000e2e00000, 0x00000000fae00000, 0x00000000fae00000)
 concurrent-mark-sweep perm gen total 21248K, used 19725K [0x00000000fae00000, 0x00000000fc2c0000, 0x0000000100000000)
}
2017-01-19T14:36:34.835-0500: 11.092: Total time for which application threads were stopped: 0.0061611 seconds, Stopping threads took: 0.0000209 seconds
2017-01-19T14:36:34.836-0500: 11.092: Total time for which application threads were stopped: 0.0001426 seconds, Stopping threads took: 0.0000202 seconds
2017-01-19T14:36:34.877-0500: 11.133: Total time for which application threads were stopped: 0.0000506 seconds, Stopping threads took: 0.0000165 seconds
2017-01-19T14:36:34.879-0500: 11.135: Total time for which application threads were stopped: 0.0000297 seconds, Stopping threads took: 0.0000095 seconds
2017-01-19T14:36:34.882-0500: 11.138: Total time for which application threads were stopped: 0.0000330 seconds, Stopping threads took: 0.0000110 seconds
2017-01-19T14:36:34.885-0500: 11.141: Total time for which application threads were stopped: 0.0000455 seconds, Stopping threads took: 0.0000161 seconds
2017-01-19T14:36:34.933-0500: 11.189: Total time for which application threads were stopped: 0.0000913 seconds, Stopping threads took: 0.0000341 seconds
2017-01-19T14:36:34.933-0500: 11.189: Total time for which application threads were stopped: 0.0000297 seconds, Stopping threads took: 0.0000172 seconds
2017-01-19T14:36:34.934-0500: 11.190: Total time for which application threads were stopped: 0.0000407 seconds, Stopping threads took: 0.0000231 seconds
2017-01-19T14:36:34.934-0500: 11.190: Total time for which application threads were stopped: 0.0000268 seconds, Stopping threads took: 0.0000169 seconds
2017-01-19T14:36:34.944-0500: 11.200: Total time for which application threads were stopped: 0.0000352 seconds, Stopping threads took: 0.0000169 seconds
2017-01-19T14:36:34.957-0500: 11.213: Total time for which application threads were stopped: 0.0000517 seconds, Stopping threads took: 0.0000231 seconds
2017-01-19T14:36:34.974-0500: 11.231: Total time for which application threads were stopped: 0.0000656 seconds, Stopping threads took: 0.0000242 seconds
2017-01-19T14:36:35.009-0500: 11.265: Total time for which application threads were stopped: 0.0001107 seconds, Stopping threads took: 0.0000385 seconds
2017-01-19T14:36:35.009-0500: 11.265: Total time for which application threads were stopped: 0.0000363 seconds, Stopping threads took: 0.0000161 seconds
2017-01-19T14:36:35.009-0500: 11.265: Total time for which application threads were stopped: 0.0000531 seconds, Stopping threads took: 0.0000253 seconds
2017-01-19T14:36:35.010-0500: 11.266: Total time for which application threads were stopped: 0.0000586 seconds, Stopping threads took: 0.0000337 seconds
2017-01-19T14:36:35.011-0500: 11.268: Total time for which application threads were stopped: 0.0000524 seconds, Stopping threads took: 0.0000191 seconds
2017-01-19T14:36:35.017-0500: 11.274: Total time for which application threads were stopped: 0.0000572 seconds, Stopping threads took: 0.0000213 seconds
2017-01-19T14:36:35.028-0500: 11.284: Total time for which application threads were stopped: 0.0000667 seconds, Stopping threads took: 0.0000205 seconds
2017-01-19T14:36:35.035-0500: 11.291: Total time for which application threads were stopped: 0.0000869 seconds, Stopping threads took: 0.0000202 seconds
2017-01-19T14:36:35.041-0500: 11.297: Total time for which application threads were stopped: 0.0000674 seconds, Stopping threads took: 0.0000352 seconds
2017-01-19T14:36:35.042-0500: 11.299: Total time for which application threads were stopped: 0.0000671 seconds, Stopping threads took: 0.0000381 seconds
2017-01-19T14:36:35.044-0500: 11.300: Total time for which application threads were stopped: 0.0000931 seconds, Stopping threads took: 0.0000634 seconds
2017-01-19T14:36:35.047-0500: 11.303: Total time for which application threads were stopped: 0.0000887 seconds, Stopping threads took: 0.0000147 seconds
2017-01-19T14:36:35.047-0500: 11.303: Total time for which application threads were stopped: 0.0000781 seconds, Stopping threads took: 0.0000509 seconds
2017-01-19T14:36:35.049-0500: 11.305: Total time for which application threads were stopped: 0.0000953 seconds, Stopping threads took: 0.0000520 seconds
2017-01-19T14:36:35.051-0500: 11.307: Total time for which application threads were stopped: 0.0000876 seconds, Stopping threads took: 0.0000586 seconds
2017-01-19T14:36:35.052-0500: 11.309: Total time for which application threads were stopped: 0.0000916 seconds, Stopping threads took: 0.0000608 seconds
{Heap before GC invocations=3 (full 0):
 par new generation   total 109248K, used 102435K [0x00000000dae00000, 0x00000000e2e00000, 0x00000000e2e00000)
  eden space 87424K, 100% used [0x00000000dae00000, 0x00000000e0360000, 0x00000000e0360000)
  from space 21824K,  68% used [0x00000000e18b0000, 0x00000000e2758f40, 0x00000000e2e00000)
  to   space 21824K,   0% used [0x00000000e0360000, 0x00000000e0360000, 0x00000000e18b0000)
 concurrent mark-sweep generation total 393216K, used 0K [0x00000000e2e00000, 0x00000000fae00000, 0x00000000fae00000)
 concurrent-mark-sweep perm gen total 21248K, used 20244K [0x00000000fae00000, 0x00000000fc2c0000, 0x0000000100000000)
2017-01-19T14:36:35.062-0500: 11.318: [GC2017-01-19T14:36:35.062-0500: 11.319: [ParNew
Desired survivor size 20112992 bytes, new threshold 8 (max 8)
- age   1:    3236616 bytes,    3236616 total
- age   2:     953592 bytes,    4190208 total
- age   3:    4213256 bytes,    8403464 total
- age   4:    2172344 bytes,   10575808 total
: 102435K->12966K(109248K), 0.0089655 secs] 102435K->12966K(502464K), 0.0090516 secs] [Times: user=0.00 sys=0.00, real=0.01 secs] 
Heap after GC invocations=4 (full 0):
 par new generation   total 109248K, used 12966K [0x00000000dae00000, 0x00000000e2e00000, 0x00000000e2e00000)
  eden space 87424K,   0% used [0x00000000dae00000, 0x00000000dae00000, 0x00000000e0360000)
  from space 21824K,  59% used [0x00000000e0360000, 0x00000000e1009850, 0x00000000e18b0000)
  to   space 21824K,   0% used [0x00000000e18b0000, 0x00000000e18b0000, 0x00000000e2e00000)
 concurrent mark-sweep generation total 393216K, used 0K [0x00000000e2e00000, 0x00000000fae00000, 0x00000000fae00000)
 concurrent-mark-sweep perm gen total 21248K, used 20244K [0x00000000fae00000, 0x00000000fc2c0000, 0x0000000100000000)
}
2017-01-19T14:36:35.071-0500: 11.328: Total time for which application threads were stopped: 0.0092312 seconds, Stopping threads took: 0.0000678 seconds
2017-01-19T14:36:35.071-0500: 11.328: Total time for which application threads were stopped: 0.0000755 seconds, Stopping threads took: 0.0000407 seconds
2017-01-19T14:36:35.072-0500: 11.328: Total time for which application threads were stopped: 0.0000641 seconds, Stopping threads took: 0.0000286 seconds
2017-01-19T14:36:35.082-0500: 11.338: Total time for which application threads were stopped: 0.0001635 seconds, Stopping threads took: 0.0000312 seconds
2017-01-19T14:36:35.088-0500: 11.344: Total time for which application threads were stopped: 0.0000564 seconds, Stopping threads took: 0.0000198 seconds
2017-01-19T14:36:35.092-0500: 11.348: Total time for which application threads were stopped: 0.0000564 seconds, Stopping threads took: 0.0000235 seconds
2017-01-19T14:36:35.096-0500: 11.352: Total time for which application threads were stopped: 0.0000502 seconds, Stopping threads took: 0.0000202 seconds
2017-01-19T14:36:35.096-0500: 11.352: Total time for which application threads were stopped: 0.0000198 seconds, Stopping threads took: 0.0000051 seconds
2017-01-19T14:36:35.111-0500: 11.367: Total time for which application threads were stopped: 0.0000594 seconds, Stopping threads took: 0.0000176 seconds
2017-01-19T14:36:35.119-0500: 11.376: Total time for which application threads were stopped: 0.0000880 seconds, Stopping threads took: 0.0000249 seconds
2017-01-19T14:36:35.123-0500: 11.379: Total time for which application threads were stopped: 0.0000583 seconds, Stopping threads took: 0.0000165 seconds
2017-01-19T14:36:35.128-0500: 11.385: Total time for which application threads were stopped: 0.0000792 seconds, Stopping threads took: 0.0000238 seconds
2017-01-19T14:36:35.129-0500: 11.385: Total time for which application threads were stopped: 0.0000476 seconds, Stopping threads took: 0.0000257 seconds
2017-01-19T14:36:35.135-0500: 11.391: Total time for which application threads were stopped: 0.0000902 seconds, Stopping threads took: 0.0000531 seconds
{Heap before GC invocations=4 (full 0):
 par new generation   total 109248K, used 100390K [0x00000000dae00000, 0x00000000e2e00000, 0x00000000e2e00000)
  eden space 87424K, 100% used [0x00000000dae00000, 0x00000000e0360000, 0x00000000e0360000)
  from space 21824K,  59% used [0x00000000e0360000, 0x00000000e1009850, 0x00000000e18b0000)
  to   space 21824K,   0% used [0x00000000e18b0000, 0x00000000e18b0000, 0x00000000e2e00000)
 concurrent mark-sweep generation total 393216K, used 0K [0x00000000e2e00000, 0x00000000fae00000, 0x00000000fae00000)
 concurrent-mark-sweep perm gen total 21248K, used 20463K [0x00000000fae00000, 0x00000000fc2c0000, 0x0000000100000000)
2017-01-19T14:36:35.142-0500: 11.398: [GC2017-01-19T14:36:35.142-0500: 11.398: [ParNew
Desired survivor size 20112992 bytes, new threshold 8 (max 8)
- age   1:     869168 bytes,     869168 total
- age   2:    2461040 bytes,    3330208 total
- age   3:     932392 bytes,    4262600 total
- age   4:    4211872 bytes,    8474472 total
- age   5:    2172360 bytes,   10646832 total
: 100390K->17849K(109248K), 0.0059038 secs] 100390K->17849K(502464K), 0.0059815 secs] [Times: user=0.00 sys=0.00, real=0.01 secs] 
Heap after GC invocations=5 (full 0):
 par new generation   total 109248K, used 17849K [0x00000000dae00000, 0x00000000e2e00000, 0x00000000e2e00000)
  eden space 87424K,   0% used [0x00000000dae00000, 0x00000000dae00000, 0x00000000e0360000)
  from space 21824K,  81% used [0x00000000e18b0000, 0x00000000e2a1e5c0, 0x00000000e2e00000)
  to   space 21824K,   0% used [0x00000000e0360000, 0x00000000e0360000, 0x00000000e18b0000)
 concurrent mark-sweep generation total 393216K, used 0K [0x00000000e2e00000, 0x00000000fae00000, 0x00000000fae00000)
 concurrent-mark-sweep perm gen total 21248K, used 20463K [0x00000000fae00000, 0x00000000fc2c0000, 0x0000000100000000)
}
2017-01-19T14:36:35.148-0500: 11.404: Total time for which application threads were stopped: 0.0061432 seconds, Stopping threads took: 0.0000246 seconds
2017-01-19T14:36:35.157-0500: 11.413: Total time for which application threads were stopped: 0.0000638 seconds, Stopping threads took: 0.0000271 seconds
2017-01-19T14:36:35.160-0500: 11.417: Total time for which application threads were stopped: 0.0000766 seconds, Stopping threads took: 0.0000433 seconds
2017-01-19T14:36:35.166-0500: 11.422: Total time for which application threads were stopped: 0.0001987 seconds, Stopping threads took: 0.0000334 seconds
2017-01-19T14:36:35.166-0500: 11.422: Total time for which application threads were stopped: 0.0000231 seconds, Stopping threads took: 0.0000132 seconds
2017-01-19T14:36:35.188-0500: 11.444: Total time for which application threads were stopped: 0.0000755 seconds, Stopping threads took: 0.0000242 seconds
2017-01-19T14:36:35.192-0500: 11.448: Total time for which application threads were stopped: 0.0000553 seconds, Stopping threads took: 0.0000150 seconds
2017-01-19T14:36:35.197-0500: 11.453: Total time for which application threads were stopped: 0.0000381 seconds, Stopping threads took: 0.0000154 seconds
2017-01-19T14:36:35.197-0500: 11.453: Total time for which application threads were stopped: 0.0000117 seconds, Stopping threads took: 0.0000044 seconds
2017-01-19T14:36:35.199-0500: 11.455: Total time for which application threads were stopped: 0.0000297 seconds, Stopping threads took: 0.0000128 seconds
2017-01-19T14:36:35.199-0500: 11.455: Total time for which application threads were stopped: 0.0000161 seconds, Stopping threads took: 0.0000048 seconds
{Heap before GC invocations=5 (full 0):
 par new generation   total 109248K, used 105273K [0x00000000dae00000, 0x00000000e2e00000, 0x00000000e2e00000)
  eden space 87424K, 100% used [0x00000000dae00000, 0x00000000e0360000, 0x00000000e0360000)
  from space 21824K,  81% used [0x00000000e18b0000, 0x00000000e2a1e5c0, 0x00000000e2e00000)
  to   space 21824K,   0% used [0x00000000e0360000, 0x00000000e0360000, 0x00000000e18b0000)
 concurrent mark-sweep generation total 393216K, used 0K [0x00000000e2e00000, 0x00000000fae00000, 0x00000000fae00000)
 concurrent-mark-sweep perm gen total 21248K, used 20805K [0x00000000fae00000, 0x00000000fc2c0000, 0x0000000100000000)
2017-01-19T14:36:35.249-0500: 11.505: [GC2017-01-19T14:36:35.249-0500: 11.505: [ParNew
Desired survivor size 20112992 bytes, new threshold 8 (max 8)
- age   1:     335056 bytes,     335056 total
- age   2:     136600 bytes,     471656 total
- age   3:    2460992 bytes,    2932648 total
- age   4:     932248 bytes,    3864896 total
- age   5:    4210424 bytes,    8075320 total
- age   6:    2172184 bytes,   10247504 total
: 105273K->12075K(109248K), 0.0217462 secs] 105273K->12075K(502464K), 0.0219504 secs] [Times: user=0.06 sys=0.00, real=0.02 secs] 
Heap after GC invocations=6 (full 0):
 par new generation   total 109248K, used 12075K [0x00000000dae00000, 0x00000000e2e00000, 0x00000000e2e00000)
  eden space 87424K,   0% used [0x00000000dae00000, 0x00000000dae00000, 0x00000000e0360000)
  from space 21824K,  55% used [0x00000000e0360000, 0x00000000e0f2afc0, 0x00000000e18b0000)
  to   space 21824K,   0% used [0x00000000e18b0000, 0x00000000e18b0000, 0x00000000e2e00000)
 concurrent mark-sweep generation total 393216K, used 0K [0x00000000e2e00000, 0x00000000fae00000, 0x00000000fae00000)
 concurrent-mark-sweep perm gen total 21248K, used 20805K [0x00000000fae00000, 0x00000000fc2c0000, 0x0000000100000000)
}
2017-01-19T14:36:35.271-0500: 11.527: Total time for which application threads were stopped: 0.0221722 seconds, Stopping threads took: 0.0000301 seconds
2017-01-19T14:36:35.330-0500: 11.586: Total time for which application threads were stopped: 0.0000744 seconds, Stopping threads took: 0.0000290 seconds
2017-01-19T14:36:35.330-0500: 11.586: Total time for which application threads were stopped: 0.0000469 seconds, Stopping threads took: 0.0000205 seconds
2017-01-19T14:36:35.330-0500: 11.587: Total time for which application threads were stopped: 0.0000444 seconds, Stopping threads took: 0.0000205 seconds
2017-01-19T14:36:35.341-0500: 11.598: Total time for which application threads were stopped: 0.0000553 seconds, Stopping threads took: 0.0000176 seconds
2017-01-19T14:36:35.361-0500: 11.617: Total time for which application threads were stopped: 0.0001492 seconds, Stopping threads took: 0.0000176 seconds
{Heap before GC invocations=6 (full 0):
 par new generation   total 109248K, used 99499K [0x00000000dae00000, 0x00000000e2e00000, 0x00000000e2e00000)
  eden space 87424K, 100% used [0x00000000dae00000, 0x00000000e0360000, 0x00000000e0360000)
  from space 21824K,  55% used [0x00000000e0360000, 0x00000000e0f2afc0, 0x00000000e18b0000)
  to   space 21824K,   0% used [0x00000000e18b0000, 0x00000000e18b0000, 0x00000000e2e00000)
 concurrent mark-sweep generation total 393216K, used 0K [0x00000000e2e00000, 0x00000000fae00000, 0x00000000fae00000)
 concurrent-mark-sweep perm gen total 21440K, used 21254K [0x00000000fae00000, 0x00000000fc2f0000, 0x0000000100000000)
2017-01-19T14:36:35.404-0500: 11.660: [GC2017-01-19T14:36:35.404-0500: 11.660: [ParNew
Desired survivor size 20112992 bytes, new threshold 8 (max 8)
- age   1:    1122840 bytes,    1122840 total
- age   2:     107416 bytes,    1230256 total
- age   3:     136472 bytes,    1366728 total
- age   4:    2460816 bytes,    3827544 total
- age   5:     931824 bytes,    4759368 total
- age   6:    4209360 bytes,    8968728 total
- age   7:    2172120 bytes,   11140848 total
: 99499K->15247K(109248K), 0.0073820 secs] 99499K->15247K(502464K), 0.0074869 secs] [Times: user=0.00 sys=0.00, real=0.01 secs] 
Heap after GC invocations=7 (full 0):
 par new generation   total 109248K, used 15247K [0x00000000dae00000, 0x00000000e2e00000, 0x00000000e2e00000)
  eden space 87424K,   0% used [0x00000000dae00000, 0x00000000dae00000, 0x00000000e0360000)
  from space 21824K,  69% used [0x00000000e18b0000, 0x00000000e2793f70, 0x00000000e2e00000)
  to   space 21824K,   0% used [0x00000000e0360000, 0x00000000e0360000, 0x00000000e18b0000)
 concurrent mark-sweep generation total 393216K, used 0K [0x00000000e2e00000, 0x00000000fae00000, 0x00000000fae00000)
 concurrent-mark-sweep perm gen total 21440K, used 21254K [0x00000000fae00000, 0x00000000fc2f0000, 0x0000000100000000)
}
2017-01-19T14:36:35.412-0500: 11.668: Total time for which application threads were stopped: 0.0077200 seconds, Stopping threads took: 0.0000872 seconds
{Heap before GC invocations=7 (full 0):
 par new generation   total 109248K, used 102671K [0x00000000dae00000, 0x00000000e2e00000, 0x00000000e2e00000)
  eden space 87424K, 100% used [0x00000000dae00000, 0x00000000e0360000, 0x00000000e0360000)
  from space 21824K,  69% used [0x00000000e18b0000, 0x00000000e2793f70, 0x00000000e2e00000)
  to   space 21824K,   0% used [0x00000000e0360000, 0x00000000e0360000, 0x00000000e18b0000)
 concurrent mark-sweep generation total 393216K, used 0K [0x00000000e2e00000, 0x00000000fae00000, 0x00000000fae00000)
 concurrent-mark-sweep perm gen total 21440K, used 21297K [0x00000000fae00000, 0x00000000fc2f0000, 0x0000000100000000)
2017-01-19T14:36:35.454-0500: 11.711: [GC2017-01-19T14:36:35.454-0500: 11.711: [ParNew
Desired survivor size 20112992 bytes, new threshold 8 (max 8)
- age   1:     344952 bytes,     344952 total
- age   2:     103864 bytes,     448816 total
- age   3:     106392 bytes,     555208 total
- age   4:     136192 bytes,     691400 total
- age   5:    2460816 bytes,    3152216 total
- age   6:     931824 bytes,    4084040 total
- age   7:    4208432 bytes,    8292472 total
- age   8:    2172120 bytes,   10464592 total
: 102671K->12516K(109248K), 0.0063543 secs] 102671K->12516K(502464K), 0.0064294 secs] [Times: user=0.00 sys=0.00, real=0.01 secs] 
Heap after GC invocations=8 (full 0):
 par new generation   total 109248K, used 12516K [0x00000000dae00000, 0x00000000e2e00000, 0x00000000e2e00000)
  eden space 87424K,   0% used [0x00000000dae00000, 0x00000000dae00000, 0x00000000e0360000)
  from space 21824K,  57% used [0x00000000e0360000, 0x00000000e0f99100, 0x00000000e18b0000)
  to   space 21824K,   0% used [0x00000000e18b0000, 0x00000000e18b0000, 0x00000000e2e00000)
 concurrent mark-sweep generation total 393216K, used 0K [0x00000000e2e00000, 0x00000000fae00000, 0x00000000fae00000)
 concurrent-mark-sweep perm gen total 21440K, used 21297K [0x00000000fae00000, 0x00000000fc2f0000, 0x0000000100000000)
}
2017-01-19T14:36:35.461-0500: 11.717: Total time for which application threads were stopped: 0.0065643 seconds, Stopping threads took: 0.0000246 seconds
2017-01-19T14:36:35.476-0500: 11.733: Total time for which application threads were stopped: 0.0000762 seconds, Stopping threads took: 0.0000172 seconds
2017-01-19T14:36:35.567-0500: 11.823: Total time for which application threads were stopped: 0.0000839 seconds, Stopping threads took: 0.0000238 seconds
2017-01-19T14:36:35.567-0500: 11.824: Total time for which application threads were stopped: 0.0000762 seconds, Stopping threads took: 0.0000359 seconds
2017-01-19T14:36:35.567-0500: 11.824: Total time for which application threads were stopped: 0.0000883 seconds, Stopping threads took: 0.0000396 seconds
{Heap before GC invocations=8 (full 0):
 par new generation   total 109248K, used 99940K [0x00000000dae00000, 0x00000000e2e00000, 0x00000000e2e00000)
  eden space 87424K, 100% used [0x00000000dae00000, 0x00000000e0360000, 0x00000000e0360000)
  from space 21824K,  57% used [0x00000000e0360000, 0x00000000e0f99100, 0x00000000e18b0000)
  to   space 21824K,   0% used [0x00000000e18b0000, 0x00000000e18b0000, 0x00000000e2e00000)
 concurrent mark-sweep generation total 393216K, used 0K [0x00000000e2e00000, 0x00000000fae00000, 0x00000000fae00000)
 concurrent-mark-sweep perm gen total 22016K, used 21875K [0x00000000fae00000, 0x00000000fc380000, 0x0000000100000000)
2017-01-19T14:36:35.614-0500: 11.871: [GC2017-01-19T14:36:35.614-0500: 11.871: [ParNew
Desired survivor size 20112992 bytes, new threshold 8 (max 8)
- age   1:     700168 bytes,     700168 total
- age   2:      91392 bytes,     791560 total
- age   3:     103864 bytes,     895424 total
- age   4:     106312 bytes,    1001736 total
- age   5:     136112 bytes,    1137848 total
- age   6:    2460840 bytes,    3598688 total
- age   7:     931824 bytes,    4530512 total
- age   8:    4207376 bytes,    8737888 total
: 99940K->11536K(109248K), 0.0117497 secs] 99940K->13882K(502464K), 0.0118369 secs] [Times: user=0.05 sys=0.02, real=0.01 secs] 
Heap after GC invocations=9 (full 0):
 par new generation   total 109248K, used 11536K [0x00000000dae00000, 0x00000000e2e00000, 0x00000000e2e00000)
  eden space 87424K,   0% used [0x00000000dae00000, 0x00000000dae00000, 0x00000000e0360000)
  from space 21824K,  52% used [0x00000000e18b0000, 0x00000000e23f40d8, 0x00000000e2e00000)
  to   space 21824K,   0% used [0x00000000e0360000, 0x00000000e0360000, 0x00000000e18b0000)
 concurrent mark-sweep generation total 393216K, used 2346K [0x00000000e2e00000, 0x00000000fae00000, 0x00000000fae00000)
 concurrent-mark-sweep perm gen total 22016K, used 21875K [0x00000000fae00000, 0x00000000fc380000, 0x0000000100000000)
}
2017-01-19T14:36:35.626-0500: 11.883: Total time for which application threads were stopped: 0.0119986 seconds, Stopping threads took: 0.0000392 seconds
2017-01-19T14:36:35.662-0500: 11.918: Total time for which application threads were stopped: 0.0001041 seconds, Stopping threads took: 0.0000154 seconds
2017-01-19T14:36:35.662-0500: 11.918: Total time for which application threads were stopped: 0.0000315 seconds, Stopping threads took: 0.0000077 seconds
2017-01-19T14:36:35.662-0500: 11.918: Total time for which application threads were stopped: 0.0000253 seconds, Stopping threads took: 0.0000070 seconds
2017-01-19T14:36:35.689-0500: 11.945: Total time for which application threads were stopped: 0.0000964 seconds, Stopping threads took: 0.0000436 seconds
2017-01-19T14:36:35.695-0500: 11.951: Total time for which application threads were stopped: 0.0000363 seconds, Stopping threads took: 0.0000143 seconds
2017-01-19T14:36:35.718-0500: 11.974: Total time for which application threads were stopped: 0.0000487 seconds, Stopping threads took: 0.0000158 seconds
2017-01-19T14:36:35.720-0500: 11.976: Total time for which application threads were stopped: 0.0000469 seconds, Stopping threads took: 0.0000205 seconds
2017-01-19T14:36:35.720-0500: 11.976: Total time for which application threads were stopped: 0.0000264 seconds, Stopping threads took: 0.0000066 seconds
2017-01-19T14:36:35.720-0500: 11.976: Total time for which application threads were stopped: 0.0000304 seconds, Stopping threads took: 0.0000092 seconds
2017-01-19T14:36:35.721-0500: 11.977: Total time for which application threads were stopped: 0.0001188 seconds, Stopping threads took: 0.0000869 seconds
2017-01-19T14:36:35.748-0500: 12.004: Total time for which application threads were stopped: 0.0000707 seconds, Stopping threads took: 0.0000279 seconds
2017-01-19T14:36:35.835-0500: 12.091: Total time for which application threads were stopped: 0.0000909 seconds, Stopping threads took: 0.0000165 seconds
2017-01-19T14:36:35.836-0500: 12.093: Total time for which application threads were stopped: 0.0001056 seconds, Stopping threads took: 0.0000660 seconds
2017-01-19T14:36:35.837-0500: 12.093: Total time for which application threads were stopped: 0.0000425 seconds, Stopping threads took: 0.0000312 seconds
2017-01-19T14:36:35.839-0500: 12.095: Total time for which application threads were stopped: 0.0001103 seconds, Stopping threads took: 0.0000682 seconds
2017-01-19T14:36:35.986-0500: 12.242: Total time for which application threads were stopped: 0.0000455 seconds, Stopping threads took: 0.0000147 seconds
2017-01-19T14:36:36.012-0500: 12.268: Total time for which application threads were stopped: 0.0001503 seconds, Stopping threads took: 0.0000242 seconds
2017-01-19T14:36:36.599-0500: 12.855: Total time for which application threads were stopped: 0.0001217 seconds, Stopping threads took: 0.0000172 seconds
2017-01-19T14:36:36.600-0500: 12.855: Total time for which application threads were stopped: 0.0000792 seconds, Stopping threads took: 0.0000044 seconds
2017-01-19T14:36:36.600-0500: 12.855: Total time for which application threads were stopped: 0.0000114 seconds, Stopping threads took: 0.0000040 seconds
2017-01-19T14:36:36.627-0500: 12.882: Total time for which application threads were stopped: 0.0001030 seconds, Stopping threads took: 0.0000696 seconds
2017-01-19T14:36:36.647-0500: 12.903: Total time for which application threads were stopped: 0.0000946 seconds, Stopping threads took: 0.0000509 seconds
2017-01-19T14:36:36.701-0500: 12.956: Total time for which application threads were stopped: 0.0001063 seconds, Stopping threads took: 0.0000579 seconds
2017-01-19T14:36:36.739-0500: 12.994: Total time for which application threads were stopped: 0.0001177 seconds, Stopping threads took: 0.0000319 seconds
2017-01-19T14:36:36.744-0500: 12.999: Total time for which application threads were stopped: 0.0000795 seconds, Stopping threads took: 0.0000279 seconds
2017-01-19T14:36:36.745-0500: 13.001: Total time for which application threads were stopped: 0.0003372 seconds, Stopping threads took: 0.0003002 seconds
2017-01-19T14:36:36.747-0500: 13.002: Total time for which application threads were stopped: 0.0000689 seconds, Stopping threads took: 0.0000304 seconds
2017-01-19T14:36:36.750-0500: 13.005: Total time for which application threads were stopped: 0.0001466 seconds, Stopping threads took: 0.0001191 seconds
2017-01-19T14:36:36.756-0500: 13.011: Total time for which application threads were stopped: 0.0000832 seconds, Stopping threads took: 0.0000524 seconds
2017-01-19T14:36:36.763-0500: 13.018: Total time for which application threads were stopped: 0.0002265 seconds, Stopping threads took: 0.0000935 seconds
2017-01-19T14:36:36.764-0500: 13.020: Total time for which application threads were stopped: 0.0001177 seconds, Stopping threads took: 0.0000828 seconds
2017-01-19T14:36:36.791-0500: 13.046: Total time for which application threads were stopped: 0.0000803 seconds, Stopping threads took: 0.0000246 seconds
2017-01-19T14:36:36.801-0500: 13.056: Total time for which application threads were stopped: 0.0000744 seconds, Stopping threads took: 0.0000524 seconds
2017-01-19T14:36:36.807-0500: 13.062: Total time for which application threads were stopped: 0.0000608 seconds, Stopping threads took: 0.0000279 seconds
2017-01-19T14:36:36.808-0500: 13.063: Total time for which application threads were stopped: 0.0000216 seconds, Stopping threads took: 0.0000077 seconds
2017-01-19T14:36:36.808-0500: 13.063: Total time for which application threads were stopped: 0.0000341 seconds, Stopping threads took: 0.0000213 seconds
{Heap before GC invocations=9 (full 0):
 par new generation   total 109248K, used 98960K [0x00000000dae00000, 0x00000000e2e00000, 0x00000000e2e00000)
  eden space 87424K, 100% used [0x00000000dae00000, 0x00000000e0360000, 0x00000000e0360000)
  from space 21824K,  52% used [0x00000000e18b0000, 0x00000000e23f40d8, 0x00000000e2e00000)
  to   space 21824K,   0% used [0x00000000e0360000, 0x00000000e0360000, 0x00000000e18b0000)
 concurrent mark-sweep generation total 393216K, used 2346K [0x00000000e2e00000, 0x00000000fae00000, 0x00000000fae00000)
 concurrent-mark-sweep perm gen total 25088K, used 24915K [0x00000000fae00000, 0x00000000fc680000, 0x0000000100000000)
2017-01-19T14:36:36.838-0500: 13.094: [GC2017-01-19T14:36:36.838-0500: 13.094: [ParNew
Desired survivor size 20112992 bytes, new threshold 8 (max 8)
- age   1:    4519184 bytes,    4519184 total
- age   2:     144576 bytes,    4663760 total
- age   3:      88776 bytes,    4752536 total
- age   4:     102936 bytes,    4855472 total
- age   5:     105200 bytes,    4960672 total
- age   6:     133656 bytes,    5094328 total
- age   7:     275384 bytes,    5369712 total
- age   8:     930016 bytes,    6299728 total
: 98960K->9637K(109248K), 0.0130010 secs] 101306K->16323K(502464K), 0.0130733 secs] [Times: user=0.02 sys=0.00, real=0.01 secs] 
Heap after GC invocations=10 (full 0):
 par new generation   total 109248K, used 9637K [0x00000000dae00000, 0x00000000e2e00000, 0x00000000e2e00000)
  eden space 87424K,   0% used [0x00000000dae00000, 0x00000000dae00000, 0x00000000e0360000)
  from space 21824K,  44% used [0x00000000e0360000, 0x00000000e0cc9618, 0x00000000e18b0000)
  to   space 21824K,   0% used [0x00000000e18b0000, 0x00000000e18b0000, 0x00000000e2e00000)
 concurrent mark-sweep generation total 393216K, used 6685K [0x00000000e2e00000, 0x00000000fae00000, 0x00000000fae00000)
 concurrent-mark-sweep perm gen total 25088K, used 24915K [0x00000000fae00000, 0x00000000fc680000, 0x0000000100000000)
}
2017-01-19T14:36:36.851-0500: 13.107: Total time for which application threads were stopped: 0.0132012 seconds, Stopping threads took: 0.0000205 seconds
2017-01-19T14:36:36.904-0500: 13.159: Total time for which application threads were stopped: 0.0000594 seconds, Stopping threads took: 0.0000231 seconds
2017-01-19T14:36:36.905-0500: 13.160: Total time for which application threads were stopped: 0.0000627 seconds, Stopping threads took: 0.0000246 seconds
2017-01-19T14:36:36.905-0500: 13.160: Total time for which application threads were stopped: 0.0000634 seconds, Stopping threads took: 0.0000315 seconds
2017-01-19T14:36:36.905-0500: 13.160: Total time for which application threads were stopped: 0.0000418 seconds, Stopping threads took: 0.0000161 seconds
2017-01-19T14:36:36.921-0500: 13.176: Total time for which application threads were stopped: 0.0000462 seconds, Stopping threads took: 0.0000165 seconds
2017-01-19T14:36:36.923-0500: 13.178: Total time for which application threads were stopped: 0.0000447 seconds, Stopping threads took: 0.0000154 seconds
2017-01-19T14:36:36.956-0500: 13.211: Total time for which application threads were stopped: 0.0000623 seconds, Stopping threads took: 0.0000176 seconds
2017-01-19T14:36:36.957-0500: 13.212: Total time for which application threads were stopped: 0.0001246 seconds, Stopping threads took: 0.0000110 seconds
2017-01-19T14:36:36.957-0500: 13.213: Total time for which application threads were stopped: 0.0000253 seconds, Stopping threads took: 0.0000070 seconds
2017-01-19T14:36:36.958-0500: 13.213: Total time for which application threads were stopped: 0.0000528 seconds, Stopping threads took: 0.0000169 seconds
2017-01-19T14:36:36.958-0500: 13.213: Total time for which application threads were stopped: 0.0000396 seconds, Stopping threads took: 0.0000077 seconds
2017-01-19T14:36:36.969-0500: 13.224: Total time for which application threads were stopped: 0.0003981 seconds, Stopping threads took: 0.0003288 seconds
2017-01-19T14:36:36.986-0500: 13.241: Total time for which application threads were stopped: 0.0000744 seconds, Stopping threads took: 0.0000187 seconds
2017-01-19T14:36:37.000-0500: 13.255: Total time for which application threads were stopped: 0.0001521 seconds, Stopping threads took: 0.0000301 seconds
2017-01-19T14:36:37.000-0500: 13.256: Total time for which application threads were stopped: 0.0000528 seconds, Stopping threads took: 0.0000176 seconds
2017-01-19T14:36:37.866-0500: 14.121: Total time for which application threads were stopped: 0.0004527 seconds, Stopping threads took: 0.0000319 seconds
2017-01-19T14:36:37.973-0500: 14.228: Total time for which application threads were stopped: 0.0001030 seconds, Stopping threads took: 0.0000315 seconds
2017-01-19T14:36:37.973-0500: 14.228: Total time for which application threads were stopped: 0.0000568 seconds, Stopping threads took: 0.0000139 seconds
2017-01-19T14:36:37.973-0500: 14.228: Total time for which application threads were stopped: 0.0000645 seconds, Stopping threads took: 0.0000180 seconds
2017-01-19T14:36:38.015-0500: 14.270: Total time for which application threads were stopped: 0.0001536 seconds, Stopping threads took: 0.0000539 seconds
2017-01-19T14:36:38.016-0500: 14.271: Total time for which application threads were stopped: 0.0000579 seconds, Stopping threads took: 0.0000125 seconds
2017-01-19T14:36:38.020-0500: 14.275: Total time for which application threads were stopped: 0.0000564 seconds, Stopping threads took: 0.0000154 seconds
2017-01-19T14:36:38.029-0500: 14.284: Total time for which application threads were stopped: 0.0000726 seconds, Stopping threads took: 0.0000180 seconds
2017-01-19T14:36:38.032-0500: 14.288: Total time for which application threads were stopped: 0.0001719 seconds, Stopping threads took: 0.0001224 seconds
2017-01-19T14:36:38.033-0500: 14.288: Total time for which application threads were stopped: 0.0000678 seconds, Stopping threads took: 0.0000172 seconds
2017-01-19T14:36:38.033-0500: 14.289: Total time for which application threads were stopped: 0.0000469 seconds, Stopping threads took: 0.0000103 seconds
2017-01-19T14:36:38.042-0500: 14.297: Total time for which application threads were stopped: 0.0000905 seconds, Stopping threads took: 0.0000198 seconds
2017-01-19T14:36:38.066-0500: 14.321: Total time for which application threads were stopped: 0.0000755 seconds, Stopping threads took: 0.0000231 seconds
2017-01-19T14:36:38.071-0500: 14.326: Total time for which application threads were stopped: 0.0000722 seconds, Stopping threads took: 0.0000198 seconds
2017-01-19T14:36:38.096-0500: 14.351: Total time for which application threads were stopped: 0.0000685 seconds, Stopping threads took: 0.0000198 seconds
2017-01-19T14:36:38.122-0500: 14.377: Total time for which application threads were stopped: 0.0001151 seconds, Stopping threads took: 0.0000315 seconds
2017-01-19T14:36:38.125-0500: 14.380: Total time for which application threads were stopped: 0.0000605 seconds, Stopping threads took: 0.0000304 seconds
2017-01-19T14:36:38.127-0500: 14.383: Total time for which application threads were stopped: 0.0000506 seconds, Stopping threads took: 0.0000180 seconds
2017-01-19T14:36:38.139-0500: 14.394: Total time for which application threads were stopped: 0.0000638 seconds, Stopping threads took: 0.0000220 seconds
2017-01-19T14:36:38.146-0500: 14.401: Total time for which application threads were stopped: 0.0002291 seconds, Stopping threads took: 0.0001836 seconds
2017-01-19T14:36:38.231-0500: 14.486: Total time for which application threads were stopped: 0.0445873 seconds, Stopping threads took: 0.0445261 seconds
2017-01-19T14:36:38.257-0500: 14.512: Total time for which application threads were stopped: 0.0044190 seconds, Stopping threads took: 0.0043709 seconds
2017-01-19T14:36:38.271-0500: 14.526: Total time for which application threads were stopped: 0.0000968 seconds, Stopping threads took: 0.0000440 seconds
{Heap before GC invocations=10 (full 0):
 par new generation   total 109248K, used 97061K [0x00000000dae00000, 0x00000000e2e00000, 0x00000000e2e00000)
  eden space 87424K, 100% used [0x00000000dae00000, 0x00000000e0360000, 0x00000000e0360000)
  from space 21824K,  44% used [0x00000000e0360000, 0x00000000e0cc9618, 0x00000000e18b0000)
  to   space 21824K,   0% used [0x00000000e18b0000, 0x00000000e18b0000, 0x00000000e2e00000)
 concurrent mark-sweep generation total 393216K, used 6685K [0x00000000e2e00000, 0x00000000fae00000, 0x00000000fae00000)
 concurrent-mark-sweep perm gen total 27968K, used 27927K [0x00000000fae00000, 0x00000000fc950000, 0x0000000100000000)
2017-01-19T14:36:38.278-0500: 14.533: [GC2017-01-19T14:36:38.278-0500: 14.533: [ParNew
Desired survivor size 20112992 bytes, new threshold 8 (max 8)
- age   1:   13552280 bytes,   13552280 total
- age   2:    2044792 bytes,   15597072 total
- age   3:     144528 bytes,   15741600 total
- age   4:      88648 bytes,   15830248 total
- age   5:     102448 bytes,   15932696 total
- age   6:     104848 bytes,   16037544 total
- age   7:     131160 bytes,   16168704 total
- age   8:     273264 bytes,   16441968 total
: 97061K->17733K(109248K), 0.0143690 secs] 103747K->25325K(502464K), 0.0144492 secs] [Times: user=0.06 sys=0.00, real=0.01 secs] 
Heap after GC invocations=11 (full 0):
 par new generation   total 109248K, used 17733K [0x00000000dae00000, 0x00000000e2e00000, 0x00000000e2e00000)
  eden space 87424K,   0% used [0x00000000dae00000, 0x00000000dae00000, 0x00000000e0360000)
  from space 21824K,  81% used [0x00000000e18b0000, 0x00000000e2a01740, 0x00000000e2e00000)
  to   space 21824K,   0% used [0x00000000e0360000, 0x00000000e0360000, 0x00000000e18b0000)
 concurrent mark-sweep generation total 393216K, used 7591K [0x00000000e2e00000, 0x00000000fae00000, 0x00000000fae00000)
 concurrent-mark-sweep perm gen total 27968K, used 27927K [0x00000000fae00000, 0x00000000fc950000, 0x0000000100000000)
}
2017-01-19T14:36:38.292-0500: 14.547: Total time for which application threads were stopped: 0.0170168 seconds, Stopping threads took: 0.0024254 seconds
{Heap before GC invocations=11 (full 0):
 par new generation   total 109248K, used 105130K [0x00000000dae00000, 0x00000000e2e00000, 0x00000000e2e00000)
  eden space 87424K,  99% used [0x00000000dae00000, 0x00000000e0359470, 0x00000000e0360000)
  from space 21824K,  81% used [0x00000000e18b0000, 0x00000000e2a01740, 0x00000000e2e00000)
  to   space 21824K,   0% used [0x00000000e0360000, 0x00000000e0360000, 0x00000000e18b0000)
 concurrent mark-sweep generation total 393216K, used 7591K [0x00000000e2e00000, 0x00000000fae00000, 0x00000000fae00000)
 concurrent-mark-sweep perm gen total 28160K, used 27958K [0x00000000fae00000, 0x00000000fc980000, 0x0000000100000000)
2017-01-19T14:36:38.433-0500: 14.689: [GC2017-01-19T14:36:38.434-0500: 14.689: [ParNew
Desired survivor size 20112992 bytes, new threshold 8 (max 8)
- age   1:    2109216 bytes,    2109216 total
- age   2:   10686208 bytes,   12795424 total
- age   3:    2044632 bytes,   14840056 total
- age   4:     144528 bytes,   14984584 total
- age   5:      88648 bytes,   15073232 total
- age   6:     102448 bytes,   15175680 total
- age   7:     104848 bytes,   15280528 total
- age   8:     130968 bytes,   15411496 total
: 105130K->21824K(109248K), 0.0090465 secs] 112722K->29685K(502464K), 0.0091165 secs] [Times: user=0.03 sys=0.00, real=0.01 secs] 
Heap after GC invocations=12 (full 0):
 par new generation   total 109248K, used 21824K [0x00000000dae00000, 0x00000000e2e00000, 0x00000000e2e00000)
  eden space 87424K,   0% used [0x00000000dae00000, 0x00000000dae00000, 0x00000000e0360000)
  from space 21824K, 100% used [0x00000000e0360000, 0x00000000e18b0000, 0x00000000e18b0000)
  to   space 21824K,   0% used [0x00000000e18b0000, 0x00000000e18b0000, 0x00000000e2e00000)
 concurrent mark-sweep generation total 393216K, used 7861K [0x00000000e2e00000, 0x00000000fae00000, 0x00000000fae00000)
 concurrent-mark-sweep perm gen total 28160K, used 27958K [0x00000000fae00000, 0x00000000fc980000, 0x0000000100000000)
}
2017-01-19T14:36:38.443-0500: 14.698: Total time for which application threads were stopped: 0.0093866 seconds, Stopping threads took: 0.0000297 seconds
2017-01-19T14:36:38.443-0500: 14.698: Total time for which application threads were stopped: 0.0000795 seconds, Stopping threads took: 0.0000363 seconds
2017-01-19T14:36:38.457-0500: 14.713: Total time for which application threads were stopped: 0.0000715 seconds, Stopping threads took: 0.0000308 seconds
{Heap before GC invocations=12 (full 0):
 par new generation   total 109248K, used 109248K [0x00000000dae00000, 0x00000000e2e00000, 0x00000000e2e00000)
  eden space 87424K, 100% used [0x00000000dae00000, 0x00000000e0360000, 0x00000000e0360000)
  from space 21824K, 100% used [0x00000000e0360000, 0x00000000e18b0000, 0x00000000e18b0000)
  to   space 21824K,   0% used [0x00000000e18b0000, 0x00000000e18b0000, 0x00000000e2e00000)
 concurrent mark-sweep generation total 393216K, used 7861K [0x00000000e2e00000, 0x00000000fae00000, 0x00000000fae00000)
 concurrent-mark-sweep perm gen total 28160K, used 27991K [0x00000000fae00000, 0x00000000fc980000, 0x0000000100000000)
2017-01-19T14:36:38.524-0500: 14.780: [GC2017-01-19T14:36:38.524-0500: 14.780: [ParNew
Desired survivor size 20112992 bytes, new threshold 8 (max 8)
- age   1:     466936 bytes,     466936 total
- age   2:    1308632 bytes,    1775568 total
- age   3:   10684336 bytes,   12459904 total
- age   4:    2042760 bytes,   14502664 total
- age   5:     144528 bytes,   14647192 total
- age   6:      88648 bytes,   14735840 total
- age   7:     102448 bytes,   14838288 total
- age   8:     104752 bytes,   14943040 total
: 109248K->18937K(109248K), 0.0094926 secs] 117109K->26931K(502464K), 0.0095890 secs] [Times: user=0.00 sys=0.00, real=0.01 secs] 
Heap after GC invocations=13 (full 0):
 par new generation   total 109248K, used 18937K [0x00000000dae00000, 0x00000000e2e00000, 0x00000000e2e00000)
  eden space 87424K,   0% used [0x00000000dae00000, 0x00000000dae00000, 0x00000000e0360000)
  from space 21824K,  86% used [0x00000000e18b0000, 0x00000000e2b2e510, 0x00000000e2e00000)
  to   space 21824K,   0% used [0x00000000e0360000, 0x00000000e0360000, 0x00000000e18b0000)
 concurrent mark-sweep generation total 393216K, used 7993K [0x00000000e2e00000, 0x00000000fae00000, 0x00000000fae00000)
 concurrent-mark-sweep perm gen total 28160K, used 27991K [0x00000000fae00000, 0x00000000fc980000, 0x0000000100000000)
}
2017-01-19T14:36:38.534-0500: 14.789: Total time for which application threads were stopped: 0.0097656 seconds, Stopping threads took: 0.0000176 seconds
2017-01-19T14:36:38.534-0500: 14.789: Total time for which application threads were stopped: 0.0002067 seconds, Stopping threads took: 0.0000253 seconds
{Heap before GC invocations=13 (full 0):
 par new generation   total 109248K, used 106361K [0x00000000dae00000, 0x00000000e2e00000, 0x00000000e2e00000)
  eden space 87424K, 100% used [0x00000000dae00000, 0x00000000e0360000, 0x00000000e0360000)
  from space 21824K,  86% used [0x00000000e18b0000, 0x00000000e2b2e510, 0x00000000e2e00000)
  to   space 21824K,   0% used [0x00000000e0360000, 0x00000000e0360000, 0x00000000e18b0000)
 concurrent mark-sweep generation total 393216K, used 7993K [0x00000000e2e00000, 0x00000000fae00000, 0x00000000fae00000)
 concurrent-mark-sweep perm gen total 28160K, used 27998K [0x00000000fae00000, 0x00000000fc980000, 0x0000000100000000)
2017-01-19T14:36:38.649-0500: 14.905: [GC2017-01-19T14:36:38.649-0500: 14.905: [ParNew
Desired survivor size 20112992 bytes, new threshold 8 (max 8)
- age   1:     386496 bytes,     386496 total
- age   2:     411712 bytes,     798208 total
- age   3:    1308176 bytes,    2106384 total
- age   4:   10684176 bytes,   12790560 total
- age   5:    2042760 bytes,   14833320 total
- age   6:     144528 bytes,   14977848 total
- age   7:      88648 bytes,   15066496 total
- age   8:     102448 bytes,   15168944 total
: 106361K->19054K(109248K), 0.0087687 secs] 114355K->27153K(502464K), 0.0088610 secs] [Times: user=0.00 sys=0.00, real=0.01 secs] 
Heap after GC invocations=14 (full 0):
 par new generation   total 109248K, used 19054K [0x00000000dae00000, 0x00000000e2e00000, 0x00000000e2e00000)
  eden space 87424K,   0% used [0x00000000dae00000, 0x00000000dae00000, 0x00000000e0360000)
  from space 21824K,  87% used [0x00000000e0360000, 0x00000000e15fba70, 0x00000000e18b0000)
  to   space 21824K,   0% used [0x00000000e18b0000, 0x00000000e18b0000, 0x00000000e2e00000)
 concurrent mark-sweep generation total 393216K, used 8099K [0x00000000e2e00000, 0x00000000fae00000, 0x00000000fae00000)
 concurrent-mark-sweep perm gen total 28160K, used 27998K [0x00000000fae00000, 0x00000000fc980000, 0x0000000100000000)
}
2017-01-19T14:36:38.658-0500: 14.913: Total time for which application threads were stopped: 0.0090194 seconds, Stopping threads took: 0.0000158 seconds
2017-01-19T14:36:38.937-0500: 15.192: Total time for which application threads were stopped: 0.0002001 seconds, Stopping threads took: 0.0000638 seconds
2017-01-19T14:36:38.943-0500: 15.199: Total time for which application threads were stopped: 0.0000455 seconds, Stopping threads took: 0.0000187 seconds
2017-01-19T14:36:38.966-0500: 15.221: Total time for which application threads were stopped: 0.0000531 seconds, Stopping threads took: 0.0000194 seconds
2017-01-19T14:36:39.234-0500: 15.489: Total time for which application threads were stopped: 0.0001122 seconds, Stopping threads took: 0.0000176 seconds
2017-01-19T14:36:39.240-0500: 15.494: Total time for which application threads were stopped: 0.0000455 seconds, Stopping threads took: 0.0000169 seconds
2017-01-19T14:36:39.778-0500: 16.032: Total time for which application threads were stopped: 0.0001950 seconds, Stopping threads took: 0.0000268 seconds
2017-01-19T14:36:39.959-0500: 16.213: Total time for which application threads were stopped: 0.0001323 seconds, Stopping threads took: 0.0000370 seconds
2017-01-19T14:36:39.960-0500: 16.214: Total time for which application threads were stopped: 0.0000539 seconds, Stopping threads took: 0.0000180 seconds
2017-01-19T14:36:40.014-0500: 16.269: Total time for which application threads were stopped: 0.0001107 seconds, Stopping threads took: 0.0000345 seconds
2017-01-19T14:36:40.033-0500: 16.287: Total time for which application threads were stopped: 0.0000641 seconds, Stopping threads took: 0.0000202 seconds
2017-01-19T14:36:40.033-0500: 16.287: Total time for which application threads were stopped: 0.0000345 seconds, Stopping threads took: 0.0000125 seconds
2017-01-19T14:36:40.069-0500: 16.323: Total time for which application threads were stopped: 0.0000674 seconds, Stopping threads took: 0.0000132 seconds
2017-01-19T14:36:40.069-0500: 16.323: Total time for which application threads were stopped: 0.0000924 seconds, Stopping threads took: 0.0000040 seconds
2017-01-19T14:36:40.069-0500: 16.323: Total time for which application threads were stopped: 0.0000128 seconds, Stopping threads took: 0.0000055 seconds
2017-01-19T14:36:40.069-0500: 16.323: Total time for which application threads were stopped: 0.0000106 seconds, Stopping threads took: 0.0000040 seconds
2017-01-19T14:36:40.124-0500: 16.379: Total time for which application threads were stopped: 0.0000444 seconds, Stopping threads took: 0.0000147 seconds
2017-01-19T14:36:40.125-0500: 16.379: Total time for which application threads were stopped: 0.0000246 seconds, Stopping threads took: 0.0000077 seconds
2017-01-19T14:36:40.126-0500: 16.380: Total time for which application threads were stopped: 0.0000165 seconds, Stopping threads took: 0.0000062 seconds
2017-01-19T14:36:40.126-0500: 16.380: Total time for which application threads were stopped: 0.0000161 seconds, Stopping threads took: 0.0000059 seconds
2017-01-19T14:36:40.126-0500: 16.380: Total time for which application threads were stopped: 0.0000165 seconds, Stopping threads took: 0.0000062 seconds
2017-01-19T14:36:40.157-0500: 16.411: Total time for which application threads were stopped: 0.0001067 seconds, Stopping threads took: 0.0000608 seconds
2017-01-19T14:36:40.157-0500: 16.411: Total time for which application threads were stopped: 0.0000839 seconds, Stopping threads took: 0.0000630 seconds
2017-01-19T14:36:40.219-0500: 16.474: Total time for which application threads were stopped: 0.0000740 seconds, Stopping threads took: 0.0000187 seconds
2017-01-19T14:36:40.220-0500: 16.474: Total time for which application threads were stopped: 0.0000198 seconds, Stopping threads took: 0.0000077 seconds
2017-01-19T14:36:40.721-0500: 16.975: Total time for which application threads were stopped: 0.0001902 seconds, Stopping threads took: 0.0000249 seconds
2017-01-19T14:36:40.721-0500: 16.975: Total time for which application threads were stopped: 0.0000495 seconds, Stopping threads took: 0.0000246 seconds
2017-01-19T14:36:40.728-0500: 16.983: Total time for which application threads were stopped: 0.0000451 seconds, Stopping threads took: 0.0000150 seconds
2017-01-19T14:37:39.812-0500: 76.048: Total time for which application threads were stopped: 0.0003504 seconds, Stopping threads took: 0.0000568 seconds
2017-01-19T14:37:41.755-0500: 77.990: Total time for which application threads were stopped: 0.0003299 seconds, Stopping threads took: 0.0000381 seconds
2017-01-19T14:37:41.757-0500: 77.991: Total time for which application threads were stopped: 0.0000865 seconds, Stopping threads took: 0.0000253 seconds
2017-01-19T14:37:41.757-0500: 77.992: Total time for which application threads were stopped: 0.0000825 seconds, Stopping threads took: 0.0000352 seconds
2017-01-19T14:39:20.309-0500: 176.513: Total time for which application threads were stopped: 0.0008071 seconds, Stopping threads took: 0.0000656 seconds
2017-01-19T14:39:20.314-0500: 176.519: Total time for which application threads were stopped: 0.0000436 seconds, Stopping threads took: 0.0000161 seconds
2017-01-19T14:39:20.317-0500: 176.521: Total time for which application threads were stopped: 0.0002137 seconds, Stopping threads took: 0.0000092 seconds
2017-01-19T14:39:20.324-0500: 176.528: Total time for which application threads were stopped: 0.0000506 seconds, Stopping threads took: 0.0000169 seconds
2017-01-19T14:39:20.324-0500: 176.528: Total time for which application threads were stopped: 0.0000334 seconds, Stopping threads took: 0.0000095 seconds
2017-01-19T14:39:20.331-0500: 176.536: Total time for which application threads were stopped: 0.0000356 seconds, Stopping threads took: 0.0000110 seconds
2017-01-19T14:39:20.331-0500: 176.536: Total time for which application threads were stopped: 0.0000304 seconds, Stopping threads took: 0.0000088 seconds
2017-01-19T14:39:20.332-0500: 176.536: Total time for which application threads were stopped: 0.0000264 seconds, Stopping threads took: 0.0000081 seconds
2017-01-19T14:39:20.332-0500: 176.536: Total time for which application threads were stopped: 0.0000180 seconds, Stopping threads took: 0.0000051 seconds
2017-01-19T14:39:20.332-0500: 176.536: Total time for which application threads were stopped: 0.0000271 seconds, Stopping threads took: 0.0000081 seconds
2017-01-19T14:39:20.332-0500: 176.536: Total time for which application threads were stopped: 0.0000264 seconds, Stopping threads took: 0.0000081 seconds
2017-01-19T14:39:20.332-0500: 176.537: Total time for which application threads were stopped: 0.0000260 seconds, Stopping threads took: 0.0000077 seconds
2017-01-19T14:39:20.332-0500: 176.537: Total time for which application threads were stopped: 0.0000264 seconds, Stopping threads took: 0.0000081 seconds
2017-01-19T14:39:20.333-0500: 176.538: Total time for which application threads were stopped: 0.0000286 seconds, Stopping threads took: 0.0000081 seconds
2017-01-19T14:39:20.333-0500: 176.538: Total time for which application threads were stopped: 0.0000264 seconds, Stopping threads took: 0.0000077 seconds
2017-01-19T14:39:20.333-0500: 176.538: Total time for which application threads were stopped: 0.0000264 seconds, Stopping threads took: 0.0000081 seconds
2017-01-19T14:39:20.333-0500: 176.538: Total time for which application threads were stopped: 0.0000264 seconds, Stopping threads took: 0.0000077 seconds
2017-01-19T14:39:20.334-0500: 176.538: Total time for which application threads were stopped: 0.0000641 seconds, Stopping threads took: 0.0000062 seconds
2017-01-19T14:39:20.334-0500: 176.538: Total time for which application threads were stopped: 0.0000260 seconds, Stopping threads took: 0.0000077 seconds
2017-01-19T14:39:20.334-0500: 176.538: Total time for which application threads were stopped: 0.0000264 seconds, Stopping threads took: 0.0000077 seconds
2017-01-19T14:39:20.334-0500: 176.538: Total time for which application threads were stopped: 0.0000209 seconds, Stopping threads took: 0.0000077 seconds
2017-01-19T14:39:20.334-0500: 176.539: Total time for which application threads were stopped: 0.0000553 seconds, Stopping threads took: 0.0000308 seconds
2017-01-19T14:39:20.337-0500: 176.541: Total time for which application threads were stopped: 0.0000279 seconds, Stopping threads took: 0.0000084 seconds
2017-01-19T14:39:20.347-0500: 176.551: Total time for which application threads were stopped: 0.0000231 seconds, Stopping threads took: 0.0000062 seconds
{Heap before GC invocations=14 (full 0):
 par new generation   total 109248K, used 106478K [0x00000000dae00000, 0x00000000e2e00000, 0x00000000e2e00000)
  eden space 87424K, 100% used [0x00000000dae00000, 0x00000000e0360000, 0x00000000e0360000)
  from space 21824K,  87% used [0x00000000e0360000, 0x00000000e15fba70, 0x00000000e18b0000)
  to   space 21824K,   0% used [0x00000000e18b0000, 0x00000000e18b0000, 0x00000000e2e00000)
 concurrent mark-sweep generation total 393216K, used 8099K [0x00000000e2e00000, 0x00000000fae00000, 0x00000000fae00000)
 concurrent-mark-sweep perm gen total 31040K, used 30853K [0x00000000fae00000, 0x00000000fcc50000, 0x0000000100000000)
2017-01-19T14:39:20.362-0500: 176.567: [GC2017-01-19T14:39:20.362-0500: 176.567: [ParNew
Desired survivor size 20112992 bytes, new threshold 6 (max 8)
- age   1:    7581152 bytes,    7581152 total
- age   2:      72720 bytes,    7653872 total
- age   3:     406032 bytes,    8059904 total
- age   4:     580360 bytes,    8640264 total
- age   5:   10674280 bytes,   19314544 total
- age   6:    2038600 bytes,   21353144 total
- age   7:     144528 bytes,   21497672 total
- age   8:      88648 bytes,   21586320 total
: 106478K->21824K(109248K), 0.0148308 secs] 114577K->30208K(502464K), 0.0149107 secs] [Times: user=0.06 sys=0.00, real=0.02 secs] 
Heap after GC invocations=15 (full 0):
 par new generation   total 109248K, used 21824K [0x00000000dae00000, 0x00000000e2e00000, 0x00000000e2e00000)
  eden space 87424K,   0% used [0x00000000dae00000, 0x00000000dae00000, 0x00000000e0360000)
  from space 21824K, 100% used [0x00000000e18b0000, 0x00000000e2e00000, 0x00000000e2e00000)
  to   space 21824K,   0% used [0x00000000e0360000, 0x00000000e0360000, 0x00000000e18b0000)
 concurrent mark-sweep generation total 393216K, used 8384K [0x00000000e2e00000, 0x00000000fae00000, 0x00000000fae00000)
 concurrent-mark-sweep perm gen total 31040K, used 30853K [0x00000000fae00000, 0x00000000fcc50000, 0x0000000100000000)
}
2017-01-19T14:39:20.377-0500: 176.582: Total time for which application threads were stopped: 0.0150350 seconds, Stopping threads took: 0.0000161 seconds
2017-01-19T14:39:20.382-0500: 176.587: Total time for which application threads were stopped: 0.0000770 seconds, Stopping threads took: 0.0000238 seconds
2017-01-19T14:39:20.394-0500: 176.598: Total time for which application threads were stopped: 0.0002188 seconds, Stopping threads took: 0.0000150 seconds
2017-01-19T14:39:20.395-0500: 176.599: Total time for which application threads were stopped: 0.0000330 seconds, Stopping threads took: 0.0000081 seconds
2017-01-19T14:39:20.395-0500: 176.599: Total time for which application threads were stopped: 0.0000253 seconds, Stopping threads took: 0.0000048 seconds
2017-01-19T14:39:20.395-0500: 176.599: Total time for which application threads were stopped: 0.0000176 seconds, Stopping threads took: 0.0000051 seconds
2017-01-19T14:39:20.400-0500: 176.604: Total time for which application threads were stopped: 0.0000429 seconds, Stopping threads took: 0.0000158 seconds
2017-01-19T14:39:20.400-0500: 176.604: Total time for which application threads were stopped: 0.0000143 seconds, Stopping threads took: 0.0000051 seconds
2017-01-19T14:39:20.421-0500: 176.624: Total time for which application threads were stopped: 0.0000553 seconds, Stopping threads took: 0.0000161 seconds
2017-01-19T14:39:20.421-0500: 176.624: Total time for which application threads were stopped: 0.0000176 seconds, Stopping threads took: 0.0000059 seconds
2017-01-19T14:39:20.421-0500: 176.624: Total time for which application threads were stopped: 0.0000143 seconds, Stopping threads took: 0.0000055 seconds
2017-01-19T14:39:20.421-0500: 176.625: Total time for which application threads were stopped: 0.0000143 seconds, Stopping threads took: 0.0000051 seconds
2017-01-19T14:39:20.502-0500: 176.706: Total time for which application threads were stopped: 0.0001451 seconds, Stopping threads took: 0.0000491 seconds
2017-01-19T14:39:20.502-0500: 176.706: Total time for which application threads were stopped: 0.0000403 seconds, Stopping threads took: 0.0000176 seconds
2017-01-19T14:39:20.504-0500: 176.707: Total time for which application threads were stopped: 0.0000722 seconds, Stopping threads took: 0.0000220 seconds
2017-01-19T14:39:20.541-0500: 176.744: Total time for which application threads were stopped: 0.0000689 seconds, Stopping threads took: 0.0000235 seconds
2017-01-19T14:39:20.544-0500: 176.747: Total time for which application threads were stopped: 0.0001067 seconds, Stopping threads took: 0.0000553 seconds
2017-01-19T14:39:40.860-0500: 197.058: Total time for which application threads were stopped: 0.0001609 seconds, Stopping threads took: 0.0000176 seconds
2017-01-19T14:39:40.861-0500: 197.058: Total time for which application threads were stopped: 0.0000176 seconds, Stopping threads took: 0.0000055 seconds
2017-01-19T14:39:40.919-0500: 197.116: Total time for which application threads were stopped: 0.0001177 seconds, Stopping threads took: 0.0000623 seconds
2017-01-19T14:40:25.468-0500: 241.655: Total time for which application threads were stopped: 0.0002031 seconds, Stopping threads took: 0.0000253 seconds
2017-01-19T15:31:17.008-0500: 3292.919: Total time for which application threads were stopped: 0.0005953 seconds, Stopping threads took: 0.0000781 seconds
2017-01-19T15:47:40.563-0500: 4276.408: Total time for which application threads were stopped: 0.0005813 seconds, Stopping threads took: 0.0000715 seconds
2017-01-19T15:47:40.574-0500: 4276.419: Total time for which application threads were stopped: 0.0000938 seconds, Stopping threads took: 0.0000348 seconds
2017-01-19T15:47:40.636-0500: 4276.481: Total time for which application threads were stopped: 0.0001056 seconds, Stopping threads took: 0.0000169 seconds
2017-01-19T15:47:40.636-0500: 4276.481: Total time for which application threads were stopped: 0.0000315 seconds, Stopping threads took: 0.0000092 seconds
2017-01-19T15:47:40.636-0500: 4276.481: Total time for which application threads were stopped: 0.0000264 seconds, Stopping threads took: 0.0000084 seconds
2017-01-19T15:47:40.636-0500: 4276.481: Total time for which application threads were stopped: 0.0000264 seconds, Stopping threads took: 0.0000077 seconds
2017-01-19T15:47:40.636-0500: 4276.481: Total time for which application threads were stopped: 0.0000176 seconds, Stopping threads took: 0.0000051 seconds
2017-01-19T15:47:40.637-0500: 4276.482: Total time for which application threads were stopped: 0.0000176 seconds, Stopping threads took: 0.0000062 seconds
2017-01-19T15:47:40.699-0500: 4276.544: Total time for which application threads were stopped: 0.0000744 seconds, Stopping threads took: 0.0000227 seconds
2017-01-19T15:47:40.700-0500: 4276.545: Total time for which application threads were stopped: 0.0000572 seconds, Stopping threads took: 0.0000165 seconds
2017-01-19T15:47:40.700-0500: 4276.545: Total time for which application threads were stopped: 0.0000531 seconds, Stopping threads took: 0.0000209 seconds
2017-01-19T16:14:35.671-0500: 5891.443: Total time for which application threads were stopped: 0.0002075 seconds, Stopping threads took: 0.0000491 seconds
2017-01-19T16:14:35.687-0500: 5891.443: Total time for which application threads were stopped: 0.0000246 seconds, Stopping threads took: 0.0000084 seconds
2017-01-19T16:14:35.687-0500: 5891.443: Total time for which application threads were stopped: 0.0000231 seconds, Stopping threads took: 0.0000077 seconds
2017-01-19T16:14:35.687-0500: 5891.444: Total time for which application threads were stopped: 0.0000367 seconds, Stopping threads took: 0.0000213 seconds
2017-01-19T16:14:35.687-0500: 5891.444: Total time for which application threads were stopped: 0.0000154 seconds, Stopping threads took: 0.0000055 seconds
2017-01-19T16:14:35.687-0500: 5891.445: Total time for which application threads were stopped: 0.0000125 seconds, Stopping threads took: 0.0000044 seconds
2017-01-19T16:14:35.687-0500: 5891.445: Total time for which application threads were stopped: 0.0000161 seconds, Stopping threads took: 0.0000051 seconds
2017-01-19T16:14:35.687-0500: 5891.445: Total time for which application threads were stopped: 0.0000132 seconds, Stopping threads took: 0.0000048 seconds
2017-01-19T16:14:35.687-0500: 5891.445: Total time for which application threads were stopped: 0.0000117 seconds, Stopping threads took: 0.0000040 seconds
2017-01-19T16:14:35.687-0500: 5891.445: Total time for which application threads were stopped: 0.0000121 seconds, Stopping threads took: 0.0000044 seconds
2017-01-19T16:14:35.687-0500: 5891.446: Total time for which application threads were stopped: 0.0000117 seconds, Stopping threads took: 0.0000040 seconds
2017-01-19T16:14:35.687-0500: 5891.446: Total time for which application threads were stopped: 0.0000121 seconds, Stopping threads took: 0.0000044 seconds
2017-01-19T16:14:35.687-0500: 5891.446: Total time for which application threads were stopped: 0.0000117 seconds, Stopping threads took: 0.0000040 seconds
2017-01-19T16:14:35.687-0500: 5891.446: Total time for which application threads were stopped: 0.0000121 seconds, Stopping threads took: 0.0000044 seconds
2017-01-19T16:14:35.687-0500: 5891.446: Total time for which application threads were stopped: 0.0000117 seconds, Stopping threads took: 0.0000040 seconds
2017-01-19T16:14:35.687-0500: 5891.446: Total time for which application threads were stopped: 0.0000106 seconds, Stopping threads took: 0.0000037 seconds
2017-01-19T16:14:35.687-0500: 5891.446: Total time for which application threads were stopped: 0.0000139 seconds, Stopping threads took: 0.0000048 seconds
2017-01-19T16:14:35.687-0500: 5891.446: Total time for which application threads were stopped: 0.0000128 seconds, Stopping threads took: 0.0000048 seconds
2017-01-19T16:14:35.687-0500: 5891.446: Total time for which application threads were stopped: 0.0000121 seconds, Stopping threads took: 0.0000040 seconds
2017-01-19T16:14:35.687-0500: 5891.446: Total time for which application threads were stopped: 0.0000125 seconds, Stopping threads took: 0.0000048 seconds
2017-01-19T16:14:35.687-0500: 5891.446: Total time for which application threads were stopped: 0.0000117 seconds, Stopping threads took: 0.0000040 seconds
2017-01-19T16:14:35.687-0500: 5891.446: Total time for which application threads were stopped: 0.0000121 seconds, Stopping threads took: 0.0000044 seconds
2017-01-19T16:14:35.687-0500: 5891.446: Total time for which application threads were stopped: 0.0000117 seconds, Stopping threads took: 0.0000040 seconds
2017-01-19T16:14:35.687-0500: 5891.446: Total time for which application threads were stopped: 0.0000125 seconds, Stopping threads took: 0.0000048 seconds
2017-01-19T16:14:35.687-0500: 5891.446: Total time for which application threads were stopped: 0.0000117 seconds, Stopping threads took: 0.0000040 seconds
2017-01-19T16:14:35.687-0500: 5891.446: Total time for which application threads were stopped: 0.0000125 seconds, Stopping threads took: 0.0000048 seconds
2017-01-19T16:14:35.687-0500: 5891.446: Total time for which application threads were stopped: 0.0000128 seconds, Stopping threads took: 0.0000048 seconds
2017-01-19T16:14:35.687-0500: 5891.446: Total time for which application threads were stopped: 0.0000128 seconds, Stopping threads took: 0.0000048 seconds
2017-01-19T16:14:35.687-0500: 5891.446: Total time for which application threads were stopped: 0.0000125 seconds, Stopping threads took: 0.0000048 seconds
2017-01-19T16:14:35.687-0500: 5891.446: Total time for which application threads were stopped: 0.0000128 seconds, Stopping threads took: 0.0000048 seconds
2017-01-19T16:14:35.687-0500: 5891.446: Total time for which application threads were stopped: 0.0000128 seconds, Stopping threads took: 0.0000048 seconds
2017-01-19T16:14:35.687-0500: 5891.448: Total time for which application threads were stopped: 0.0000158 seconds, Stopping threads took: 0.0000055 seconds
2017-01-19T16:14:35.687-0500: 5891.448: Total time for which application threads were stopped: 0.0000103 seconds, Stopping threads took: 0.0000037 seconds
2017-01-19T16:14:35.687-0500: 5891.448: Total time for which application threads were stopped: 0.0000110 seconds, Stopping threads took: 0.0000048 seconds
2017-01-19T16:14:35.687-0500: 5891.448: Total time for which application threads were stopped: 0.0000099 seconds, Stopping threads took: 0.0000040 seconds
2017-01-19T16:14:35.687-0500: 5891.448: Total time for which application threads were stopped: 0.0000095 seconds, Stopping threads took: 0.0000033 seconds
2017-01-19T16:14:35.687-0500: 5891.448: Total time for which application threads were stopped: 0.0000099 seconds, Stopping threads took: 0.0000037 seconds
2017-01-19T16:14:35.687-0500: 5891.449: Total time for which application threads were stopped: 0.0000099 seconds, Stopping threads took: 0.0000033 seconds
2017-01-19T16:14:35.687-0500: 5891.449: Total time for which application threads were stopped: 0.0000125 seconds, Stopping threads took: 0.0000037 seconds
2017-01-19T16:14:35.687-0500: 5891.449: Total time for which application threads were stopped: 0.0000099 seconds, Stopping threads took: 0.0000033 seconds
2017-01-19T16:14:35.687-0500: 5891.450: Total time for which application threads were stopped: 0.0000110 seconds, Stopping threads took: 0.0000040 seconds
2017-01-19T16:14:35.687-0500: 5891.450: Total time for which application threads were stopped: 0.0000106 seconds, Stopping threads took: 0.0000040 seconds
2017-01-19T16:14:35.687-0500: 5891.450: Total time for which application threads were stopped: 0.0000235 seconds, Stopping threads took: 0.0000037 seconds
2017-01-19T16:14:35.687-0500: 5891.450: Total time for which application threads were stopped: 0.0000121 seconds, Stopping threads took: 0.0000048 seconds
2017-01-19T16:14:35.687-0500: 5891.450: Total time for which application threads were stopped: 0.0000099 seconds, Stopping threads took: 0.0000037 seconds
2017-01-19T16:14:35.687-0500: 5891.450: Total time for which application threads were stopped: 0.0000103 seconds, Stopping threads took: 0.0000040 seconds
2017-01-19T16:14:35.687-0500: 5891.450: Total time for which application threads were stopped: 0.0000099 seconds, Stopping threads took: 0.0000037 seconds
2017-01-19T16:14:35.687-0500: 5891.450: Total time for which application threads were stopped: 0.0000099 seconds, Stopping threads took: 0.0000037 seconds
2017-01-19T16:14:35.687-0500: 5891.450: Total time for which application threads were stopped: 0.0000099 seconds, Stopping threads took: 0.0000040 seconds
2017-01-19T16:14:35.687-0500: 5891.450: Total time for which application threads were stopped: 0.0000099 seconds, Stopping threads took: 0.0000037 seconds
2017-01-19T16:14:35.687-0500: 5891.450: Total time for which application threads were stopped: 0.0000099 seconds, Stopping threads took: 0.0000037 seconds
2017-01-19T16:14:35.687-0500: 5891.450: Total time for which application threads were stopped: 0.0000095 seconds, Stopping threads took: 0.0000033 seconds
2017-01-19T16:14:35.687-0500: 5891.451: Total time for which application threads were stopped: 0.0000099 seconds, Stopping threads took: 0.0000037 seconds
2017-01-19T16:14:35.687-0500: 5891.451: Total time for which application threads were stopped: 0.0000095 seconds, Stopping threads took: 0.0000037 seconds
2017-01-19T16:14:35.687-0500: 5891.451: Total time for which application threads were stopped: 0.0000099 seconds, Stopping threads took: 0.0000037 seconds
2017-01-19T16:14:35.687-0500: 5891.451: Total time for which application threads were stopped: 0.0000099 seconds, Stopping threads took: 0.0000037 seconds
2017-01-19T16:14:35.687-0500: 5891.451: Total time for which application threads were stopped: 0.0000103 seconds, Stopping threads took: 0.0000040 seconds
2017-01-19T16:14:35.687-0500: 5891.451: Total time for which application threads were stopped: 0.0000099 seconds, Stopping threads took: 0.0000037 seconds
2017-01-19T16:14:35.687-0500: 5891.451: Total time for which application threads were stopped: 0.0001070 seconds, Stopping threads took: 0.0000037 seconds
2017-01-19T16:14:35.703-0500: 5891.468: Total time for which application threads were stopped: 0.0000506 seconds, Stopping threads took: 0.0000257 seconds
2017-01-19T16:14:35.703-0500: 5891.468: Total time for which application threads were stopped: 0.0000411 seconds, Stopping threads took: 0.0000202 seconds
2017-01-19T16:14:35.703-0500: 5891.469: Total time for which application threads were stopped: 0.0000414 seconds, Stopping threads took: 0.0000290 seconds
2017-01-19T16:14:35.703-0500: 5891.469: Total time for which application threads were stopped: 0.0000414 seconds, Stopping threads took: 0.0000293 seconds
2017-01-19T16:14:35.703-0500: 5891.469: Total time for which application threads were stopped: 0.0000418 seconds, Stopping threads took: 0.0000293 seconds
2017-01-19T16:14:35.703-0500: 5891.469: Total time for which application threads were stopped: 0.0000418 seconds, Stopping threads took: 0.0000297 seconds
2017-01-19T16:14:35.703-0500: 5891.469: Total time for which application threads were stopped: 0.0000418 seconds, Stopping threads took: 0.0000293 seconds
2017-01-19T16:14:35.703-0500: 5891.469: Total time for which application threads were stopped: 0.0000422 seconds, Stopping threads took: 0.0000297 seconds
2017-01-19T16:14:35.703-0500: 5891.469: Total time for which application threads were stopped: 0.0000418 seconds, Stopping threads took: 0.0000297 seconds
2017-01-19T16:14:35.703-0500: 5891.470: Total time for which application threads were stopped: 0.0000326 seconds, Stopping threads took: 0.0000194 seconds
2017-01-19T16:14:35.703-0500: 5891.470: Total time for which application threads were stopped: 0.0000330 seconds, Stopping threads took: 0.0000198 seconds
2017-01-19T16:14:35.703-0500: 5891.471: Total time for which application threads were stopped: 0.0000334 seconds, Stopping threads took: 0.0000205 seconds
2017-01-19T16:14:35.703-0500: 5891.471: Total time for which application threads were stopped: 0.0000330 seconds, Stopping threads took: 0.0000198 seconds
2017-01-19T16:14:35.703-0500: 5891.471: Total time for which application threads were stopped: 0.0000337 seconds, Stopping threads took: 0.0000205 seconds
2017-01-19T16:14:35.703-0500: 5891.472: Total time for which application threads were stopped: 0.0000334 seconds, Stopping threads took: 0.0000202 seconds
2017-01-19T16:14:35.703-0500: 5891.472: Total time for which application threads were stopped: 0.0000330 seconds, Stopping threads took: 0.0000198 seconds
2017-01-19T16:14:35.703-0500: 5891.472: Total time for which application threads were stopped: 0.0000334 seconds, Stopping threads took: 0.0000205 seconds
2017-01-19T16:14:35.703-0500: 5891.473: Total time for which application threads were stopped: 0.0000334 seconds, Stopping threads took: 0.0000202 seconds
2017-01-19T16:14:35.703-0500: 5891.473: Total time for which application threads were stopped: 0.0000337 seconds, Stopping threads took: 0.0000202 seconds
2017-01-19T16:14:35.703-0500: 5891.474: Total time for which application threads were stopped: 0.0000334 seconds, Stopping threads took: 0.0000202 seconds
2017-01-19T16:14:35.718-0500: 5891.475: Total time for which application threads were stopped: 0.0000414 seconds, Stopping threads took: 0.0000293 seconds
2017-01-19T16:14:35.718-0500: 5891.475: Total time for which application threads were stopped: 0.0000172 seconds, Stopping threads took: 0.0000051 seconds
2017-01-19T16:14:35.718-0500: 5891.475: Total time for which application threads were stopped: 0.0000414 seconds, Stopping threads took: 0.0000297 seconds
2017-01-19T16:14:35.718-0500: 5891.475: Total time for which application threads were stopped: 0.0000378 seconds, Stopping threads took: 0.0000044 seconds
2017-01-19T16:14:35.718-0500: 5891.475: Total time for which application threads were stopped: 0.0000381 seconds, Stopping threads took: 0.0000044 seconds
2017-01-19T16:14:35.718-0500: 5891.475: Total time for which application threads were stopped: 0.0000121 seconds, Stopping threads took: 0.0000040 seconds
2017-01-19T16:14:35.718-0500: 5891.475: Total time for which application threads were stopped: 0.0000381 seconds, Stopping threads took: 0.0000044 seconds
2017-01-19T16:14:35.718-0500: 5891.475: Total time for which application threads were stopped: 0.0000125 seconds, Stopping threads took: 0.0000044 seconds
2017-01-19T16:14:35.718-0500: 5891.476: Total time for which application threads were stopped: 0.0000128 seconds, Stopping threads took: 0.0000048 seconds
2017-01-19T16:14:35.718-0500: 5891.476: Total time for which application threads were stopped: 0.0000125 seconds, Stopping threads took: 0.0000048 seconds
2017-01-19T16:14:35.718-0500: 5891.476: Total time for which application threads were stopped: 0.0000238 seconds, Stopping threads took: 0.0000150 seconds
2017-01-19T16:14:35.718-0500: 5891.476: Total time for which application threads were stopped: 0.0000238 seconds, Stopping threads took: 0.0000147 seconds
2017-01-19T16:14:35.718-0500: 5891.477: Total time for which application threads were stopped: 0.0000389 seconds, Stopping threads took: 0.0000150 seconds
2017-01-19T16:14:35.718-0500: 5891.477: Total time for which application threads were stopped: 0.0000392 seconds, Stopping threads took: 0.0000154 seconds
2017-01-19T16:14:35.718-0500: 5891.477: Total time for which application threads were stopped: 0.0000238 seconds, Stopping threads took: 0.0000147 seconds
2017-01-19T16:14:35.718-0500: 5891.477: Total time for which application threads were stopped: 0.0000396 seconds, Stopping threads took: 0.0000150 seconds
2017-01-19T16:14:35.718-0500: 5891.477: Total time for which application threads were stopped: 0.0000143 seconds, Stopping threads took: 0.0000051 seconds
2017-01-19T16:14:35.718-0500: 5891.477: Total time for which application threads were stopped: 0.0000125 seconds, Stopping threads took: 0.0000044 seconds
2017-01-19T16:14:35.718-0500: 5891.477: Total time for which application threads were stopped: 0.0000125 seconds, Stopping threads took: 0.0000048 seconds
2017-01-19T16:14:35.718-0500: 5891.477: Total time for which application threads were stopped: 0.0000125 seconds, Stopping threads took: 0.0000048 seconds
2017-01-19T16:14:35.718-0500: 5891.478: Total time for which application threads were stopped: 0.0000121 seconds, Stopping threads took: 0.0000044 seconds
2017-01-19T16:14:35.718-0500: 5891.478: Total time for which application threads were stopped: 0.0000125 seconds, Stopping threads took: 0.0000048 seconds
2017-01-19T16:14:35.718-0500: 5891.478: Total time for which application threads were stopped: 0.0000121 seconds, Stopping threads took: 0.0000044 seconds
2017-01-19T16:14:35.718-0500: 5891.479: Total time for which application threads were stopped: 0.0000231 seconds, Stopping threads took: 0.0000048 seconds
2017-01-19T16:14:35.718-0500: 5891.479: Total time for which application threads were stopped: 0.0000125 seconds, Stopping threads took: 0.0000048 seconds
2017-01-19T16:14:35.718-0500: 5891.481: Total time for which application threads were stopped: 0.0000425 seconds, Stopping threads took: 0.0000315 seconds
2017-01-19T16:14:35.718-0500: 5891.481: Total time for which application threads were stopped: 0.0000400 seconds, Stopping threads took: 0.0000187 seconds
2017-01-19T16:14:35.718-0500: 5891.481: Total time for which application threads were stopped: 0.0000429 seconds, Stopping threads took: 0.0000198 seconds
2017-01-19T16:14:35.718-0500: 5891.482: Total time for which application threads were stopped: 0.0000403 seconds, Stopping threads took: 0.0000191 seconds
2017-01-19T16:14:35.718-0500: 5891.482: Total time for which application threads were stopped: 0.0000147 seconds, Stopping threads took: 0.0000048 seconds
2017-01-19T16:14:35.718-0500: 5891.482: Total time for which application threads were stopped: 0.0000114 seconds, Stopping threads took: 0.0000040 seconds
2017-01-19T16:14:35.718-0500: 5891.482: Total time for which application threads were stopped: 0.0000242 seconds, Stopping threads took: 0.0000150 seconds
2017-01-19T16:14:35.718-0500: 5891.483: Total time for which application threads were stopped: 0.0000400 seconds, Stopping threads took: 0.0000154 seconds
2017-01-19T16:14:35.718-0500: 5891.483: Total time for which application threads were stopped: 0.0000385 seconds, Stopping threads took: 0.0000048 seconds
2017-01-19T16:14:35.718-0500: 5891.483: Total time for which application threads were stopped: 0.0000385 seconds, Stopping threads took: 0.0000044 seconds
2017-01-19T16:14:35.718-0500: 5891.483: Total time for which application threads were stopped: 0.0000861 seconds, Stopping threads took: 0.0000649 seconds
2017-01-19T16:14:35.718-0500: 5891.484: Total time for which application threads were stopped: 0.0000400 seconds, Stopping threads took: 0.0000154 seconds
2017-01-19T16:14:35.718-0500: 5891.484: Total time for which application threads were stopped: 0.0000396 seconds, Stopping threads took: 0.0000150 seconds
2017-01-19T16:14:35.718-0500: 5891.485: Total time for which application threads were stopped: 0.0000392 seconds, Stopping threads took: 0.0000044 seconds
2017-01-19T16:14:35.718-0500: 5891.485: Total time for which application threads were stopped: 0.0000392 seconds, Stopping threads took: 0.0000158 seconds
2017-01-19T16:14:35.718-0500: 5891.485: Total time for which application threads were stopped: 0.0000389 seconds, Stopping threads took: 0.0000150 seconds
2017-01-19T16:14:35.718-0500: 5891.485: Total time for which application threads were stopped: 0.0000392 seconds, Stopping threads took: 0.0000154 seconds
2017-01-19T16:14:35.718-0500: 5891.485: Total time for which application threads were stopped: 0.0000396 seconds, Stopping threads took: 0.0000154 seconds
2017-01-19T16:14:35.718-0500: 5891.485: Total time for which application threads were stopped: 0.0000407 seconds, Stopping threads took: 0.0000169 seconds
2017-01-19T16:14:35.718-0500: 5891.485: Total time for which application threads were stopped: 0.0000396 seconds, Stopping threads took: 0.0000150 seconds
2017-01-19T16:14:35.718-0500: 5891.486: Total time for which application threads were stopped: 0.0000231 seconds, Stopping threads took: 0.0000077 seconds
2017-01-19T16:14:35.718-0500: 5891.486: Total time for which application threads were stopped: 0.0000198 seconds, Stopping threads took: 0.0000066 seconds
2017-01-19T16:14:35.718-0500: 5891.486: Total time for which application threads were stopped: 0.0000194 seconds, Stopping threads took: 0.0000066 seconds
2017-01-19T16:14:35.718-0500: 5891.486: Total time for which application threads were stopped: 0.0000194 seconds, Stopping threads took: 0.0000062 seconds
2017-01-19T16:14:35.718-0500: 5891.487: Total time for which application threads were stopped: 0.0001015 seconds, Stopping threads took: 0.0000066 seconds
2017-01-19T16:14:35.718-0500: 5891.487: Total time for which application threads were stopped: 0.0000176 seconds, Stopping threads took: 0.0000059 seconds
2017-01-19T16:14:35.718-0500: 5891.487: Total time for which application threads were stopped: 0.0000176 seconds, Stopping threads took: 0.0000059 seconds
2017-01-19T16:14:35.718-0500: 5891.488: Total time for which application threads were stopped: 0.0000183 seconds, Stopping threads took: 0.0000066 seconds
2017-01-19T16:14:35.718-0500: 5891.488: Total time for which application threads were stopped: 0.0000282 seconds, Stopping threads took: 0.0000172 seconds
2017-01-19T16:14:35.718-0500: 5891.488: Total time for which application threads were stopped: 0.0000183 seconds, Stopping threads took: 0.0000073 seconds
2017-01-19T16:14:35.718-0500: 5891.489: Total time for which application threads were stopped: 0.0000150 seconds, Stopping threads took: 0.0000062 seconds
2017-01-19T16:14:35.718-0500: 5891.489: Total time for which application threads were stopped: 0.0000161 seconds, Stopping threads took: 0.0000062 seconds
2017-01-19T16:14:35.718-0500: 5891.489: Total time for which application threads were stopped: 0.0000312 seconds, Stopping threads took: 0.0000191 seconds
2017-01-19T16:14:35.718-0500: 5891.490: Total time for which application threads were stopped: 0.0000143 seconds, Stopping threads took: 0.0000040 seconds
2017-01-19T16:14:35.734-0500: 5891.490: Total time for which application threads were stopped: 0.0000235 seconds, Stopping threads took: 0.0000066 seconds
2017-01-19T16:14:35.734-0500: 5891.492: Total time for which application threads were stopped: 0.0000407 seconds, Stopping threads took: 0.0000169 seconds
2017-01-19T16:14:35.734-0500: 5891.492: Total time for which application threads were stopped: 0.0000513 seconds, Stopping threads took: 0.0000282 seconds
2017-01-19T16:14:35.734-0500: 5891.492: Total time for which application threads were stopped: 0.0000293 seconds, Stopping threads took: 0.0000180 seconds
2017-01-19T16:14:35.734-0500: 5891.492: Total time for which application threads were stopped: 0.0000487 seconds, Stopping threads took: 0.0000139 seconds
2017-01-19T16:14:35.734-0500: 5891.492: Total time for which application threads were stopped: 0.0000257 seconds, Stopping threads took: 0.0000154 seconds
2017-01-19T16:14:35.734-0500: 5891.492: Total time for which application threads were stopped: 0.0000260 seconds, Stopping threads took: 0.0000084 seconds
2017-01-19T16:14:35.734-0500: 5891.492: Total time for which application threads were stopped: 0.0000652 seconds, Stopping threads took: 0.0000447 seconds
2017-01-19T16:14:35.734-0500: 5891.492: Total time for which application threads were stopped: 0.0000389 seconds, Stopping threads took: 0.0000286 seconds
2017-01-19T16:14:35.734-0500: 5891.492: Total time for which application threads were stopped: 0.0000125 seconds, Stopping threads took: 0.0000048 seconds
2017-01-19T16:14:35.734-0500: 5891.493: Total time for which application threads were stopped: 0.0000279 seconds, Stopping threads took: 0.0000088 seconds
2017-01-19T16:14:35.734-0500: 5891.493: Total time for which application threads were stopped: 0.0000209 seconds, Stopping threads took: 0.0000128 seconds
Heap
 par new generation   total 109248K, used 73645K [0x00000000dae00000, 0x00000000e2e00000, 0x00000000e2e00000)
  eden space 87424K,  59% used [0x00000000dae00000, 0x00000000de09b590, 0x00000000e0360000)
  from space 21824K, 100% used [0x00000000e18b0000, 0x00000000e2e00000, 0x00000000e2e00000)
  to   space 21824K,   0% used [0x00000000e0360000, 0x00000000e0360000, 0x00000000e18b0000)
 concurrent mark-sweep generation total 393216K, used 8384K [0x00000000e2e00000, 0x00000000fae00000, 0x00000000fae00000)
 concurrent-mark-sweep perm gen total 31232K, used 31134K [0x00000000fae00000, 0x00000000fcc80000, 0x0000000100000000)
