Java HotSpot(TM) Server VM (25.31-b07) for windows-x86 JRE (1.8.0_31-b13), built on Dec 17 2014 20:43:10 by "java_re" with MS VC++ 10.0 (VS2010)
Memory: 4k page, physical 3318796k(692952k free), swap 6726668k(2633124k free)
CommandLine flags: -XX:CMSInitiatingOccupancyFraction=50 -XX:CMSMaxAbortablePrecleanTime=6000 -XX:+CMSParallelRemarkEnabled -XX:+CMSScavengeBeforeRemark -XX:ConcGCThreads=4 -XX:InitialHeapSize=536870912 -XX:MaxHeapSize=536870912 -XX:MaxTenuringThreshold=8 -XX:NewRatio=3 -XX:OldPLABSize=16 -XX:ParallelGCThreads=4 -XX:+ParallelRefProcEnabled -XX:PretenureSizeThreshold=67108864 -XX:+PrintGC -XX:+PrintGCApplicationStoppedTime -XX:+PrintGCDateStamps -XX:+PrintGCDetails -XX:+PrintGCTimeStamps -XX:+PrintHeapAtGC -XX:+PrintTenuringDistribution -XX:SurvivorRatio=4 -XX:TargetSurvivorRatio=90 -XX:ThreadStackSize=256 -XX:+UseCMSInitiatingOccupancyOnly -XX:+UseConcMarkSweepGC -XX:-UseLargePagesIndividualAllocation -XX:+UseParNewGC 
2016-03-14T21:21:02.106-0400: 0.584: Total time for which application threads were stopped: 0.0002748 seconds
2016-03-14T21:21:03.020-0400: 1.497: Total time for which application threads were stopped: 0.0004170 seconds
2016-03-14T21:21:03.161-0400: 1.638: Total time for which application threads were stopped: 0.0001745 seconds
2016-03-14T21:21:03.809-0400: 2.287: Total time for which application threads were stopped: 0.0002661 seconds
2016-03-14T21:21:03.951-0400: 2.428: Total time for which application threads were stopped: 0.0003748 seconds
2016-03-14T21:21:04.006-0400: 2.484: Total time for which application threads were stopped: 0.0004980 seconds
2016-03-14T21:21:04.067-0400: 2.545: Total time for which application threads were stopped: 0.0004892 seconds
2016-03-14T21:21:05.068-0400: 3.545: Total time for which application threads were stopped: 0.0008298 seconds
{Heap before GC invocations=0 (full 0):
 par new generation   total 109248K, used 87424K [0x10c00000, 0x18c00000, 0x18c00000)
  eden space 87424K, 100% used [0x10c00000, 0x16160000, 0x16160000)
  from space 21824K,   0% used [0x16160000, 0x16160000, 0x176b0000)
  to   space 21824K,   0% used [0x176b0000, 0x176b0000, 0x18c00000)
 concurrent mark-sweep generation total 393216K, used 0K [0x18c00000, 0x30c00000, 0x30c00000)
 Metaspace       used 6665K, capacity 6706K, committed 6784K, reserved 7552K
2016-03-14T21:21:05.688-0400: 4.165: [GC (Allocation Failure) 4.166: [ParNew
Desired survivor size 20112996 bytes, new threshold 8 (max 8)
- age   1:    4988480 bytes,    4988480 total
: 87424K->4900K(109248K), 0.0282764 secs] 87424K->4900K(502464K), 0.0288367 secs] [Times: user=0.05 sys=0.02, real=0.03 secs] 
Heap after GC invocations=1 (full 0):
 par new generation   total 109248K, used 4900K [0x10c00000, 0x18c00000, 0x18c00000)
  eden space 87424K,   0% used [0x10c00000, 0x10c00000, 0x16160000)
  from space 21824K,  22% used [0x176b0000, 0x17b79068, 0x18c00000)
  to   space 21824K,   0% used [0x16160000, 0x16160000, 0x176b0000)
 concurrent mark-sweep generation total 393216K, used 0K [0x18c00000, 0x30c00000, 0x30c00000)
 Metaspace       used 6665K, capacity 6706K, committed 6784K, reserved 7552K
}
2016-03-14T21:21:05.717-0400: 4.195: Total time for which application threads were stopped: 0.0295540 seconds
2016-03-14T21:21:05.789-0400: 4.266: Total time for which application threads were stopped: 0.0005892 seconds
2016-03-14T21:21:06.687-0400: 5.165: Total time for which application threads were stopped: 0.0004208 seconds
2016-03-14T21:21:07.688-0400: 6.165: Total time for which application threads were stopped: 0.0002596 seconds
2016-03-14T21:21:08.507-0400: 6.984: Total time for which application threads were stopped: 0.0005941 seconds
2016-03-14T21:21:08.512-0400: 6.989: Total time for which application threads were stopped: 0.0003425 seconds
2016-03-14T21:21:08.528-0400: 7.004: Total time for which application threads were stopped: 0.0003775 seconds
2016-03-14T21:21:09.528-0400: 8.005: Total time for which application threads were stopped: 0.0002957 seconds
2016-03-14T21:21:09.541-0400: 8.018: Total time for which application threads were stopped: 0.0002425 seconds
2016-03-14T21:21:09.541-0400: 8.018: Total time for which application threads were stopped: 0.0003482 seconds
2016-03-14T21:21:09.541-0400: 8.019: Total time for which application threads were stopped: 0.0001589 seconds
2016-03-14T21:21:09.542-0400: 8.019: Total time for which application threads were stopped: 0.0001304 seconds
2016-03-14T21:21:09.542-0400: 8.019: Total time for which application threads were stopped: 0.0001232 seconds
2016-03-14T21:21:09.542-0400: 8.019: Total time for which application threads were stopped: 0.0001380 seconds
2016-03-14T21:21:09.542-0400: 8.019: Total time for which application threads were stopped: 0.0001201 seconds
2016-03-14T21:21:09.543-0400: 8.020: Total time for which application threads were stopped: 0.0001349 seconds
2016-03-14T21:21:09.543-0400: 8.020: Total time for which application threads were stopped: 0.0001220 seconds
2016-03-14T21:21:09.543-0400: 8.020: Total time for which application threads were stopped: 0.0001209 seconds
2016-03-14T21:21:09.543-0400: 8.020: Total time for which application threads were stopped: 0.0001216 seconds
2016-03-14T21:21:09.543-0400: 8.020: Total time for which application threads were stopped: 0.0001205 seconds
2016-03-14T21:21:09.543-0400: 8.021: Total time for which application threads were stopped: 0.0001216 seconds
2016-03-14T21:21:09.544-0400: 8.021: Total time for which application threads were stopped: 0.0001232 seconds
2016-03-14T21:21:09.544-0400: 8.021: Total time for which application threads were stopped: 0.0001209 seconds
2016-03-14T21:21:09.544-0400: 8.021: Total time for which application threads were stopped: 0.0001262 seconds
2016-03-14T21:21:09.544-0400: 8.021: Total time for which application threads were stopped: 0.0001224 seconds
2016-03-14T21:21:09.544-0400: 8.022: Total time for which application threads were stopped: 0.0001216 seconds
2016-03-14T21:21:09.545-0400: 8.022: Total time for which application threads were stopped: 0.0001216 seconds
2016-03-14T21:21:09.545-0400: 8.022: Total time for which application threads were stopped: 0.0002364 seconds
2016-03-14T21:21:09.545-0400: 8.023: Total time for which application threads were stopped: 0.0001798 seconds
2016-03-14T21:21:09.546-0400: 8.023: Total time for which application threads were stopped: 0.0001958 seconds
2016-03-14T21:21:09.546-0400: 8.023: Total time for which application threads were stopped: 0.0001315 seconds
2016-03-14T21:21:09.547-0400: 8.024: Total time for which application threads were stopped: 0.0001680 seconds
2016-03-14T21:21:09.548-0400: 8.025: Total time for which application threads were stopped: 0.0002429 seconds
2016-03-14T21:21:09.549-0400: 8.026: Total time for which application threads were stopped: 0.0002904 seconds
2016-03-14T21:21:09.550-0400: 8.027: Total time for which application threads were stopped: 0.0003759 seconds
2016-03-14T21:21:09.550-0400: 8.027: Total time for which application threads were stopped: 0.0003786 seconds
2016-03-14T21:21:09.550-0400: 8.028: Total time for which application threads were stopped: 0.0003360 seconds
2016-03-14T21:21:09.551-0400: 8.028: Total time for which application threads were stopped: 0.0002353 seconds
2016-03-14T21:21:09.551-0400: 8.029: Total time for which application threads were stopped: 0.0003596 seconds
2016-03-14T21:21:09.552-0400: 8.029: Total time for which application threads were stopped: 0.0002600 seconds
2016-03-14T21:21:09.552-0400: 8.029: Total time for which application threads were stopped: 0.0001794 seconds
2016-03-14T21:21:09.552-0400: 8.030: Total time for which application threads were stopped: 0.0001498 seconds
2016-03-14T21:21:09.553-0400: 8.030: Total time for which application threads were stopped: 0.0001699 seconds
2016-03-14T21:21:09.553-0400: 8.030: Total time for which application threads were stopped: 0.0001619 seconds
2016-03-14T21:21:09.553-0400: 8.031: Total time for which application threads were stopped: 0.0002258 seconds
2016-03-14T21:21:09.554-0400: 8.031: Total time for which application threads were stopped: 0.0002022 seconds
2016-03-14T21:21:09.554-0400: 8.031: Total time for which application threads were stopped: 0.0001581 seconds
2016-03-14T21:21:09.554-0400: 8.032: Total time for which application threads were stopped: 0.0002034 seconds
2016-03-14T21:21:09.555-0400: 8.032: Total time for which application threads were stopped: 0.0003170 seconds
2016-03-14T21:21:09.555-0400: 8.033: Total time for which application threads were stopped: 0.0003261 seconds
2016-03-14T21:21:09.556-0400: 8.033: Total time for which application threads were stopped: 0.0002209 seconds
2016-03-14T21:21:09.556-0400: 8.034: Total time for which application threads were stopped: 0.0003254 seconds
2016-03-14T21:21:09.558-0400: 8.035: Total time for which application threads were stopped: 0.0003877 seconds
2016-03-14T21:21:09.560-0400: 8.037: Total time for which application threads were stopped: 0.0006534 seconds
2016-03-14T21:21:09.560-0400: 8.037: Total time for which application threads were stopped: 0.0002646 seconds
2016-03-14T21:21:09.561-0400: 8.038: Total time for which application threads were stopped: 0.0002326 seconds
2016-03-14T21:21:09.561-0400: 8.038: Total time for which application threads were stopped: 0.0002269 seconds
2016-03-14T21:21:09.562-0400: 8.039: Total time for which application threads were stopped: 0.0003037 seconds
2016-03-14T21:21:09.563-0400: 8.040: Total time for which application threads were stopped: 0.0004155 seconds
2016-03-14T21:21:09.564-0400: 8.041: Total time for which application threads were stopped: 0.0002395 seconds
2016-03-14T21:21:09.564-0400: 8.041: Total time for which application threads were stopped: 0.0002581 seconds
2016-03-14T21:21:09.567-0400: 8.045: Total time for which application threads were stopped: 0.0006226 seconds
2016-03-14T21:21:09.568-0400: 8.046: Total time for which application threads were stopped: 0.0003147 seconds
2016-03-14T21:21:09.568-0400: 8.046: Total time for which application threads were stopped: 0.0001977 seconds
2016-03-14T21:21:09.569-0400: 8.047: Total time for which application threads were stopped: 0.0002695 seconds
2016-03-14T21:21:09.570-0400: 8.047: Total time for which application threads were stopped: 0.0002364 seconds
2016-03-14T21:21:09.570-0400: 8.048: Total time for which application threads were stopped: 0.0003090 seconds
2016-03-14T21:21:09.571-0400: 8.048: Total time for which application threads were stopped: 0.0002859 seconds
2016-03-14T21:21:09.571-0400: 8.049: Total time for which application threads were stopped: 0.0002767 seconds
2016-03-14T21:21:09.574-0400: 8.051: Total time for which application threads were stopped: 0.0002801 seconds
2016-03-14T21:21:09.575-0400: 8.052: Total time for which application threads were stopped: 0.0003630 seconds
2016-03-14T21:21:09.575-0400: 8.052: Total time for which application threads were stopped: 0.0003474 seconds
2016-03-14T21:21:09.576-0400: 8.053: Total time for which application threads were stopped: 0.0003102 seconds
2016-03-14T21:21:09.577-0400: 8.053: Total time for which application threads were stopped: 0.0003429 seconds
2016-03-14T21:21:09.578-0400: 8.055: Total time for which application threads were stopped: 0.0006150 seconds
2016-03-14T21:21:09.578-0400: 8.056: Total time for which application threads were stopped: 0.0003292 seconds
2016-03-14T21:21:09.579-0400: 8.057: Total time for which application threads were stopped: 0.0003151 seconds
2016-03-14T21:21:09.580-0400: 8.058: Total time for which application threads were stopped: 0.0006352 seconds
2016-03-14T21:21:09.581-0400: 8.058: Total time for which application threads were stopped: 0.0003014 seconds
2016-03-14T21:21:09.582-0400: 8.059: Total time for which application threads were stopped: 0.0003459 seconds
2016-03-14T21:21:09.583-0400: 8.060: Total time for which application threads were stopped: 0.0003254 seconds
2016-03-14T21:21:09.584-0400: 8.062: Total time for which application threads were stopped: 0.0003079 seconds
2016-03-14T21:21:09.585-0400: 8.062: Total time for which application threads were stopped: 0.0003087 seconds
2016-03-14T21:21:09.586-0400: 8.063: Total time for which application threads were stopped: 0.0004782 seconds
2016-03-14T21:21:09.587-0400: 8.064: Total time for which application threads were stopped: 0.0003661 seconds
2016-03-14T21:21:09.587-0400: 8.065: Total time for which application threads were stopped: 0.0002931 seconds
2016-03-14T21:21:09.588-0400: 8.065: Total time for which application threads were stopped: 0.0003117 seconds
2016-03-14T21:21:09.589-0400: 8.066: Total time for which application threads were stopped: 0.0003699 seconds
2016-03-14T21:21:09.590-0400: 8.067: Total time for which application threads were stopped: 0.0003239 seconds
2016-03-14T21:21:09.591-0400: 8.068: Total time for which application threads were stopped: 0.0003299 seconds
2016-03-14T21:21:09.591-0400: 8.069: Total time for which application threads were stopped: 0.0003026 seconds
2016-03-14T21:21:09.592-0400: 8.069: Total time for which application threads were stopped: 0.0002494 seconds
2016-03-14T21:21:09.593-0400: 8.071: Total time for which application threads were stopped: 0.0003334 seconds
2016-03-14T21:21:09.595-0400: 8.072: Total time for which application threads were stopped: 0.0003277 seconds
2016-03-14T21:21:09.596-0400: 8.073: Total time for which application threads were stopped: 0.0003611 seconds
2016-03-14T21:21:09.597-0400: 8.074: Total time for which application threads were stopped: 0.0005766 seconds
2016-03-14T21:21:09.598-0400: 8.075: Total time for which application threads were stopped: 0.0003147 seconds
2016-03-14T21:21:09.599-0400: 8.076: Total time for which application threads were stopped: 0.0002893 seconds
2016-03-14T21:21:09.603-0400: 8.080: Total time for which application threads were stopped: 0.0011757 seconds
2016-03-14T21:21:09.603-0400: 8.081: Total time for which application threads were stopped: 0.0006542 seconds
2016-03-14T21:21:09.606-0400: 8.083: Total time for which application threads were stopped: 0.0003463 seconds
2016-03-14T21:21:09.607-0400: 8.084: Total time for which application threads were stopped: 0.0006759 seconds
2016-03-14T21:21:09.609-0400: 8.086: Total time for which application threads were stopped: 0.0012510 seconds
2016-03-14T21:21:09.610-0400: 8.087: Total time for which application threads were stopped: 0.0007682 seconds
2016-03-14T21:21:09.611-0400: 8.088: Total time for which application threads were stopped: 0.0004151 seconds
2016-03-14T21:21:09.617-0400: 8.094: Total time for which application threads were stopped: 0.0002277 seconds
2016-03-14T21:21:09.618-0400: 8.095: Total time for which application threads were stopped: 0.0003630 seconds
2016-03-14T21:21:09.619-0400: 8.097: Total time for which application threads were stopped: 0.0004086 seconds
2016-03-14T21:21:09.621-0400: 8.098: Total time for which application threads were stopped: 0.0004048 seconds
2016-03-14T21:21:09.621-0400: 8.099: Total time for which application threads were stopped: 0.0002976 seconds
2016-03-14T21:21:09.622-0400: 8.100: Total time for which application threads were stopped: 0.0007903 seconds
2016-03-14T21:21:09.623-0400: 8.100: Total time for which application threads were stopped: 0.0004318 seconds
2016-03-14T21:21:09.624-0400: 8.101: Total time for which application threads were stopped: 0.0003090 seconds
2016-03-14T21:21:09.624-0400: 8.101: Total time for which application threads were stopped: 0.0003174 seconds
2016-03-14T21:21:09.625-0400: 8.102: Total time for which application threads were stopped: 0.0002706 seconds
2016-03-14T21:21:09.626-0400: 8.103: Total time for which application threads were stopped: 0.0003596 seconds
2016-03-14T21:21:09.626-0400: 8.103: Total time for which application threads were stopped: 0.0002258 seconds
2016-03-14T21:21:09.628-0400: 8.105: Total time for which application threads were stopped: 0.0007344 seconds
2016-03-14T21:21:09.628-0400: 8.106: Total time for which application threads were stopped: 0.0002151 seconds
2016-03-14T21:21:09.630-0400: 8.107: Total time for which application threads were stopped: 0.0002611 seconds
2016-03-14T21:21:09.633-0400: 8.110: Total time for which application threads were stopped: 0.0002954 seconds
2016-03-14T21:21:09.634-0400: 8.111: Total time for which application threads were stopped: 0.0003071 seconds
2016-03-14T21:21:09.639-0400: 8.116: Total time for which application threads were stopped: 0.0002509 seconds
2016-03-14T21:21:09.646-0400: 8.123: Total time for which application threads were stopped: 0.0003132 seconds
2016-03-14T21:21:09.646-0400: 8.123: Total time for which application threads were stopped: 0.0002988 seconds
2016-03-14T21:21:09.649-0400: 8.126: Total time for which application threads were stopped: 0.0006854 seconds
2016-03-14T21:21:09.650-0400: 8.127: Total time for which application threads were stopped: 0.0003645 seconds
2016-03-14T21:21:09.651-0400: 8.128: Total time for which application threads were stopped: 0.0005040 seconds
2016-03-14T21:21:09.652-0400: 8.129: Total time for which application threads were stopped: 0.0004493 seconds
2016-03-14T21:21:09.652-0400: 8.129: Total time for which application threads were stopped: 0.0001946 seconds
2016-03-14T21:21:09.653-0400: 8.130: Total time for which application threads were stopped: 0.0002288 seconds
2016-03-14T21:21:09.654-0400: 8.131: Total time for which application threads were stopped: 0.0003170 seconds
2016-03-14T21:21:09.654-0400: 8.131: Total time for which application threads were stopped: 0.0002288 seconds
2016-03-14T21:21:09.656-0400: 8.133: Total time for which application threads were stopped: 0.0005592 seconds
2016-03-14T21:21:09.657-0400: 8.134: Total time for which application threads were stopped: 0.0002733 seconds
2016-03-14T21:21:09.658-0400: 8.135: Total time for which application threads were stopped: 0.0002904 seconds
2016-03-14T21:21:09.658-0400: 8.135: Total time for which application threads were stopped: 0.0002824 seconds
2016-03-14T21:21:09.661-0400: 8.138: Total time for which application threads were stopped: 0.0007602 seconds
2016-03-14T21:21:09.674-0400: 8.151: Total time for which application threads were stopped: 0.0002695 seconds
2016-03-14T21:21:09.752-0400: 8.230: Total time for which application threads were stopped: 0.0006314 seconds
2016-03-14T21:21:09.880-0400: 8.357: Total time for which application threads were stopped: 0.0016311 seconds
2016-03-14T21:21:09.881-0400: 8.359: Total time for which application threads were stopped: 0.0003125 seconds
2016-03-14T21:21:09.914-0400: 8.391: Total time for which application threads were stopped: 0.0003246 seconds
2016-03-14T21:21:09.915-0400: 8.392: Total time for which application threads were stopped: 0.0003820 seconds
2016-03-14T21:21:09.947-0400: 8.424: Total time for which application threads were stopped: 0.0007583 seconds
2016-03-14T21:21:10.120-0400: 8.597: Total time for which application threads were stopped: 0.0004622 seconds
2016-03-14T21:21:10.120-0400: 8.597: Total time for which application threads were stopped: 0.0002965 seconds
2016-03-14T21:21:10.121-0400: 8.598: Total time for which application threads were stopped: 0.0002847 seconds
2016-03-14T21:21:10.122-0400: 8.599: Total time for which application threads were stopped: 0.0002904 seconds
2016-03-14T21:21:10.145-0400: 8.622: Total time for which application threads were stopped: 0.0005067 seconds
2016-03-14T21:21:10.146-0400: 8.623: Total time for which application threads were stopped: 0.0002760 seconds
2016-03-14T21:21:10.157-0400: 8.634: Total time for which application threads were stopped: 0.0003509 seconds
{Heap before GC invocations=1 (full 0):
 par new generation   total 109248K, used 92324K [0x10c00000, 0x18c00000, 0x18c00000)
  eden space 87424K, 100% used [0x10c00000, 0x16160000, 0x16160000)
  from space 21824K,  22% used [0x176b0000, 0x17b79068, 0x18c00000)
  to   space 21824K,   0% used [0x16160000, 0x16160000, 0x176b0000)
 concurrent mark-sweep generation total 393216K, used 0K [0x18c00000, 0x30c00000, 0x30c00000)
 Metaspace       used 12510K, capacity 12597K, committed 12672K, reserved 12672K
2016-03-14T21:21:10.164-0400: 8.641: [GC (Allocation Failure) 8.641: [ParNew
Desired survivor size 20112996 bytes, new threshold 8 (max 8)
- age   1:    8813456 bytes,    8813456 total
- age   2:    2265248 bytes,   11078704 total
: 92324K->12376K(109248K), 0.0420577 secs] 92324K->12376K(502464K), 0.0423192 secs] [Times: user=0.13 sys=0.00, real=0.04 secs] 
Heap after GC invocations=2 (full 0):
 par new generation   total 109248K, used 12376K [0x10c00000, 0x18c00000, 0x18c00000)
  eden space 87424K,   0% used [0x10c00000, 0x10c00000, 0x16160000)
  from space 21824K,  56% used [0x16160000, 0x16d76060, 0x176b0000)
  to   space 21824K,   0% used [0x176b0000, 0x176b0000, 0x18c00000)
 concurrent mark-sweep generation total 393216K, used 0K [0x18c00000, 0x30c00000, 0x30c00000)
 Metaspace       used 12510K, capacity 12597K, committed 12672K, reserved 12672K
}
2016-03-14T21:21:10.206-0400: 8.684: Total time for which application threads were stopped: 0.0430639 seconds
2016-03-14T21:21:10.208-0400: 8.685: Total time for which application threads were stopped: 0.0003315 seconds
2016-03-14T21:21:10.214-0400: 8.691: Total time for which application threads were stopped: 0.0003550 seconds
2016-03-14T21:21:10.217-0400: 8.694: Total time for which application threads were stopped: 0.0003714 seconds
2016-03-14T21:21:10.217-0400: 8.694: Total time for which application threads were stopped: 0.0003121 seconds
2016-03-14T21:21:10.217-0400: 8.694: Total time for which application threads were stopped: 0.0002197 seconds
2016-03-14T21:21:10.218-0400: 8.695: Total time for which application threads were stopped: 0.0002828 seconds
2016-03-14T21:21:10.218-0400: 8.695: Total time for which application threads were stopped: 0.0002547 seconds
2016-03-14T21:21:10.219-0400: 8.696: Total time for which application threads were stopped: 0.0002908 seconds
2016-03-14T21:21:10.219-0400: 8.696: Total time for which application threads were stopped: 0.0002159 seconds
2016-03-14T21:21:10.219-0400: 8.696: Total time for which application threads were stopped: 0.0002851 seconds
2016-03-14T21:21:10.219-0400: 8.697: Total time for which application threads were stopped: 0.0002205 seconds
2016-03-14T21:21:10.220-0400: 8.697: Total time for which application threads were stopped: 0.0002148 seconds
2016-03-14T21:21:10.220-0400: 8.697: Total time for which application threads were stopped: 0.0002763 seconds
2016-03-14T21:21:10.220-0400: 8.698: Total time for which application threads were stopped: 0.0002113 seconds
2016-03-14T21:21:10.221-0400: 8.698: Total time for which application threads were stopped: 0.0002129 seconds
2016-03-14T21:21:10.221-0400: 8.698: Total time for which application threads were stopped: 0.0003075 seconds
2016-03-14T21:21:10.222-0400: 8.699: Total time for which application threads were stopped: 0.0002269 seconds
2016-03-14T21:21:10.222-0400: 8.699: Total time for which application threads were stopped: 0.0002216 seconds
2016-03-14T21:21:10.223-0400: 8.700: Total time for which application threads were stopped: 0.0003490 seconds
2016-03-14T21:21:10.224-0400: 8.701: Total time for which application threads were stopped: 0.0003307 seconds
2016-03-14T21:21:10.224-0400: 8.701: Total time for which application threads were stopped: 0.0002524 seconds
2016-03-14T21:21:10.224-0400: 8.702: Total time for which application threads were stopped: 0.0003402 seconds
2016-03-14T21:21:10.536-0400: 9.014: Total time for which application threads were stopped: 0.0005508 seconds
2016-03-14T21:21:10.626-0400: 9.103: Total time for which application threads were stopped: 0.0003942 seconds
2016-03-14T21:21:10.693-0400: 9.170: Total time for which application threads were stopped: 0.0003182 seconds
2016-03-14T21:21:10.694-0400: 9.171: Total time for which application threads were stopped: 0.0001501 seconds
2016-03-14T21:21:10.694-0400: 9.171: Total time for which application threads were stopped: 0.0001745 seconds
2016-03-14T21:21:10.704-0400: 9.181: Total time for which application threads were stopped: 0.0002110 seconds
2016-03-14T21:21:10.880-0400: 9.357: Total time for which application threads were stopped: 0.0011255 seconds
2016-03-14T21:21:10.998-0400: 9.475: Total time for which application threads were stopped: 0.0008112 seconds
2016-03-14T21:21:11.069-0400: 9.546: Total time for which application threads were stopped: 0.0005694 seconds
2016-03-14T21:21:11.138-0400: 9.615: Total time for which application threads were stopped: 0.0003239 seconds
2016-03-14T21:21:11.139-0400: 9.616: Total time for which application threads were stopped: 0.0002402 seconds
2016-03-14T21:21:11.139-0400: 9.616: Total time for which application threads were stopped: 0.0002094 seconds
2016-03-14T21:21:11.139-0400: 9.617: Total time for which application threads were stopped: 0.0002170 seconds
2016-03-14T21:21:11.158-0400: 9.635: Total time for which application threads were stopped: 0.0003113 seconds
2016-03-14T21:21:11.158-0400: 9.636: Total time for which application threads were stopped: 0.0002429 seconds
2016-03-14T21:21:11.159-0400: 9.636: Total time for which application threads were stopped: 0.0002353 seconds
2016-03-14T21:21:11.159-0400: 9.637: Total time for which application threads were stopped: 0.0002125 seconds
2016-03-14T21:21:11.163-0400: 9.640: Total time for which application threads were stopped: 0.0002912 seconds
2016-03-14T21:21:11.163-0400: 9.640: Total time for which application threads were stopped: 0.0002064 seconds
2016-03-14T21:21:11.163-0400: 9.640: Total time for which application threads were stopped: 0.0002079 seconds
2016-03-14T21:21:11.164-0400: 9.641: Total time for which application threads were stopped: 0.0002410 seconds
2016-03-14T21:21:11.219-0400: 9.696: Total time for which application threads were stopped: 0.0002064 seconds
2016-03-14T21:21:11.229-0400: 9.706: Total time for which application threads were stopped: 0.0006200 seconds
2016-03-14T21:21:11.255-0400: 9.733: Total time for which application threads were stopped: 0.0001874 seconds
2016-03-14T21:21:11.256-0400: 9.733: Total time for which application threads were stopped: 0.0003524 seconds
2016-03-14T21:21:11.256-0400: 9.733: Total time for which application threads were stopped: 0.0001376 seconds
2016-03-14T21:21:11.257-0400: 9.735: Total time for which application threads were stopped: 0.0001243 seconds
2016-03-14T21:21:11.282-0400: 9.759: Total time for which application threads were stopped: 0.0007732 seconds
2016-03-14T21:21:11.316-0400: 9.793: Total time for which application threads were stopped: 0.0003467 seconds
2016-03-14T21:21:11.316-0400: 9.793: Total time for which application threads were stopped: 0.0001707 seconds
2016-03-14T21:21:11.327-0400: 9.804: Total time for which application threads were stopped: 0.0002391 seconds
{Heap before GC invocations=2 (full 0):
 par new generation   total 109248K, used 99792K [0x10c00000, 0x18c00000, 0x18c00000)
  eden space 87424K,  99% used [0x10c00000, 0x1615e2d0, 0x16160000)
  from space 21824K,  56% used [0x16160000, 0x16d76060, 0x176b0000)
  to   space 21824K,   0% used [0x176b0000, 0x176b0000, 0x18c00000)
 concurrent mark-sweep generation total 393216K, used 0K [0x18c00000, 0x30c00000, 0x30c00000)
 Metaspace       used 13721K, capacity 13863K, committed 13952K, reserved 14720K
2016-03-14T21:21:11.411-0400: 9.888: [GC (Allocation Failure) 9.888: [ParNew
Desired survivor size 20112996 bytes, new threshold 8 (max 8)
- age   1:    3109472 bytes,    3109472 total
- age   2:    3559336 bytes,    6668808 total
- age   3:    2213560 bytes,    8882368 total
: 99792K->13099K(109248K), 0.0212620 secs] 99792K->13099K(502464K), 0.0214647 secs] [Times: user=0.09 sys=0.00, real=0.02 secs] 
Heap after GC invocations=3 (full 0):
 par new generation   total 109248K, used 13099K [0x10c00000, 0x18c00000, 0x18c00000)
  eden space 87424K,   0% used [0x10c00000, 0x10c00000, 0x16160000)
  from space 21824K,  60% used [0x176b0000, 0x1837ae00, 0x18c00000)
  to   space 21824K,   0% used [0x16160000, 0x16160000, 0x176b0000)
 concurrent mark-sweep generation total 393216K, used 0K [0x18c00000, 0x30c00000, 0x30c00000)
 Metaspace       used 13721K, capacity 13863K, committed 13952K, reserved 14720K
}
2016-03-14T21:21:11.433-0400: 9.910: Total time for which application threads were stopped: 0.0221477 seconds
2016-03-14T21:21:11.435-0400: 9.912: Total time for which application threads were stopped: 0.0002661 seconds
2016-03-14T21:21:11.436-0400: 9.913: Total time for which application threads were stopped: 0.0003623 seconds
2016-03-14T21:21:11.448-0400: 9.925: Total time for which application threads were stopped: 0.0003231 seconds
2016-03-14T21:21:11.459-0400: 9.936: Total time for which application threads were stopped: 0.0006420 seconds
2016-03-14T21:21:11.570-0400: 10.047: Total time for which application threads were stopped: 0.0002429 seconds
2016-03-14T21:21:11.594-0400: 10.071: Total time for which application threads were stopped: 0.0001847 seconds
2016-03-14T21:21:11.597-0400: 10.074: Total time for which application threads were stopped: 0.0001923 seconds
2016-03-14T21:21:11.761-0400: 10.238: Total time for which application threads were stopped: 0.0014665 seconds
2016-03-14T21:21:11.823-0400: 10.300: Total time for which application threads were stopped: 0.0002456 seconds
2016-03-14T21:21:11.823-0400: 10.301: Total time for which application threads were stopped: 0.0003721 seconds
2016-03-14T21:21:11.824-0400: 10.301: Total time for which application threads were stopped: 0.0001334 seconds
2016-03-14T21:21:11.824-0400: 10.302: Total time for which application threads were stopped: 0.0001482 seconds
2016-03-14T21:21:11.827-0400: 10.304: Total time for which application threads were stopped: 0.0001570 seconds
2016-03-14T21:21:11.896-0400: 10.373: Total time for which application threads were stopped: 0.0001787 seconds
2016-03-14T21:21:11.896-0400: 10.374: Total time for which application threads were stopped: 0.0001391 seconds
2016-03-14T21:21:11.924-0400: 10.401: Total time for which application threads were stopped: 0.0002281 seconds
2016-03-14T21:21:11.964-0400: 10.441: Total time for which application threads were stopped: 0.0002463 seconds
2016-03-14T21:21:11.970-0400: 10.447: Total time for which application threads were stopped: 0.0002011 seconds
2016-03-14T21:21:11.970-0400: 10.447: Total time for which application threads were stopped: 0.0001520 seconds
2016-03-14T21:21:12.032-0400: 10.509: Total time for which application threads were stopped: 0.0002015 seconds
2016-03-14T21:21:12.071-0400: 10.548: Total time for which application threads were stopped: 0.0006329 seconds
{Heap before GC invocations=3 (full 0):
 par new generation   total 109248K, used 100523K [0x10c00000, 0x18c00000, 0x18c00000)
  eden space 87424K, 100% used [0x10c00000, 0x16160000, 0x16160000)
  from space 21824K,  60% used [0x176b0000, 0x1837ae00, 0x18c00000)
  to   space 21824K,   0% used [0x16160000, 0x16160000, 0x176b0000)
 concurrent mark-sweep generation total 393216K, used 0K [0x18c00000, 0x30c00000, 0x30c00000)
 Metaspace       used 14131K, capacity 14252K, committed 14336K, reserved 14720K
2016-03-14T21:21:12.111-0400: 10.588: [GC (Allocation Failure) 10.588: [ParNew
Desired survivor size 20112996 bytes, new threshold 8 (max 8)
- age   1:    2765632 bytes,    2765632 total
- age   2:    1038656 bytes,    3804288 total
- age   3:    3556888 bytes,    7361176 total
- age   4:    2213840 bytes,    9575016 total
: 100523K->11967K(109248K), 0.0209830 secs] 100523K->11967K(502464K), 0.0211400 secs] [Times: user=0.06 sys=0.00, real=0.02 secs] 
Heap after GC invocations=4 (full 0):
 par new generation   total 109248K, used 11967K [0x10c00000, 0x18c00000, 0x18c00000)
  eden space 87424K,   0% used [0x10c00000, 0x10c00000, 0x16160000)
  from space 21824K,  54% used [0x16160000, 0x16d0fd98, 0x176b0000)
  to   space 21824K,   0% used [0x176b0000, 0x176b0000, 0x18c00000)
 concurrent mark-sweep generation total 393216K, used 0K [0x18c00000, 0x30c00000, 0x30c00000)
 Metaspace       used 14131K, capacity 14252K, committed 14336K, reserved 14720K
}
2016-03-14T21:21:12.132-0400: 10.609: Total time for which application threads were stopped: 0.0216099 seconds
2016-03-14T21:21:12.305-0400: 10.782: Total time for which application threads were stopped: 0.0001984 seconds
2016-03-14T21:21:12.339-0400: 10.816: Total time for which application threads were stopped: 0.0002049 seconds
2016-03-14T21:21:12.339-0400: 10.816: Total time for which application threads were stopped: 0.0001387 seconds
2016-03-14T21:21:12.499-0400: 10.977: Total time for which application threads were stopped: 0.0002372 seconds
2016-03-14T21:21:12.500-0400: 10.977: Total time for which application threads were stopped: 0.0001444 seconds
{Heap before GC invocations=4 (full 0):
 par new generation   total 109248K, used 99391K [0x10c00000, 0x18c00000, 0x18c00000)
  eden space 87424K, 100% used [0x10c00000, 0x16160000, 0x16160000)
  from space 21824K,  54% used [0x16160000, 0x16d0fd98, 0x176b0000)
  to   space 21824K,   0% used [0x176b0000, 0x176b0000, 0x18c00000)
 concurrent mark-sweep generation total 393216K, used 0K [0x18c00000, 0x30c00000, 0x30c00000)
 Metaspace       used 14379K, capacity 14521K, committed 14592K, reserved 14720K
2016-03-14T21:21:12.501-0400: 10.979: [GC (Allocation Failure) 10.979: [ParNew
Desired survivor size 20112996 bytes, new threshold 8 (max 8)
- age   1:    1373464 bytes,    1373464 total
- age   2:    2315760 bytes,    3689224 total
- age   3:    1031688 bytes,    4720912 total
- age   4:    3555624 bytes,    8276536 total
- age   5:    2215312 bytes,   10491848 total
: 99391K->14174K(109248K), 0.0171704 secs] 99391K->14174K(502464K), 0.0207447 secs] [Times: user=0.06 sys=0.00, real=0.02 secs] 
Heap after GC invocations=5 (full 0):
 par new generation   total 109248K, used 14174K [0x10c00000, 0x18c00000, 0x18c00000)
  eden space 87424K,   0% used [0x10c00000, 0x10c00000, 0x16160000)
  from space 21824K,  64% used [0x176b0000, 0x18487a78, 0x18c00000)
  to   space 21824K,   0% used [0x16160000, 0x16160000, 0x176b0000)
 concurrent mark-sweep generation total 393216K, used 0K [0x18c00000, 0x30c00000, 0x30c00000)
 Metaspace       used 14379K, capacity 14521K, committed 14592K, reserved 14720K
}
2016-03-14T21:21:12.522-0400: 11.000: Total time for which application threads were stopped: 0.0211784 seconds
2016-03-14T21:21:12.595-0400: 11.073: Total time for which application threads were stopped: 0.0003436 seconds
2016-03-14T21:21:12.596-0400: 11.074: Total time for which application threads were stopped: 0.0000760 seconds
2016-03-14T21:21:12.597-0400: 11.075: Total time for which application threads were stopped: 0.0000730 seconds
2016-03-14T21:21:12.601-0400: 11.079: Total time for which application threads were stopped: 0.0000924 seconds
2016-03-14T21:21:12.727-0400: 11.204: Total time for which application threads were stopped: 0.0002528 seconds
2016-03-14T21:21:12.727-0400: 11.204: Total time for which application threads were stopped: 0.0001095 seconds
2016-03-14T21:21:12.727-0400: 11.204: Total time for which application threads were stopped: 0.0001053 seconds
{Heap before GC invocations=5 (full 0):
 par new generation   total 109248K, used 101578K [0x10c00000, 0x18c00000, 0x18c00000)
  eden space 87424K,  99% used [0x10c00000, 0x1615af20, 0x16160000)
  from space 21824K,  64% used [0x176b0000, 0x18487a78, 0x18c00000)
  to   space 21824K,   0% used [0x16160000, 0x16160000, 0x176b0000)
 concurrent mark-sweep generation total 393216K, used 0K [0x18c00000, 0x30c00000, 0x30c00000)
 Metaspace       used 14827K, capacity 14969K, committed 15104K, reserved 15744K
2016-03-14T21:21:12.811-0400: 11.289: [GC (Allocation Failure) 11.289: [ParNew
Desired survivor size 20112996 bytes, new threshold 8 (max 8)
- age   1:    1396000 bytes,    1396000 total
- age   2:     189640 bytes,    1585640 total
- age   3:    2302800 bytes,    3888440 total
- age   4:    1031304 bytes,    4919744 total
- age   5:    3554824 bytes,    8474568 total
- age   6:    2213136 bytes,   10687704 total
: 101578K->11731K(109248K), 0.0369527 secs] 101578K->11731K(502464K), 0.0373735 secs] [Times: user=0.11 sys=0.00, real=0.04 secs] 
Heap after GC invocations=6 (full 0):
 par new generation   total 109248K, used 11731K [0x10c00000, 0x18c00000, 0x18c00000)
  eden space 87424K,   0% used [0x10c00000, 0x10c00000, 0x16160000)
  from space 21824K,  53% used [0x16160000, 0x16cd4fc0, 0x176b0000)
  to   space 21824K,   0% used [0x176b0000, 0x176b0000, 0x18c00000)
 concurrent mark-sweep generation total 393216K, used 0K [0x18c00000, 0x30c00000, 0x30c00000)
 Metaspace       used 14827K, capacity 14969K, committed 15104K, reserved 15744K
}
2016-03-14T21:21:12.849-0400: 11.326: Total time for which application threads were stopped: 0.0383154 seconds
{Heap before GC invocations=6 (full 0):
 par new generation   total 109248K, used 99155K [0x10c00000, 0x18c00000, 0x18c00000)
  eden space 87424K, 100% used [0x10c00000, 0x16160000, 0x16160000)
  from space 21824K,  53% used [0x16160000, 0x16cd4fc0, 0x176b0000)
  to   space 21824K,   0% used [0x176b0000, 0x176b0000, 0x18c00000)
 concurrent mark-sweep generation total 393216K, used 0K [0x18c00000, 0x30c00000, 0x30c00000)
 Metaspace       used 14875K, capacity 15033K, committed 15104K, reserved 15744K
2016-03-14T21:21:13.153-0400: 11.631: [GC (Allocation Failure) 11.631: [ParNew
Desired survivor size 20112996 bytes, new threshold 8 (max 8)
- age   1:     586000 bytes,     586000 total
- age   2:     110552 bytes,     696552 total
- age   3:     188816 bytes,     885368 total
- age   4:    2302776 bytes,    3188144 total
- age   5:    1031304 bytes,    4219448 total
- age   6:    3554632 bytes,    7774080 total
- age   7:    2213224 bytes,    9987304 total
: 99155K->16265K(109248K), 0.0343690 secs] 99155K->16265K(502464K), 0.0345864 secs] [Times: user=0.13 sys=0.00, real=0.03 secs] 
Heap after GC invocations=7 (full 0):
 par new generation   total 109248K, used 16265K [0x10c00000, 0x18c00000, 0x18c00000)
  eden space 87424K,   0% used [0x10c00000, 0x10c00000, 0x16160000)
  from space 21824K,  74% used [0x176b0000, 0x186924a0, 0x18c00000)
  to   space 21824K,   0% used [0x16160000, 0x16160000, 0x176b0000)
 concurrent mark-sweep generation total 393216K, used 0K [0x18c00000, 0x30c00000, 0x30c00000)
 Metaspace       used 14875K, capacity 15033K, committed 15104K, reserved 15744K
}
2016-03-14T21:21:13.188-0400: 11.665: Total time for which application threads were stopped: 0.0354360 seconds
2016-03-14T21:21:13.331-0400: 11.808: Total time for which application threads were stopped: 0.0004147 seconds
2016-03-14T21:21:13.361-0400: 11.838: Total time for which application threads were stopped: 0.0003026 seconds
2016-03-14T21:21:13.366-0400: 11.844: Total time for which application threads were stopped: 0.0003763 seconds
2016-03-14T21:21:13.367-0400: 11.844: Total time for which application threads were stopped: 0.0002779 seconds
2016-03-14T21:21:13.367-0400: 11.844: Total time for which application threads were stopped: 0.0002585 seconds
{Heap before GC invocations=7 (full 0):
 par new generation   total 109248K, used 103689K [0x10c00000, 0x18c00000, 0x18c00000)
  eden space 87424K, 100% used [0x10c00000, 0x16160000, 0x16160000)
  from space 21824K,  74% used [0x176b0000, 0x186924a0, 0x18c00000)
  to   space 21824K,   0% used [0x16160000, 0x16160000, 0x176b0000)
 concurrent mark-sweep generation total 393216K, used 0K [0x18c00000, 0x30c00000, 0x30c00000)
 Metaspace       used 14961K, capacity 15104K, committed 15232K, reserved 15744K
2016-03-14T21:21:13.469-0400: 11.946: [GC (Allocation Failure) 11.946: [ParNew
Desired survivor size 20112996 bytes, new threshold 8 (max 8)
- age   1:     750104 bytes,     750104 total
- age   2:      83968 bytes,     834072 total
- age   3:     109288 bytes,     943360 total
- age   4:     188816 bytes,    1132176 total
- age   5:    2303232 bytes,    3435408 total
- age   6:    1029848 bytes,    4465256 total
- age   7:    3554256 bytes,    8019512 total
- age   8:    2213120 bytes,   10232632 total
: 103689K->13095K(109248K), 0.0330044 secs] 103689K->13095K(502464K), 0.0333373 secs] [Times: user=0.13 sys=0.00, real=0.03 secs] 
Heap after GC invocations=8 (full 0):
 par new generation   total 109248K, used 13095K [0x10c00000, 0x18c00000, 0x18c00000)
  eden space 87424K,   0% used [0x10c00000, 0x10c00000, 0x16160000)
  from space 21824K,  60% used [0x16160000, 0x16e29ca0, 0x176b0000)
  to   space 21824K,   0% used [0x176b0000, 0x176b0000, 0x18c00000)
 concurrent mark-sweep generation total 393216K, used 0K [0x18c00000, 0x30c00000, 0x30c00000)
 Metaspace       used 14961K, capacity 15104K, committed 15232K, reserved 15744K
}
2016-03-14T21:21:13.502-0400: 11.979: Total time for which application threads were stopped: 0.0340314 seconds
2016-03-14T21:21:13.603-0400: 12.080: Total time for which application threads were stopped: 0.0001825 seconds
2016-03-14T21:21:13.603-0400: 12.080: Total time for which application threads were stopped: 0.0001194 seconds
2016-03-14T21:21:13.603-0400: 12.080: Total time for which application threads were stopped: 0.0001121 seconds
2016-03-14T21:21:13.686-0400: 12.164: Total time for which application threads were stopped: 0.0004082 seconds
2016-03-14T21:21:13.712-0400: 12.190: Total time for which application threads were stopped: 0.0002011 seconds
2016-03-14T21:21:13.733-0400: 12.210: Total time for which application threads were stopped: 0.0001855 seconds
2016-03-14T21:21:13.746-0400: 12.224: Total time for which application threads were stopped: 0.0001969 seconds
2016-03-14T21:21:13.746-0400: 12.224: Total time for which application threads were stopped: 0.0001205 seconds
2016-03-14T21:21:13.747-0400: 12.224: Total time for which application threads were stopped: 0.0001148 seconds
2016-03-14T21:21:13.751-0400: 12.228: Total time for which application threads were stopped: 0.0003375 seconds
2016-03-14T21:21:13.847-0400: 12.324: Total time for which application threads were stopped: 0.0001832 seconds
2016-03-14T21:21:13.864-0400: 12.341: Total time for which application threads were stopped: 0.0008070 seconds
2016-03-14T21:21:14.162-0400: 12.639: Total time for which application threads were stopped: 0.0003326 seconds
2016-03-14T21:21:14.304-0400: 12.781: Total time for which application threads were stopped: 0.0012016 seconds
2016-03-14T21:21:15.304-0400: 13.782: Total time for which application threads were stopped: 0.0003334 seconds
2016-03-14T21:21:15.537-0400: 14.014: Total time for which application threads were stopped: 0.0003056 seconds
2016-03-14T21:21:15.540-0400: 14.017: Total time for which application threads were stopped: 0.0002524 seconds
2016-03-14T21:21:15.549-0400: 14.027: Total time for which application threads were stopped: 0.0002402 seconds
2016-03-14T21:21:15.665-0400: 14.143: Total time for which application threads were stopped: 0.0011894 seconds
2016-03-14T21:21:15.695-0400: 14.173: Total time for which application threads were stopped: 0.0002919 seconds
2016-03-14T21:21:15.696-0400: 14.173: Total time for which application threads were stopped: 0.0002763 seconds
2016-03-14T21:21:15.708-0400: 14.185: Total time for which application threads were stopped: 0.0003638 seconds
2016-03-14T21:21:15.780-0400: 14.257: Total time for which application threads were stopped: 0.0010704 seconds
2016-03-14T21:21:15.788-0400: 14.266: Total time for which application threads were stopped: 0.0003018 seconds
2016-03-14T21:21:15.791-0400: 14.268: Total time for which application threads were stopped: 0.0002513 seconds
2016-03-14T21:21:15.827-0400: 14.304: Total time for which application threads were stopped: 0.0010457 seconds
2016-03-14T21:21:15.891-0400: 14.369: Total time for which application threads were stopped: 0.0002824 seconds
2016-03-14T21:21:15.907-0400: 14.384: Total time for which application threads were stopped: 0.0003573 seconds
2016-03-14T21:21:15.907-0400: 14.385: Total time for which application threads were stopped: 0.0002178 seconds
2016-03-14T21:21:15.910-0400: 14.387: Total time for which application threads were stopped: 0.0002075 seconds
2016-03-14T21:21:15.930-0400: 14.407: Total time for which application threads were stopped: 0.0002931 seconds
2016-03-14T21:21:15.963-0400: 14.441: Total time for which application threads were stopped: 0.0001752 seconds
2016-03-14T21:21:15.965-0400: 14.442: Total time for which application threads were stopped: 0.0003102 seconds
2016-03-14T21:21:16.037-0400: 14.515: Total time for which application threads were stopped: 0.0002189 seconds
2016-03-14T21:21:16.119-0400: 14.596: Total time for which application threads were stopped: 0.0001992 seconds
2016-03-14T21:21:16.165-0400: 14.642: Total time for which application threads were stopped: 0.0001737 seconds
2016-03-14T21:21:16.187-0400: 14.664: Total time for which application threads were stopped: 0.0002079 seconds
2016-03-14T21:21:16.225-0400: 14.702: Total time for which application threads were stopped: 0.0001752 seconds
2016-03-14T21:21:16.225-0400: 14.702: Total time for which application threads were stopped: 0.0001019 seconds
2016-03-14T21:21:16.254-0400: 14.731: Total time for which application threads were stopped: 0.0002011 seconds
{Heap before GC invocations=8 (full 0):
 par new generation   total 109248K, used 100519K [0x10c00000, 0x18c00000, 0x18c00000)
  eden space 87424K, 100% used [0x10c00000, 0x16160000, 0x16160000)
  from space 21824K,  60% used [0x16160000, 0x16e29ca0, 0x176b0000)
  to   space 21824K,   0% used [0x176b0000, 0x176b0000, 0x18c00000)
 concurrent mark-sweep generation total 393216K, used 0K [0x18c00000, 0x30c00000, 0x30c00000)
 Metaspace       used 16926K, capacity 17061K, committed 17152K, reserved 17792K
2016-03-14T21:21:16.291-0400: 14.768: [GC (Allocation Failure) 14.768: [ParNew
Desired survivor size 20112996 bytes, new threshold 8 (max 8)
- age   1:    4217472 bytes,    4217472 total
- age   2:      84184 bytes,    4301656 total
- age   3:      83104 bytes,    4384760 total
- age   4:     108200 bytes,    4492960 total
- age   5:     187840 bytes,    4680800 total
- age   6:     262304 bytes,    4943104 total
- age   7:    1029720 bytes,    5972824 total
- age   8:    3546216 bytes,    9519040 total
: 100519K->12343K(109248K), 0.0591365 secs] 100519K->14616K(502464K), 0.0593547 secs] [Times: user=0.16 sys=0.02, real=0.06 secs] 
Heap after GC invocations=9 (full 0):
 par new generation   total 109248K, used 12343K [0x10c00000, 0x18c00000, 0x18c00000)
  eden space 87424K,   0% used [0x10c00000, 0x10c00000, 0x16160000)
  from space 21824K,  56% used [0x176b0000, 0x182bdff0, 0x18c00000)
  to   space 21824K,   0% used [0x16160000, 0x16160000, 0x176b0000)
 concurrent mark-sweep generation total 393216K, used 2272K [0x18c00000, 0x30c00000, 0x30c00000)
 Metaspace       used 16926K, capacity 17061K, committed 17152K, reserved 17792K
}
2016-03-14T21:21:16.350-0400: 14.827: Total time for which application threads were stopped: 0.0598869 seconds
2016-03-14T21:21:16.350-0400: 14.828: [GC (CMS Initial Mark) [1 CMS-initial-mark: 2272K(393216K)] 15180K(502464K), 0.0112782 secs] [Times: user=0.06 sys=0.00, real=0.01 secs] 
2016-03-14T21:21:16.362-0400: 14.839: Total time for which application threads were stopped: 0.0117047 seconds
2016-03-14T21:21:16.362-0400: 14.839: [CMS-concurrent-mark-start]
2016-03-14T21:21:16.372-0400: 14.850: [CMS-concurrent-mark: 0.010/0.010 secs] [Times: user=0.06 sys=0.00, real=0.01 secs] 
2016-03-14T21:21:16.373-0400: 14.850: [CMS-concurrent-preclean-start]
2016-03-14T21:21:16.378-0400: 14.855: [CMS-concurrent-preclean: 0.005/0.005 secs] [Times: user=0.00 sys=0.00, real=0.01 secs] 
2016-03-14T21:21:16.379-0400: 14.856: [GC (CMS Final Remark) [YG occupancy: 13453 K (109248 K)]{Heap before GC invocations=9 (full 1):
 par new generation   total 109248K, used 13453K [0x10c00000, 0x18c00000, 0x18c00000)
  eden space 87424K,   1% used [0x10c00000, 0x10d15728, 0x16160000)
  from space 21824K,  56% used [0x176b0000, 0x182bdff0, 0x18c00000)
  to   space 21824K,   0% used [0x16160000, 0x16160000, 0x176b0000)
 concurrent mark-sweep generation total 393216K, used 2272K [0x18c00000, 0x30c00000, 0x30c00000)
 Metaspace       used 16936K, capacity 17093K, committed 17152K, reserved 17792K
2016-03-14T21:21:16.380-0400: 14.857: [GC (CMS Final Remark) 14.857: [ParNew
Desired survivor size 20112996 bytes, new threshold 8 (max 8)
- age   1:      12120 bytes,      12120 total
- age   2:    1848904 bytes,    1861024 total
- age   3:      84184 bytes,    1945208 total
- age   4:      83104 bytes,    2028312 total
- age   5:     108200 bytes,    2136512 total
- age   6:     187840 bytes,    2324352 total
- age   7:     261504 bytes,    2585856 total
- age   8:    1029720 bytes,    3615576 total
: 13453K->4720K(109248K), 0.0472155 secs] 15726K->10553K(502464K), 0.0476561 secs] [Times: user=0.17 sys=0.02, real=0.05 secs] 
Heap after GC invocations=10 (full 1):
 par new generation   total 109248K, used 4720K [0x10c00000, 0x18c00000, 0x18c00000)
  eden space 87424K,   0% used [0x10c00000, 0x10c00000, 0x16160000)
  from space 21824K,  21% used [0x16160000, 0x165fc140, 0x176b0000)
  to   space 21824K,   0% used [0x176b0000, 0x176b0000, 0x18c00000)
 concurrent mark-sweep generation total 393216K, used 5832K [0x18c00000, 0x30c00000, 0x30c00000)
 Metaspace       used 16936K, capacity 17093K, committed 17152K, reserved 17792K
}
14.905: [Rescan (parallel) , 0.0131047 secs]14.918: [weak refs processing, 0.0032189 secs]14.921: [class unloading, 0.0301481 secs]14.951: [scrub symbol table, 0.0068099 secs]14.958: [scrub string table, 0.0005618 secs][1 CMS-remark: 5832K(393216K)] 10553K(502464K), 0.1102756 secs] [Times: user=0.28 sys=0.02, real=0.11 secs] 
2016-03-14T21:21:16.490-0400: 14.967: Total time for which application threads were stopped: 0.1107094 seconds
2016-03-14T21:21:16.490-0400: 14.967: [CMS-concurrent-sweep-start]
2016-03-14T21:21:16.503-0400: 14.981: [CMS-concurrent-sweep: 0.014/0.014 secs] [Times: user=0.05 sys=0.02, real=0.01 secs] 
2016-03-14T21:21:16.503-0400: 14.981: [CMS-concurrent-reset-start]
2016-03-14T21:21:16.516-0400: 14.993: [CMS-concurrent-reset: 0.012/0.012 secs] [Times: user=0.03 sys=0.02, real=0.01 secs] 
2016-03-14T21:21:16.853-0400: 15.330: Total time for which application threads were stopped: 0.0002570 seconds
2016-03-14T21:21:16.858-0400: 15.335: Total time for which application threads were stopped: 0.0003079 seconds
2016-03-14T21:21:16.858-0400: 15.336: Total time for which application threads were stopped: 0.0003155 seconds
2016-03-14T21:21:16.863-0400: 15.340: Total time for which application threads were stopped: 0.0002889 seconds
2016-03-14T21:21:16.869-0400: 15.346: Total time for which application threads were stopped: 0.0001574 seconds
2016-03-14T21:21:16.871-0400: 15.348: Total time for which application threads were stopped: 0.0001844 seconds
2016-03-14T21:21:16.871-0400: 15.348: Total time for which application threads were stopped: 0.0001627 seconds
2016-03-14T21:21:16.871-0400: 15.349: Total time for which application threads were stopped: 0.0001520 seconds
2016-03-14T21:21:16.879-0400: 15.356: Total time for which application threads were stopped: 0.0002121 seconds
2016-03-14T21:21:16.879-0400: 15.356: Total time for which application threads were stopped: 0.0001623 seconds
2016-03-14T21:21:16.879-0400: 15.356: Total time for which application threads were stopped: 0.0001825 seconds
2016-03-14T21:21:16.915-0400: 15.393: Total time for which application threads were stopped: 0.0002744 seconds
2016-03-14T21:21:16.920-0400: 15.398: Total time for which application threads were stopped: 0.0002573 seconds
2016-03-14T21:21:16.931-0400: 15.408: Total time for which application threads were stopped: 0.0003972 seconds
2016-03-14T21:21:16.935-0400: 15.412: Total time for which application threads were stopped: 0.0002847 seconds
2016-03-14T21:21:16.937-0400: 15.415: Total time for which application threads were stopped: 0.0003729 seconds
2016-03-14T21:21:16.982-0400: 15.459: Total time for which application threads were stopped: 0.0006109 seconds
2016-03-14T21:21:16.986-0400: 15.463: Total time for which application threads were stopped: 0.0002840 seconds
2016-03-14T21:21:17.060-0400: 15.537: Total time for which application threads were stopped: 0.0003467 seconds
2016-03-14T21:21:17.060-0400: 15.537: Total time for which application threads were stopped: 0.0002494 seconds
2016-03-14T21:21:17.115-0400: 15.592: Total time for which application threads were stopped: 0.0004082 seconds
2016-03-14T21:21:17.145-0400: 15.623: Total time for which application threads were stopped: 0.0007789 seconds
2016-03-14T21:21:17.146-0400: 15.623: Total time for which application threads were stopped: 0.0002706 seconds
2016-03-14T21:21:17.146-0400: 15.624: Total time for which application threads were stopped: 0.0002304 seconds
2016-03-14T21:21:17.197-0400: 15.674: Total time for which application threads were stopped: 0.0004003 seconds
2016-03-14T21:21:17.199-0400: 15.676: Total time for which application threads were stopped: 0.0006291 seconds
2016-03-14T21:21:17.209-0400: 15.685: Total time for which application threads were stopped: 0.0003581 seconds
2016-03-14T21:21:17.361-0400: 15.838: Total time for which application threads were stopped: 0.0018155 seconds
2016-03-14T21:21:17.733-0400: 16.210: Total time for which application threads were stopped: 0.0011487 seconds
2016-03-14T21:21:18.094-0400: 16.571: Total time for which application threads were stopped: 0.0005314 seconds
2016-03-14T21:21:18.165-0400: 16.642: Total time for which application threads were stopped: 0.0002893 seconds
2016-03-14T21:21:18.186-0400: 16.663: Total time for which application threads were stopped: 0.0003197 seconds
2016-03-14T21:21:18.212-0400: 16.689: Total time for which application threads were stopped: 0.0002102 seconds
2016-03-14T21:21:18.251-0400: 16.728: Total time for which application threads were stopped: 0.0001760 seconds
2016-03-14T21:21:18.251-0400: 16.728: Total time for which application threads were stopped: 0.0001425 seconds
2016-03-14T21:21:18.251-0400: 16.728: Total time for which application threads were stopped: 0.0000966 seconds
2016-03-14T21:21:18.252-0400: 16.729: Total time for which application threads were stopped: 0.0001080 seconds
2016-03-14T21:21:18.257-0400: 16.734: Total time for which application threads were stopped: 0.0002524 seconds
2016-03-14T21:21:18.292-0400: 16.769: Total time for which application threads were stopped: 0.0001965 seconds
2016-03-14T21:21:18.292-0400: 16.769: Total time for which application threads were stopped: 0.0000950 seconds
2016-03-14T21:21:18.292-0400: 16.769: Total time for which application threads were stopped: 0.0000992 seconds
2016-03-14T21:21:18.311-0400: 16.788: Total time for which application threads were stopped: 0.0002007 seconds
2016-03-14T21:21:18.350-0400: 16.827: Total time for which application threads were stopped: 0.0002611 seconds
2016-03-14T21:21:18.355-0400: 16.832: Total time for which application threads were stopped: 0.0002266 seconds
2016-03-14T21:21:18.447-0400: 16.925: Total time for which application threads were stopped: 0.0001456 seconds
2016-03-14T21:21:18.523-0400: 17.000: Total time for which application threads were stopped: 0.0002608 seconds
2016-03-14T21:21:18.544-0400: 17.021: Total time for which application threads were stopped: 0.0020112 seconds
2016-03-14T21:21:18.692-0400: 17.169: Total time for which application threads were stopped: 0.0003528 seconds
2016-03-14T21:21:18.760-0400: 17.237: Total time for which application threads were stopped: 0.0002771 seconds
2016-03-14T21:21:18.760-0400: 17.237: Total time for which application threads were stopped: 0.0001969 seconds
2016-03-14T21:21:18.761-0400: 17.238: Total time for which application threads were stopped: 0.0002440 seconds
2016-03-14T21:21:18.762-0400: 17.240: Total time for which application threads were stopped: 0.0002562 seconds
2016-03-14T21:21:18.763-0400: 17.240: Total time for which application threads were stopped: 0.0001771 seconds
2016-03-14T21:21:18.764-0400: 17.241: Total time for which application threads were stopped: 0.0002440 seconds
2016-03-14T21:21:18.764-0400: 17.241: Total time for which application threads were stopped: 0.0002056 seconds
2016-03-14T21:21:18.764-0400: 17.241: Total time for which application threads were stopped: 0.0002281 seconds
2016-03-14T21:21:18.766-0400: 17.243: Total time for which application threads were stopped: 0.0002467 seconds
2016-03-14T21:21:18.785-0400: 17.262: Total time for which application threads were stopped: 0.0007526 seconds
2016-03-14T21:21:18.786-0400: 17.263: Total time for which application threads were stopped: 0.0005094 seconds
2016-03-14T21:21:18.796-0400: 17.273: Total time for which application threads were stopped: 0.0002060 seconds
2016-03-14T21:21:18.796-0400: 17.273: Total time for which application threads were stopped: 0.0001536 seconds
2016-03-14T21:21:18.796-0400: 17.274: Total time for which application threads were stopped: 0.0001353 seconds
2016-03-14T21:21:18.797-0400: 17.274: Total time for which application threads were stopped: 0.0001501 seconds
2016-03-14T21:21:18.798-0400: 17.275: Total time for which application threads were stopped: 0.0001520 seconds
2016-03-14T21:21:18.798-0400: 17.275: Total time for which application threads were stopped: 0.0001334 seconds
2016-03-14T21:21:18.811-0400: 17.289: Total time for which application threads were stopped: 0.0002383 seconds
2016-03-14T21:21:18.814-0400: 17.291: Total time for which application threads were stopped: 0.0003341 seconds
2016-03-14T21:21:18.833-0400: 17.310: Total time for which application threads were stopped: 0.0002288 seconds
2016-03-14T21:21:18.833-0400: 17.310: Total time for which application threads were stopped: 0.0001422 seconds
2016-03-14T21:21:18.837-0400: 17.314: Total time for which application threads were stopped: 0.0002513 seconds
2016-03-14T21:21:18.844-0400: 17.321: Total time for which application threads were stopped: 0.0002064 seconds
2016-03-14T21:21:18.849-0400: 17.326: Total time for which application threads were stopped: 0.0002779 seconds
2016-03-14T21:21:18.853-0400: 17.331: Total time for which application threads were stopped: 0.0008876 seconds
2016-03-14T21:21:18.859-0400: 17.336: Total time for which application threads were stopped: 0.0005059 seconds
2016-03-14T21:21:18.892-0400: 17.369: Total time for which application threads were stopped: 0.0003356 seconds
{Heap before GC invocations=10 (full 1):
 par new generation   total 109248K, used 92144K [0x10c00000, 0x18c00000, 0x18c00000)
  eden space 87424K, 100% used [0x10c00000, 0x16160000, 0x16160000)
  from space 21824K,  21% used [0x16160000, 0x165fc140, 0x176b0000)
  to   space 21824K,   0% used [0x176b0000, 0x176b0000, 0x18c00000)
 concurrent mark-sweep generation total 393216K, used 5830K [0x18c00000, 0x30c00000, 0x30c00000)
 Metaspace       used 18973K, capacity 19109K, committed 19200K, reserved 19840K
2016-03-14T21:21:18.985-0400: 17.463: [GC (Allocation Failure) 17.463: [ParNew
Desired survivor size 20112996 bytes, new threshold 8 (max 8)
- age   1:   11982376 bytes,   11982376 total
- age   2:       1208 bytes,   11983584 total
- age   3:    1837968 bytes,   13821552 total
- age   4:      84160 bytes,   13905712 total
- age   5:      82528 bytes,   13988240 total
- age   6:     107984 bytes,   14096224 total
- age   7:     182488 bytes,   14278712 total
- age   8:     258120 bytes,   14536832 total
: 92144K->14902K(109248K), 0.0280160 secs] 97974K->21737K(502464K), 0.0281662 secs] [Times: user=0.09 sys=0.03, real=0.03 secs] 
Heap after GC invocations=11 (full 1):
 par new generation   total 109248K, used 14902K [0x10c00000, 0x18c00000, 0x18c00000)
  eden space 87424K,   0% used [0x10c00000, 0x10c00000, 0x16160000)
  from space 21824K,  68% used [0x176b0000, 0x1853db10, 0x18c00000)
  to   space 21824K,   0% used [0x16160000, 0x16160000, 0x176b0000)
 concurrent mark-sweep generation total 393216K, used 6835K [0x18c00000, 0x30c00000, 0x30c00000)
 Metaspace       used 18973K, capacity 19109K, committed 19200K, reserved 19840K
}
2016-03-14T21:21:19.014-0400: 17.491: Total time for which application threads were stopped: 0.0286094 seconds
2016-03-14T21:21:19.017-0400: 17.494: Total time for which application threads were stopped: 0.0002513 seconds
{Heap before GC invocations=11 (full 1):
 par new generation   total 109248K, used 102304K [0x10c00000, 0x18c00000, 0x18c00000)
  eden space 87424K,  99% used [0x10c00000, 0x1615a738, 0x16160000)
  from space 21824K,  68% used [0x176b0000, 0x1853db10, 0x18c00000)
  to   space 21824K,   0% used [0x16160000, 0x16160000, 0x176b0000)
 concurrent mark-sweep generation total 393216K, used 6835K [0x18c00000, 0x30c00000, 0x30c00000)
 Metaspace       used 18987K, capacity 19122K, committed 19200K, reserved 19840K
2016-03-14T21:21:19.285-0400: 17.762: [GC (Allocation Failure) 17.762: [ParNew
Desired survivor size 20112996 bytes, new threshold 8 (max 8)
- age   1:     981664 bytes,     981664 total
- age   2:    9289296 bytes,   10270960 total
- age   3:       1208 bytes,   10272168 total
- age   4:    1837984 bytes,   12110152 total
- age   5:      84160 bytes,   12194312 total
- age   6:      82528 bytes,   12276840 total
- age   7:     107984 bytes,   12384824 total
- age   8:     182008 bytes,   12566832 total
: 102304K->17955K(109248K), 0.0248097 secs] 109139K->25044K(502464K), 0.0249739 secs] [Times: user=0.13 sys=0.00, real=0.02 secs] 
Heap after GC invocations=12 (full 1):
 par new generation   total 109248K, used 17955K [0x10c00000, 0x18c00000, 0x18c00000)
  eden space 87424K,   0% used [0x10c00000, 0x10c00000, 0x16160000)
  from space 21824K,  82% used [0x16160000, 0x172e8f10, 0x176b0000)
  to   space 21824K,   0% used [0x176b0000, 0x176b0000, 0x18c00000)
 concurrent mark-sweep generation total 393216K, used 7089K [0x18c00000, 0x30c00000, 0x30c00000)
 Metaspace       used 18987K, capacity 19122K, committed 19200K, reserved 19840K
}
2016-03-14T21:21:19.310-0400: 17.787: Total time for which application threads were stopped: 0.0254567 seconds
2016-03-14T21:21:19.311-0400: 17.788: Total time for which application threads were stopped: 0.0002288 seconds
2016-03-14T21:21:19.604-0400: 18.081: Total time for which application threads were stopped: 0.0001673 seconds
2016-03-14T21:21:19.625-0400: 18.102: Total time for which application threads were stopped: 0.0002250 seconds
2016-03-14T21:21:19.691-0400: 18.168: Total time for which application threads were stopped: 0.0002311 seconds
2016-03-14T21:21:19.693-0400: 18.170: Total time for which application threads were stopped: 0.0001133 seconds
2016-03-14T21:21:19.693-0400: 18.170: Total time for which application threads were stopped: 0.0001289 seconds
2016-03-14T21:21:19.693-0400: 18.170: Total time for which application threads were stopped: 0.0001258 seconds
2016-03-14T21:21:19.693-0400: 18.171: Total time for which application threads were stopped: 0.0001308 seconds
2016-03-14T21:21:19.694-0400: 18.171: Total time for which application threads were stopped: 0.0001129 seconds
2016-03-14T21:21:19.717-0400: 18.194: Total time for which application threads were stopped: 0.0001866 seconds
2016-03-14T21:21:19.717-0400: 18.194: Total time for which application threads were stopped: 0.0001623 seconds
2016-03-14T21:21:19.718-0400: 18.195: Total time for which application threads were stopped: 0.0001444 seconds
2016-03-14T21:21:19.718-0400: 18.195: Total time for which application threads were stopped: 0.0001551 seconds
2016-03-14T21:21:19.734-0400: 18.211: Total time for which application threads were stopped: 0.0001494 seconds
2016-03-14T21:21:19.736-0400: 18.213: Total time for which application threads were stopped: 0.0001194 seconds
2016-03-14T21:21:19.736-0400: 18.213: Total time for which application threads were stopped: 0.0000996 seconds
2016-03-14T21:21:19.736-0400: 18.213: Total time for which application threads were stopped: 0.0000947 seconds
2016-03-14T21:21:19.737-0400: 18.214: Total time for which application threads were stopped: 0.0000973 seconds
2016-03-14T21:21:19.737-0400: 18.214: Total time for which application threads were stopped: 0.0000962 seconds
2016-03-14T21:21:19.737-0400: 18.215: Total time for which application threads were stopped: 0.0000897 seconds
2016-03-14T21:21:19.737-0400: 18.215: Total time for which application threads were stopped: 0.0000988 seconds
2016-03-14T21:21:19.739-0400: 18.216: Total time for which application threads were stopped: 0.0001281 seconds
2016-03-14T21:21:19.740-0400: 18.217: Total time for which application threads were stopped: 0.0000973 seconds
2016-03-14T21:21:19.740-0400: 18.217: Total time for which application threads were stopped: 0.0000851 seconds
2016-03-14T21:21:19.741-0400: 18.218: Total time for which application threads were stopped: 0.0000935 seconds
2016-03-14T21:21:19.741-0400: 18.218: Total time for which application threads were stopped: 0.0000775 seconds
2016-03-14T21:21:19.749-0400: 18.226: Total time for which application threads were stopped: 0.0001471 seconds
2016-03-14T21:21:19.749-0400: 18.226: Total time for which application threads were stopped: 0.0001023 seconds
2016-03-14T21:21:20.749-0400: 19.226: Total time for which application threads were stopped: 0.0002178 seconds
2016-03-14T21:21:22.137-0400: 20.614: Total time for which application threads were stopped: 0.0010598 seconds
2016-03-14T21:21:22.141-0400: 20.618: Total time for which application threads were stopped: 0.0002551 seconds
2016-03-14T21:21:22.219-0400: 20.696: Total time for which application threads were stopped: 0.0004561 seconds
2016-03-14T21:21:22.272-0400: 20.749: Total time for which application threads were stopped: 0.0001988 seconds
2016-03-14T21:21:22.335-0400: 20.813: Total time for which application threads were stopped: 0.0002247 seconds
2016-03-14T21:21:22.336-0400: 20.813: Total time for which application threads were stopped: 0.0001844 seconds
2016-03-14T21:21:22.336-0400: 20.813: Total time for which application threads were stopped: 0.0001619 seconds
2016-03-14T21:21:22.336-0400: 20.814: Total time for which application threads were stopped: 0.0001509 seconds
2016-03-14T21:21:22.367-0400: 20.845: Total time for which application threads were stopped: 0.0002136 seconds
2016-03-14T21:21:22.379-0400: 20.856: Total time for which application threads were stopped: 0.0001847 seconds
2016-03-14T21:21:22.379-0400: 20.857: Total time for which application threads were stopped: 0.0001235 seconds
2016-03-14T21:21:22.381-0400: 20.858: Total time for which application threads were stopped: 0.0001501 seconds
2016-03-14T21:21:22.381-0400: 20.858: Total time for which application threads were stopped: 0.0001167 seconds
2016-03-14T21:21:22.381-0400: 20.858: Total time for which application threads were stopped: 0.0001505 seconds
2016-03-14T21:21:22.381-0400: 20.859: Total time for which application threads were stopped: 0.0001167 seconds
2016-03-14T21:21:22.382-0400: 20.860: Total time for which application threads were stopped: 0.0001262 seconds
2016-03-14T21:21:22.382-0400: 20.860: Total time for which application threads were stopped: 0.0002984 seconds
2016-03-14T21:21:22.383-0400: 20.861: Total time for which application threads were stopped: 0.0002205 seconds
2016-03-14T21:21:22.384-0400: 20.861: Total time for which application threads were stopped: 0.0002703 seconds
{Heap before GC invocations=12 (full 1):
 par new generation   total 109248K, used 105379K [0x10c00000, 0x18c00000, 0x18c00000)
  eden space 87424K, 100% used [0x10c00000, 0x16160000, 0x16160000)
  from space 21824K,  82% used [0x16160000, 0x172e8f10, 0x176b0000)
  to   space 21824K,   0% used [0x176b0000, 0x176b0000, 0x18c00000)
 concurrent mark-sweep generation total 393216K, used 7089K [0x18c00000, 0x30c00000, 0x30c00000)
 Metaspace       used 19473K, capacity 19585K, committed 19712K, reserved 19840K
2016-03-14T21:21:22.387-0400: 20.865: [GC (Allocation Failure) 20.865: [ParNew
Desired survivor size 20112996 bytes, new threshold 8 (max 8)
- age   1:    2933752 bytes,    2933752 total
- age   2:     131272 bytes,    3065024 total
- age   3:    9277112 bytes,   12342136 total
- age   4:       1208 bytes,   12343344 total
- age   5:    1837792 bytes,   14181136 total
- age   6:      84160 bytes,   14265296 total
- age   7:      82528 bytes,   14347824 total
- age   8:     107888 bytes,   14455712 total
: 105379K->15828K(109248K), 0.0588993 secs] 112468K->23097K(502464K), 0.0591559 secs] [Times: user=0.17 sys=0.02, real=0.06 secs] 
Heap after GC invocations=13 (full 1):
 par new generation   total 109248K, used 15828K [0x10c00000, 0x18c00000, 0x18c00000)
  eden space 87424K,   0% used [0x10c00000, 0x10c00000, 0x16160000)
  from space 21824K,  72% used [0x176b0000, 0x186251a0, 0x18c00000)
  to   space 21824K,   0% used [0x16160000, 0x16160000, 0x176b0000)
 concurrent mark-sweep generation total 393216K, used 7269K [0x18c00000, 0x30c00000, 0x30c00000)
 Metaspace       used 19473K, capacity 19585K, committed 19712K, reserved 19840K
}
2016-03-14T21:21:22.447-0400: 20.924: Total time for which application threads were stopped: 0.0598660 seconds
2016-03-14T21:21:22.536-0400: 21.013: Total time for which application threads were stopped: 0.0002349 seconds
2016-03-14T21:21:22.538-0400: 21.015: Total time for which application threads were stopped: 0.0001927 seconds
2016-03-14T21:21:22.538-0400: 21.015: Total time for which application threads were stopped: 0.0002129 seconds
2016-03-14T21:21:22.539-0400: 21.016: Total time for which application threads were stopped: 0.0001300 seconds
2016-03-14T21:21:22.573-0400: 21.049: Total time for which application threads were stopped: 0.0002155 seconds
2016-03-14T21:21:22.573-0400: 21.050: Total time for which application threads were stopped: 0.0001365 seconds
2016-03-14T21:21:22.573-0400: 21.050: Total time for which application threads were stopped: 0.0001045 seconds
2016-03-14T21:21:22.581-0400: 21.058: Total time for which application threads were stopped: 0.0012057 seconds
2016-03-14T21:21:22.768-0400: 21.245: Total time for which application threads were stopped: 0.0002368 seconds
2016-03-14T21:21:22.768-0400: 21.245: Total time for which application threads were stopped: 0.0001315 seconds
2016-03-14T21:21:22.926-0400: 21.404: Total time for which application threads were stopped: 0.0008473 seconds
2016-03-14T21:21:23.927-0400: 22.405: Total time for which application threads were stopped: 0.0013612 seconds
2016-03-14T21:21:24.708-0400: 23.185: Total time for which application threads were stopped: 0.0002862 seconds
2016-03-14T21:21:24.709-0400: 23.186: Total time for which application threads were stopped: 0.0001813 seconds
2016-03-14T21:21:24.726-0400: 23.203: Total time for which application threads were stopped: 0.0002402 seconds
2016-03-14T21:21:25.726-0400: 24.203: Total time for which application threads were stopped: 0.0002239 seconds
2016-03-14T21:21:29.440-0400: 27.917: Total time for which application threads were stopped: 0.0002900 seconds
2016-03-14T21:21:29.444-0400: 27.922: Total time for which application threads were stopped: 0.0002558 seconds
2016-03-14T21:21:29.446-0400: 27.924: Total time for which application threads were stopped: 0.0002220 seconds
2016-03-14T21:21:29.447-0400: 27.924: Total time for which application threads were stopped: 0.0004025 seconds
2016-03-14T21:21:29.447-0400: 27.924: Total time for which application threads were stopped: 0.0002041 seconds
2016-03-14T21:21:29.447-0400: 27.925: Total time for which application threads were stopped: 0.0001338 seconds
2016-03-14T21:21:29.486-0400: 27.963: Total time for which application threads were stopped: 0.0003185 seconds
2016-03-14T21:21:29.486-0400: 27.964: Total time for which application threads were stopped: 0.0002205 seconds
2016-03-14T21:21:29.487-0400: 27.964: Total time for which application threads were stopped: 0.0002026 seconds
2016-03-14T21:21:30.488-0400: 28.965: Total time for which application threads were stopped: 0.0002585 seconds
2016-03-14T21:21:32.915-0400: 31.392: Total time for which application threads were stopped: 0.0012715 seconds
2016-03-14T21:21:33.069-0400: 31.546: Total time for which application threads were stopped: 0.0005337 seconds
2016-03-14T21:21:33.069-0400: 31.546: Total time for which application threads were stopped: 0.0001711 seconds
2016-03-14T21:21:33.079-0400: 31.557: Total time for which application threads were stopped: 0.0003136 seconds
2016-03-14T21:21:33.080-0400: 31.557: Total time for which application threads were stopped: 0.0002649 seconds
2016-03-14T21:21:33.082-0400: 31.559: Total time for which application threads were stopped: 0.0003360 seconds
2016-03-14T21:21:33.095-0400: 31.572: Total time for which application threads were stopped: 0.0002471 seconds
2016-03-14T21:21:33.107-0400: 31.584: Total time for which application threads were stopped: 0.0002611 seconds
2016-03-14T21:21:33.107-0400: 31.584: Total time for which application threads were stopped: 0.0002079 seconds
2016-03-14T21:21:33.116-0400: 31.593: Total time for which application threads were stopped: 0.0002338 seconds
2016-03-14T21:21:33.129-0400: 31.606: Total time for which application threads were stopped: 0.0002653 seconds
2016-03-14T21:21:33.312-0400: 31.789: Total time for which application threads were stopped: 0.0002809 seconds
2016-03-14T21:21:33.458-0400: 31.935: Total time for which application threads were stopped: 0.0004044 seconds
2016-03-14T21:21:33.458-0400: 31.936: Total time for which application threads were stopped: 0.0005333 seconds
2016-03-14T21:21:33.459-0400: 31.937: Total time for which application threads were stopped: 0.0002505 seconds
2016-03-14T21:21:33.460-0400: 31.938: Total time for which application threads were stopped: 0.0001908 seconds
2016-03-14T21:21:34.460-0400: 32.937: Total time for which application threads were stopped: 0.0002916 seconds
2016-03-14T21:21:38.583-0400: 37.060: Total time for which application threads were stopped: 0.0002266 seconds
2016-03-14T21:21:55.589-0400: 54.066: Total time for which application threads were stopped: 0.0002357 seconds
2016-03-14T21:21:55.896-0400: 54.373: Total time for which application threads were stopped: 0.0003250 seconds
2016-03-14T21:21:55.896-0400: 54.373: Total time for which application threads were stopped: 0.0002364 seconds
2016-03-14T21:21:55.896-0400: 54.374: Total time for which application threads were stopped: 0.0002311 seconds
2016-03-14T21:21:55.897-0400: 54.374: Total time for which application threads were stopped: 0.0002018 seconds
2016-03-14T21:21:55.897-0400: 54.375: Total time for which application threads were stopped: 0.0002182 seconds
2016-03-14T21:21:56.898-0400: 55.375: Total time for which application threads were stopped: 0.0002285 seconds
2016-03-14T21:23:56.929-0400: 175.406: Total time for which application threads were stopped: 0.0002364 seconds
2016-03-14T21:25:28.949-0400: 267.426: Total time for which application threads were stopped: 0.0002132 seconds
2016-03-14T21:29:13.836-0400: 492.313: Total time for which application threads were stopped: 0.0003782 seconds
2016-03-14T21:29:14.571-0400: 493.048: Total time for which application threads were stopped: 0.0004162 seconds
2016-03-14T21:29:16.573-0400: 495.050: Total time for which application threads were stopped: 0.0003353 seconds
2016-03-14T21:29:16.667-0400: 495.145: Total time for which application threads were stopped: 0.0003486 seconds
2016-03-14T21:29:16.671-0400: 495.148: Total time for which application threads were stopped: 0.0003615 seconds
2016-03-14T21:29:47.383-0400: 525.860: Total time for which application threads were stopped: 0.0003337 seconds
2016-03-14T21:29:47.492-0400: 525.969: Total time for which application threads were stopped: 0.0003919 seconds
{Heap before GC invocations=13 (full 1):
 par new generation   total 109248K, used 103252K [0x10c00000, 0x18c00000, 0x18c00000)
  eden space 87424K, 100% used [0x10c00000, 0x16160000, 0x16160000)
  from space 21824K,  72% used [0x176b0000, 0x186251a0, 0x18c00000)
  to   space 21824K,   0% used [0x16160000, 0x16160000, 0x176b0000)
 concurrent mark-sweep generation total 393216K, used 7269K [0x18c00000, 0x30c00000, 0x30c00000)
 Metaspace       used 21504K, capacity 21692K, committed 21760K, reserved 21888K
2016-03-14T21:29:47.657-0400: 526.134: [GC (Allocation Failure) 526.134: [ParNew
Desired survivor size 20112996 bytes, new threshold 8 (max 8)
- age   1:    4447160 bytes,    4447160 total
- age   2:    2123216 bytes,    6570376 total
- age   3:      98784 bytes,    6669160 total
- age   4:   11498512 bytes,   18167672 total
- age   5:       1208 bytes,   18168880 total
- age   6:    1832040 bytes,   20000920 total
- age   7:      84160 bytes,   20085080 total
- age   8:      82528 bytes,   20167608 total
: 103252K->21824K(109248K), 0.0782706 secs] 110521K->30162K(502464K), 0.0785249 secs] [Times: user=0.30 sys=0.02, real=0.08 secs] 
Heap after GC invocations=14 (full 1):
 par new generation   total 109248K, used 21824K [0x10c00000, 0x18c00000, 0x18c00000)
  eden space 87424K,   0% used [0x10c00000, 0x10c00000, 0x16160000)
  from space 21824K, 100% used [0x16160000, 0x176b0000, 0x176b0000)
  to   space 21824K,   0% used [0x176b0000, 0x176b0000, 0x18c00000)
 concurrent mark-sweep generation total 393216K, used 8338K [0x18c00000, 0x30c00000, 0x30c00000)
 Metaspace       used 21504K, capacity 21692K, committed 21760K, reserved 21888K
}
2016-03-14T21:29:47.736-0400: 526.213: Total time for which application threads were stopped: 0.0791803 seconds
2016-03-14T21:29:48.249-0400: 526.726: Total time for which application threads were stopped: 0.0002577 seconds
2016-03-14T21:29:59.253-0400: 537.730: Total time for which application threads were stopped: 0.0002319 seconds
2016-03-14T21:30:14.259-0400: 552.736: Total time for which application threads were stopped: 0.0002174 seconds
2016-03-14T21:30:37.268-0400: 575.745: Total time for which application threads were stopped: 0.0002725 seconds
2016-03-14T21:31:42.963-0400: 641.440: Total time for which application threads were stopped: 0.0006778 seconds
2016-03-14T21:31:43.740-0400: 642.218: Total time for which application threads were stopped: 0.0003227 seconds
2016-03-14T21:31:43.744-0400: 642.221: Total time for which application threads were stopped: 0.0004763 seconds
2016-03-14T21:31:43.757-0400: 642.234: Total time for which application threads were stopped: 0.0002874 seconds
2016-03-14T21:32:34.771-0400: 693.249: Total time for which application threads were stopped: 0.0002258 seconds
2016-03-14T21:32:54.450-0400: 712.927: Total time for which application threads were stopped: 0.0002615 seconds
2016-03-14T21:32:55.110-0400: 713.587: Total time for which application threads were stopped: 0.0003729 seconds
2016-03-14T21:32:55.129-0400: 713.607: Total time for which application threads were stopped: 0.0003269 seconds
2016-03-14T21:32:56.130-0400: 714.608: Total time for which application threads were stopped: 0.0001844 seconds
2016-03-14T21:32:57.131-0400: 715.609: Total time for which application threads were stopped: 0.0004831 seconds
2016-03-14T21:32:57.589-0400: 716.067: Total time for which application threads were stopped: 0.0003242 seconds
2016-03-14T21:33:54.610-0400: 773.088: Total time for which application threads were stopped: 0.0002547 seconds
2016-03-14T21:34:35.881-0400: 814.358: Total time for which application threads were stopped: 0.0003459 seconds
2016-03-14T21:34:35.898-0400: 814.375: Total time for which application threads were stopped: 0.0002596 seconds
2016-03-14T21:34:35.904-0400: 814.381: Total time for which application threads were stopped: 0.0002680 seconds
2016-03-14T21:35:25.917-0400: 864.394: Total time for which application threads were stopped: 0.0002642 seconds
2016-03-14T21:36:08.406-0400: 906.883: Total time for which application threads were stopped: 0.0003505 seconds
2016-03-14T21:36:08.756-0400: 907.234: Total time for which application threads were stopped: 0.0003235 seconds
2016-03-14T21:36:08.757-0400: 907.235: Total time for which application threads were stopped: 0.0002338 seconds
2016-03-14T21:36:08.780-0400: 907.258: Total time for which application threads were stopped: 0.0020663 seconds
2016-03-14T21:36:08.783-0400: 907.261: Total time for which application threads were stopped: 0.0002851 seconds
2016-03-14T21:36:08.794-0400: 907.272: Total time for which application threads were stopped: 0.0001961 seconds
2016-03-14T21:36:29.929-0400: 928.406: Total time for which application threads were stopped: 0.0003193 seconds
2016-03-14T21:36:30.116-0400: 928.593: Total time for which application threads were stopped: 0.0003208 seconds
2016-03-14T21:36:30.117-0400: 928.594: Total time for which application threads were stopped: 0.0002209 seconds
2016-03-14T21:36:30.601-0400: 929.078: Total time for which application threads were stopped: 0.0003284 seconds
2016-03-14T21:36:30.603-0400: 929.080: Total time for which application threads were stopped: 0.0001946 seconds
2016-03-14T21:36:30.604-0400: 929.081: Total time for which application threads were stopped: 0.0002961 seconds
2016-03-14T21:36:48.709-0400: 947.186: Total time for which application threads were stopped: 0.0002771 seconds
2016-03-14T21:36:49.272-0400: 947.749: Total time for which application threads were stopped: 0.0002999 seconds
2016-03-14T21:36:56.372-0400: 954.850: Total time for which application threads were stopped: 0.0003490 seconds
{Heap before GC invocations=14 (full 1):
 par new generation   total 109248K, used 109248K [0x10c00000, 0x18c00000, 0x18c00000)
  eden space 87424K, 100% used [0x10c00000, 0x16160000, 0x16160000)
  from space 21824K, 100% used [0x16160000, 0x176b0000, 0x176b0000)
  to   space 21824K,   0% used [0x176b0000, 0x176b0000, 0x18c00000)
 concurrent mark-sweep generation total 393216K, used 8338K [0x18c00000, 0x30c00000, 0x30c00000)
 Metaspace       used 21772K, capacity 21983K, committed 22144K, reserved 22912K
2016-03-14T21:36:56.427-0400: 954.905: [GC (Allocation Failure) 954.905: [ParNew
Desired survivor size 20112996 bytes, new threshold 8 (max 8)
- age   1:    1035728 bytes,    1035728 total
- age   2:    1149816 bytes,    2185544 total
- age   3:    2115368 bytes,    4300912 total
- age   4:      98464 bytes,    4399376 total
- age   5:   11464920 bytes,   15864296 total
- age   6:        944 bytes,   15865240 total
- age   7:    1805872 bytes,   17671112 total
- age   8:      78320 bytes,   17749432 total
: 109248K->19475K(109248K), 0.1348782 secs] 117586K->27895K(502464K), 0.1351895 secs] [Times: user=0.24 sys=0.30, real=0.13 secs] 
Heap after GC invocations=15 (full 1):
 par new generation   total 109248K, used 19475K [0x10c00000, 0x18c00000, 0x18c00000)
  eden space 87424K,   0% used [0x10c00000, 0x10c00000, 0x16160000)
  from space 21824K,  89% used [0x176b0000, 0x189b4fc0, 0x18c00000)
  to   space 21824K,   0% used [0x16160000, 0x16160000, 0x176b0000)
 concurrent mark-sweep generation total 393216K, used 8419K [0x18c00000, 0x30c00000, 0x30c00000)
 Metaspace       used 21772K, capacity 21983K, committed 22144K, reserved 22912K
}
2016-03-14T21:36:56.562-0400: 955.040: Total time for which application threads were stopped: 0.1360094 seconds
2016-03-14T21:36:57.563-0400: 956.040: Total time for which application threads were stopped: 0.0002300 seconds
2016-03-14T21:37:01.086-0400: 959.563: Total time for which application threads were stopped: 0.0004022 seconds
2016-03-14T21:37:01.456-0400: 959.933: Total time for which application threads were stopped: 0.0003394 seconds
2016-03-14T21:37:02.456-0400: 960.933: Total time for which application threads were stopped: 0.0002193 seconds
2016-03-14T21:37:51.479-0400: 1009.956: Total time for which application threads were stopped: 0.0002201 seconds
2016-03-14T21:40:45.890-0400: 1184.367: Total time for which application threads were stopped: 0.0004117 seconds
2016-03-14T21:40:46.250-0400: 1184.727: Total time for which application threads were stopped: 0.0003364 seconds
2016-03-14T21:40:46.255-0400: 1184.732: Total time for which application threads were stopped: 0.0002763 seconds
2016-03-14T21:40:47.256-0400: 1185.733: Total time for which application threads were stopped: 0.0002239 seconds
2016-03-14T21:40:48.585-0400: 1187.062: Total time for which application threads were stopped: 0.0002824 seconds
2016-03-14T21:40:48.591-0400: 1187.068: Total time for which application threads were stopped: 0.0008423 seconds
2016-03-14T21:40:49.591-0400: 1188.069: Total time for which application threads were stopped: 0.0002159 seconds
2016-03-14T21:40:50.592-0400: 1189.070: Total time for which application threads were stopped: 0.0002304 seconds
2016-03-14T21:40:54.595-0400: 1193.072: Total time for which application threads were stopped: 0.0001942 seconds
2016-03-14T21:40:55.100-0400: 1193.577: Total time for which application threads were stopped: 0.0003797 seconds
2016-03-14T21:40:55.105-0400: 1193.583: Total time for which application threads were stopped: 0.0003881 seconds
2016-03-14T21:40:57.107-0400: 1195.584: Total time for which application threads were stopped: 0.0002075 seconds
2016-03-14T21:41:01.108-0400: 1199.585: Total time for which application threads were stopped: 0.0002182 seconds
{Heap before GC invocations=15 (full 1):
 par new generation   total 109248K, used 106899K [0x10c00000, 0x18c00000, 0x18c00000)
  eden space 87424K, 100% used [0x10c00000, 0x16160000, 0x16160000)
  from space 21824K,  89% used [0x176b0000, 0x189b4fc0, 0x18c00000)
  to   space 21824K,   0% used [0x16160000, 0x16160000, 0x176b0000)
 concurrent mark-sweep generation total 393216K, used 8419K [0x18c00000, 0x30c00000, 0x30c00000)
 Metaspace       used 21851K, capacity 22027K, committed 22144K, reserved 22912K
2016-03-14T21:41:01.196-0400: 1199.674: [GC (Allocation Failure) 1199.674: [ParNew
Desired survivor size 20112996 bytes, new threshold 8 (max 8)
- age   1:    2871160 bytes,    2871160 total
- age   2:      73496 bytes,    2944656 total
- age   3:    1148208 bytes,    4092864 total
- age   4:    2115328 bytes,    6208192 total
- age   5:      98464 bytes,    6306656 total
- age   6:   11466520 bytes,   17773176 total
- age   7:        944 bytes,   17774120 total
- age   8:    1805872 bytes,   19579992 total
: 106899K->21824K(109248K), 0.0630225 secs] 115319K->30320K(502464K), 0.0632494 secs] [Times: user=0.17 sys=0.03, real=0.06 secs] 
Heap after GC invocations=16 (full 1):
 par new generation   total 109248K, used 21824K [0x10c00000, 0x18c00000, 0x18c00000)
  eden space 87424K,   0% used [0x10c00000, 0x10c00000, 0x16160000)
  from space 21824K, 100% used [0x16160000, 0x176b0000, 0x176b0000)
  to   space 21824K,   0% used [0x176b0000, 0x176b0000, 0x18c00000)
 concurrent mark-sweep generation total 393216K, used 8496K [0x18c00000, 0x30c00000, 0x30c00000)
 Metaspace       used 21851K, capacity 22027K, committed 22144K, reserved 22912K
}
2016-03-14T21:41:01.260-0400: 1199.737: Total time for which application threads were stopped: 0.0639933 seconds
2016-03-14T21:41:05.261-0400: 1203.738: Total time for which application threads were stopped: 0.0001977 seconds
2016-03-14T21:41:08.263-0400: 1206.740: Total time for which application threads were stopped: 0.0002285 seconds
2016-03-14T21:41:08.571-0400: 1207.048: Total time for which application threads were stopped: 0.0022017 seconds
2016-03-14T21:41:09.571-0400: 1208.049: Total time for which application threads were stopped: 0.0002478 seconds
2016-03-14T21:41:16.573-0400: 1215.050: Total time for which application threads were stopped: 0.0004713 seconds
2016-03-14T21:41:17.573-0400: 1216.050: Total time for which application threads were stopped: 0.0001779 seconds
2016-03-14T21:41:19.573-0400: 1218.050: Total time for which application threads were stopped: 0.0002539 seconds
2016-03-14T21:41:23.573-0400: 1222.051: Total time for which application threads were stopped: 0.0001920 seconds
2016-03-14T21:41:26.935-0400: 1225.413: Total time for which application threads were stopped: 0.0013107 seconds
2016-03-14T21:41:27.935-0400: 1226.412: Total time for which application threads were stopped: 0.0002433 seconds
2016-03-14T21:41:31.853-0400: 1230.330: Total time for which application threads were stopped: 0.0003014 seconds
{Heap before GC invocations=16 (full 1):
 par new generation   total 109248K, used 109248K [0x10c00000, 0x18c00000, 0x18c00000)
  eden space 87424K, 100% used [0x10c00000, 0x16160000, 0x16160000)
  from space 21824K, 100% used [0x16160000, 0x176b0000, 0x176b0000)
  to   space 21824K,   0% used [0x176b0000, 0x176b0000, 0x18c00000)
 concurrent mark-sweep generation total 393216K, used 8496K [0x18c00000, 0x30c00000, 0x30c00000)
 Metaspace       used 21990K, capacity 22190K, committed 22272K, reserved 22912K
2016-03-14T21:41:31.964-0400: 1230.442: [GC (Allocation Failure) 1230.442: [ParNew
Desired survivor size 20112996 bytes, new threshold 8 (max 8)
- age   1:    2553544 bytes,    2553544 total
- age   2:      86576 bytes,    2640120 total
- age   3:      70888 bytes,    2711008 total
- age   4:    1147896 bytes,    3858904 total
- age   5:    2115328 bytes,    5974232 total
- age   6:      98464 bytes,    6072696 total
- age   7:   11464648 bytes,   17537344 total
- age   8:        944 bytes,   17538288 total
: 109248K->21824K(109248K), 0.0646619 secs] 117744K->32090K(502464K), 0.0649303 secs] [Times: user=0.19 sys=0.02, real=0.07 secs] 
Heap after GC invocations=17 (full 1):
 par new generation   total 109248K, used 21824K [0x10c00000, 0x18c00000, 0x18c00000)
  eden space 87424K,   0% used [0x10c00000, 0x10c00000, 0x16160000)
  from space 21824K, 100% used [0x176b0000, 0x18c00000, 0x18c00000)
  to   space 21824K,   0% used [0x16160000, 0x16160000, 0x176b0000)
 concurrent mark-sweep generation total 393216K, used 10266K [0x18c00000, 0x30c00000, 0x30c00000)
 Metaspace       used 21990K, capacity 22190K, committed 22272K, reserved 22912K
}
2016-03-14T21:41:32.029-0400: 1230.507: Total time for which application threads were stopped: 0.0655187 seconds
2016-03-14T21:41:33.029-0400: 1231.507: Total time for which application threads were stopped: 0.0002391 seconds
2016-03-14T21:41:35.030-0400: 1233.507: Total time for which application threads were stopped: 0.0002269 seconds
2016-03-14T21:42:37.046-0400: 1295.523: Total time for which application threads were stopped: 0.0002627 seconds
2016-03-14T21:45:05.083-0400: 1443.561: Total time for which application threads were stopped: 0.0002296 seconds
2016-03-14T21:45:05.740-0400: 1444.217: Total time for which application threads were stopped: 0.0002992 seconds
2016-03-14T21:45:05.742-0400: 1444.219: Total time for which application threads were stopped: 0.0002209 seconds
2016-03-14T21:45:05.747-0400: 1444.224: Total time for which application threads were stopped: 0.0002786 seconds
2016-03-14T21:45:05.788-0400: 1444.265: Total time for which application threads were stopped: 0.0003695 seconds
2016-03-14T21:45:05.803-0400: 1444.281: Total time for which application threads were stopped: 0.0004580 seconds
2016-03-14T21:45:05.806-0400: 1444.283: Total time for which application threads were stopped: 0.0001547 seconds
2016-03-14T21:45:06.807-0400: 1445.284: Total time for which application threads were stopped: 0.0004938 seconds
2016-03-14T21:45:07.376-0400: 1445.854: Total time for which application threads were stopped: 0.0003125 seconds
2016-03-14T21:45:07.389-0400: 1445.867: Total time for which application threads were stopped: 0.0003014 seconds
2016-03-14T21:45:07.796-0400: 1446.273: Total time for which application threads were stopped: 0.0004531 seconds
2016-03-14T21:45:13.192-0400: 1451.670: Total time for which application threads were stopped: 0.0002748 seconds
2016-03-14T21:45:13.197-0400: 1451.675: Total time for which application threads were stopped: 0.0002615 seconds
2016-03-14T21:45:14.198-0400: 1452.675: Total time for which application threads were stopped: 0.0002611 seconds
2016-03-14T21:45:15.198-0400: 1453.675: Total time for which application threads were stopped: 0.0002368 seconds
2016-03-14T21:45:18.199-0400: 1456.676: Total time for which application threads were stopped: 0.0002151 seconds
2016-03-14T21:45:19.199-0400: 1457.676: Total time for which application threads were stopped: 0.0002239 seconds
2016-03-14T21:45:22.283-0400: 1460.760: Total time for which application threads were stopped: 0.0004995 seconds
2016-03-14T21:45:22.284-0400: 1460.761: Total time for which application threads were stopped: 0.0003714 seconds
2016-03-14T21:45:22.284-0400: 1460.762: Total time for which application threads were stopped: 0.0002513 seconds
2016-03-14T21:45:22.285-0400: 1460.762: Total time for which application threads were stopped: 0.0002653 seconds
2016-03-14T21:45:22.286-0400: 1460.763: Total time for which application threads were stopped: 0.0003444 seconds
2016-03-14T21:45:24.287-0400: 1462.764: Total time for which application threads were stopped: 0.0002425 seconds
2016-03-14T21:45:25.287-0400: 1463.764: Total time for which application threads were stopped: 0.0002113 seconds
2016-03-14T21:45:26.288-0400: 1464.765: Total time for which application threads were stopped: 0.0002722 seconds
2016-03-14T21:45:32.290-0400: 1470.767: Total time for which application threads were stopped: 0.0001775 seconds
{Heap before GC invocations=17 (full 1):
 par new generation   total 109248K, used 109248K [0x10c00000, 0x18c00000, 0x18c00000)
  eden space 87424K, 100% used [0x10c00000, 0x16160000, 0x16160000)
  from space 21824K, 100% used [0x176b0000, 0x18c00000, 0x18c00000)
  to   space 21824K,   0% used [0x16160000, 0x16160000, 0x176b0000)
 concurrent mark-sweep generation total 393216K, used 10266K [0x18c00000, 0x30c00000, 0x30c00000)
 Metaspace       used 22959K, capacity 23137K, committed 23296K, reserved 23936K
2016-03-14T21:45:34.117-0400: 1472.595: [GC (Allocation Failure) 1472.595: [ParNew
Desired survivor size 20112996 bytes, new threshold 8 (max 8)
- age   1:    1564152 bytes,    1564152 total
- age   2:     113800 bytes,    1677952 total
- age   3:      46712 bytes,    1724664 total
- age   4:      70744 bytes,    1795408 total
- age   5:    1147648 bytes,    2943056 total
- age   6:    2115328 bytes,    5058384 total
- age   7:      98464 bytes,    5156848 total
- age   8:   11459360 bytes,   16616208 total
: 109248K->20650K(109248K), 0.0528797 secs] 119514K->30917K(502464K), 0.0530702 secs] [Times: user=0.16 sys=0.02, real=0.05 secs] 
Heap after GC invocations=18 (full 1):
 par new generation   total 109248K, used 20650K [0x10c00000, 0x18c00000, 0x18c00000)
  eden space 87424K,   0% used [0x10c00000, 0x10c00000, 0x16160000)
  from space 21824K,  94% used [0x16160000, 0x1758a920, 0x176b0000)
  to   space 21824K,   0% used [0x176b0000, 0x176b0000, 0x18c00000)
 concurrent mark-sweep generation total 393216K, used 10267K [0x18c00000, 0x30c00000, 0x30c00000)
 Metaspace       used 22959K, capacity 23137K, committed 23296K, reserved 23936K
}
2016-03-14T21:45:34.171-0400: 1472.648: Total time for which application threads were stopped: 0.0538920 seconds
2016-03-14T21:45:35.171-0400: 1473.648: Total time for which application threads were stopped: 0.0002209 seconds
2016-03-14T21:45:36.171-0400: 1474.648: Total time for which application threads were stopped: 0.0002395 seconds
2016-03-14T21:45:37.171-0400: 1475.648: Total time for which application threads were stopped: 0.0002281 seconds
2016-03-14T21:48:43.219-0400: 1661.696: Total time for which application threads were stopped: 0.0002482 seconds
2016-03-14T21:51:17.846-0400: 1816.324: Total time for which application threads were stopped: 0.0003413 seconds
2016-03-14T21:51:18.109-0400: 1816.586: Total time for which application threads were stopped: 0.0003052 seconds
2016-03-14T21:51:18.109-0400: 1816.587: Total time for which application threads were stopped: 0.0002570 seconds
2016-03-14T21:51:18.117-0400: 1816.594: Total time for which application threads were stopped: 0.0003204 seconds
2016-03-14T21:51:20.109-0400: 1818.586: Total time for which application threads were stopped: 0.0003185 seconds
2016-03-14T21:51:21.109-0400: 1819.586: Total time for which application threads were stopped: 0.0002345 seconds
2016-03-14T21:51:24.110-0400: 1822.588: Total time for which application threads were stopped: 0.0004835 seconds
2016-03-14T21:51:24.319-0400: 1822.796: Total time for which application threads were stopped: 0.0002334 seconds
2016-03-14T21:51:24.326-0400: 1822.803: Total time for which application threads were stopped: 0.0010985 seconds
2016-03-14T21:54:37.381-0400: 2015.858: Total time for which application threads were stopped: 0.0002231 seconds
2016-03-14T21:55:10.807-0400: 2049.284: Total time for which application threads were stopped: 0.0002767 seconds
2016-03-14T21:55:10.937-0400: 2049.415: Total time for which application threads were stopped: 0.0002539 seconds
2016-03-14T21:55:10.938-0400: 2049.415: Total time for which application threads were stopped: 0.0001836 seconds
2016-03-14T21:55:10.941-0400: 2049.419: Total time for which application threads were stopped: 0.0002878 seconds
2016-03-14T21:55:11.942-0400: 2050.419: Total time for which application threads were stopped: 0.0002163 seconds
2016-03-14T21:55:13.275-0400: 2051.752: Total time for which application threads were stopped: 0.0002041 seconds
2016-03-14T21:55:13.276-0400: 2051.753: Total time for which application threads were stopped: 0.0004698 seconds
2016-03-14T21:56:07.287-0400: 2105.764: Total time for which application threads were stopped: 0.0002304 seconds
2016-03-14T21:56:53.300-0400: 2151.778: Total time for which application threads were stopped: 0.0002592 seconds
2016-03-14T21:59:26.345-0400: 2304.822: Total time for which application threads were stopped: 0.0002809 seconds
2016-03-14T22:13:07.586-0400: 3126.063: Total time for which application threads were stopped: 0.0002801 seconds
2016-03-14T22:17:10.553-0400: 3369.031: Total time for which application threads were stopped: 0.0026753 seconds
2016-03-14T22:17:10.557-0400: 3369.035: Total time for which application threads were stopped: 0.0014429 seconds
2016-03-14T22:17:10.568-0400: 3369.046: Total time for which application threads were stopped: 0.0002847 seconds
2016-03-14T22:17:10.573-0400: 3369.051: Total time for which application threads were stopped: 0.0002269 seconds
2016-03-14T22:17:10.574-0400: 3369.052: Total time for which application threads were stopped: 0.0001855 seconds
2016-03-14T22:17:10.579-0400: 3369.056: Total time for which application threads were stopped: 0.0001631 seconds
2016-03-14T22:17:10.582-0400: 3369.060: Total time for which application threads were stopped: 0.0002003 seconds
2016-03-14T22:17:10.583-0400: 3369.061: Total time for which application threads were stopped: 0.0002627 seconds
2016-03-14T22:17:10.583-0400: 3369.061: Total time for which application threads were stopped: 0.0001635 seconds
2016-03-14T22:17:10.583-0400: 3369.061: Total time for which application threads were stopped: 0.0001961 seconds
2016-03-14T22:17:10.584-0400: 3369.062: Total time for which application threads were stopped: 0.0001802 seconds
2016-03-14T22:17:10.584-0400: 3369.062: Total time for which application threads were stopped: 0.0001722 seconds
2016-03-14T22:17:10.584-0400: 3369.062: Total time for which application threads were stopped: 0.0001121 seconds
2016-03-14T22:17:10.585-0400: 3369.062: Total time for which application threads were stopped: 0.0001669 seconds
2016-03-14T22:17:10.585-0400: 3369.063: Total time for which application threads were stopped: 0.0001703 seconds
2016-03-14T22:17:10.585-0400: 3369.063: Total time for which application threads were stopped: 0.0001749 seconds
2016-03-14T22:17:10.586-0400: 3369.063: Total time for which application threads were stopped: 0.0001722 seconds
2016-03-14T22:17:10.586-0400: 3369.064: Total time for which application threads were stopped: 0.0001661 seconds
2016-03-14T22:17:10.586-0400: 3369.064: Total time for which application threads were stopped: 0.0001551 seconds
2016-03-14T22:17:10.586-0400: 3369.064: Total time for which application threads were stopped: 0.0001642 seconds
2016-03-14T22:17:10.587-0400: 3369.065: Total time for which application threads were stopped: 0.0001597 seconds
2016-03-14T22:17:10.587-0400: 3369.065: Total time for which application threads were stopped: 0.0001688 seconds
2016-03-14T22:17:10.587-0400: 3369.065: Total time for which application threads were stopped: 0.0001570 seconds
2016-03-14T22:17:10.587-0400: 3369.065: Total time for which application threads were stopped: 0.0001680 seconds
2016-03-14T22:17:10.588-0400: 3369.066: Total time for which application threads were stopped: 0.0001562 seconds
2016-03-14T22:17:10.588-0400: 3369.066: Total time for which application threads were stopped: 0.0001197 seconds
2016-03-14T22:17:10.589-0400: 3369.067: Total time for which application threads were stopped: 0.0005006 seconds
2016-03-14T22:17:10.590-0400: 3369.068: Total time for which application threads were stopped: 0.0001673 seconds
2016-03-14T22:17:10.590-0400: 3369.068: Total time for which application threads were stopped: 0.0001513 seconds
2016-03-14T22:17:10.590-0400: 3369.068: Total time for which application threads were stopped: 0.0001144 seconds
2016-03-14T22:17:10.591-0400: 3369.068: Total time for which application threads were stopped: 0.0001604 seconds
2016-03-14T22:17:10.591-0400: 3369.069: Total time for which application threads were stopped: 0.0001638 seconds
2016-03-14T22:17:10.598-0400: 3369.076: Total time for which application threads were stopped: 0.0002231 seconds
2016-03-14T22:17:10.598-0400: 3369.076: Total time for which application threads were stopped: 0.0001296 seconds
2016-03-14T22:17:10.599-0400: 3369.076: Total time for which application threads were stopped: 0.0001118 seconds
2016-03-14T22:17:10.599-0400: 3369.077: Total time for which application threads were stopped: 0.0001023 seconds
2016-03-14T22:17:10.599-0400: 3369.077: Total time for which application threads were stopped: 0.0001361 seconds
2016-03-14T22:17:10.599-0400: 3369.077: Total time for which application threads were stopped: 0.0001095 seconds
2016-03-14T22:17:10.605-0400: 3369.083: Total time for which application threads were stopped: 0.0002144 seconds
2016-03-14T22:17:10.605-0400: 3369.083: Total time for which application threads were stopped: 0.0001718 seconds
2016-03-14T22:17:10.609-0400: 3369.087: Total time for which application threads were stopped: 0.0001969 seconds
2016-03-14T22:17:10.609-0400: 3369.087: Total time for which application threads were stopped: 0.0001673 seconds
2016-03-14T22:17:10.610-0400: 3369.088: Total time for which application threads were stopped: 0.0001357 seconds
2016-03-14T22:17:10.610-0400: 3369.088: Total time for which application threads were stopped: 0.0001102 seconds
2016-03-14T22:17:10.611-0400: 3369.089: Total time for which application threads were stopped: 0.0001346 seconds
2016-03-14T22:17:10.611-0400: 3369.089: Total time for which application threads were stopped: 0.0001692 seconds
2016-03-14T22:17:10.612-0400: 3369.090: Total time for which application threads were stopped: 0.0001482 seconds
2016-03-14T22:17:10.613-0400: 3369.090: Total time for which application threads were stopped: 0.0002608 seconds
2016-03-14T22:17:10.613-0400: 3369.091: Total time for which application threads were stopped: 0.0001847 seconds
2016-03-14T22:17:10.613-0400: 3369.091: Total time for which application threads were stopped: 0.0001422 seconds
2016-03-14T22:17:10.614-0400: 3369.092: Total time for which application threads were stopped: 0.0001942 seconds
2016-03-14T22:17:10.614-0400: 3369.092: Total time for which application threads were stopped: 0.0004117 seconds
2016-03-14T22:17:10.615-0400: 3369.092: Total time for which application threads were stopped: 0.0001984 seconds
2016-03-14T22:17:10.615-0400: 3369.093: Total time for which application threads were stopped: 0.0001920 seconds
2016-03-14T22:17:10.615-0400: 3369.093: Total time for which application threads were stopped: 0.0001923 seconds
2016-03-14T22:17:10.616-0400: 3369.094: Total time for which application threads were stopped: 0.0004466 seconds
2016-03-14T22:17:10.623-0400: 3369.100: Total time for which application threads were stopped: 0.0002406 seconds
2016-03-14T22:17:10.625-0400: 3369.101: Total time for which application threads were stopped: 0.0002030 seconds
2016-03-14T22:17:10.625-0400: 3369.102: Total time for which application threads were stopped: 0.0001737 seconds
2016-03-14T22:17:10.625-0400: 3369.102: Total time for which application threads were stopped: 0.0001642 seconds
2016-03-14T22:17:10.626-0400: 3369.102: Total time for which application threads were stopped: 0.0002113 seconds
2016-03-14T22:17:10.626-0400: 3369.103: Total time for which application threads were stopped: 0.0002041 seconds
2016-03-14T22:17:10.626-0400: 3369.103: Total time for which application threads were stopped: 0.0001969 seconds
2016-03-14T22:17:10.626-0400: 3369.103: Total time for which application threads were stopped: 0.0001984 seconds
2016-03-14T22:17:10.627-0400: 3369.104: Total time for which application threads were stopped: 0.0001999 seconds
2016-03-14T22:17:10.629-0400: 3369.106: Total time for which application threads were stopped: 0.0002159 seconds
2016-03-14T22:17:10.630-0400: 3369.107: Total time for which application threads were stopped: 0.0002281 seconds
2016-03-14T22:17:10.630-0400: 3369.107: Total time for which application threads were stopped: 0.0001958 seconds
2016-03-14T22:17:10.630-0400: 3369.107: Total time for which application threads were stopped: 0.0001844 seconds
2016-03-14T22:17:10.634-0400: 3369.111: Total time for which application threads were stopped: 0.0002376 seconds
2016-03-14T22:17:10.634-0400: 3369.111: Total time for which application threads were stopped: 0.0001984 seconds
2016-03-14T22:17:10.637-0400: 3369.114: Total time for which application threads were stopped: 0.0009963 seconds
2016-03-14T22:17:10.641-0400: 3369.118: Total time for which application threads were stopped: 0.0002079 seconds
2016-03-14T22:17:10.643-0400: 3369.120: Total time for which application threads were stopped: 0.0002927 seconds
2016-03-14T22:17:10.643-0400: 3369.120: Total time for which application threads were stopped: 0.0001684 seconds
2016-03-14T22:17:10.643-0400: 3369.120: Total time for which application threads were stopped: 0.0001585 seconds
2016-03-14T22:17:10.644-0400: 3369.121: Total time for which application threads were stopped: 0.0001463 seconds
2016-03-14T22:17:10.644-0400: 3369.121: Total time for which application threads were stopped: 0.0001387 seconds
2016-03-14T22:17:10.644-0400: 3369.121: Total time for which application threads were stopped: 0.0002205 seconds
2016-03-14T22:17:10.645-0400: 3369.121: Total time for which application threads were stopped: 0.0002437 seconds
2016-03-14T22:17:10.645-0400: 3369.122: Total time for which application threads were stopped: 0.0001357 seconds
2016-03-14T22:17:10.647-0400: 3369.123: Total time for which application threads were stopped: 0.0001304 seconds
2016-03-14T22:17:10.647-0400: 3369.124: Total time for which application threads were stopped: 0.0001779 seconds
2016-03-14T22:17:10.647-0400: 3369.124: Total time for which application threads were stopped: 0.0002516 seconds
2016-03-14T22:17:10.647-0400: 3369.124: Total time for which application threads were stopped: 0.0001517 seconds
2016-03-14T22:17:10.648-0400: 3369.125: Total time for which application threads were stopped: 0.0001650 seconds
2016-03-14T22:17:10.648-0400: 3369.125: Total time for which application threads were stopped: 0.0006492 seconds
2016-03-14T22:17:10.649-0400: 3369.126: Total time for which application threads were stopped: 0.0001745 seconds
2016-03-14T22:17:10.653-0400: 3369.130: Total time for which application threads were stopped: 0.0001479 seconds
2016-03-14T22:17:10.654-0400: 3369.131: Total time for which application threads were stopped: 0.0001216 seconds
2016-03-14T22:17:10.658-0400: 3369.135: Total time for which application threads were stopped: 0.0004926 seconds
2016-03-14T22:17:10.659-0400: 3369.136: Total time for which application threads were stopped: 0.0002117 seconds
2016-03-14T22:17:10.661-0400: 3369.138: Total time for which application threads were stopped: 0.0009054 seconds
2016-03-14T22:17:10.661-0400: 3369.138: Total time for which application threads were stopped: 0.0001650 seconds
2016-03-14T22:17:10.662-0400: 3369.139: Total time for which application threads were stopped: 0.0001920 seconds
2016-03-14T22:17:10.662-0400: 3369.139: Total time for which application threads were stopped: 0.0002250 seconds
2016-03-14T22:17:10.662-0400: 3369.139: Total time for which application threads were stopped: 0.0001844 seconds
2016-03-14T22:17:10.663-0400: 3369.139: Total time for which application threads were stopped: 0.0001395 seconds
2016-03-14T22:17:10.663-0400: 3369.140: Total time for which application threads were stopped: 0.0001836 seconds
2016-03-14T22:17:10.663-0400: 3369.140: Total time for which application threads were stopped: 0.0001825 seconds
2016-03-14T22:17:10.666-0400: 3369.143: Total time for which application threads were stopped: 0.0002075 seconds
2016-03-14T22:17:10.666-0400: 3369.143: Total time for which application threads were stopped: 0.0001988 seconds
2016-03-14T22:17:10.666-0400: 3369.143: Total time for which application threads were stopped: 0.0002022 seconds
2016-03-14T22:17:10.667-0400: 3369.144: Total time for which application threads were stopped: 0.0002459 seconds
2016-03-14T22:17:10.669-0400: 3369.146: Total time for which application threads were stopped: 0.0001832 seconds
2016-03-14T22:17:10.670-0400: 3369.147: Total time for which application threads were stopped: 0.0001718 seconds
2016-03-14T22:17:10.673-0400: 3369.150: Total time for which application threads were stopped: 0.0002501 seconds
2016-03-14T22:17:10.675-0400: 3369.152: Total time for which application threads were stopped: 0.0001425 seconds
2016-03-14T22:17:10.677-0400: 3369.154: Total time for which application threads were stopped: 0.0001669 seconds
2016-03-14T22:17:10.693-0400: 3369.170: Total time for which application threads were stopped: 0.0002094 seconds
2016-03-14T22:17:10.693-0400: 3369.170: Total time for which application threads were stopped: 0.0001654 seconds
2016-03-14T22:17:10.693-0400: 3369.170: Total time for which application threads were stopped: 0.0001589 seconds
2016-03-14T22:17:10.695-0400: 3369.172: Total time for which application threads were stopped: 0.0004390 seconds
2016-03-14T22:17:10.695-0400: 3369.172: Total time for which application threads were stopped: 0.0001482 seconds
Heap
 par new generation   total 109248K, used 102524K [0x10c00000, 0x18c00000, 0x18c00000)
  eden space 87424K,  93% used [0x10c00000, 0x15bf4988, 0x16160000)
  from space 21824K,  94% used [0x16160000, 0x1758a920, 0x176b0000)
  to   space 21824K,   0% used [0x176b0000, 0x176b0000, 0x18c00000)
 concurrent mark-sweep generation total 393216K, used 10267K [0x18c00000, 0x30c00000, 0x30c00000)
 Metaspace       used 23089K, capacity 23295K, committed 23424K, reserved 23936K
