Java HotSpot(TM) Server VM (25.31-b07) for windows-x86 JRE (1.8.0_31-b13), built on Dec 17 2014 20:43:10 by "java_re" with MS VC++ 10.0 (VS2010)
Memory: 4k page, physical 3318796k(1509448k free), swap 6726668k(4657984k free)
CommandLine flags: -XX:CMSInitiatingOccupancyFraction=50 -XX:CMSMaxAbortablePrecleanTime=6000 -XX:+CMSParallelRemarkEnabled -XX:+CMSScavengeBeforeRemark -XX:ConcGCThreads=4 -XX:InitialHeapSize=536870912 -XX:MaxHeapSize=536870912 -XX:MaxTenuringThreshold=8 -XX:NewRatio=3 -XX:OldPLABSize=16 -XX:ParallelGCThreads=4 -XX:+ParallelRefProcEnabled -XX:PretenureSizeThreshold=67108864 -XX:+PrintGC -XX:+PrintGCApplicationStoppedTime -XX:+PrintGCDateStamps -XX:+PrintGCDetails -XX:+PrintGCTimeStamps -XX:+PrintHeapAtGC -XX:+PrintTenuringDistribution -XX:SurvivorRatio=4 -XX:TargetSurvivorRatio=90 -XX:ThreadStackSize=256 -XX:+UseCMSInitiatingOccupancyOnly -XX:+UseConcMarkSweepGC -XX:-UseLargePagesIndividualAllocation -XX:+UseParNewGC 
2016-03-14T20:52:10.621-0400: 1.164: Total time for which application threads were stopped: 0.0001676 seconds
2016-03-14T20:52:11.049-0400: 1.592: Total time for which application threads were stopped: 0.0001692 seconds
2016-03-14T20:52:12.049-0400: 2.592: Total time for which application threads were stopped: 0.0001642 seconds
2016-03-14T20:52:13.049-0400: 3.592: Total time for which application threads were stopped: 0.0001498 seconds
2016-03-14T20:52:13.827-0400: 4.370: Total time for which application threads were stopped: 0.0002801 seconds
2016-03-14T20:52:14.828-0400: 5.371: Total time for which application threads were stopped: 0.0001764 seconds
2016-03-14T20:52:15.044-0400: 5.587: Total time for which application threads were stopped: 0.0002296 seconds
2016-03-14T20:52:16.044-0400: 6.587: Total time for which application threads were stopped: 0.0002737 seconds
2016-03-14T20:52:16.853-0400: 7.396: Total time for which application threads were stopped: 0.0002859 seconds
2016-03-14T20:52:16.855-0400: 7.398: Total time for which application threads were stopped: 0.0001726 seconds
2016-03-14T20:52:16.855-0400: 7.399: Total time for which application threads were stopped: 0.0001916 seconds
2016-03-14T20:52:16.913-0400: 7.456: Total time for which application threads were stopped: 0.0002627 seconds
2016-03-14T20:52:17.194-0400: 7.738: Total time for which application threads were stopped: 0.0005451 seconds
2016-03-14T20:52:17.268-0400: 7.812: Total time for which application threads were stopped: 0.0004147 seconds
2016-03-14T20:52:17.373-0400: 7.916: Total time for which application threads were stopped: 0.0003360 seconds
2016-03-14T20:52:18.373-0400: 8.917: Total time for which application threads were stopped: 0.0003345 seconds
{Heap before GC invocations=0 (full 0):
 par new generation   total 109248K, used 87424K [0x10c00000, 0x18c00000, 0x18c00000)
  eden space 87424K, 100% used [0x10c00000, 0x16160000, 0x16160000)
  from space 21824K,   0% used [0x16160000, 0x16160000, 0x176b0000)
  to   space 21824K,   0% used [0x176b0000, 0x176b0000, 0x18c00000)
 concurrent mark-sweep generation total 393216K, used 0K [0x18c00000, 0x30c00000, 0x30c00000)
 Metaspace       used 6670K, capacity 6706K, committed 6784K, reserved 7552K
2016-03-14T20:52:18.943-0400: 9.486: [GC (Allocation Failure) 9.487: [ParNew
Desired survivor size 20112996 bytes, new threshold 8 (max 8)
- age   1:    4988352 bytes,    4988352 total
: 87424K->4910K(109248K), 0.0467928 secs] 87424K->4910K(502464K), 0.0474866 secs] [Times: user=0.06 sys=0.00, real=0.05 secs] 
Heap after GC invocations=1 (full 0):
 par new generation   total 109248K, used 4910K [0x10c00000, 0x18c00000, 0x18c00000)
  eden space 87424K,   0% used [0x10c00000, 0x10c00000, 0x16160000)
  from space 21824K,  22% used [0x176b0000, 0x17b7b8d0, 0x18c00000)
  to   space 21824K,   0% used [0x16160000, 0x16160000, 0x176b0000)
 concurrent mark-sweep generation total 393216K, used 0K [0x18c00000, 0x30c00000, 0x30c00000)
 Metaspace       used 6670K, capacity 6706K, committed 6784K, reserved 7552K
}
2016-03-14T20:52:18.991-0400: 9.534: Total time for which application threads were stopped: 0.0481411 seconds
2016-03-14T20:52:18.992-0400: 9.535: Total time for which application threads were stopped: 0.0003117 seconds
2016-03-14T20:52:18.993-0400: 9.536: Total time for which application threads were stopped: 0.0002056 seconds
2016-03-14T20:52:18.995-0400: 9.538: Total time for which application threads were stopped: 0.0002307 seconds
2016-03-14T20:52:18.996-0400: 9.540: Total time for which application threads were stopped: 0.0002927 seconds
2016-03-14T20:52:18.997-0400: 9.540: Total time for which application threads were stopped: 0.0002334 seconds
2016-03-14T20:52:18.998-0400: 9.541: Total time for which application threads were stopped: 0.0003908 seconds
2016-03-14T20:52:18.998-0400: 9.541: Total time for which application threads were stopped: 0.0001893 seconds
2016-03-14T20:52:18.999-0400: 9.542: Total time for which application threads were stopped: 0.0003771 seconds
2016-03-14T20:52:18.999-0400: 9.542: Total time for which application threads were stopped: 0.0002182 seconds
2016-03-14T20:52:19.000-0400: 9.543: Total time for which application threads were stopped: 0.0003045 seconds
2016-03-14T20:52:19.000-0400: 9.543: Total time for which application threads were stopped: 0.0002094 seconds
2016-03-14T20:52:19.001-0400: 9.544: Total time for which application threads were stopped: 0.0002110 seconds
2016-03-14T20:52:19.001-0400: 9.544: Total time for which application threads were stopped: 0.0003337 seconds
2016-03-14T20:52:19.002-0400: 9.545: Total time for which application threads were stopped: 0.0003364 seconds
2016-03-14T20:52:19.002-0400: 9.545: Total time for which application threads were stopped: 0.0003851 seconds
2016-03-14T20:52:19.003-0400: 9.546: Total time for which application threads were stopped: 0.0003927 seconds
2016-03-14T20:52:19.003-0400: 9.546: Total time for which application threads were stopped: 0.0002965 seconds
2016-03-14T20:52:19.004-0400: 9.547: Total time for which application threads were stopped: 0.0003961 seconds
2016-03-14T20:52:19.005-0400: 9.548: Total time for which application threads were stopped: 0.0001946 seconds
2016-03-14T20:52:19.006-0400: 9.549: Total time for which application threads were stopped: 0.0003934 seconds
2016-03-14T20:52:19.007-0400: 9.550: Total time for which application threads were stopped: 0.0001969 seconds
2016-03-14T20:52:19.007-0400: 9.550: Total time for which application threads were stopped: 0.0002026 seconds
2016-03-14T20:52:19.007-0400: 9.551: Total time for which application threads were stopped: 0.0002433 seconds
2016-03-14T20:52:19.008-0400: 9.551: Total time for which application threads were stopped: 0.0001904 seconds
2016-03-14T20:52:19.008-0400: 9.552: Total time for which application threads were stopped: 0.0003835 seconds
2016-03-14T20:52:19.010-0400: 9.553: Total time for which application threads were stopped: 0.0003235 seconds
2016-03-14T20:52:19.011-0400: 9.554: Total time for which application threads were stopped: 0.0003337 seconds
2016-03-14T20:52:19.011-0400: 9.554: Total time for which application threads were stopped: 0.0003311 seconds
2016-03-14T20:52:19.011-0400: 9.555: Total time for which application threads were stopped: 0.0001897 seconds
2016-03-14T20:52:19.012-0400: 9.555: Total time for which application threads were stopped: 0.0003999 seconds
2016-03-14T20:52:19.609-0400: 10.153: Total time for which application threads were stopped: 0.0005101 seconds
2016-03-14T20:52:20.610-0400: 11.153: Total time for which application threads were stopped: 0.0001866 seconds
2016-03-14T20:52:21.387-0400: 11.930: Total time for which application threads were stopped: 0.0002710 seconds
2016-03-14T20:52:21.389-0400: 11.932: Total time for which application threads were stopped: 0.0001479 seconds
2016-03-14T20:52:21.741-0400: 12.285: Total time for which application threads were stopped: 0.0007127 seconds
2016-03-14T20:52:21.746-0400: 12.290: Total time for which application threads were stopped: 0.0003581 seconds
2016-03-14T20:52:21.762-0400: 12.306: Total time for which application threads were stopped: 0.0004349 seconds
2016-03-14T20:52:22.763-0400: 13.306: Total time for which application threads were stopped: 0.0002315 seconds
2016-03-14T20:52:22.959-0400: 13.502: Total time for which application threads were stopped: 0.0003398 seconds
2016-03-14T20:52:22.959-0400: 13.502: Total time for which application threads were stopped: 0.0001908 seconds
2016-03-14T20:52:22.960-0400: 13.503: Total time for which application threads were stopped: 0.0004577 seconds
2016-03-14T20:52:22.961-0400: 13.504: Total time for which application threads were stopped: 0.0003296 seconds
2016-03-14T20:52:22.961-0400: 13.504: Total time for which application threads were stopped: 0.0002022 seconds
2016-03-14T20:52:22.961-0400: 13.504: Total time for which application threads were stopped: 0.0001676 seconds
2016-03-14T20:52:22.962-0400: 13.504: Total time for which application threads were stopped: 0.0001353 seconds
2016-03-14T20:52:22.962-0400: 13.505: Total time for which application threads were stopped: 0.0001315 seconds
2016-03-14T20:52:22.962-0400: 13.505: Total time for which application threads were stopped: 0.0001281 seconds
2016-03-14T20:52:22.962-0400: 13.505: Total time for which application threads were stopped: 0.0001277 seconds
2016-03-14T20:52:22.962-0400: 13.505: Total time for which application threads were stopped: 0.0001346 seconds
2016-03-14T20:52:22.963-0400: 13.505: Total time for which application threads were stopped: 0.0001296 seconds
2016-03-14T20:52:22.963-0400: 13.506: Total time for which application threads were stopped: 0.0001270 seconds
2016-03-14T20:52:22.963-0400: 13.506: Total time for which application threads were stopped: 0.0001270 seconds
2016-03-14T20:52:22.963-0400: 13.506: Total time for which application threads were stopped: 0.0001262 seconds
2016-03-14T20:52:22.963-0400: 13.506: Total time for which application threads were stopped: 0.0001270 seconds
2016-03-14T20:52:22.964-0400: 13.506: Total time for which application threads were stopped: 0.0001289 seconds
2016-03-14T20:52:22.964-0400: 13.507: Total time for which application threads were stopped: 0.0001300 seconds
2016-03-14T20:52:22.964-0400: 13.507: Total time for which application threads were stopped: 0.0001270 seconds
2016-03-14T20:52:22.964-0400: 13.507: Total time for which application threads were stopped: 0.0001281 seconds
2016-03-14T20:52:22.964-0400: 13.507: Total time for which application threads were stopped: 0.0002661 seconds
2016-03-14T20:52:22.965-0400: 13.508: Total time for which application threads were stopped: 0.0001741 seconds
2016-03-14T20:52:22.965-0400: 13.508: Total time for which application threads were stopped: 0.0001737 seconds
2016-03-14T20:52:22.965-0400: 13.508: Total time for which application threads were stopped: 0.0001346 seconds
2016-03-14T20:52:22.965-0400: 13.509: Total time for which application threads were stopped: 0.0001311 seconds
2016-03-14T20:52:22.966-0400: 13.509: Total time for which application threads were stopped: 0.0001882 seconds
2016-03-14T20:52:22.966-0400: 13.510: Total time for which application threads were stopped: 0.0001349 seconds
2016-03-14T20:52:22.966-0400: 13.510: Total time for which application threads were stopped: 0.0001346 seconds
2016-03-14T20:52:22.967-0400: 13.510: Total time for which application threads were stopped: 0.0001749 seconds
2016-03-14T20:52:22.968-0400: 13.512: Total time for which application threads were stopped: 0.0002467 seconds
2016-03-14T20:52:22.969-0400: 13.512: Total time for which application threads were stopped: 0.0003242 seconds
2016-03-14T20:52:22.969-0400: 13.513: Total time for which application threads were stopped: 0.0001920 seconds
2016-03-14T20:52:22.970-0400: 13.513: Total time for which application threads were stopped: 0.0003778 seconds
2016-03-14T20:52:22.970-0400: 13.514: Total time for which application threads were stopped: 0.0004303 seconds
2016-03-14T20:52:22.971-0400: 13.514: Total time for which application threads were stopped: 0.0003558 seconds
2016-03-14T20:52:22.972-0400: 13.515: Total time for which application threads were stopped: 0.0004375 seconds
2016-03-14T20:52:22.972-0400: 13.515: Total time for which application threads were stopped: 0.0002091 seconds
2016-03-14T20:52:22.972-0400: 13.516: Total time for which application threads were stopped: 0.0001543 seconds
2016-03-14T20:52:22.973-0400: 13.516: Total time for which application threads were stopped: 0.0002083 seconds
2016-03-14T20:52:22.974-0400: 13.517: Total time for which application threads were stopped: 0.0004364 seconds
2016-03-14T20:52:22.974-0400: 13.517: Total time for which application threads were stopped: 0.0002102 seconds
2016-03-14T20:52:22.974-0400: 13.517: Total time for which application threads were stopped: 0.0002155 seconds
2016-03-14T20:52:22.975-0400: 13.518: Total time for which application threads were stopped: 0.0002285 seconds
2016-03-14T20:52:22.975-0400: 13.518: Total time for which application threads were stopped: 0.0002912 seconds
2016-03-14T20:52:22.975-0400: 13.519: Total time for which application threads were stopped: 0.0001581 seconds
2016-03-14T20:52:22.976-0400: 13.519: Total time for which application threads were stopped: 0.0003166 seconds
2016-03-14T20:52:22.976-0400: 13.520: Total time for which application threads were stopped: 0.0002144 seconds
2016-03-14T20:52:22.977-0400: 13.520: Total time for which application threads were stopped: 0.0002296 seconds
2016-03-14T20:52:22.977-0400: 13.520: Total time for which application threads were stopped: 0.0002098 seconds
2016-03-14T20:52:22.977-0400: 13.521: Total time for which application threads were stopped: 0.0001790 seconds
2016-03-14T20:52:22.978-0400: 13.521: Total time for which application threads were stopped: 0.0003577 seconds
2016-03-14T20:52:22.978-0400: 13.522: Total time for which application threads were stopped: 0.0002209 seconds
2016-03-14T20:52:22.981-0400: 13.524: Total time for which application threads were stopped: 0.0004816 seconds
2016-03-14T20:52:22.982-0400: 13.525: Total time for which application threads were stopped: 0.0004618 seconds
2016-03-14T20:52:22.982-0400: 13.526: Total time for which application threads were stopped: 0.0003147 seconds
2016-03-14T20:52:22.983-0400: 13.526: Total time for which application threads were stopped: 0.0003318 seconds
2016-03-14T20:52:22.984-0400: 13.527: Total time for which application threads were stopped: 0.0003440 seconds
2016-03-14T20:52:22.985-0400: 13.528: Total time for which application threads were stopped: 0.0002908 seconds
2016-03-14T20:52:22.986-0400: 13.529: Total time for which application threads were stopped: 0.0002881 seconds
2016-03-14T20:52:22.987-0400: 13.530: Total time for which application threads were stopped: 0.0003505 seconds
2016-03-14T20:52:22.988-0400: 13.531: Total time for which application threads were stopped: 0.0002695 seconds
2016-03-14T20:52:22.988-0400: 13.531: Total time for which application threads were stopped: 0.0002562 seconds
2016-03-14T20:52:22.989-0400: 13.532: Total time for which application threads were stopped: 0.0002566 seconds
2016-03-14T20:52:22.990-0400: 13.533: Total time for which application threads were stopped: 0.0002421 seconds
2016-03-14T20:52:22.991-0400: 13.534: Total time for which application threads were stopped: 0.0002847 seconds
2016-03-14T20:52:22.991-0400: 13.534: Total time for which application threads were stopped: 0.0003877 seconds
2016-03-14T20:52:22.992-0400: 13.535: Total time for which application threads were stopped: 0.0003003 seconds
2016-03-14T20:52:22.992-0400: 13.535: Total time for which application threads were stopped: 0.0003022 seconds
2016-03-14T20:52:22.993-0400: 13.536: Total time for which application threads were stopped: 0.0003223 seconds
2016-03-14T20:52:22.994-0400: 13.537: Total time for which application threads were stopped: 0.0002087 seconds
2016-03-14T20:52:22.994-0400: 13.537: Total time for which application threads were stopped: 0.0003448 seconds
2016-03-14T20:52:22.995-0400: 13.538: Total time for which application threads were stopped: 0.0003273 seconds
2016-03-14T20:52:22.996-0400: 13.539: Total time for which application threads were stopped: 0.0003250 seconds
2016-03-14T20:52:22.996-0400: 13.539: Total time for which application threads were stopped: 0.0002931 seconds
2016-03-14T20:52:22.997-0400: 13.540: Total time for which application threads were stopped: 0.0002859 seconds
2016-03-14T20:52:22.997-0400: 13.541: Total time for which application threads were stopped: 0.0003911 seconds
2016-03-14T20:52:22.998-0400: 13.541: Total time for which application threads were stopped: 0.0002919 seconds
2016-03-14T20:52:22.999-0400: 13.542: Total time for which application threads were stopped: 0.0002995 seconds
2016-03-14T20:52:23.000-0400: 13.543: Total time for which application threads were stopped: 0.0003813 seconds
2016-03-14T20:52:23.000-0400: 13.543: Total time for which application threads were stopped: 0.0003151 seconds
2016-03-14T20:52:23.001-0400: 13.544: Total time for which application threads were stopped: 0.0002387 seconds
2016-03-14T20:52:23.002-0400: 13.545: Total time for which application threads were stopped: 0.0002741 seconds
2016-03-14T20:52:23.002-0400: 13.546: Total time for which application threads were stopped: 0.0003680 seconds
2016-03-14T20:52:23.003-0400: 13.546: Total time for which application threads were stopped: 0.0004071 seconds
2016-03-14T20:52:23.004-0400: 13.547: Total time for which application threads were stopped: 0.0003239 seconds
2016-03-14T20:52:23.005-0400: 13.548: Total time for which application threads were stopped: 0.0003881 seconds
2016-03-14T20:52:23.006-0400: 13.549: Total time for which application threads were stopped: 0.0003223 seconds
2016-03-14T20:52:23.007-0400: 13.550: Total time for which application threads were stopped: 0.0004140 seconds
2016-03-14T20:52:23.008-0400: 13.551: Total time for which application threads were stopped: 0.0003885 seconds
2016-03-14T20:52:23.009-0400: 13.552: Total time for which application threads were stopped: 0.0004193 seconds
2016-03-14T20:52:23.010-0400: 13.553: Total time for which application threads were stopped: 0.0003528 seconds
2016-03-14T20:52:23.011-0400: 13.555: Total time for which application threads were stopped: 0.0004668 seconds
2016-03-14T20:52:23.012-0400: 13.555: Total time for which application threads were stopped: 0.0004729 seconds
2016-03-14T20:52:23.014-0400: 13.557: Total time for which application threads were stopped: 0.0003984 seconds
2016-03-14T20:52:23.016-0400: 13.559: Total time for which application threads were stopped: 0.0003687 seconds
2016-03-14T20:52:23.017-0400: 13.560: Total time for which application threads were stopped: 0.0003235 seconds
2016-03-14T20:52:23.020-0400: 13.563: Total time for which application threads were stopped: 0.0003421 seconds
2016-03-14T20:52:23.020-0400: 13.563: Total time for which application threads were stopped: 0.0004390 seconds
2016-03-14T20:52:23.021-0400: 13.564: Total time for which application threads were stopped: 0.0003558 seconds
2016-03-14T20:52:23.023-0400: 13.566: Total time for which application threads were stopped: 0.0003311 seconds
2016-03-14T20:52:23.023-0400: 13.566: Total time for which application threads were stopped: 0.0003451 seconds
2016-03-14T20:52:23.024-0400: 13.567: Total time for which application threads were stopped: 0.0002528 seconds
2016-03-14T20:52:23.024-0400: 13.567: Total time for which application threads were stopped: 0.0004006 seconds
2016-03-14T20:52:23.025-0400: 13.568: Total time for which application threads were stopped: 0.0002425 seconds
2016-03-14T20:52:23.027-0400: 13.570: Total time for which application threads were stopped: 0.0002383 seconds
2016-03-14T20:52:23.027-0400: 13.570: Total time for which application threads were stopped: 0.0001817 seconds
2016-03-14T20:52:23.028-0400: 13.571: Total time for which application threads were stopped: 0.0002041 seconds
2016-03-14T20:52:23.032-0400: 13.576: Total time for which application threads were stopped: 0.0005725 seconds
2016-03-14T20:52:23.034-0400: 13.577: Total time for which application threads were stopped: 0.0002433 seconds
2016-03-14T20:52:23.035-0400: 13.579: Total time for which application threads were stopped: 0.0004242 seconds
2016-03-14T20:52:23.038-0400: 13.581: Total time for which application threads were stopped: 0.0010347 seconds
2016-03-14T20:52:23.039-0400: 13.582: Total time for which application threads were stopped: 0.0009165 seconds
2016-03-14T20:52:23.041-0400: 13.584: Total time for which application threads were stopped: 0.0014707 seconds
2016-03-14T20:52:23.042-0400: 13.585: Total time for which application threads were stopped: 0.0004223 seconds
2016-03-14T20:52:23.042-0400: 13.586: Total time for which application threads were stopped: 0.0003212 seconds
2016-03-14T20:52:23.043-0400: 13.586: Total time for which application threads were stopped: 0.0003516 seconds
2016-03-14T20:52:23.044-0400: 13.587: Total time for which application threads were stopped: 0.0002965 seconds
2016-03-14T20:52:23.045-0400: 13.588: Total time for which application threads were stopped: 0.0003223 seconds
2016-03-14T20:52:23.045-0400: 13.588: Total time for which application threads were stopped: 0.0003402 seconds
2016-03-14T20:52:23.046-0400: 13.589: Total time for which application threads were stopped: 0.0002634 seconds
2016-03-14T20:52:23.046-0400: 13.589: Total time for which application threads were stopped: 0.0002615 seconds
2016-03-14T20:52:23.047-0400: 13.590: Total time for which application threads were stopped: 0.0002908 seconds
2016-03-14T20:52:23.047-0400: 13.590: Total time for which application threads were stopped: 0.0002311 seconds
2016-03-14T20:52:23.048-0400: 13.591: Total time for which application threads were stopped: 0.0002129 seconds
2016-03-14T20:52:23.061-0400: 13.604: Total time for which application threads were stopped: 0.0002950 seconds
2016-03-14T20:52:23.061-0400: 13.604: Total time for which application threads were stopped: 0.0002235 seconds
2016-03-14T20:52:23.063-0400: 13.606: Total time for which application threads were stopped: 0.0004067 seconds
2016-03-14T20:52:23.063-0400: 13.606: Total time for which application threads were stopped: 0.0002399 seconds
2016-03-14T20:52:23.063-0400: 13.607: Total time for which application threads were stopped: 0.0002604 seconds
2016-03-14T20:52:23.064-0400: 13.607: Total time for which application threads were stopped: 0.0004961 seconds
2016-03-14T20:52:23.065-0400: 13.608: Total time for which application threads were stopped: 0.0003600 seconds
2016-03-14T20:52:23.065-0400: 13.609: Total time for which application threads were stopped: 0.0003531 seconds
2016-03-14T20:52:23.066-0400: 13.609: Total time for which application threads were stopped: 0.0004105 seconds
2016-03-14T20:52:23.066-0400: 13.610: Total time for which application threads were stopped: 0.0003049 seconds
2016-03-14T20:52:23.067-0400: 13.611: Total time for which application threads were stopped: 0.0003356 seconds
2016-03-14T20:52:23.069-0400: 13.613: Total time for which application threads were stopped: 0.0006454 seconds
2016-03-14T20:52:23.074-0400: 13.617: Total time for which application threads were stopped: 0.0014513 seconds
2016-03-14T20:52:23.074-0400: 13.617: Total time for which application threads were stopped: 0.0003611 seconds
2016-03-14T20:52:23.075-0400: 13.618: Total time for which application threads were stopped: 0.0004060 seconds
2016-03-14T20:52:23.076-0400: 13.619: Total time for which application threads were stopped: 0.0006606 seconds
2016-03-14T20:52:23.080-0400: 13.623: Total time for which application threads were stopped: 0.0003311 seconds
2016-03-14T20:52:23.080-0400: 13.624: Total time for which application threads were stopped: 0.0004569 seconds
2016-03-14T20:52:23.081-0400: 13.624: Total time for which application threads were stopped: 0.0002467 seconds
2016-03-14T20:52:23.084-0400: 13.627: Total time for which application threads were stopped: 0.0005166 seconds
2016-03-14T20:52:23.088-0400: 13.631: Total time for which application threads were stopped: 0.0003562 seconds
2016-03-14T20:52:23.207-0400: 13.750: Total time for which application threads were stopped: 0.0002703 seconds
2016-03-14T20:52:23.300-0400: 13.843: Total time for which application threads were stopped: 0.0005075 seconds
2016-03-14T20:52:23.460-0400: 14.003: Total time for which application threads were stopped: 0.0045710 seconds
2016-03-14T20:52:23.461-0400: 14.005: Total time for which application threads were stopped: 0.0002836 seconds
2016-03-14T20:52:23.462-0400: 14.005: Total time for which application threads were stopped: 0.0002516 seconds
2016-03-14T20:52:23.462-0400: 14.006: Total time for which application threads were stopped: 0.0002376 seconds
2016-03-14T20:52:23.494-0400: 14.037: Total time for which application threads were stopped: 0.0008519 seconds
2016-03-14T20:52:23.674-0400: 14.217: Total time for which application threads were stopped: 0.0003250 seconds
2016-03-14T20:52:23.674-0400: 14.218: Total time for which application threads were stopped: 0.0001650 seconds
2016-03-14T20:52:23.675-0400: 14.218: Total time for which application threads were stopped: 0.0001498 seconds
2016-03-14T20:52:23.676-0400: 14.219: Total time for which application threads were stopped: 0.0001882 seconds
2016-03-14T20:52:23.692-0400: 14.235: Total time for which application threads were stopped: 0.0002752 seconds
2016-03-14T20:52:23.704-0400: 14.248: Total time for which application threads were stopped: 0.0003235 seconds
2016-03-14T20:52:23.705-0400: 14.248: Total time for which application threads were stopped: 0.0003204 seconds
2016-03-14T20:52:23.705-0400: 14.248: Total time for which application threads were stopped: 0.0002961 seconds
2016-03-14T20:52:23.706-0400: 14.249: Total time for which application threads were stopped: 0.0003113 seconds
2016-03-14T20:52:23.707-0400: 14.250: Total time for which application threads were stopped: 0.0002919 seconds
{Heap before GC invocations=1 (full 0):
 par new generation   total 109248K, used 92334K [0x10c00000, 0x18c00000, 0x18c00000)
  eden space 87424K, 100% used [0x10c00000, 0x16160000, 0x16160000)
  from space 21824K,  22% used [0x176b0000, 0x17b7b8d0, 0x18c00000)
  to   space 21824K,   0% used [0x16160000, 0x16160000, 0x176b0000)
 concurrent mark-sweep generation total 393216K, used 0K [0x18c00000, 0x30c00000, 0x30c00000)
 Metaspace       used 12386K, capacity 12424K, committed 12544K, reserved 12672K
2016-03-14T20:52:23.714-0400: 14.258: [GC (Allocation Failure) 14.258: [ParNew
Desired survivor size 20112996 bytes, new threshold 8 (max 8)
- age   1:    8791608 bytes,    8791608 total
- age   2:    2265016 bytes,   11056624 total
: 92334K->11614K(109248K), 0.0347981 secs] 92334K->11614K(502464K), 0.0350201 secs] [Times: user=0.06 sys=0.06, real=0.04 secs] 
Heap after GC invocations=2 (full 0):
 par new generation   total 109248K, used 11614K [0x10c00000, 0x18c00000, 0x18c00000)
  eden space 87424K,   0% used [0x10c00000, 0x10c00000, 0x16160000)
  from space 21824K,  53% used [0x16160000, 0x16cb7b28, 0x176b0000)
  to   space 21824K,   0% used [0x176b0000, 0x176b0000, 0x18c00000)
 concurrent mark-sweep generation total 393216K, used 0K [0x18c00000, 0x30c00000, 0x30c00000)
 Metaspace       used 12386K, capacity 12424K, committed 12544K, reserved 12672K
}
2016-03-14T20:52:23.749-0400: 14.293: Total time for which application threads were stopped: 0.0355721 seconds
2016-03-14T20:52:23.755-0400: 14.299: Total time for which application threads were stopped: 0.0003467 seconds
2016-03-14T20:52:23.759-0400: 14.303: Total time for which application threads were stopped: 0.0002562 seconds
2016-03-14T20:52:23.762-0400: 14.305: Total time for which application threads were stopped: 0.0004360 seconds
2016-03-14T20:52:23.762-0400: 14.306: Total time for which application threads were stopped: 0.0003159 seconds
2016-03-14T20:52:23.763-0400: 14.306: Total time for which application threads were stopped: 0.0003809 seconds
2016-03-14T20:52:23.763-0400: 14.307: Total time for which application threads were stopped: 0.0003349 seconds
2016-03-14T20:52:23.764-0400: 14.307: Total time for which application threads were stopped: 0.0003524 seconds
2016-03-14T20:52:23.764-0400: 14.308: Total time for which application threads were stopped: 0.0003113 seconds
2016-03-14T20:52:23.765-0400: 14.308: Total time for which application threads were stopped: 0.0002752 seconds
2016-03-14T20:52:23.765-0400: 14.309: Total time for which application threads were stopped: 0.0002931 seconds
2016-03-14T20:52:23.766-0400: 14.309: Total time for which application threads were stopped: 0.0004299 seconds
2016-03-14T20:52:23.767-0400: 14.310: Total time for which application threads were stopped: 0.0003619 seconds
2016-03-14T20:52:23.767-0400: 14.310: Total time for which application threads were stopped: 0.0004193 seconds
2016-03-14T20:52:23.767-0400: 14.311: Total time for which application threads were stopped: 0.0002706 seconds
2016-03-14T20:52:23.768-0400: 14.312: Total time for which application threads were stopped: 0.0003630 seconds
2016-03-14T20:52:23.769-0400: 14.312: Total time for which application threads were stopped: 0.0006264 seconds
2016-03-14T20:52:23.770-0400: 14.314: Total time for which application threads were stopped: 0.0004767 seconds
2016-03-14T20:52:23.771-0400: 14.314: Total time for which application threads were stopped: 0.0002281 seconds
2016-03-14T20:52:23.772-0400: 14.315: Total time for which application threads were stopped: 0.0004850 seconds
2016-03-14T20:52:23.772-0400: 14.316: Total time for which application threads were stopped: 0.0004189 seconds
2016-03-14T20:52:23.773-0400: 14.316: Total time for which application threads were stopped: 0.0003391 seconds
2016-03-14T20:52:23.773-0400: 14.317: Total time for which application threads were stopped: 0.0005018 seconds
2016-03-14T20:52:23.776-0400: 14.319: Total time for which application threads were stopped: 0.0003482 seconds
2016-03-14T20:52:24.133-0400: 14.677: Total time for which application threads were stopped: 0.0005516 seconds
2016-03-14T20:52:24.269-0400: 14.812: Total time for which application threads were stopped: 0.0003410 seconds
2016-03-14T20:52:24.270-0400: 14.813: Total time for which application threads were stopped: 0.0003432 seconds
2016-03-14T20:52:24.283-0400: 14.826: Total time for which application threads were stopped: 0.0003413 seconds
2016-03-14T20:52:25.283-0400: 15.826: Total time for which application threads were stopped: 0.0002729 seconds
2016-03-14T20:52:25.569-0400: 16.112: Total time for which application threads were stopped: 0.0002003 seconds
2016-03-14T20:52:25.569-0400: 16.113: Total time for which application threads were stopped: 0.0001566 seconds
2016-03-14T20:52:25.569-0400: 16.113: Total time for which application threads were stopped: 0.0001281 seconds
2016-03-14T20:52:25.621-0400: 16.164: Total time for which application threads were stopped: 0.0003566 seconds
2016-03-14T20:52:25.631-0400: 16.175: Total time for which application threads were stopped: 0.0001885 seconds
2016-03-14T20:52:25.667-0400: 16.211: Total time for which application threads were stopped: 0.0002041 seconds
2016-03-14T20:52:25.724-0400: 16.267: Total time for which application threads were stopped: 0.0006956 seconds
2016-03-14T20:52:25.800-0400: 16.343: Total time for which application threads were stopped: 0.0002144 seconds
2016-03-14T20:52:25.819-0400: 16.362: Total time for which application threads were stopped: 0.0003581 seconds
2016-03-14T20:52:25.868-0400: 16.411: Total time for which application threads were stopped: 0.0002224 seconds
2016-03-14T20:52:25.868-0400: 16.411: Total time for which application threads were stopped: 0.0001680 seconds
2016-03-14T20:52:25.868-0400: 16.411: Total time for which application threads were stopped: 0.0001676 seconds
2016-03-14T20:52:25.869-0400: 16.412: Total time for which application threads were stopped: 0.0001673 seconds
2016-03-14T20:52:25.914-0400: 16.457: Total time for which application threads were stopped: 0.0002174 seconds
2016-03-14T20:52:25.915-0400: 16.458: Total time for which application threads were stopped: 0.0002520 seconds
2016-03-14T20:52:25.915-0400: 16.458: Total time for which application threads were stopped: 0.0001676 seconds
2016-03-14T20:52:25.915-0400: 16.459: Total time for which application threads were stopped: 0.0001768 seconds
2016-03-14T20:52:25.920-0400: 16.463: Total time for which application threads were stopped: 0.0001840 seconds
2016-03-14T20:52:25.920-0400: 16.463: Total time for which application threads were stopped: 0.0001904 seconds
2016-03-14T20:52:25.921-0400: 16.464: Total time for which application threads were stopped: 0.0003265 seconds
2016-03-14T20:52:25.921-0400: 16.464: Total time for which application threads were stopped: 0.0003318 seconds
2016-03-14T20:52:25.928-0400: 16.472: Total time for which application threads were stopped: 0.0002946 seconds
2016-03-14T20:52:25.966-0400: 16.510: Total time for which application threads were stopped: 0.0009142 seconds
2016-03-14T20:52:25.977-0400: 16.520: Total time for which application threads were stopped: 0.0002262 seconds
2016-03-14T20:52:25.977-0400: 16.520: Total time for which application threads were stopped: 0.0001703 seconds
2016-03-14T20:52:25.978-0400: 16.521: Total time for which application threads were stopped: 0.0001699 seconds
2016-03-14T20:52:25.979-0400: 16.522: Total time for which application threads were stopped: 0.0003109 seconds
2016-03-14T20:52:26.034-0400: 16.577: Total time for which application threads were stopped: 0.0002798 seconds
2016-03-14T20:52:26.035-0400: 16.578: Total time for which application threads were stopped: 0.0005192 seconds
2016-03-14T20:52:26.036-0400: 16.579: Total time for which application threads were stopped: 0.0005918 seconds
2016-03-14T20:52:26.048-0400: 16.591: Total time for which application threads were stopped: 0.0002296 seconds
2016-03-14T20:52:26.150-0400: 16.694: Total time for which application threads were stopped: 0.0002201 seconds
2016-03-14T20:52:26.150-0400: 16.694: Total time for which application threads were stopped: 0.0001376 seconds
2016-03-14T20:52:26.150-0400: 16.694: Total time for which application threads were stopped: 0.0001703 seconds
2016-03-14T20:52:26.153-0400: 16.697: Total time for which application threads were stopped: 0.0001665 seconds
2016-03-14T20:52:26.418-0400: 16.961: Total time for which application threads were stopped: 0.0002132 seconds
2016-03-14T20:52:26.472-0400: 17.016: Total time for which application threads were stopped: 0.0002235 seconds
2016-03-14T20:52:26.472-0400: 17.016: Total time for which application threads were stopped: 0.0001380 seconds
2016-03-14T20:52:26.490-0400: 17.033: Total time for which application threads were stopped: 0.0002285 seconds
2016-03-14T20:52:26.565-0400: 17.108: Total time for which application threads were stopped: 0.0005987 seconds
2016-03-14T20:52:26.774-0400: 17.317: Total time for which application threads were stopped: 0.0007754 seconds
2016-03-14T20:52:26.839-0400: 17.382: Total time for which application threads were stopped: 0.0002467 seconds
2016-03-14T20:52:26.843-0400: 17.386: Total time for which application threads were stopped: 0.0002053 seconds
2016-03-14T20:52:27.004-0400: 17.547: Total time for which application threads were stopped: 0.0006219 seconds
2016-03-14T20:52:27.295-0400: 17.839: Total time for which application threads were stopped: 0.0009214 seconds
{Heap before GC invocations=2 (full 0):
 par new generation   total 109248K, used 99027K [0x10c00000, 0x18c00000, 0x18c00000)
  eden space 87424K,  99% used [0x10c00000, 0x1615d250, 0x16160000)
  from space 21824K,  53% used [0x16160000, 0x16cb7b28, 0x176b0000)
  to   space 21824K,   0% used [0x176b0000, 0x176b0000, 0x18c00000)
 concurrent mark-sweep generation total 393216K, used 0K [0x18c00000, 0x30c00000, 0x30c00000)
 Metaspace       used 13845K, capacity 13991K, committed 14080K, reserved 14720K
2016-03-14T20:52:27.443-0400: 17.986: [GC (Allocation Failure) 17.986: [ParNew
Desired survivor size 20112996 bytes, new threshold 8 (max 8)
- age   1:    3392488 bytes,    3392488 total
- age   2:    3540552 bytes,    6933040 total
- age   3:    2211040 bytes,    9144080 total
: 99027K->15241K(109248K), 0.0291191 secs] 99027K->15241K(502464K), 0.0295342 secs] [Times: user=0.13 sys=0.00, real=0.03 secs] 
Heap after GC invocations=3 (full 0):
 par new generation   total 109248K, used 15241K [0x10c00000, 0x18c00000, 0x18c00000)
  eden space 87424K,   0% used [0x10c00000, 0x10c00000, 0x16160000)
  from space 21824K,  69% used [0x176b0000, 0x185925a0, 0x18c00000)
  to   space 21824K,   0% used [0x16160000, 0x16160000, 0x176b0000)
 concurrent mark-sweep generation total 393216K, used 0K [0x18c00000, 0x30c00000, 0x30c00000)
 Metaspace       used 13845K, capacity 13991K, committed 14080K, reserved 14720K
}
2016-03-14T20:52:27.473-0400: 18.016: Total time for which application threads were stopped: 0.0314326 seconds
2016-03-14T20:52:27.478-0400: 18.022: Total time for which application threads were stopped: 0.0003037 seconds
2016-03-14T20:52:27.479-0400: 18.023: Total time for which application threads were stopped: 0.0004790 seconds
2016-03-14T20:52:27.529-0400: 18.072: Total time for which application threads were stopped: 0.0008549 seconds
2016-03-14T20:52:27.650-0400: 18.193: Total time for which application threads were stopped: 0.0003813 seconds
2016-03-14T20:52:27.682-0400: 18.225: Total time for which application threads were stopped: 0.0002767 seconds
2016-03-14T20:52:27.829-0400: 18.373: Total time for which application threads were stopped: 0.0002973 seconds
2016-03-14T20:52:27.899-0400: 18.442: Total time for which application threads were stopped: 0.0011681 seconds
2016-03-14T20:52:28.020-0400: 18.564: Total time for which application threads were stopped: 0.0019884 seconds
2016-03-14T20:52:28.025-0400: 18.568: Total time for which application threads were stopped: 0.0002608 seconds
2016-03-14T20:52:28.026-0400: 18.569: Total time for which application threads were stopped: 0.0002007 seconds
2016-03-14T20:52:28.026-0400: 18.570: Total time for which application threads were stopped: 0.0002094 seconds
2016-03-14T20:52:28.051-0400: 18.594: Total time for which application threads were stopped: 0.0001912 seconds
2016-03-14T20:52:28.126-0400: 18.670: Total time for which application threads were stopped: 0.0003623 seconds
2016-03-14T20:52:28.271-0400: 18.814: Total time for which application threads were stopped: 0.0003695 seconds
2016-03-14T20:52:28.281-0400: 18.824: Total time for which application threads were stopped: 0.0002535 seconds
2016-03-14T20:52:28.303-0400: 18.846: Total time for which application threads were stopped: 0.0002916 seconds
{Heap before GC invocations=3 (full 0):
 par new generation   total 109248K, used 102665K [0x10c00000, 0x18c00000, 0x18c00000)
  eden space 87424K, 100% used [0x10c00000, 0x16160000, 0x16160000)
  from space 21824K,  69% used [0x176b0000, 0x185925a0, 0x18c00000)
  to   space 21824K,   0% used [0x16160000, 0x16160000, 0x176b0000)
 concurrent mark-sweep generation total 393216K, used 0K [0x18c00000, 0x30c00000, 0x30c00000)
 Metaspace       used 14218K, capacity 14380K, committed 14464K, reserved 14720K
2016-03-14T20:52:28.335-0400: 18.878: [GC (Allocation Failure) 18.878: [ParNew
Desired survivor size 20112996 bytes, new threshold 8 (max 8)
- age   1:    2772872 bytes,    2772872 total
- age   2:    1119808 bytes,    3892680 total
- age   3:    3531040 bytes,    7423720 total
- age   4:    2210384 bytes,    9634104 total
: 102665K->12126K(109248K), 0.0217802 secs] 102665K->12126K(502464K), 0.0219189 secs] [Times: user=0.13 sys=0.00, real=0.02 secs] 
Heap after GC invocations=4 (full 0):
 par new generation   total 109248K, used 12126K [0x10c00000, 0x18c00000, 0x18c00000)
  eden space 87424K,   0% used [0x10c00000, 0x10c00000, 0x16160000)
  from space 21824K,  55% used [0x16160000, 0x16d37b98, 0x176b0000)
  to   space 21824K,   0% used [0x176b0000, 0x176b0000, 0x18c00000)
 concurrent mark-sweep generation total 393216K, used 0K [0x18c00000, 0x30c00000, 0x30c00000)
 Metaspace       used 14218K, capacity 14380K, committed 14464K, reserved 14720K
}
2016-03-14T20:52:28.357-0400: 18.900: Total time for which application threads were stopped: 0.0224058 seconds
2016-03-14T20:52:28.399-0400: 18.942: Total time for which application threads were stopped: 0.0003239 seconds
2016-03-14T20:52:28.401-0400: 18.944: Total time for which application threads were stopped: 0.0002741 seconds
2016-03-14T20:52:28.681-0400: 19.224: Total time for which application threads were stopped: 0.0003759 seconds
2016-03-14T20:52:28.681-0400: 19.224: Total time for which application threads were stopped: 0.0002182 seconds
{Heap before GC invocations=4 (full 0):
 par new generation   total 109248K, used 99550K [0x10c00000, 0x18c00000, 0x18c00000)
  eden space 87424K, 100% used [0x10c00000, 0x16160000, 0x16160000)
  from space 21824K,  55% used [0x16160000, 0x16d37b98, 0x176b0000)
  to   space 21824K,   0% used [0x176b0000, 0x176b0000, 0x18c00000)
 concurrent mark-sweep generation total 393216K, used 0K [0x18c00000, 0x30c00000, 0x30c00000)
 Metaspace       used 14378K, capacity 14518K, committed 14592K, reserved 14720K
2016-03-14T20:52:28.685-0400: 19.229: [GC (Allocation Failure) 19.229: [ParNew
Desired survivor size 20112996 bytes, new threshold 8 (max 8)
- age   1:     956840 bytes,     956840 total
- age   2:    2294488 bytes,    3251328 total
- age   3:    1116312 bytes,    4367640 total
- age   4:    3530568 bytes,    7898208 total
- age   5:    2210336 bytes,   10108544 total
: 99550K->12734K(109248K), 0.0237952 secs] 99550K->12734K(502464K), 0.0240700 secs] [Times: user=0.06 sys=0.00, real=0.02 secs] 
Heap after GC invocations=5 (full 0):
 par new generation   total 109248K, used 12734K [0x10c00000, 0x18c00000, 0x18c00000)
  eden space 87424K,   0% used [0x10c00000, 0x10c00000, 0x16160000)
  from space 21824K,  58% used [0x176b0000, 0x1831f830, 0x18c00000)
  to   space 21824K,   0% used [0x16160000, 0x16160000, 0x176b0000)
 concurrent mark-sweep generation total 393216K, used 0K [0x18c00000, 0x30c00000, 0x30c00000)
 Metaspace       used 14378K, capacity 14518K, committed 14592K, reserved 14720K
}
2016-03-14T20:52:28.709-0400: 19.253: Total time for which application threads were stopped: 0.0246105 seconds
2016-03-14T20:52:28.795-0400: 19.338: Total time for which application threads were stopped: 0.0003482 seconds
2016-03-14T20:52:28.812-0400: 19.355: Total time for which application threads were stopped: 0.0001680 seconds
2016-03-14T20:52:28.829-0400: 19.373: Total time for which application threads were stopped: 0.0001635 seconds
2016-03-14T20:52:28.832-0400: 19.375: Total time for which application threads were stopped: 0.0001844 seconds
2016-03-14T20:52:28.832-0400: 19.376: Total time for which application threads were stopped: 0.0001714 seconds
2016-03-14T20:52:28.833-0400: 19.376: Total time for which application threads were stopped: 0.0001642 seconds
2016-03-14T20:52:28.838-0400: 19.381: Total time for which application threads were stopped: 0.0002098 seconds
2016-03-14T20:52:28.889-0400: 19.432: Total time for which application threads were stopped: 0.0001330 seconds
{Heap before GC invocations=5 (full 0):
 par new generation   total 109248K, used 100158K [0x10c00000, 0x18c00000, 0x18c00000)
  eden space 87424K, 100% used [0x10c00000, 0x16160000, 0x16160000)
  from space 21824K,  58% used [0x176b0000, 0x1831f830, 0x18c00000)
  to   space 21824K,   0% used [0x16160000, 0x16160000, 0x176b0000)
 concurrent mark-sweep generation total 393216K, used 0K [0x18c00000, 0x30c00000, 0x30c00000)
 Metaspace       used 14830K, capacity 14966K, committed 15104K, reserved 15744K
2016-03-14T20:52:29.208-0400: 19.751: [GC (Allocation Failure) 19.751: [ParNew
Desired survivor size 20112996 bytes, new threshold 8 (max 8)
- age   1:     980352 bytes,     980352 total
- age   2:     139000 bytes,    1119352 total
- age   3:    2294488 bytes,    3413840 total
- age   4:    1116312 bytes,    4530152 total
- age   5:    3530232 bytes,    8060384 total
- age   6:    2209968 bytes,   10270352 total
: 100158K->12148K(109248K), 0.0352406 secs] 100158K->12148K(502464K), 0.0356086 secs] [Times: user=0.17 sys=0.00, real=0.04 secs] 
Heap after GC invocations=6 (full 0):
 par new generation   total 109248K, used 12148K [0x10c00000, 0x18c00000, 0x18c00000)
  eden space 87424K,   0% used [0x10c00000, 0x10c00000, 0x16160000)
  from space 21824K,  55% used [0x16160000, 0x16d3d210, 0x176b0000)
  to   space 21824K,   0% used [0x176b0000, 0x176b0000, 0x18c00000)
 concurrent mark-sweep generation total 393216K, used 0K [0x18c00000, 0x30c00000, 0x30c00000)
 Metaspace       used 14830K, capacity 14966K, committed 15104K, reserved 15744K
}
2016-03-14T20:52:29.244-0400: 19.787: Total time for which application threads were stopped: 0.0365418 seconds
{Heap before GC invocations=6 (full 0):
 par new generation   total 109248K, used 99572K [0x10c00000, 0x18c00000, 0x18c00000)
  eden space 87424K, 100% used [0x10c00000, 0x16160000, 0x16160000)
  from space 21824K,  55% used [0x16160000, 0x16d3d210, 0x176b0000)
  to   space 21824K,   0% used [0x176b0000, 0x176b0000, 0x18c00000)
 concurrent mark-sweep generation total 393216K, used 0K [0x18c00000, 0x30c00000, 0x30c00000)
 Metaspace       used 14880K, capacity 15030K, committed 15104K, reserved 15744K
2016-03-14T20:52:29.561-0400: 20.104: [GC (Allocation Failure) 20.104: [ParNew
Desired survivor size 20112996 bytes, new threshold 8 (max 8)
- age   1:     541008 bytes,     541008 total
- age   2:     108232 bytes,     649240 total
- age   3:     138176 bytes,     787416 total
- age   4:    2294464 bytes,    3081880 total
- age   5:    1116312 bytes,    4198192 total
- age   6:    3530032 bytes,    7728224 total
- age   7:    2209952 bytes,    9938176 total
: 99572K->15289K(109248K), 0.0337220 secs] 99572K->15289K(502464K), 0.0339547 secs] [Times: user=0.13 sys=0.00, real=0.03 secs] 
Heap after GC invocations=7 (full 0):
 par new generation   total 109248K, used 15289K [0x10c00000, 0x18c00000, 0x18c00000)
  eden space 87424K,   0% used [0x10c00000, 0x10c00000, 0x16160000)
  from space 21824K,  70% used [0x176b0000, 0x1859e770, 0x18c00000)
  to   space 21824K,   0% used [0x16160000, 0x16160000, 0x176b0000)
 concurrent mark-sweep generation total 393216K, used 0K [0x18c00000, 0x30c00000, 0x30c00000)
 Metaspace       used 14880K, capacity 15030K, committed 15104K, reserved 15744K
}
2016-03-14T20:52:29.595-0400: 20.138: Total time for which application threads were stopped: 0.0356838 seconds
2016-03-14T20:52:29.771-0400: 20.314: Total time for which application threads were stopped: 0.0004102 seconds
2016-03-14T20:52:29.815-0400: 20.358: Total time for which application threads were stopped: 0.0003326 seconds
2016-03-14T20:52:29.821-0400: 20.364: Total time for which application threads were stopped: 0.0003965 seconds
2016-03-14T20:52:29.821-0400: 20.364: Total time for which application threads were stopped: 0.0002486 seconds
2016-03-14T20:52:29.822-0400: 20.365: Total time for which application threads were stopped: 0.0003117 seconds
{Heap before GC invocations=7 (full 0):
 par new generation   total 109248K, used 102713K [0x10c00000, 0x18c00000, 0x18c00000)
  eden space 87424K, 100% used [0x10c00000, 0x16160000, 0x16160000)
  from space 21824K,  70% used [0x176b0000, 0x1859e770, 0x18c00000)
  to   space 21824K,   0% used [0x16160000, 0x16160000, 0x176b0000)
 concurrent mark-sweep generation total 393216K, used 0K [0x18c00000, 0x30c00000, 0x30c00000)
 Metaspace       used 14962K, capacity 15099K, committed 15232K, reserved 15744K
2016-03-14T20:52:30.060-0400: 20.603: [GC (Allocation Failure) 20.603: [ParNew
Desired survivor size 20112996 bytes, new threshold 8 (max 8)
- age   1:     495792 bytes,     495792 total
- age   2:      83360 bytes,     579152 total
- age   3:     107240 bytes,     686392 total
- age   4:     138176 bytes,     824568 total
- age   5:    2294416 bytes,    3118984 total
- age   6:    1114744 bytes,    4233728 total
- age   7:    3529648 bytes,    7763376 total
- age   8:    2209920 bytes,    9973296 total
: 102713K->13831K(109248K), 0.0343523 secs] 102713K->13831K(502464K), 0.0349198 secs] [Times: user=0.13 sys=0.00, real=0.04 secs] 
Heap after GC invocations=8 (full 0):
 par new generation   total 109248K, used 13831K [0x10c00000, 0x18c00000, 0x18c00000)
  eden space 87424K,   0% used [0x10c00000, 0x10c00000, 0x16160000)
  from space 21824K,  63% used [0x16160000, 0x16ee1ec0, 0x176b0000)
  to   space 21824K,   0% used [0x176b0000, 0x176b0000, 0x18c00000)
 concurrent mark-sweep generation total 393216K, used 0K [0x18c00000, 0x30c00000, 0x30c00000)
 Metaspace       used 14962K, capacity 15099K, committed 15232K, reserved 15744K
}
2016-03-14T20:52:30.095-0400: 20.638: Total time for which application threads were stopped: 0.0358074 seconds
2016-03-14T20:52:30.223-0400: 20.766: Total time for which application threads were stopped: 0.0003174 seconds
2016-03-14T20:52:30.223-0400: 20.766: Total time for which application threads were stopped: 0.0002528 seconds
2016-03-14T20:52:30.224-0400: 20.767: Total time for which application threads were stopped: 0.0009058 seconds
2016-03-14T20:52:30.386-0400: 20.929: Total time for which application threads were stopped: 0.0007983 seconds
2016-03-14T20:52:30.438-0400: 20.982: Total time for which application threads were stopped: 0.0002315 seconds
2016-03-14T20:52:30.485-0400: 21.028: Total time for which application threads were stopped: 0.0001992 seconds
2016-03-14T20:52:30.507-0400: 21.051: Total time for which application threads were stopped: 0.0002851 seconds
2016-03-14T20:52:30.636-0400: 21.179: Total time for which application threads were stopped: 0.0008473 seconds
2016-03-14T20:52:30.690-0400: 21.233: Total time for which application threads were stopped: 0.0001958 seconds
2016-03-14T20:52:30.693-0400: 21.236: Total time for which application threads were stopped: 0.0001304 seconds
2016-03-14T20:52:30.707-0400: 21.250: Total time for which application threads were stopped: 0.0002186 seconds
2016-03-14T20:52:31.021-0400: 21.565: Total time for which application threads were stopped: 0.0001726 seconds
2016-03-14T20:52:31.112-0400: 21.656: Total time for which application threads were stopped: 0.0008393 seconds
2016-03-14T20:52:32.113-0400: 22.656: Total time for which application threads were stopped: 0.0002106 seconds
2016-03-14T20:52:32.403-0400: 22.946: Total time for which application threads were stopped: 0.0003927 seconds
2016-03-14T20:52:32.405-0400: 22.948: Total time for which application threads were stopped: 0.0002433 seconds
2016-03-14T20:52:32.418-0400: 22.961: Total time for which application threads were stopped: 0.0002402 seconds
2016-03-14T20:52:32.565-0400: 23.108: Total time for which application threads were stopped: 0.0002642 seconds
2016-03-14T20:52:32.574-0400: 23.117: Total time for which application threads were stopped: 0.0010579 seconds
2016-03-14T20:52:32.611-0400: 23.154: Total time for which application threads were stopped: 0.0003041 seconds
2016-03-14T20:52:32.611-0400: 23.154: Total time for which application threads were stopped: 0.0002018 seconds
2016-03-14T20:52:32.612-0400: 23.155: Total time for which application threads were stopped: 0.0002220 seconds
2016-03-14T20:52:32.716-0400: 23.259: Total time for which application threads were stopped: 0.0003049 seconds
2016-03-14T20:52:32.728-0400: 23.271: Total time for which application threads were stopped: 0.0011210 seconds
2016-03-14T20:52:32.739-0400: 23.283: Total time for which application threads were stopped: 0.0003547 seconds
2016-03-14T20:52:32.829-0400: 23.372: Total time for which application threads were stopped: 0.0013601 seconds
2016-03-14T20:52:32.898-0400: 23.441: Total time for which application threads were stopped: 0.0003535 seconds
2016-03-14T20:52:32.974-0400: 23.518: Total time for which application threads were stopped: 0.0025506 seconds
2016-03-14T20:52:32.983-0400: 23.526: Total time for which application threads were stopped: 0.0003299 seconds
2016-03-14T20:52:32.983-0400: 23.526: Total time for which application threads were stopped: 0.0002535 seconds
2016-03-14T20:52:32.984-0400: 23.527: Total time for which application threads were stopped: 0.0003182 seconds
2016-03-14T20:52:33.035-0400: 23.578: Total time for which application threads were stopped: 0.0002638 seconds
2016-03-14T20:52:33.039-0400: 23.582: Total time for which application threads were stopped: 0.0006546 seconds
2016-03-14T20:52:33.041-0400: 23.584: Total time for which application threads were stopped: 0.0002425 seconds
2016-03-14T20:52:33.143-0400: 23.686: Total time for which application threads were stopped: 0.0002490 seconds
2016-03-14T20:52:33.241-0400: 23.784: Total time for which application threads were stopped: 0.0001992 seconds
2016-03-14T20:52:33.294-0400: 23.837: Total time for which application threads were stopped: 0.0001912 seconds
2016-03-14T20:52:33.301-0400: 23.844: Total time for which application threads were stopped: 0.0002216 seconds
2016-03-14T20:52:33.353-0400: 23.896: Total time for which application threads were stopped: 0.0001973 seconds
2016-03-14T20:52:33.353-0400: 23.896: Total time for which application threads were stopped: 0.0001490 seconds
2016-03-14T20:52:33.406-0400: 23.949: Total time for which application threads were stopped: 0.0004406 seconds
{Heap before GC invocations=8 (full 0):
 par new generation   total 109248K, used 101255K [0x10c00000, 0x18c00000, 0x18c00000)
  eden space 87424K, 100% used [0x10c00000, 0x16160000, 0x16160000)
  from space 21824K,  63% used [0x16160000, 0x16ee1ec0, 0x176b0000)
  to   space 21824K,   0% used [0x176b0000, 0x176b0000, 0x18c00000)
 concurrent mark-sweep generation total 393216K, used 0K [0x18c00000, 0x30c00000, 0x30c00000)
 Metaspace       used 16942K, capacity 17091K, committed 17152K, reserved 17792K
2016-03-14T20:52:33.471-0400: 24.014: [GC (Allocation Failure) 24.014: [ParNew
Desired survivor size 20112996 bytes, new threshold 8 (max 8)
- age   1:    4233944 bytes,    4233944 total
- age   2:      84792 bytes,    4318736 total
- age   3:      82472 bytes,    4401208 total
- age   4:     106104 bytes,    4507312 total
- age   5:     137080 bytes,    4644392 total
- age   6:     251568 bytes,    4895960 total
- age   7:    1113592 bytes,    6009552 total
- age   8:    3521928 bytes,    9531480 total
: 101255K->10811K(109248K), 0.0538160 secs] 101255K->13087K(502464K), 0.0539942 secs] [Times: user=0.17 sys=0.00, real=0.05 secs] 
Heap after GC invocations=9 (full 0):
 par new generation   total 109248K, used 10811K [0x10c00000, 0x18c00000, 0x18c00000)
  eden space 87424K,   0% used [0x10c00000, 0x10c00000, 0x16160000)
  from space 21824K,  49% used [0x176b0000, 0x1813ecb8, 0x18c00000)
  to   space 21824K,   0% used [0x16160000, 0x16160000, 0x176b0000)
 concurrent mark-sweep generation total 393216K, used 2276K [0x18c00000, 0x30c00000, 0x30c00000)
 Metaspace       used 16942K, capacity 17091K, committed 17152K, reserved 17792K
}
2016-03-14T20:52:33.525-0400: 24.068: Total time for which application threads were stopped: 0.0545872 seconds
2016-03-14T20:52:33.525-0400: 24.068: [GC (CMS Initial Mark) [1 CMS-initial-mark: 2276K(393216K)] 13087K(502464K), 0.0106035 secs] [Times: user=0.00 sys=0.00, real=0.01 secs] 
2016-03-14T20:52:33.536-0400: 24.079: Total time for which application threads were stopped: 0.0109980 seconds
2016-03-14T20:52:33.536-0400: 24.079: [CMS-concurrent-mark-start]
2016-03-14T20:52:33.549-0400: 24.092: [CMS-concurrent-mark: 0.013/0.013 secs] [Times: user=0.06 sys=0.00, real=0.01 secs] 
2016-03-14T20:52:33.549-0400: 24.093: [CMS-concurrent-preclean-start]
2016-03-14T20:52:33.553-0400: 24.097: [CMS-concurrent-preclean: 0.004/0.004 secs] [Times: user=0.00 sys=0.00, real=0.00 secs] 
2016-03-14T20:52:33.557-0400: 24.100: [GC (CMS Final Remark) [YG occupancy: 11926 K (109248 K)]{Heap before GC invocations=9 (full 1):
 par new generation   total 109248K, used 11926K [0x10c00000, 0x18c00000, 0x18c00000)
  eden space 87424K,   1% used [0x10c00000, 0x10d16e90, 0x16160000)
  from space 21824K,  49% used [0x176b0000, 0x1813ecb8, 0x18c00000)
  to   space 21824K,   0% used [0x16160000, 0x16160000, 0x176b0000)
 concurrent mark-sweep generation total 393216K, used 2276K [0x18c00000, 0x30c00000, 0x30c00000)
 Metaspace       used 16942K, capacity 17091K, committed 17152K, reserved 17792K
2016-03-14T20:52:33.557-0400: 24.100: [GC (CMS Final Remark) 24.100: [ParNew
Desired survivor size 20112996 bytes, new threshold 8 (max 8)
- age   1:       2144 bytes,       2144 total
- age   2:    1855992 bytes,    1858136 total
- age   3:      84792 bytes,    1942928 total
- age   4:      82472 bytes,    2025400 total
- age   5:     106104 bytes,    2131504 total
- age   6:     137080 bytes,    2268584 total
- age   7:     250768 bytes,    2519352 total
- age   8:    1113592 bytes,    3632944 total
: 11926K->8182K(109248K), 0.0385351 secs] 14203K->13984K(502464K), 0.0387081 secs] [Times: user=0.11 sys=0.02, real=0.04 secs] 
Heap after GC invocations=10 (full 1):
 par new generation   total 109248K, used 8182K [0x10c00000, 0x18c00000, 0x18c00000)
  eden space 87424K,   0% used [0x10c00000, 0x10c00000, 0x16160000)
  from space 21824K,  37% used [0x16160000, 0x1695d880, 0x176b0000)
  to   space 21824K,   0% used [0x176b0000, 0x176b0000, 0x18c00000)
 concurrent mark-sweep generation total 393216K, used 5802K [0x18c00000, 0x30c00000, 0x30c00000)
 Metaspace       used 16942K, capacity 17091K, committed 17152K, reserved 17792K
}
24.139: [Rescan (parallel) , 0.0172647 secs]24.157: [weak refs processing, 0.0009644 secs]24.158: [class unloading, 0.0298144 secs]24.187: [scrub symbol table, 0.0061557 secs]24.194: [scrub string table, 0.0004729 secs][1 CMS-remark: 5802K(393216K)] 13984K(502464K), 0.1026649 secs] [Times: user=0.22 sys=0.02, real=0.10 secs] 
2016-03-14T20:52:33.660-0400: 24.203: Total time for which application threads were stopped: 0.1030640 seconds
2016-03-14T20:52:33.663-0400: 24.206: [CMS-concurrent-sweep-start]
2016-03-14T20:52:33.674-0400: 24.217: [CMS-concurrent-sweep: 0.011/0.011 secs] [Times: user=0.06 sys=0.00, real=0.01 secs] 
2016-03-14T20:52:33.674-0400: 24.217: [CMS-concurrent-reset-start]
2016-03-14T20:52:33.685-0400: 24.228: [CMS-concurrent-reset: 0.011/0.011 secs] [Times: user=0.05 sys=0.00, real=0.01 secs] 
2016-03-14T20:52:33.942-0400: 24.486: Total time for which application threads were stopped: 0.0002406 seconds
2016-03-14T20:52:33.945-0400: 24.488: Total time for which application threads were stopped: 0.0002148 seconds
2016-03-14T20:52:33.945-0400: 24.489: Total time for which application threads were stopped: 0.0001520 seconds
2016-03-14T20:52:33.963-0400: 24.507: Total time for which application threads were stopped: 0.0002007 seconds
2016-03-14T20:52:33.985-0400: 24.528: Total time for which application threads were stopped: 0.0001927 seconds
2016-03-14T20:52:34.001-0400: 24.544: Total time for which application threads were stopped: 0.0002197 seconds
2016-03-14T20:52:34.001-0400: 24.544: Total time for which application threads were stopped: 0.0001912 seconds
2016-03-14T20:52:34.001-0400: 24.544: Total time for which application threads were stopped: 0.0001475 seconds
2016-03-14T20:52:34.028-0400: 24.571: Total time for which application threads were stopped: 0.0002604 seconds
2016-03-14T20:52:34.046-0400: 24.589: Total time for which application threads were stopped: 0.0001456 seconds
2016-03-14T20:52:34.048-0400: 24.591: Total time for which application threads were stopped: 0.0002342 seconds
2016-03-14T20:52:34.048-0400: 24.591: Total time for which application threads were stopped: 0.0001452 seconds
2016-03-14T20:52:34.053-0400: 24.596: Total time for which application threads were stopped: 0.0002300 seconds
2016-03-14T20:52:34.082-0400: 24.625: Total time for which application threads were stopped: 0.0001752 seconds
2016-03-14T20:52:34.082-0400: 24.625: Total time for which application threads were stopped: 0.0001809 seconds
2016-03-14T20:52:34.157-0400: 24.700: Total time for which application threads were stopped: 0.0002353 seconds
2016-03-14T20:52:34.165-0400: 24.709: Total time for which application threads were stopped: 0.0003417 seconds
2016-03-14T20:52:34.166-0400: 24.709: Total time for which application threads were stopped: 0.0001570 seconds
2016-03-14T20:52:34.234-0400: 24.777: Total time for which application threads were stopped: 0.0003204 seconds
2016-03-14T20:52:34.234-0400: 24.778: Total time for which application threads were stopped: 0.0002125 seconds
2016-03-14T20:52:34.765-0400: 25.308: Total time for which application threads were stopped: 0.0006827 seconds
2016-03-14T20:52:35.154-0400: 25.697: Total time for which application threads were stopped: 0.0005865 seconds
2016-03-14T20:52:36.155-0400: 26.698: Total time for which application threads were stopped: 0.0002733 seconds
2016-03-14T20:52:36.227-0400: 26.770: Total time for which application threads were stopped: 0.0004637 seconds
2016-03-14T20:52:36.601-0400: 27.145: Total time for which application threads were stopped: 0.0010989 seconds
2016-03-14T20:52:36.602-0400: 27.146: Total time for which application threads were stopped: 0.0005272 seconds
2016-03-14T20:52:36.602-0400: 27.146: Total time for which application threads were stopped: 0.0002015 seconds
2016-03-14T20:52:36.741-0400: 27.285: Total time for which application threads were stopped: 0.0002638 seconds
2016-03-14T20:52:36.744-0400: 27.287: Total time for which application threads were stopped: 0.0002144 seconds
2016-03-14T20:52:36.763-0400: 27.306: Total time for which application threads were stopped: 0.0002862 seconds
2016-03-14T20:52:36.774-0400: 27.317: Total time for which application threads were stopped: 0.0002946 seconds
2016-03-14T20:52:36.779-0400: 27.322: Total time for which application threads were stopped: 0.0003744 seconds
2016-03-14T20:52:36.794-0400: 27.337: Total time for which application threads were stopped: 0.0003642 seconds
2016-03-14T20:52:36.795-0400: 27.338: Total time for which application threads were stopped: 0.0004497 seconds
2016-03-14T20:52:36.843-0400: 27.386: Total time for which application threads were stopped: 0.0003288 seconds
2016-03-14T20:52:36.938-0400: 27.482: Total time for which application threads were stopped: 0.0004102 seconds
2016-03-14T20:52:37.071-0400: 27.614: Total time for which application threads were stopped: 0.0012213 seconds
2016-03-14T20:52:37.293-0400: 27.836: Total time for which application threads were stopped: 0.0002376 seconds
2016-03-14T20:52:37.293-0400: 27.837: Total time for which application threads were stopped: 0.0002908 seconds
2016-03-14T20:52:37.294-0400: 27.838: Total time for which application threads were stopped: 0.0003284 seconds
2016-03-14T20:52:37.295-0400: 27.838: Total time for which application threads were stopped: 0.0001787 seconds
2016-03-14T20:52:37.295-0400: 27.839: Total time for which application threads were stopped: 0.0001722 seconds
2016-03-14T20:52:37.296-0400: 27.839: Total time for which application threads were stopped: 0.0001403 seconds
2016-03-14T20:52:37.296-0400: 27.840: Total time for which application threads were stopped: 0.0002170 seconds
2016-03-14T20:52:37.296-0400: 27.840: Total time for which application threads were stopped: 0.0001699 seconds
2016-03-14T20:52:37.297-0400: 27.840: Total time for which application threads were stopped: 0.0001570 seconds
2016-03-14T20:52:37.297-0400: 27.841: Total time for which application threads were stopped: 0.0001570 seconds
2016-03-14T20:52:37.302-0400: 27.846: Total time for which application threads were stopped: 0.0003102 seconds
2016-03-14T20:52:37.302-0400: 27.846: Total time for which application threads were stopped: 0.0002209 seconds
2016-03-14T20:52:37.303-0400: 27.846: Total time for which application threads were stopped: 0.0002064 seconds
2016-03-14T20:52:37.303-0400: 27.847: Total time for which application threads were stopped: 0.0002041 seconds
2016-03-14T20:52:37.325-0400: 27.869: Total time for which application threads were stopped: 0.0002262 seconds
2016-03-14T20:52:37.325-0400: 27.869: Total time for which application threads were stopped: 0.0001695 seconds
2016-03-14T20:52:37.326-0400: 27.870: Total time for which application threads were stopped: 0.0001676 seconds
2016-03-14T20:52:37.326-0400: 27.870: Total time for which application threads were stopped: 0.0001357 seconds
2016-03-14T20:52:37.331-0400: 27.874: Total time for which application threads were stopped: 0.0002627 seconds
2016-03-14T20:52:37.331-0400: 27.874: Total time for which application threads were stopped: 0.0002657 seconds
2016-03-14T20:52:37.331-0400: 27.875: Total time for which application threads were stopped: 0.0002345 seconds
2016-03-14T20:52:37.332-0400: 27.875: Total time for which application threads were stopped: 0.0002391 seconds
2016-03-14T20:52:37.349-0400: 27.892: Total time for which application threads were stopped: 0.0003383 seconds
2016-03-14T20:52:37.349-0400: 27.893: Total time for which application threads were stopped: 0.0003284 seconds
2016-03-14T20:52:37.385-0400: 27.928: Total time for which application threads were stopped: 0.0002323 seconds
2016-03-14T20:52:37.386-0400: 27.929: Total time for which application threads were stopped: 0.0002273 seconds
2016-03-14T20:52:37.390-0400: 27.934: Total time for which application threads were stopped: 0.0002159 seconds
2016-03-14T20:52:37.390-0400: 27.934: Total time for which application threads were stopped: 0.0001285 seconds
2016-03-14T20:52:37.422-0400: 27.966: Total time for which application threads were stopped: 0.0003375 seconds
2016-03-14T20:52:37.423-0400: 27.966: Total time for which application threads were stopped: 0.0002368 seconds
2016-03-14T20:52:37.427-0400: 27.971: Total time for which application threads were stopped: 0.0003448 seconds
2016-03-14T20:52:37.428-0400: 27.971: Total time for which application threads were stopped: 0.0002497 seconds
2016-03-14T20:52:37.430-0400: 27.973: Total time for which application threads were stopped: 0.0002630 seconds
2016-03-14T20:52:37.431-0400: 27.974: Total time for which application threads were stopped: 0.0003315 seconds
2016-03-14T20:52:37.431-0400: 27.974: Total time for which application threads were stopped: 0.0001977 seconds
2016-03-14T20:52:37.432-0400: 27.975: Total time for which application threads were stopped: 0.0005306 seconds
2016-03-14T20:52:37.437-0400: 27.980: Total time for which application threads were stopped: 0.0010457 seconds
2016-03-14T20:52:37.438-0400: 27.981: Total time for which application threads were stopped: 0.0005287 seconds
2016-03-14T20:52:37.440-0400: 27.983: Total time for which application threads were stopped: 0.0004231 seconds
2016-03-14T20:52:37.452-0400: 27.995: Total time for which application threads were stopped: 0.0021766 seconds
2016-03-14T20:52:37.460-0400: 28.003: Total time for which application threads were stopped: 0.0006238 seconds
2016-03-14T20:52:37.503-0400: 28.046: Total time for which application threads were stopped: 0.0002741 seconds
2016-03-14T20:52:37.504-0400: 28.047: Total time for which application threads were stopped: 0.0003455 seconds
2016-03-14T20:52:37.504-0400: 28.048: Total time for which application threads were stopped: 0.0002011 seconds
2016-03-14T20:52:37.505-0400: 28.048: Total time for which application threads were stopped: 0.0003668 seconds
2016-03-14T20:52:37.505-0400: 28.049: Total time for which application threads were stopped: 0.0001847 seconds
2016-03-14T20:52:37.506-0400: 28.049: Total time for which application threads were stopped: 0.0003509 seconds
2016-03-14T20:52:37.506-0400: 28.050: Total time for which application threads were stopped: 0.0001904 seconds
2016-03-14T20:52:37.507-0400: 28.050: Total time for which application threads were stopped: 0.0003429 seconds
2016-03-14T20:52:37.507-0400: 28.051: Total time for which application threads were stopped: 0.0002748 seconds
2016-03-14T20:52:37.508-0400: 28.051: Total time for which application threads were stopped: 0.0002710 seconds
2016-03-14T20:52:37.636-0400: 28.179: Total time for which application threads were stopped: 0.0002744 seconds
2016-03-14T20:52:40.636-0400: 31.179: Total time for which application threads were stopped: 0.0001844 seconds
2016-03-14T20:52:41.374-0400: 31.918: Total time for which application threads were stopped: 0.0001840 seconds
2016-03-14T20:52:41.375-0400: 31.919: Total time for which application threads were stopped: 0.0001840 seconds
2016-03-14T20:52:41.486-0400: 32.030: Total time for which application threads were stopped: 0.0002592 seconds
2016-03-14T20:52:41.547-0400: 32.090: Total time for which application threads were stopped: 0.0001969 seconds
2016-03-14T20:52:41.547-0400: 32.090: Total time for which application threads were stopped: 0.0000931 seconds
2016-03-14T20:52:41.642-0400: 32.186: Total time for which application threads were stopped: 0.0001908 seconds
2016-03-14T20:52:41.642-0400: 32.186: Total time for which application threads were stopped: 0.0001406 seconds
2016-03-14T20:52:41.642-0400: 32.186: Total time for which application threads were stopped: 0.0001030 seconds
2016-03-14T20:52:41.673-0400: 32.216: Total time for which application threads were stopped: 0.0001885 seconds
2016-03-14T20:52:41.715-0400: 32.259: Total time for which application threads were stopped: 0.0001992 seconds
2016-03-14T20:52:41.716-0400: 32.259: Total time for which application threads were stopped: 0.0001604 seconds
2016-03-14T20:52:41.732-0400: 32.275: Total time for which application threads were stopped: 0.0002026 seconds
2016-03-14T20:52:41.732-0400: 32.275: Total time for which application threads were stopped: 0.0001323 seconds
2016-03-14T20:52:41.733-0400: 32.276: Total time for which application threads were stopped: 0.0002239 seconds
2016-03-14T20:52:41.734-0400: 32.277: Total time for which application threads were stopped: 0.0003026 seconds
2016-03-14T20:52:41.734-0400: 32.278: Total time for which application threads were stopped: 0.0001684 seconds
2016-03-14T20:52:41.735-0400: 32.278: Total time for which application threads were stopped: 0.0001517 seconds
2016-03-14T20:52:41.742-0400: 32.286: Total time for which application threads were stopped: 0.0001809 seconds
2016-03-14T20:52:41.742-0400: 32.286: Total time for which application threads were stopped: 0.0001163 seconds
2016-03-14T20:52:41.744-0400: 32.287: Total time for which application threads were stopped: 0.0001513 seconds
2016-03-14T20:52:41.744-0400: 32.287: Total time for which application threads were stopped: 0.0001513 seconds
2016-03-14T20:52:41.827-0400: 32.370: Total time for which application threads were stopped: 0.0002224 seconds
2016-03-14T20:52:41.829-0400: 32.372: Total time for which application threads were stopped: 0.0001266 seconds
2016-03-14T20:52:41.830-0400: 32.373: Total time for which application threads were stopped: 0.0001501 seconds
2016-03-14T20:52:41.830-0400: 32.373: Total time for which application threads were stopped: 0.0001494 seconds
2016-03-14T20:52:41.833-0400: 32.376: Total time for which application threads were stopped: 0.0001969 seconds
2016-03-14T20:52:41.833-0400: 32.376: Total time for which application threads were stopped: 0.0001433 seconds
2016-03-14T20:52:41.834-0400: 32.377: Total time for which application threads were stopped: 0.0001463 seconds
2016-03-14T20:52:41.834-0400: 32.377: Total time for which application threads were stopped: 0.0002836 seconds
2016-03-14T20:52:41.874-0400: 32.418: Total time for which application threads were stopped: 0.0002326 seconds
2016-03-14T20:52:41.876-0400: 32.418: Total time for which application threads were stopped: 0.0001920 seconds
2016-03-14T20:52:41.876-0400: 32.419: Total time for which application threads were stopped: 0.0001654 seconds
2016-03-14T20:52:41.898-0400: 32.441: Total time for which application threads were stopped: 0.0007751 seconds
2016-03-14T20:52:42.094-0400: 32.638: Total time for which application threads were stopped: 0.0003661 seconds
2016-03-14T20:52:42.095-0400: 32.638: Total time for which application threads were stopped: 0.0002167 seconds
2016-03-14T20:52:42.106-0400: 32.650: Total time for which application threads were stopped: 0.0001809 seconds
2016-03-14T20:52:42.113-0400: 32.656: Total time for which application threads were stopped: 0.0001699 seconds
2016-03-14T20:52:42.858-0400: 33.401: Total time for which application threads were stopped: 0.0002247 seconds
{Heap before GC invocations=10 (full 1):
 par new generation   total 109248K, used 95606K [0x10c00000, 0x18c00000, 0x18c00000)
  eden space 87424K, 100% used [0x10c00000, 0x16160000, 0x16160000)
  from space 21824K,  37% used [0x16160000, 0x1695d880, 0x176b0000)
  to   space 21824K,   0% used [0x176b0000, 0x176b0000, 0x18c00000)
 concurrent mark-sweep generation total 393216K, used 5800K [0x18c00000, 0x30c00000, 0x30c00000)
 Metaspace       used 20498K, capacity 20650K, committed 20736K, reserved 20864K
2016-03-14T20:52:43.143-0400: 33.686: [GC (Allocation Failure) 33.686: [ParNew
Desired survivor size 20112996 bytes, new threshold 8 (max 8)
- age   1:   15807592 bytes,   15807592 total
- age   2:        360 bytes,   15807952 total
- age   3:    1838248 bytes,   17646200 total
- age   4:      84720 bytes,   17730920 total
- age   5:      81896 bytes,   17812816 total
- age   6:     105624 bytes,   17918440 total
- age   7:     131224 bytes,   18049664 total
- age   8:     249552 bytes,   18299216 total
: 95606K->19187K(109248K), 0.0585663 secs] 101406K->26065K(502464K), 0.0588153 secs] [Times: user=0.20 sys=0.00, real=0.06 secs] 
Heap after GC invocations=11 (full 1):
 par new generation   total 109248K, used 19187K [0x10c00000, 0x18c00000, 0x18c00000)
  eden space 87424K,   0% used [0x10c00000, 0x10c00000, 0x16160000)
  from space 21824K,  87% used [0x176b0000, 0x1896cc00, 0x18c00000)
  to   space 21824K,   0% used [0x16160000, 0x16160000, 0x176b0000)
 concurrent mark-sweep generation total 393216K, used 6878K [0x18c00000, 0x30c00000, 0x30c00000)
 Metaspace       used 20498K, capacity 20650K, committed 20736K, reserved 20864K
}
2016-03-14T20:52:43.201-0400: 33.745: Total time for which application threads were stopped: 0.0593703 seconds
2016-03-14T20:52:44.201-0400: 34.745: Total time for which application threads were stopped: 0.0003216 seconds
2016-03-14T20:52:44.563-0400: 35.106: Total time for which application threads were stopped: 0.0002182 seconds
2016-03-14T20:52:44.564-0400: 35.107: Total time for which application threads were stopped: 0.0001988 seconds
2016-03-14T20:52:44.571-0400: 35.114: Total time for which application threads were stopped: 0.0001984 seconds
2016-03-14T20:52:44.598-0400: 35.141: Total time for which application threads were stopped: 0.0003147 seconds
2016-03-14T20:52:44.633-0400: 35.176: Total time for which application threads were stopped: 0.0002570 seconds
2016-03-14T20:52:44.661-0400: 35.205: Total time for which application threads were stopped: 0.0002672 seconds
2016-03-14T20:52:44.757-0400: 35.301: Total time for which application threads were stopped: 0.0008796 seconds
2016-03-14T20:52:44.812-0400: 35.356: Total time for which application threads were stopped: 0.0002140 seconds
2016-03-14T20:52:45.813-0400: 36.357: Total time for which application threads were stopped: 0.0002091 seconds
2016-03-14T20:53:09.823-0400: 60.366: Total time for which application threads were stopped: 0.0002323 seconds
2016-03-14T20:53:34.717-0400: 85.260: Total time for which application threads were stopped: 0.0001684 seconds
2016-03-14T20:53:37.718-0400: 88.261: Total time for which application threads were stopped: 0.0001452 seconds
2016-03-14T20:53:39.719-0400: 90.262: Total time for which application threads were stopped: 0.0002186 seconds
2016-03-14T20:53:50.723-0400: 101.266: Total time for which application threads were stopped: 0.0001961 seconds
2016-03-14T20:54:09.731-0400: 120.274: Total time for which application threads were stopped: 0.0002547 seconds
2016-03-14T20:57:49.830-0400: 340.373: Total time for which application threads were stopped: 0.0003368 seconds
2016-03-14T20:58:44.567-0400: 395.111: Total time for which application threads were stopped: 0.0003246 seconds
2016-03-14T20:58:44.569-0400: 395.113: Total time for which application threads were stopped: 0.0002627 seconds
2016-03-14T20:58:45.570-0400: 396.113: Total time for which application threads were stopped: 0.0002269 seconds
2016-03-14T21:00:29.418-0400: 499.961: Total time for which application threads were stopped: 0.0003448 seconds
2016-03-14T21:00:29.419-0400: 499.962: Total time for which application threads were stopped: 0.0003166 seconds
2016-03-14T21:00:29.430-0400: 499.973: Total time for which application threads were stopped: 0.0002942 seconds
2016-03-14T21:00:29.444-0400: 499.987: Total time for which application threads were stopped: 0.0002862 seconds
2016-03-14T21:00:29.444-0400: 499.987: Total time for which application threads were stopped: 0.0002250 seconds
2016-03-14T21:00:29.504-0400: 500.047: Total time for which application threads were stopped: 0.0002790 seconds
2016-03-14T21:00:29.548-0400: 500.091: Total time for which application threads were stopped: 0.0002756 seconds
2016-03-14T21:00:29.549-0400: 500.092: Total time for which application threads were stopped: 0.0001866 seconds
2016-03-14T21:00:29.549-0400: 500.092: Total time for which application threads were stopped: 0.0002562 seconds
2016-03-14T21:00:29.549-0400: 500.093: Total time for which application threads were stopped: 0.0002376 seconds
2016-03-14T21:00:29.578-0400: 500.121: Total time for which application threads were stopped: 0.0003337 seconds
2016-03-14T21:00:29.578-0400: 500.121: Total time for which application threads were stopped: 0.0003102 seconds
2016-03-14T21:00:29.593-0400: 500.136: Total time for which application threads were stopped: 0.0003087 seconds
2016-03-14T21:00:29.594-0400: 500.137: Total time for which application threads were stopped: 0.0002304 seconds
2016-03-14T21:00:29.602-0400: 500.145: Total time for which application threads were stopped: 0.0002516 seconds
2016-03-14T21:00:29.760-0400: 500.303: Total time for which application threads were stopped: 0.0002790 seconds
2016-03-14T21:00:29.760-0400: 500.303: Total time for which application threads were stopped: 0.0001593 seconds
2016-03-14T21:00:29.760-0400: 500.303: Total time for which application threads were stopped: 0.0002110 seconds
2016-03-14T21:00:29.996-0400: 500.540: Total time for which application threads were stopped: 0.0002676 seconds
2016-03-14T21:00:29.997-0400: 500.540: Total time for which application threads were stopped: 0.0001699 seconds
2016-03-14T21:00:29.997-0400: 500.540: Total time for which application threads were stopped: 0.0001551 seconds
2016-03-14T21:00:30.266-0400: 500.809: Total time for which application threads were stopped: 0.0002273 seconds
2016-03-14T21:00:30.473-0400: 501.016: Total time for which application threads were stopped: 0.0002045 seconds
2016-03-14T21:00:30.473-0400: 501.017: Total time for which application threads were stopped: 0.0001091 seconds
2016-03-14T21:00:31.473-0400: 502.017: Total time for which application threads were stopped: 0.0001950 seconds
2016-03-14T21:00:31.493-0400: 502.036: Total time for which application threads were stopped: 0.0001585 seconds
2016-03-14T21:00:31.509-0400: 502.052: Total time for which application threads were stopped: 0.0001680 seconds
2016-03-14T21:00:31.525-0400: 502.068: Total time for which application threads were stopped: 0.0001642 seconds
2016-03-14T21:00:32.525-0400: 503.068: Total time for which application threads were stopped: 0.0001984 seconds
2016-03-14T21:00:47.530-0400: 518.073: Total time for which application threads were stopped: 0.0002414 seconds
2016-03-14T21:00:56.319-0400: 526.863: Total time for which application threads were stopped: 0.0003615 seconds
2016-03-14T21:00:56.321-0400: 526.864: Total time for which application threads were stopped: 0.0002919 seconds
2016-03-14T21:00:56.322-0400: 526.865: Total time for which application threads were stopped: 0.0001916 seconds
2016-03-14T21:00:56.322-0400: 526.865: Total time for which application threads were stopped: 0.0002938 seconds
2016-03-14T21:00:56.341-0400: 526.885: Total time for which application threads were stopped: 0.0004098 seconds
2016-03-14T21:00:56.343-0400: 526.886: Total time for which application threads were stopped: 0.0002250 seconds
2016-03-14T21:00:56.437-0400: 526.980: Total time for which application threads were stopped: 0.0003049 seconds
2016-03-14T21:00:56.438-0400: 526.982: Total time for which application threads were stopped: 0.0002509 seconds
2016-03-14T21:00:56.568-0400: 527.111: Total time for which application threads were stopped: 0.0003752 seconds
2016-03-14T21:00:57.321-0400: 527.864: Total time for which application threads were stopped: 0.0003307 seconds
2016-03-14T21:00:58.321-0400: 528.864: Total time for which application threads were stopped: 0.0002049 seconds
2016-03-14T21:01:01.322-0400: 531.865: Total time for which application threads were stopped: 0.0002250 seconds
2016-03-14T21:01:02.322-0400: 532.865: Total time for which application threads were stopped: 0.0002197 seconds
2016-03-14T21:01:05.645-0400: 536.188: Total time for which application threads were stopped: 0.0001711 seconds
2016-03-14T21:01:05.659-0400: 536.203: Total time for which application threads were stopped: 0.0012438 seconds
2016-03-14T21:01:05.700-0400: 536.244: Total time for which application threads were stopped: 0.0002600 seconds
2016-03-14T21:01:05.701-0400: 536.244: Total time for which application threads were stopped: 0.0002353 seconds
2016-03-14T21:01:05.746-0400: 536.290: Total time for which application threads were stopped: 0.0002859 seconds
2016-03-14T21:01:05.746-0400: 536.290: Total time for which application threads were stopped: 0.0001893 seconds
2016-03-14T21:01:05.922-0400: 536.466: Total time for which application threads were stopped: 0.0003052 seconds
2016-03-14T21:01:06.010-0400: 536.553: Total time for which application threads were stopped: 0.0002976 seconds
2016-03-14T21:01:06.010-0400: 536.554: Total time for which application threads were stopped: 0.0002364 seconds
2016-03-14T21:01:06.011-0400: 536.554: Total time for which application threads were stopped: 0.0002091 seconds
2016-03-14T21:01:06.011-0400: 536.554: Total time for which application threads were stopped: 0.0002079 seconds
2016-03-14T21:01:06.012-0400: 536.555: Total time for which application threads were stopped: 0.0006774 seconds
2016-03-14T21:01:06.013-0400: 536.557: Total time for which application threads were stopped: 0.0002463 seconds
2016-03-14T21:01:07.014-0400: 537.557: Total time for which application threads were stopped: 0.0002638 seconds
2016-03-14T21:01:20.560-0400: 551.103: Total time for which application threads were stopped: 0.0003372 seconds
2016-03-14T21:01:20.562-0400: 551.105: Total time for which application threads were stopped: 0.0002209 seconds
2016-03-14T21:01:21.562-0400: 552.106: Total time for which application threads were stopped: 0.0002608 seconds
2016-03-14T21:01:25.564-0400: 556.107: Total time for which application threads were stopped: 0.0002893 seconds
2016-03-14T21:01:27.565-0400: 558.109: Total time for which application threads were stopped: 0.0002608 seconds
2016-03-14T21:02:17.587-0400: 608.131: Total time for which application threads were stopped: 0.0003117 seconds
2016-03-14T21:02:28.285-0400: 618.828: Total time for which application threads were stopped: 0.0002862 seconds
2016-03-14T21:02:28.286-0400: 618.830: Total time for which application threads were stopped: 0.0002642 seconds
2016-03-14T21:02:29.288-0400: 619.831: Total time for which application threads were stopped: 0.0002634 seconds
2016-03-14T21:02:31.330-0400: 621.874: Total time for which application threads were stopped: 0.0001923 seconds
2016-03-14T21:02:32.331-0400: 622.874: Total time for which application threads were stopped: 0.0002003 seconds
{Heap before GC invocations=11 (full 1):
 par new generation   total 109248K, used 106611K [0x10c00000, 0x18c00000, 0x18c00000)
  eden space 87424K, 100% used [0x10c00000, 0x16160000, 0x16160000)
  from space 21824K,  87% used [0x176b0000, 0x1896cc00, 0x18c00000)
  to   space 21824K,   0% used [0x16160000, 0x16160000, 0x176b0000)
 concurrent mark-sweep generation total 393216K, used 6878K [0x18c00000, 0x30c00000, 0x30c00000)
 Metaspace       used 22140K, capacity 22339K, committed 22528K, reserved 22912K
2016-03-14T21:02:32.521-0400: 623.065: [GC (Allocation Failure) 623.065: [ParNew
Desired survivor size 20112996 bytes, new threshold 8 (max 8)
- age   1:    2592376 bytes,    2592376 total
- age   2:    8982664 bytes,   11575040 total
- age   3:        360 bytes,   11575400 total
- age   4:    1832960 bytes,   13408360 total
- age   5:      84720 bytes,   13493080 total
- age   6:      81896 bytes,   13574976 total
- age   7:     105456 bytes,   13680432 total
- age   8:     130544 bytes,   13810976 total
: 106611K->18334K(109248K), 0.0510935 secs] 113489K->25458K(502464K), 0.0513528 secs] [Times: user=0.24 sys=0.00, real=0.05 secs] 
Heap after GC invocations=12 (full 1):
 par new generation   total 109248K, used 18334K [0x10c00000, 0x18c00000, 0x18c00000)
  eden space 87424K,   0% used [0x10c00000, 0x10c00000, 0x16160000)
  from space 21824K,  84% used [0x16160000, 0x17347af0, 0x176b0000)
  to   space 21824K,   0% used [0x176b0000, 0x176b0000, 0x18c00000)
 concurrent mark-sweep generation total 393216K, used 7124K [0x18c00000, 0x30c00000, 0x30c00000)
 Metaspace       used 22140K, capacity 22339K, committed 22528K, reserved 22912K
}
2016-03-14T21:02:32.573-0400: 623.116: Total time for which application threads were stopped: 0.0519724 seconds
2016-03-14T21:02:33.574-0400: 624.117: Total time for which application threads were stopped: 0.0001927 seconds
2016-03-14T21:02:34.575-0400: 625.118: Total time for which application threads were stopped: 0.0002577 seconds
2016-03-14T21:02:37.576-0400: 628.119: Total time for which application threads were stopped: 0.0002661 seconds
2016-03-14T21:04:43.660-0400: 754.203: Total time for which application threads were stopped: 0.0002475 seconds
2016-03-14T21:04:43.662-0400: 754.205: Total time for which application threads were stopped: 0.0001646 seconds
2016-03-14T21:04:43.818-0400: 754.361: Total time for which application threads were stopped: 0.0001958 seconds
2016-03-14T21:04:43.839-0400: 754.383: Total time for which application threads were stopped: 0.0002007 seconds
2016-03-14T21:04:44.840-0400: 755.383: Total time for which application threads were stopped: 0.0002737 seconds
2016-03-14T21:04:46.141-0400: 756.684: Total time for which application threads were stopped: 0.0001859 seconds
2016-03-14T21:04:46.150-0400: 756.693: Total time for which application threads were stopped: 0.0001768 seconds
{Heap before GC invocations=12 (full 1):
 par new generation   total 109248K, used 105758K [0x10c00000, 0x18c00000, 0x18c00000)
  eden space 87424K, 100% used [0x10c00000, 0x16160000, 0x16160000)
  from space 21824K,  84% used [0x16160000, 0x17347af0, 0x176b0000)
  to   space 21824K,   0% used [0x176b0000, 0x176b0000, 0x18c00000)
 concurrent mark-sweep generation total 393216K, used 7124K [0x18c00000, 0x30c00000, 0x30c00000)
 Metaspace       used 22204K, capacity 22381K, committed 22528K, reserved 22912K
2016-03-14T21:04:46.707-0400: 757.251: [GC (Allocation Failure) 757.251: [ParNew
Desired survivor size 20112996 bytes, new threshold 8 (max 8)
- age   1:    2065496 bytes,    2065496 total
- age   2:     505992 bytes,    2571488 total
- age   3:   11108784 bytes,   13680272 total
- age   4:        360 bytes,   13680632 total
- age   5:    1805576 bytes,   15486208 total
- age   6:      78936 bytes,   15565144 total
- age   7:      76232 bytes,   15641376 total
- age   8:      94464 bytes,   15735840 total
: 105758K->20579K(109248K), 0.0488721 secs] 112882K->27833K(502464K), 0.0491104 secs] [Times: user=0.19 sys=0.00, real=0.05 secs] 
Heap after GC invocations=13 (full 1):
 par new generation   total 109248K, used 20579K [0x10c00000, 0x18c00000, 0x18c00000)
  eden space 87424K,   0% used [0x10c00000, 0x10c00000, 0x16160000)
  from space 21824K,  94% used [0x176b0000, 0x18ac8c60, 0x18c00000)
  to   space 21824K,   0% used [0x16160000, 0x16160000, 0x176b0000)
 concurrent mark-sweep generation total 393216K, used 7253K [0x18c00000, 0x30c00000, 0x30c00000)
 Metaspace       used 22204K, capacity 22381K, committed 22528K, reserved 22912K
}
2016-03-14T21:04:46.757-0400: 757.300: Total time for which application threads were stopped: 0.0498714 seconds
2016-03-14T21:04:46.757-0400: 757.301: Total time for which application threads were stopped: 0.0003748 seconds
{Heap before GC invocations=13 (full 1):
 par new generation   total 109248K, used 108003K [0x10c00000, 0x18c00000, 0x18c00000)
  eden space 87424K, 100% used [0x10c00000, 0x16160000, 0x16160000)
  from space 21824K,  94% used [0x176b0000, 0x18ac8c60, 0x18c00000)
  to   space 21824K,   0% used [0x16160000, 0x16160000, 0x176b0000)
 concurrent mark-sweep generation total 393216K, used 7253K [0x18c00000, 0x30c00000, 0x30c00000)
 Metaspace       used 22208K, capacity 22383K, committed 22528K, reserved 22912K
2016-03-14T21:04:47.158-0400: 757.701: [GC (Allocation Failure) 757.701: [ParNew
Desired survivor size 20112996 bytes, new threshold 8 (max 8)
- age   1:     107768 bytes,     107768 total
- age   2:    1584088 bytes,    1691856 total
- age   3:     505992 bytes,    2197848 total
- age   4:   11108784 bytes,   13306632 total
- age   5:        360 bytes,   13306992 total
- age   6:    1805592 bytes,   15112584 total
- age   7:      78584 bytes,   15191168 total
- age   8:      75816 bytes,   15266984 total
: 108003K->18209K(109248K), 0.0366121 secs] 115257K->25557K(502464K), 0.0368249 secs] [Times: user=0.13 sys=0.00, real=0.04 secs] 
Heap after GC invocations=14 (full 1):
 par new generation   total 109248K, used 18209K [0x10c00000, 0x18c00000, 0x18c00000)
  eden space 87424K,   0% used [0x10c00000, 0x10c00000, 0x16160000)
  from space 21824K,  83% used [0x16160000, 0x17328720, 0x176b0000)
  to   space 21824K,   0% used [0x176b0000, 0x176b0000, 0x18c00000)
 concurrent mark-sweep generation total 393216K, used 7347K [0x18c00000, 0x30c00000, 0x30c00000)
 Metaspace       used 22208K, capacity 22383K, committed 22528K, reserved 22912K
}
2016-03-14T21:04:47.195-0400: 757.738: Total time for which application threads were stopped: 0.0377281 seconds
2016-03-14T21:04:47.576-0400: 758.119: Total time for which application threads were stopped: 0.0003554 seconds
2016-03-14T21:04:47.604-0400: 758.148: Total time for which application threads were stopped: 0.0002820 seconds
2016-03-14T21:04:48.605-0400: 759.148: Total time for which application threads were stopped: 0.0002334 seconds
2016-03-14T21:06:17.755-0400: 848.298: Total time for which application threads were stopped: 0.0002140 seconds
2016-03-14T21:06:17.758-0400: 848.301: Total time for which application threads were stopped: 0.0002197 seconds
2016-03-14T21:06:17.759-0400: 848.302: Total time for which application threads were stopped: 0.0001821 seconds
2016-03-14T21:06:17.766-0400: 848.310: Total time for which application threads were stopped: 0.0002170 seconds
2016-03-14T21:06:17.767-0400: 848.310: Total time for which application threads were stopped: 0.0002102 seconds
2016-03-14T21:06:17.767-0400: 848.311: Total time for which application threads were stopped: 0.0004869 seconds
2016-03-14T21:06:17.783-0400: 848.326: Total time for which application threads were stopped: 0.0002323 seconds
2016-03-14T21:06:17.787-0400: 848.330: Total time for which application threads were stopped: 0.0001775 seconds
2016-03-14T21:06:17.787-0400: 848.330: Total time for which application threads were stopped: 0.0001790 seconds
2016-03-14T21:06:17.787-0400: 848.330: Total time for which application threads were stopped: 0.0001338 seconds
2016-03-14T21:06:17.796-0400: 848.339: Total time for which application threads were stopped: 0.0002349 seconds
2016-03-14T21:06:18.115-0400: 848.658: Total time for which application threads were stopped: 0.0004063 seconds
2016-03-14T21:06:18.115-0400: 848.658: Total time for which application threads were stopped: 0.0002520 seconds
2016-03-14T21:06:18.115-0400: 848.659: Total time for which application threads were stopped: 0.0002132 seconds
2016-03-14T21:06:18.121-0400: 848.664: Total time for which application threads were stopped: 0.0002007 seconds
2016-03-14T21:06:18.124-0400: 848.667: Total time for which application threads were stopped: 0.0001798 seconds
2016-03-14T21:06:18.124-0400: 848.667: Total time for which application threads were stopped: 0.0001581 seconds
2016-03-14T21:06:18.124-0400: 848.667: Total time for which application threads were stopped: 0.0001406 seconds
2016-03-14T21:06:18.133-0400: 848.676: Total time for which application threads were stopped: 0.0002718 seconds
2016-03-14T21:06:18.151-0400: 848.694: Total time for which application threads were stopped: 0.0002315 seconds
2016-03-14T21:06:18.152-0400: 848.695: Total time for which application threads were stopped: 0.0002247 seconds
2016-03-14T21:06:18.152-0400: 848.695: Total time for which application threads were stopped: 0.0005770 seconds
2016-03-14T21:06:18.153-0400: 848.697: Total time for which application threads were stopped: 0.0002189 seconds
2016-03-14T21:06:18.157-0400: 848.700: Total time for which application threads were stopped: 0.0001855 seconds
2016-03-14T21:06:18.158-0400: 848.701: Total time for which application threads were stopped: 0.0002228 seconds
2016-03-14T21:06:18.175-0400: 848.718: Total time for which application threads were stopped: 0.0002912 seconds
2016-03-14T21:06:18.194-0400: 848.737: Total time for which application threads were stopped: 0.0002562 seconds
2016-03-14T21:06:18.194-0400: 848.737: Total time for which application threads were stopped: 0.0002433 seconds
2016-03-14T21:06:18.201-0400: 848.745: Total time for which application threads were stopped: 0.0003710 seconds
2016-03-14T21:06:18.256-0400: 848.799: Total time for which application threads were stopped: 0.0002132 seconds
2016-03-14T21:06:18.256-0400: 848.800: Total time for which application threads were stopped: 0.0001391 seconds
2016-03-14T21:06:18.281-0400: 848.824: Total time for which application threads were stopped: 0.0002186 seconds
2016-03-14T21:06:18.281-0400: 848.825: Total time for which application threads were stopped: 0.0001961 seconds
2016-03-14T21:06:18.282-0400: 848.825: Total time for which application threads were stopped: 0.0001703 seconds
2016-03-14T21:06:18.282-0400: 848.826: Total time for which application threads were stopped: 0.0001764 seconds
2016-03-14T21:06:18.283-0400: 848.826: Total time for which application threads were stopped: 0.0001414 seconds
2016-03-14T21:06:18.362-0400: 848.906: Total time for which application threads were stopped: 0.0002269 seconds
2016-03-14T21:06:18.363-0400: 848.907: Total time for which application threads were stopped: 0.0001783 seconds
2016-03-14T21:06:18.485-0400: 849.028: Total time for which application threads were stopped: 0.0010750 seconds
2016-03-14T21:06:18.490-0400: 849.033: Total time for which application threads were stopped: 0.0001931 seconds
2016-03-14T21:06:18.491-0400: 849.034: Total time for which application threads were stopped: 0.0001733 seconds
2016-03-14T21:06:18.501-0400: 849.044: Total time for which application threads were stopped: 0.0002353 seconds
2016-03-14T21:06:18.512-0400: 849.055: Total time for which application threads were stopped: 0.0002368 seconds
2016-03-14T21:06:18.512-0400: 849.055: Total time for which application threads were stopped: 0.0001733 seconds
2016-03-14T21:06:18.519-0400: 849.062: Total time for which application threads were stopped: 0.0002349 seconds
2016-03-14T21:06:18.641-0400: 849.184: Total time for which application threads were stopped: 0.0002296 seconds
2016-03-14T21:06:18.641-0400: 849.185: Total time for which application threads were stopped: 0.0001338 seconds
2016-03-14T21:06:18.650-0400: 849.193: Total time for which application threads were stopped: 0.0002361 seconds
2016-03-14T21:06:18.699-0400: 849.242: Total time for which application threads were stopped: 0.0002288 seconds
2016-03-14T21:06:18.699-0400: 849.243: Total time for which application threads were stopped: 0.0001399 seconds
2016-03-14T21:06:18.711-0400: 849.254: Total time for which application threads were stopped: 0.0002410 seconds
2016-03-14T21:06:18.796-0400: 849.340: Total time for which application threads were stopped: 0.0002216 seconds
2016-03-14T21:06:18.796-0400: 849.340: Total time for which application threads were stopped: 0.0001346 seconds
2016-03-14T21:06:18.812-0400: 849.356: Total time for which application threads were stopped: 0.0003121 seconds
2016-03-14T21:06:18.818-0400: 849.361: Total time for which application threads were stopped: 0.0001802 seconds
2016-03-14T21:06:18.818-0400: 849.362: Total time for which application threads were stopped: 0.0003136 seconds
2016-03-14T21:06:18.821-0400: 849.364: Total time for which application threads were stopped: 0.0001733 seconds
2016-03-14T21:06:18.923-0400: 849.466: Total time for which application threads were stopped: 0.0002482 seconds
2016-03-14T21:06:18.935-0400: 849.478: Total time for which application threads were stopped: 0.0002353 seconds
2016-03-14T21:06:19.028-0400: 849.571: Total time for which application threads were stopped: 0.0001927 seconds
2016-03-14T21:06:19.034-0400: 849.577: Total time for which application threads were stopped: 0.0001802 seconds
2016-03-14T21:06:19.048-0400: 849.592: Total time for which application threads were stopped: 0.0002323 seconds
2016-03-14T21:06:19.118-0400: 849.661: Total time for which application threads were stopped: 0.0012331 seconds
2016-03-14T21:06:19.127-0400: 849.671: Total time for which application threads were stopped: 0.0001673 seconds
2016-03-14T21:06:19.128-0400: 849.672: Total time for which application threads were stopped: 0.0002315 seconds
2016-03-14T21:06:19.315-0400: 849.859: Total time for which application threads were stopped: 0.0003965 seconds
2016-03-14T21:06:19.326-0400: 849.869: Total time for which application threads were stopped: 0.0002273 seconds
2016-03-14T21:06:19.413-0400: 849.956: Total time for which application threads were stopped: 0.0010354 seconds
2016-03-14T21:06:19.461-0400: 850.004: Total time for which application threads were stopped: 0.0002604 seconds
2016-03-14T21:06:19.682-0400: 850.226: Total time for which application threads were stopped: 0.0002098 seconds
2016-03-14T21:06:19.683-0400: 850.226: Total time for which application threads were stopped: 0.0001555 seconds
2016-03-14T21:06:19.720-0400: 850.263: Total time for which application threads were stopped: 0.0002022 seconds
2016-03-14T21:06:19.720-0400: 850.263: Total time for which application threads were stopped: 0.0001570 seconds
2016-03-14T21:06:19.800-0400: 850.344: Total time for which application threads were stopped: 0.0002094 seconds
2016-03-14T21:06:19.824-0400: 850.368: Total time for which application threads were stopped: 0.0001874 seconds
2016-03-14T21:06:19.835-0400: 850.379: Total time for which application threads were stopped: 0.0010392 seconds
2016-03-14T21:06:19.840-0400: 850.384: Total time for which application threads were stopped: 0.0009279 seconds
2016-03-14T21:06:19.853-0400: 850.396: Total time for which application threads were stopped: 0.0009400 seconds
2016-03-14T21:06:19.898-0400: 850.441: Total time for which application threads were stopped: 0.0002889 seconds
2016-03-14T21:06:19.900-0400: 850.443: Total time for which application threads were stopped: 0.0002782 seconds
2016-03-14T21:06:19.900-0400: 850.443: Total time for which application threads were stopped: 0.0002326 seconds
2016-03-14T21:06:19.904-0400: 850.447: Total time for which application threads were stopped: 0.0002973 seconds
2016-03-14T21:06:19.904-0400: 850.448: Total time for which application threads were stopped: 0.0002243 seconds
2016-03-14T21:06:19.905-0400: 850.448: Total time for which application threads were stopped: 0.0001984 seconds
2016-03-14T21:06:19.905-0400: 850.448: Total time for which application threads were stopped: 0.0002623 seconds
2016-03-14T21:06:19.905-0400: 850.449: Total time for which application threads were stopped: 0.0001946 seconds
2016-03-14T21:06:19.906-0400: 850.449: Total time for which application threads were stopped: 0.0001908 seconds
2016-03-14T21:06:19.906-0400: 850.449: Total time for which application threads were stopped: 0.0002209 seconds
2016-03-14T21:06:19.906-0400: 850.450: Total time for which application threads were stopped: 0.0002657 seconds
2016-03-14T21:06:19.907-0400: 850.450: Total time for which application threads were stopped: 0.0001661 seconds
2016-03-14T21:06:19.907-0400: 850.450: Total time for which application threads were stopped: 0.0001897 seconds
2016-03-14T21:06:19.907-0400: 850.451: Total time for which application threads were stopped: 0.0002205 seconds
2016-03-14T21:06:19.908-0400: 850.452: Total time for which application threads were stopped: 0.0001334 seconds
2016-03-14T21:06:19.912-0400: 850.455: Total time for which application threads were stopped: 0.0002680 seconds
2016-03-14T21:06:19.913-0400: 850.456: Total time for which application threads were stopped: 0.0002121 seconds
2016-03-14T21:06:19.913-0400: 850.456: Total time for which application threads were stopped: 0.0002132 seconds
2016-03-14T21:06:19.913-0400: 850.456: Total time for which application threads were stopped: 0.0002083 seconds
2016-03-14T21:06:19.914-0400: 850.457: Total time for which application threads were stopped: 0.0003668 seconds
2016-03-14T21:06:19.914-0400: 850.457: Total time for which application threads were stopped: 0.0001597 seconds
2016-03-14T21:06:19.914-0400: 850.457: Total time for which application threads were stopped: 0.0002068 seconds
2016-03-14T21:06:19.915-0400: 850.458: Total time for which application threads were stopped: 0.0005181 seconds
2016-03-14T21:06:19.924-0400: 850.467: Total time for which application threads were stopped: 0.0004048 seconds
2016-03-14T21:06:19.929-0400: 850.472: Total time for which application threads were stopped: 0.0002513 seconds
2016-03-14T21:06:19.929-0400: 850.473: Total time for which application threads were stopped: 0.0002387 seconds
2016-03-14T21:06:19.930-0400: 850.473: Total time for which application threads were stopped: 0.0001532 seconds
2016-03-14T21:06:19.942-0400: 850.485: Total time for which application threads were stopped: 0.0002539 seconds
2016-03-14T21:06:19.943-0400: 850.486: Total time for which application threads were stopped: 0.0002935 seconds
2016-03-14T21:06:19.944-0400: 850.487: Total time for which application threads were stopped: 0.0001779 seconds
2016-03-14T21:06:19.960-0400: 850.504: Total time for which application threads were stopped: 0.0002399 seconds
2016-03-14T21:06:19.961-0400: 850.504: Total time for which application threads were stopped: 0.0002440 seconds
2016-03-14T21:06:19.962-0400: 850.505: Total time for which application threads were stopped: 0.0004653 seconds
2016-03-14T21:06:19.962-0400: 850.505: Total time for which application threads were stopped: 0.0003106 seconds
2016-03-14T21:06:19.963-0400: 850.506: Total time for which application threads were stopped: 0.0001901 seconds
2016-03-14T21:06:19.999-0400: 850.542: Total time for which application threads were stopped: 0.0002410 seconds
2016-03-14T21:06:19.999-0400: 850.542: Total time for which application threads were stopped: 0.0002809 seconds
2016-03-14T21:06:19.999-0400: 850.542: Total time for which application threads were stopped: 0.0001969 seconds
2016-03-14T21:06:20.000-0400: 850.543: Total time for which application threads were stopped: 0.0002634 seconds
2016-03-14T21:06:20.000-0400: 850.543: Total time for which application threads were stopped: 0.0002209 seconds
2016-03-14T21:06:20.000-0400: 850.543: Total time for which application threads were stopped: 0.0002064 seconds
2016-03-14T21:06:20.000-0400: 850.544: Total time for which application threads were stopped: 0.0002056 seconds
2016-03-14T21:06:20.000-0400: 850.544: Total time for which application threads were stopped: 0.0001627 seconds
2016-03-14T21:06:20.001-0400: 850.544: Total time for which application threads were stopped: 0.0001589 seconds
2016-03-14T21:06:20.001-0400: 850.545: Total time for which application threads were stopped: 0.0002182 seconds
2016-03-14T21:06:20.001-0400: 850.545: Total time for which application threads were stopped: 0.0001790 seconds
2016-03-14T21:06:20.001-0400: 850.545: Total time for which application threads were stopped: 0.0001859 seconds
2016-03-14T21:06:20.002-0400: 850.545: Total time for which application threads were stopped: 0.0001954 seconds
2016-03-14T21:06:20.002-0400: 850.546: Total time for which application threads were stopped: 0.0001950 seconds
2016-03-14T21:06:20.002-0400: 850.546: Total time for which application threads were stopped: 0.0001927 seconds
2016-03-14T21:06:20.003-0400: 850.546: Total time for which application threads were stopped: 0.0002167 seconds
2016-03-14T21:06:20.003-0400: 850.547: Total time for which application threads were stopped: 0.0002026 seconds
2016-03-14T21:06:20.003-0400: 850.547: Total time for which application threads were stopped: 0.0002102 seconds
2016-03-14T21:06:20.004-0400: 850.547: Total time for which application threads were stopped: 0.0002326 seconds
2016-03-14T21:06:20.004-0400: 850.548: Total time for which application threads were stopped: 0.0003421 seconds
2016-03-14T21:06:20.086-0400: 850.629: Total time for which application threads were stopped: 0.0002323 seconds
2016-03-14T21:06:20.087-0400: 850.630: Total time for which application threads were stopped: 0.0001281 seconds
2016-03-14T21:06:20.144-0400: 850.687: Total time for which application threads were stopped: 0.0002710 seconds
2016-03-14T21:06:20.145-0400: 850.689: Total time for which application threads were stopped: 0.0002729 seconds
2016-03-14T21:06:20.195-0400: 850.738: Total time for which application threads were stopped: 0.0003432 seconds
2016-03-14T21:06:20.203-0400: 850.746: Total time for which application threads were stopped: 0.0002288 seconds
2016-03-14T21:06:20.261-0400: 850.805: Total time for which application threads were stopped: 0.0002311 seconds
2016-03-14T21:06:20.323-0400: 850.866: Total time for which application threads were stopped: 0.0002151 seconds
2016-03-14T21:06:20.358-0400: 850.901: Total time for which application threads were stopped: 0.0004501 seconds
2016-03-14T21:06:20.459-0400: 851.003: Total time for which application threads were stopped: 0.0002794 seconds
2016-03-14T21:06:20.527-0400: 851.071: Total time for which application threads were stopped: 0.0003448 seconds
2016-03-14T21:06:20.580-0400: 851.123: Total time for which application threads were stopped: 0.0002418 seconds
2016-03-14T21:06:20.634-0400: 851.178: Total time for which application threads were stopped: 0.0003113 seconds
2016-03-14T21:06:20.702-0400: 851.246: Total time for which application threads were stopped: 0.0003208 seconds
2016-03-14T21:06:20.776-0400: 851.320: Total time for which application threads were stopped: 0.0003265 seconds
2016-03-14T21:06:20.869-0400: 851.411: Total time for which application threads were stopped: 0.0003797 seconds
2016-03-14T21:06:20.904-0400: 851.448: Total time for which application threads were stopped: 0.0002216 seconds
2016-03-14T21:06:20.952-0400: 851.496: Total time for which application threads were stopped: 0.0002098 seconds
2016-03-14T21:06:20.999-0400: 851.543: Total time for which application threads were stopped: 0.0002931 seconds
2016-03-14T21:06:21.041-0400: 851.584: Total time for which application threads were stopped: 0.0002505 seconds
2016-03-14T21:06:21.079-0400: 851.622: Total time for which application threads were stopped: 0.0005417 seconds
{Heap before GC invocations=14 (full 1):
 par new generation   total 109248K, used 105633K [0x10c00000, 0x18c00000, 0x18c00000)
  eden space 87424K, 100% used [0x10c00000, 0x16160000, 0x16160000)
  from space 21824K,  83% used [0x16160000, 0x17328720, 0x176b0000)
  to   space 21824K,   0% used [0x176b0000, 0x176b0000, 0x18c00000)
 concurrent mark-sweep generation total 393216K, used 7347K [0x18c00000, 0x30c00000, 0x30c00000)
 Metaspace       used 24083K, capacity 24292K, committed 24448K, reserved 24960K
2016-03-14T21:06:21.623-0400: 852.166: [GC (Allocation Failure) 852.166: [ParNew
Desired survivor size 20112996 bytes, new threshold 8 (max 8)
- age   1:    7174208 bytes,    7174208 total
- age   2:      88344 bytes,    7262552 total
- age   3:     872864 bytes,    8135416 total
- age   4:     504856 bytes,    8640272 total
- age   5:    8878720 bytes,   17518992 total
- age   6:        360 bytes,   17519352 total
- age   7:    1793064 bytes,   19312416 total
- age   8:      78520 bytes,   19390936 total
: 105633K->21824K(109248K), 0.0676064 secs] 112981K->29245K(502464K), 0.0678432 secs] [Times: user=0.25 sys=0.00, real=0.07 secs] 
Heap after GC invocations=15 (full 1):
 par new generation   total 109248K, used 21824K [0x10c00000, 0x18c00000, 0x18c00000)
  eden space 87424K,   0% used [0x10c00000, 0x10c00000, 0x16160000)
  from space 21824K, 100% used [0x176b0000, 0x18c00000, 0x18c00000)
  to   space 21824K,   0% used [0x16160000, 0x16160000, 0x176b0000)
 concurrent mark-sweep generation total 393216K, used 7421K [0x18c00000, 0x30c00000, 0x30c00000)
 Metaspace       used 24083K, capacity 24292K, committed 24448K, reserved 24960K
}
2016-03-14T21:06:21.690-0400: 852.234: Total time for which application threads were stopped: 0.0684343 seconds
2016-03-14T21:06:22.691-0400: 853.234: Total time for which application threads were stopped: 0.0002992 seconds
2016-03-14T21:06:23.691-0400: 854.234: Total time for which application threads were stopped: 0.0002072 seconds
2016-03-14T21:06:24.691-0400: 855.235: Total time for which application threads were stopped: 0.0003577 seconds
2016-03-14T21:06:25.692-0400: 856.235: Total time for which application threads were stopped: 0.0003045 seconds
2016-03-14T21:06:26.693-0400: 857.236: Total time for which application threads were stopped: 0.0002581 seconds
{Heap before GC invocations=15 (full 1):
 par new generation   total 109248K, used 109198K [0x10c00000, 0x18c00000, 0x18c00000)
  eden space 87424K,  99% used [0x10c00000, 0x16153878, 0x16160000)
  from space 21824K, 100% used [0x176b0000, 0x18c00000, 0x18c00000)
  to   space 21824K,   0% used [0x16160000, 0x16160000, 0x176b0000)
 concurrent mark-sweep generation total 393216K, used 7421K [0x18c00000, 0x30c00000, 0x30c00000)
 Metaspace       used 24278K, capacity 24484K, committed 24576K, reserved 24960K
2016-03-14T21:06:27.443-0400: 857.986: [GC (Allocation Failure) 857.986: [ParNew
Desired survivor size 20112996 bytes, new threshold 8 (max 8)
- age   1:    1732800 bytes,    1732800 total
- age   2:    4909344 bytes,    6642144 total
- age   3:      88344 bytes,    6730488 total
- age   4:     869704 bytes,    7600192 total
- age   5:     499872 bytes,    8100064 total
- age   6:    8346464 bytes,   16446528 total
- age   7:        360 bytes,   16446888 total
- age   8:    1791776 bytes,   18238664 total
: 109198K->21824K(109248K), 0.0457011 secs] 116620K->29874K(502464K), 0.0458577 secs] [Times: user=0.19 sys=0.00, real=0.04 secs] 
Heap after GC invocations=16 (full 1):
 par new generation   total 109248K, used 21824K [0x10c00000, 0x18c00000, 0x18c00000)
  eden space 87424K,   0% used [0x10c00000, 0x10c00000, 0x16160000)
  from space 21824K, 100% used [0x16160000, 0x176b0000, 0x176b0000)
  to   space 21824K,   0% used [0x176b0000, 0x176b0000, 0x18c00000)
 concurrent mark-sweep generation total 393216K, used 8050K [0x18c00000, 0x30c00000, 0x30c00000)
 Metaspace       used 24278K, capacity 24484K, committed 24576K, reserved 24960K
}
2016-03-14T21:06:27.489-0400: 858.032: Total time for which application threads were stopped: 0.0462561 seconds
2016-03-14T21:06:28.490-0400: 859.033: Total time for which application threads were stopped: 0.0001806 seconds
2016-03-14T21:06:29.490-0400: 860.033: Total time for which application threads were stopped: 0.0003356 seconds
2016-03-14T21:06:30.490-0400: 861.034: Total time for which application threads were stopped: 0.0002942 seconds
2016-03-14T21:06:31.491-0400: 862.034: Total time for which application threads were stopped: 0.0002885 seconds
{Heap before GC invocations=16 (full 1):
 par new generation   total 109248K, used 109248K [0x10c00000, 0x18c00000, 0x18c00000)
  eden space 87424K, 100% used [0x10c00000, 0x16160000, 0x16160000)
  from space 21824K, 100% used [0x16160000, 0x176b0000, 0x176b0000)
  to   space 21824K,   0% used [0x176b0000, 0x176b0000, 0x18c00000)
 concurrent mark-sweep generation total 393216K, used 8050K [0x18c00000, 0x30c00000, 0x30c00000)
 Metaspace       used 24466K, capacity 24676K, committed 24832K, reserved 24960K
2016-03-14T21:06:31.965-0400: 862.509: [GC (Allocation Failure) 862.509: [ParNew
Desired survivor size 20112996 bytes, new threshold 8 (max 8)
- age   1:    1634400 bytes,    1634400 total
- age   2:    1031240 bytes,    2665640 total
- age   3:    4830544 bytes,    7496184 total
- age   4:      88344 bytes,    7584528 total
- age   5:     869704 bytes,    8454232 total
- age   6:     499744 bytes,    8953976 total
- age   7:    8344864 bytes,   17298840 total
- age   8:        360 bytes,   17299200 total
: 109248K->21824K(109248K), 0.0755756 secs] 117298K->31722K(502464K), 0.0758287 secs] [Times: user=0.24 sys=0.02, real=0.08 secs] 
Heap after GC invocations=17 (full 1):
 par new generation   total 109248K, used 21824K [0x10c00000, 0x18c00000, 0x18c00000)
  eden space 87424K,   0% used [0x10c00000, 0x10c00000, 0x16160000)
  from space 21824K, 100% used [0x176b0000, 0x18c00000, 0x18c00000)
  to   space 21824K,   0% used [0x16160000, 0x16160000, 0x176b0000)
 concurrent mark-sweep generation total 393216K, used 9898K [0x18c00000, 0x30c00000, 0x30c00000)
 Metaspace       used 24466K, capacity 24676K, committed 24832K, reserved 24960K
}
2016-03-14T21:06:32.041-0400: 862.585: Total time for which application threads were stopped: 0.0764077 seconds
2016-03-14T21:06:33.042-0400: 863.585: Total time for which application threads were stopped: 0.0002361 seconds
2016-03-14T21:06:34.042-0400: 864.585: Total time for which application threads were stopped: 0.0003288 seconds
2016-03-14T21:06:34.861-0400: 865.404: Total time for which application threads were stopped: 0.0002440 seconds
2016-03-14T21:06:34.862-0400: 865.405: Total time for which application threads were stopped: 0.0001604 seconds
2016-03-14T21:06:34.862-0400: 865.405: Total time for which application threads were stopped: 0.0001600 seconds
2016-03-14T21:06:34.883-0400: 865.426: Total time for which application threads were stopped: 0.0005375 seconds
2016-03-14T21:06:34.886-0400: 865.429: Total time for which application threads were stopped: 0.0002942 seconds
2016-03-14T21:06:34.955-0400: 865.498: Total time for which application threads were stopped: 0.0004444 seconds
2016-03-14T21:06:34.956-0400: 865.499: Total time for which application threads were stopped: 0.0004592 seconds
2016-03-14T21:06:34.956-0400: 865.500: Total time for which application threads were stopped: 0.0002258 seconds
2016-03-14T21:06:34.957-0400: 865.500: Total time for which application threads were stopped: 0.0002836 seconds
2016-03-14T21:06:34.986-0400: 865.530: Total time for which application threads were stopped: 0.0004227 seconds
2016-03-14T21:06:35.431-0400: 865.974: Total time for which application threads were stopped: 0.0004923 seconds
2016-03-14T21:06:35.692-0400: 866.235: Total time for which application threads were stopped: 0.0013806 seconds
2016-03-14T21:06:36.356-0400: 866.899: Total time for which application threads were stopped: 0.0002524 seconds
2016-03-14T21:06:36.358-0400: 866.901: Total time for which application threads were stopped: 0.0002151 seconds
2016-03-14T21:06:36.360-0400: 866.903: Total time for which application threads were stopped: 0.0001999 seconds
2016-03-14T21:06:36.362-0400: 866.905: Total time for which application threads were stopped: 0.0002178 seconds
2016-03-14T21:06:36.364-0400: 866.907: Total time for which application threads were stopped: 0.0002182 seconds
{Heap before GC invocations=17 (full 1):
 par new generation   total 109248K, used 109248K [0x10c00000, 0x18c00000, 0x18c00000)
  eden space 87424K, 100% used [0x10c00000, 0x16160000, 0x16160000)
  from space 21824K, 100% used [0x176b0000, 0x18c00000, 0x18c00000)
  to   space 21824K,   0% used [0x16160000, 0x16160000, 0x176b0000)
 concurrent mark-sweep generation total 393216K, used 9898K [0x18c00000, 0x30c00000, 0x30c00000)
 Metaspace       used 24754K, capacity 24964K, committed 25088K, reserved 25984K
2016-03-14T21:06:36.564-0400: 867.107: [GC (Allocation Failure) 867.107: [ParNew
Desired survivor size 20112996 bytes, new threshold 8 (max 8)
- age   1:     846736 bytes,     846736 total
- age   2:      68952 bytes,     915688 total
- age   3:     104640 bytes,    1020328 total
- age   4:    4548736 bytes,    5569064 total
- age   5:      88344 bytes,    5657408 total
- age   6:     869704 bytes,    6527112 total
- age   7:     499744 bytes,    7026856 total
- age   8:    8344864 bytes,   15371720 total
: 109248K->21824K(109248K), 0.0371469 secs] 119146K->31722K(502464K), 0.0373138 secs] [Times: user=0.13 sys=0.00, real=0.04 secs] 
Heap after GC invocations=18 (full 1):
 par new generation   total 109248K, used 21824K [0x10c00000, 0x18c00000, 0x18c00000)
  eden space 87424K,   0% used [0x10c00000, 0x10c00000, 0x16160000)
  from space 21824K, 100% used [0x16160000, 0x176b0000, 0x176b0000)
  to   space 21824K,   0% used [0x176b0000, 0x176b0000, 0x18c00000)
 concurrent mark-sweep generation total 393216K, used 9898K [0x18c00000, 0x30c00000, 0x30c00000)
 Metaspace       used 24754K, capacity 24964K, committed 25088K, reserved 25984K
}
2016-03-14T21:06:36.601-0400: 867.144: Total time for which application threads were stopped: 0.0377901 seconds
2016-03-14T21:06:36.721-0400: 867.264: Total time for which application threads were stopped: 0.0001851 seconds
2016-03-14T21:06:37.721-0400: 868.265: Total time for which application threads were stopped: 0.0003277 seconds
2016-03-14T21:06:37.896-0400: 868.439: Total time for which application threads were stopped: 0.0003824 seconds
2016-03-14T21:06:38.897-0400: 869.440: Total time for which application threads were stopped: 0.0003223 seconds
2016-03-14T21:06:39.897-0400: 870.440: Total time for which application threads were stopped: 0.0002258 seconds
2016-03-14T21:06:40.476-0400: 871.019: Total time for which application threads were stopped: 0.0002456 seconds
2016-03-14T21:06:41.476-0400: 872.019: Total time for which application threads were stopped: 0.0003604 seconds
{Heap before GC invocations=18 (full 1):
 par new generation   total 109248K, used 109248K [0x10c00000, 0x18c00000, 0x18c00000)
  eden space 87424K, 100% used [0x10c00000, 0x16160000, 0x16160000)
  from space 21824K, 100% used [0x16160000, 0x176b0000, 0x176b0000)
  to   space 21824K,   0% used [0x176b0000, 0x176b0000, 0x18c00000)
 concurrent mark-sweep generation total 393216K, used 9898K [0x18c00000, 0x30c00000, 0x30c00000)
 Metaspace       used 24907K, capacity 25124K, committed 25216K, reserved 25984K
2016-03-14T21:06:41.636-0400: 872.179: [GC (Allocation Failure) 872.179: [ParNew
Desired survivor size 20112996 bytes, new threshold 8 (max 8)
- age   1:     957240 bytes,     957240 total
- age   2:     384824 bytes,    1342064 total
- age   3:      68952 bytes,    1411016 total
- age   4:     104448 bytes,    1515464 total
- age   5:    4548760 bytes,    6064224 total
- age   6:      88344 bytes,    6152568 total
- age   7:     869704 bytes,    7022272 total
- age   8:     499744 bytes,    7522016 total
: 109248K->10224K(109248K), 0.0691922 secs] 119146K->28982K(502464K), 0.0694013 secs] [Times: user=0.17 sys=0.02, real=0.07 secs] 
Heap after GC invocations=19 (full 1):
 par new generation   total 109248K, used 10224K [0x10c00000, 0x18c00000, 0x18c00000)
  eden space 87424K,   0% used [0x10c00000, 0x10c00000, 0x16160000)
  from space 21824K,  46% used [0x176b0000, 0x180ac110, 0x18c00000)
  to   space 21824K,   0% used [0x16160000, 0x16160000, 0x176b0000)
 concurrent mark-sweep generation total 393216K, used 18758K [0x18c00000, 0x30c00000, 0x30c00000)
 Metaspace       used 24907K, capacity 25124K, committed 25216K, reserved 25984K
}
2016-03-14T21:06:41.705-0400: 872.248: Total time for which application threads were stopped: 0.0700414 seconds
2016-03-14T21:06:41.708-0400: 872.251: Total time for which application threads were stopped: 0.0002509 seconds
2016-03-14T21:06:42.708-0400: 873.252: Total time for which application threads were stopped: 0.0002661 seconds
2016-03-14T21:06:43.493-0400: 874.037: Total time for which application threads were stopped: 0.0002501 seconds
2016-03-14T21:06:44.494-0400: 875.037: Total time for which application threads were stopped: 0.0004679 seconds
2016-03-14T21:06:45.494-0400: 876.038: Total time for which application threads were stopped: 0.0002201 seconds
2016-03-14T21:06:46.495-0400: 877.038: Total time for which application threads were stopped: 0.0002224 seconds
{Heap before GC invocations=19 (full 1):
 par new generation   total 109248K, used 97648K [0x10c00000, 0x18c00000, 0x18c00000)
  eden space 87424K, 100% used [0x10c00000, 0x16160000, 0x16160000)
  from space 21824K,  46% used [0x176b0000, 0x180ac110, 0x18c00000)
  to   space 21824K,   0% used [0x16160000, 0x16160000, 0x176b0000)
 concurrent mark-sweep generation total 393216K, used 18758K [0x18c00000, 0x30c00000, 0x30c00000)
 Metaspace       used 24934K, capacity 25124K, committed 25216K, reserved 25984K
2016-03-14T21:06:46.760-0400: 877.303: [GC (Allocation Failure) 877.303: [ParNew
Desired survivor size 20112996 bytes, new threshold 8 (max 8)
- age   1:    1262216 bytes,    1262216 total
- age   2:     440392 bytes,    1702608 total
- age   3:     384768 bytes,    2087376 total
- age   4:      68952 bytes,    2156328 total
- age   5:     104448 bytes,    2260776 total
- age   6:    4548560 bytes,    6809336 total
- age   7:      88344 bytes,    6897680 total
- age   8:     869704 bytes,    7767384 total
: 97648K->10794K(109248K), 0.0387970 secs] 116406K->30043K(502464K), 0.0390023 secs] [Times: user=0.09 sys=0.02, real=0.04 secs] 
Heap after GC invocations=20 (full 1):
 par new generation   total 109248K, used 10794K [0x10c00000, 0x18c00000, 0x18c00000)
  eden space 87424K,   0% used [0x10c00000, 0x10c00000, 0x16160000)
  from space 21824K,  49% used [0x16160000, 0x16bea890, 0x176b0000)
  to   space 21824K,   0% used [0x176b0000, 0x176b0000, 0x18c00000)
 concurrent mark-sweep generation total 393216K, used 19249K [0x18c00000, 0x30c00000, 0x30c00000)
 Metaspace       used 24934K, capacity 25124K, committed 25216K, reserved 25984K
}
2016-03-14T21:06:46.799-0400: 877.342: Total time for which application threads were stopped: 0.0395839 seconds
2016-03-14T21:06:47.800-0400: 878.343: Total time for which application threads were stopped: 0.0003828 seconds
2016-03-14T21:06:48.801-0400: 879.344: Total time for which application threads were stopped: 0.0002304 seconds
2016-03-14T21:06:49.801-0400: 880.344: Total time for which application threads were stopped: 0.0003702 seconds
2016-03-14T21:06:49.901-0400: 880.444: Total time for which application threads were stopped: 0.0003227 seconds
2016-03-14T21:06:49.906-0400: 880.449: Total time for which application threads were stopped: 0.0002566 seconds
2016-03-14T21:06:50.029-0400: 880.572: Total time for which application threads were stopped: 0.0015041 seconds
2016-03-14T21:06:50.030-0400: 880.573: Total time for which application threads were stopped: 0.0003531 seconds
2016-03-14T21:06:50.030-0400: 880.573: Total time for which application threads were stopped: 0.0003254 seconds
2016-03-14T21:06:50.455-0400: 880.998: Total time for which application threads were stopped: 0.0004683 seconds
2016-03-14T21:06:51.075-0400: 881.618: Total time for which application threads were stopped: 0.0008956 seconds
2016-03-14T21:06:51.077-0400: 881.620: Total time for which application threads were stopped: 0.0002410 seconds
2016-03-14T21:06:51.120-0400: 881.664: Total time for which application threads were stopped: 0.0003900 seconds
2016-03-14T21:06:51.297-0400: 881.840: Total time for which application threads were stopped: 0.0001950 seconds
{Heap before GC invocations=20 (full 1):
 par new generation   total 109248K, used 98218K [0x10c00000, 0x18c00000, 0x18c00000)
  eden space 87424K, 100% used [0x10c00000, 0x16160000, 0x16160000)
  from space 21824K,  49% used [0x16160000, 0x16bea890, 0x176b0000)
  to   space 21824K,   0% used [0x176b0000, 0x176b0000, 0x18c00000)
 concurrent mark-sweep generation total 393216K, used 19249K [0x18c00000, 0x30c00000, 0x30c00000)
 Metaspace       used 24948K, capacity 25188K, committed 25344K, reserved 25984K
2016-03-14T21:06:51.538-0400: 882.082: [GC (Allocation Failure) 882.082: [ParNew
Desired survivor size 20112996 bytes, new threshold 8 (max 8)
- age   1:    1202024 bytes,    1202024 total
- age   2:     217688 bytes,    1419712 total
- age   3:     149072 bytes,    1568784 total
- age   4:     219936 bytes,    1788720 total
- age   5:      68952 bytes,    1857672 total
- age   6:     104272 bytes,    1961944 total
- age   7:    4547816 bytes,    6509760 total
- age   8:      88344 bytes,    6598104 total
: 98218K->8811K(109248K), 0.0305986 secs] 117467K->28913K(502464K), 0.0308266 secs] [Times: user=0.13 sys=0.00, real=0.03 secs] 
Heap after GC invocations=21 (full 1):
 par new generation   total 109248K, used 8811K [0x10c00000, 0x18c00000, 0x18c00000)
  eden space 87424K,   0% used [0x10c00000, 0x10c00000, 0x16160000)
  from space 21824K,  40% used [0x176b0000, 0x17f4ace0, 0x18c00000)
  to   space 21824K,   0% used [0x16160000, 0x16160000, 0x176b0000)
 concurrent mark-sweep generation total 393216K, used 20102K [0x18c00000, 0x30c00000, 0x30c00000)
 Metaspace       used 24948K, capacity 25188K, committed 25344K, reserved 25984K
}
2016-03-14T21:06:51.569-0400: 882.113: Total time for which application threads were stopped: 0.0314246 seconds
2016-03-14T21:06:52.569-0400: 883.112: Total time for which application threads were stopped: 0.0002402 seconds
2016-03-14T21:06:53.569-0400: 884.112: Total time for which application threads were stopped: 0.0002216 seconds
2016-03-14T21:06:53.608-0400: 884.151: Total time for which application threads were stopped: 0.0002410 seconds
2016-03-14T21:06:54.272-0400: 884.815: Total time for which application threads were stopped: 0.0002699 seconds
2016-03-14T21:06:55.272-0400: 885.816: Total time for which application threads were stopped: 0.0003007 seconds
2016-03-14T21:06:56.273-0400: 886.816: Total time for which application threads were stopped: 0.0002182 seconds
{Heap before GC invocations=21 (full 1):
 par new generation   total 109248K, used 96235K [0x10c00000, 0x18c00000, 0x18c00000)
  eden space 87424K, 100% used [0x10c00000, 0x16160000, 0x16160000)
  from space 21824K,  40% used [0x176b0000, 0x17f4ace0, 0x18c00000)
  to   space 21824K,   0% used [0x16160000, 0x16160000, 0x176b0000)
 concurrent mark-sweep generation total 393216K, used 20102K [0x18c00000, 0x30c00000, 0x30c00000)
 Metaspace       used 24971K, capacity 25188K, committed 25344K, reserved 25984K
2016-03-14T21:06:56.383-0400: 886.926: [GC (Allocation Failure) 886.926: [ParNew
Desired survivor size 20112996 bytes, new threshold 8 (max 8)
- age   1:    1007704 bytes,    1007704 total
- age   2:     873184 bytes,    1880888 total
- age   3:     217688 bytes,    2098576 total
- age   4:     149016 bytes,    2247592 total
- age   5:     219544 bytes,    2467136 total
- age   6:      67976 bytes,    2535112 total
- age   7:     102496 bytes,    2637608 total
- age   8:    4543328 bytes,    7180936 total
: 96235K->8433K(109248K), 0.0348510 secs] 116337K->28622K(502464K), 0.0350927 secs] [Times: user=0.08 sys=0.00, real=0.04 secs] 
Heap after GC invocations=22 (full 1):
 par new generation   total 109248K, used 8433K [0x10c00000, 0x18c00000, 0x18c00000)
  eden space 87424K,   0% used [0x10c00000, 0x10c00000, 0x16160000)
  from space 21824K,  38% used [0x16160000, 0x1699c4d0, 0x176b0000)
  to   space 21824K,   0% used [0x176b0000, 0x176b0000, 0x18c00000)
 concurrent mark-sweep generation total 393216K, used 20188K [0x18c00000, 0x30c00000, 0x30c00000)
 Metaspace       used 24971K, capacity 25188K, committed 25344K, reserved 25984K
}
2016-03-14T21:06:56.418-0400: 886.961: Total time for which application threads were stopped: 0.0356682 seconds
2016-03-14T21:06:56.861-0400: 887.405: Total time for which application threads were stopped: 0.0002619 seconds
2016-03-14T21:06:57.164-0400: 887.707: Total time for which application threads were stopped: 0.0002482 seconds
2016-03-14T21:06:58.164-0400: 888.707: Total time for which application threads were stopped: 0.0002532 seconds
2016-03-14T21:06:59.164-0400: 889.707: Total time for which application threads were stopped: 0.0002589 seconds
2016-03-14T21:07:00.165-0400: 890.708: Total time for which application threads were stopped: 0.0002262 seconds
2016-03-14T21:07:00.826-0400: 891.369: Total time for which application threads were stopped: 0.0002577 seconds
{Heap before GC invocations=22 (full 1):
 par new generation   total 109248K, used 95857K [0x10c00000, 0x18c00000, 0x18c00000)
  eden space 87424K, 100% used [0x10c00000, 0x16160000, 0x16160000)
  from space 21824K,  38% used [0x16160000, 0x1699c4d0, 0x176b0000)
  to   space 21824K,   0% used [0x176b0000, 0x176b0000, 0x18c00000)
 concurrent mark-sweep generation total 393216K, used 20188K [0x18c00000, 0x30c00000, 0x30c00000)
 Metaspace       used 24986K, capacity 25220K, committed 25344K, reserved 25984K
2016-03-14T21:07:01.336-0400: 891.880: [GC (Allocation Failure) 891.880: [ParNew
Desired survivor size 20112996 bytes, new threshold 8 (max 8)
- age   1:    1003984 bytes,    1003984 total
- age   2:     558928 bytes,    1562912 total
- age   3:     872304 bytes,    2435216 total
- age   4:     215848 bytes,    2651064 total
- age   5:     146264 bytes,    2797328 total
- age   6:     217832 bytes,    3015160 total
- age   7:      65568 bytes,    3080728 total
- age   8:     101248 bytes,    3181976 total
: 95857K->7356K(109248K), 0.0522065 secs] 116046K->32036K(502464K), 0.0526182 secs] [Times: user=0.14 sys=0.00, real=0.05 secs] 
Heap after GC invocations=23 (full 1):
 par new generation   total 109248K, used 7356K [0x10c00000, 0x18c00000, 0x18c00000)
  eden space 87424K,   0% used [0x10c00000, 0x10c00000, 0x16160000)
  from space 21824K,  33% used [0x176b0000, 0x17ddf1f0, 0x18c00000)
  to   space 21824K,   0% used [0x16160000, 0x16160000, 0x176b0000)
 concurrent mark-sweep generation total 393216K, used 24679K [0x18c00000, 0x30c00000, 0x30c00000)
 Metaspace       used 24986K, capacity 25220K, committed 25344K, reserved 25984K
}
2016-03-14T21:07:01.390-0400: 891.933: Total time for which application threads were stopped: 0.0532184 seconds
2016-03-14T21:07:02.390-0400: 892.933: Total time for which application threads were stopped: 0.0003364 seconds
2016-03-14T21:07:03.009-0400: 893.553: Total time for which application threads were stopped: 0.0002630 seconds
2016-03-14T21:07:04.010-0400: 894.553: Total time for which application threads were stopped: 0.0002174 seconds
2016-03-14T21:07:04.957-0400: 895.501: Total time for which application threads were stopped: 0.0005280 seconds
2016-03-14T21:07:04.961-0400: 895.505: Total time for which application threads were stopped: 0.0002874 seconds
2016-03-14T21:07:05.059-0400: 895.603: Total time for which application threads were stopped: 0.0005128 seconds
2016-03-14T21:07:05.059-0400: 895.603: Total time for which application threads were stopped: 0.0002535 seconds
2016-03-14T21:07:05.060-0400: 895.604: Total time for which application threads were stopped: 0.0002942 seconds
2016-03-14T21:07:05.189-0400: 895.732: Total time for which application threads were stopped: 0.0002965 seconds
{Heap before GC invocations=23 (full 1):
 par new generation   total 109248K, used 94780K [0x10c00000, 0x18c00000, 0x18c00000)
  eden space 87424K, 100% used [0x10c00000, 0x16160000, 0x16160000)
  from space 21824K,  33% used [0x176b0000, 0x17ddf1f0, 0x18c00000)
  to   space 21824K,   0% used [0x16160000, 0x16160000, 0x176b0000)
 concurrent mark-sweep generation total 393216K, used 24679K [0x18c00000, 0x30c00000, 0x30c00000)
 Metaspace       used 25012K, capacity 25220K, committed 25344K, reserved 25984K
2016-03-14T21:07:05.913-0400: 896.456: [GC (Allocation Failure) 896.457: [ParNew
Desired survivor size 20112996 bytes, new threshold 8 (max 8)
- age   1:    1356704 bytes,    1356704 total
- age   2:     207112 bytes,    1563816 total
- age   3:     238096 bytes,    1801912 total
- age   4:     778464 bytes,    2580376 total
- age   5:     214320 bytes,    2794696 total
- age   6:     144784 bytes,    2939480 total
- age   7:     216776 bytes,    3156256 total
- age   8:      64704 bytes,    3220960 total
: 94780K->3874K(109248K), 0.0166694 secs] 119460K->28652K(502464K), 0.0170534 secs] [Times: user=0.06 sys=0.02, real=0.02 secs] 
Heap after GC invocations=24 (full 1):
 par new generation   total 109248K, used 3874K [0x10c00000, 0x18c00000, 0x18c00000)
  eden space 87424K,   0% used [0x10c00000, 0x10c00000, 0x16160000)
  from space 21824K,  17% used [0x16160000, 0x16528b40, 0x176b0000)
  to   space 21824K,   0% used [0x176b0000, 0x176b0000, 0x18c00000)
 concurrent mark-sweep generation total 393216K, used 24778K [0x18c00000, 0x30c00000, 0x30c00000)
 Metaspace       used 25012K, capacity 25220K, committed 25344K, reserved 25984K
}
2016-03-14T21:07:05.930-0400: 896.474: Total time for which application threads were stopped: 0.0177490 seconds
2016-03-14T21:07:06.020-0400: 896.564: Total time for which application threads were stopped: 0.0002817 seconds
2016-03-14T21:07:06.022-0400: 896.565: Total time for which application threads were stopped: 0.0001844 seconds
2016-03-14T21:07:06.064-0400: 896.608: Total time for which application threads were stopped: 0.0007055 seconds
2016-03-14T21:07:06.177-0400: 896.720: Total time for which application threads were stopped: 0.0002847 seconds
2016-03-14T21:07:06.250-0400: 896.794: Total time for which application threads were stopped: 0.0002494 seconds
2016-03-14T21:07:07.251-0400: 897.794: Total time for which application threads were stopped: 0.0004797 seconds
2016-03-14T21:07:08.252-0400: 898.795: Total time for which application threads were stopped: 0.0002319 seconds
2016-03-14T21:07:08.500-0400: 899.044: Total time for which application threads were stopped: 0.0002497 seconds
2016-03-14T21:07:09.501-0400: 900.045: Total time for which application threads were stopped: 0.0002752 seconds
2016-03-14T21:07:10.502-0400: 901.045: Total time for which application threads were stopped: 0.0002706 seconds
{Heap before GC invocations=24 (full 1):
 par new generation   total 109248K, used 91298K [0x10c00000, 0x18c00000, 0x18c00000)
  eden space 87424K, 100% used [0x10c00000, 0x16160000, 0x16160000)
  from space 21824K,  17% used [0x16160000, 0x16528b40, 0x176b0000)
  to   space 21824K,   0% used [0x176b0000, 0x176b0000, 0x18c00000)
 concurrent mark-sweep generation total 393216K, used 24778K [0x18c00000, 0x30c00000, 0x30c00000)
 Metaspace       used 25022K, capacity 25252K, committed 25344K, reserved 25984K
2016-03-14T21:07:10.624-0400: 901.168: [GC (Allocation Failure) 901.168: [ParNew
Desired survivor size 20112996 bytes, new threshold 8 (max 8)
- age   1:    1843384 bytes,    1843384 total
- age   2:     686272 bytes,    2529656 total
- age   3:     144328 bytes,    2673984 total
- age   4:     177584 bytes,    2851568 total
- age   5:     681960 bytes,    3533528 total
- age   6:     213888 bytes,    3747416 total
- age   7:     144480 bytes,    3891896 total
- age   8:     216360 bytes,    4108256 total
: 91298K->5494K(109248K), 0.0154454 secs] 116076K->30335K(502464K), 0.0156709 secs] [Times: user=0.02 sys=0.00, real=0.02 secs] 
Heap after GC invocations=25 (full 1):
 par new generation   total 109248K, used 5494K [0x10c00000, 0x18c00000, 0x18c00000)
  eden space 87424K,   0% used [0x10c00000, 0x10c00000, 0x16160000)
  from space 21824K,  25% used [0x176b0000, 0x17c0db80, 0x18c00000)
  to   space 21824K,   0% used [0x16160000, 0x16160000, 0x176b0000)
 concurrent mark-sweep generation total 393216K, used 24840K [0x18c00000, 0x30c00000, 0x30c00000)
 Metaspace       used 25022K, capacity 25252K, committed 25344K, reserved 25984K
}
2016-03-14T21:07:10.640-0400: 901.183: Total time for which application threads were stopped: 0.0162813 seconds
2016-03-14T21:07:11.242-0400: 901.786: Total time for which application threads were stopped: 0.0002642 seconds
2016-03-14T21:07:12.243-0400: 902.786: Total time for which application threads were stopped: 0.0002136 seconds
2016-03-14T21:07:12.253-0400: 902.796: Total time for which application threads were stopped: 0.0002456 seconds
2016-03-14T21:07:13.254-0400: 903.797: Total time for which application threads were stopped: 0.0002209 seconds
2016-03-14T21:07:13.653-0400: 904.197: Total time for which application threads were stopped: 0.0002722 seconds
2016-03-14T21:07:14.654-0400: 905.197: Total time for which application threads were stopped: 0.0003189 seconds
2016-03-14T21:07:14.841-0400: 905.384: Total time for which application threads were stopped: 0.0002486 seconds
{Heap before GC invocations=25 (full 1):
 par new generation   total 109248K, used 92918K [0x10c00000, 0x18c00000, 0x18c00000)
  eden space 87424K, 100% used [0x10c00000, 0x16160000, 0x16160000)
  from space 21824K,  25% used [0x176b0000, 0x17c0db80, 0x18c00000)
  to   space 21824K,   0% used [0x16160000, 0x16160000, 0x176b0000)
 concurrent mark-sweep generation total 393216K, used 24840K [0x18c00000, 0x30c00000, 0x30c00000)
 Metaspace       used 25022K, capacity 25252K, committed 25344K, reserved 25984K
2016-03-14T21:07:15.270-0400: 905.813: [GC (Allocation Failure) 905.813: [ParNew
Desired survivor size 20112996 bytes, new threshold 8 (max 8)
- age   1:    1290336 bytes,    1290336 total
- age   2:    1358200 bytes,    2648536 total
- age   3:     686016 bytes,    3334552 total
- age   4:     143960 bytes,    3478512 total
- age   5:     177264 bytes,    3655776 total
- age   6:     681760 bytes,    4337536 total
- age   7:     213664 bytes,    4551200 total
- age   8:     144352 bytes,    4695552 total
: 92918K->6127K(109248K), 0.0176608 secs] 117759K->31179K(502464K), 0.0181173 secs] [Times: user=0.05 sys=0.00, real=0.02 secs] 
Heap after GC invocations=26 (full 1):
 par new generation   total 109248K, used 6127K [0x10c00000, 0x18c00000, 0x18c00000)
  eden space 87424K,   0% used [0x10c00000, 0x10c00000, 0x16160000)
  from space 21824K,  28% used [0x16160000, 0x1675be98, 0x176b0000)
  to   space 21824K,   0% used [0x176b0000, 0x176b0000, 0x18c00000)
 concurrent mark-sweep generation total 393216K, used 25051K [0x18c00000, 0x30c00000, 0x30c00000)
 Metaspace       used 25022K, capacity 25252K, committed 25344K, reserved 25984K
}
2016-03-14T21:07:15.288-0400: 905.831: Total time for which application threads were stopped: 0.0186974 seconds
2016-03-14T21:07:15.460-0400: 906.003: Total time for which application threads were stopped: 0.0003280 seconds
2016-03-14T21:07:16.460-0400: 907.003: Total time for which application threads were stopped: 0.0002266 seconds
2016-03-14T21:07:17.461-0400: 908.004: Total time for which application threads were stopped: 0.0003128 seconds
2016-03-14T21:07:18.462-0400: 909.005: Total time for which application threads were stopped: 0.0002205 seconds
2016-03-14T21:07:19.034-0400: 909.578: Total time for which application threads were stopped: 0.0002456 seconds
{Heap before GC invocations=26 (full 1):
 par new generation   total 109248K, used 93551K [0x10c00000, 0x18c00000, 0x18c00000)
  eden space 87424K, 100% used [0x10c00000, 0x16160000, 0x16160000)
  from space 21824K,  28% used [0x16160000, 0x1675be98, 0x176b0000)
  to   space 21824K,   0% used [0x176b0000, 0x176b0000, 0x18c00000)
 concurrent mark-sweep generation total 393216K, used 25051K [0x18c00000, 0x30c00000, 0x30c00000)
 Metaspace       used 25024K, capacity 25252K, committed 25344K, reserved 25984K
2016-03-14T21:07:19.917-0400: 910.461: [GC (Allocation Failure) 910.461: [ParNew
Desired survivor size 20112996 bytes, new threshold 8 (max 8)
- age   1:    1964400 bytes,    1964400 total
- age   2:     677816 bytes,    2642216 total
- age   3:     995688 bytes,    3637904 total
- age   4:     685776 bytes,    4323680 total
- age   5:     143704 bytes,    4467384 total
- age   6:     177168 bytes,    4644552 total
- age   7:     680424 bytes,    5324976 total
- age   8:     213520 bytes,    5538496 total
: 93551K->7072K(109248K), 0.0169351 secs] 118603K->32264K(502464K), 0.0171777 secs] [Times: user=0.01 sys=0.00, real=0.02 secs] 
Heap after GC invocations=27 (full 1):
 par new generation   total 109248K, used 7072K [0x10c00000, 0x18c00000, 0x18c00000)
  eden space 87424K,   0% used [0x10c00000, 0x10c00000, 0x16160000)
  from space 21824K,  32% used [0x176b0000, 0x17d98028, 0x18c00000)
  to   space 21824K,   0% used [0x16160000, 0x16160000, 0x176b0000)
 concurrent mark-sweep generation total 393216K, used 25192K [0x18c00000, 0x30c00000, 0x30c00000)
 Metaspace       used 25024K, capacity 25252K, committed 25344K, reserved 25984K
}
2016-03-14T21:07:19.934-0400: 910.478: Total time for which application threads were stopped: 0.0177870 seconds
2016-03-14T21:07:19.970-0400: 910.513: Total time for which application threads were stopped: 0.0005474 seconds
2016-03-14T21:07:19.974-0400: 910.517: Total time for which application threads were stopped: 0.0005056 seconds
2016-03-14T21:07:20.028-0400: 910.571: Total time for which application threads were stopped: 0.0004132 seconds
2016-03-14T21:07:20.029-0400: 910.572: Total time for which application threads were stopped: 0.0002638 seconds
2016-03-14T21:07:20.029-0400: 910.572: Total time for which application threads were stopped: 0.0003562 seconds
2016-03-14T21:07:20.104-0400: 910.647: Total time for which application threads were stopped: 0.0003908 seconds
2016-03-14T21:07:21.105-0400: 911.648: Total time for which application threads were stopped: 0.0002091 seconds
2016-03-14T21:07:21.504-0400: 912.048: Total time for which application threads were stopped: 0.0002581 seconds
2016-03-14T21:07:21.547-0400: 912.090: Total time for which application threads were stopped: 0.0002881 seconds
2016-03-14T21:07:21.549-0400: 912.093: Total time for which application threads were stopped: 0.0002258 seconds
2016-03-14T21:07:21.608-0400: 912.151: Total time for which application threads were stopped: 0.0003231 seconds
2016-03-14T21:07:21.770-0400: 912.313: Total time for which application threads were stopped: 0.0003315 seconds
2016-03-14T21:07:21.828-0400: 912.371: Total time for which application threads were stopped: 0.0002440 seconds
2016-03-14T21:07:24.093-0400: 914.637: Total time for which application threads were stopped: 0.0003421 seconds
{Heap before GC invocations=27 (full 1):
 par new generation   total 109248K, used 94465K [0x10c00000, 0x18c00000, 0x18c00000)
  eden space 87424K,  99% used [0x10c00000, 0x16158420, 0x16160000)
  from space 21824K,  32% used [0x176b0000, 0x17d98028, 0x18c00000)
  to   space 21824K,   0% used [0x16160000, 0x16160000, 0x176b0000)
 concurrent mark-sweep generation total 393216K, used 25192K [0x18c00000, 0x30c00000, 0x30c00000)
 Metaspace       used 25038K, capacity 25284K, committed 25472K, reserved 25984K
2016-03-14T21:07:24.384-0400: 914.928: [GC (Allocation Failure) 914.928: [ParNew
Desired survivor size 20112996 bytes, new threshold 8 (max 8)
- age   1:    2662232 bytes,    2662232 total
- age   2:     324176 bytes,    2986408 total
- age   3:     196128 bytes,    3182536 total
- age   4:     360552 bytes,    3543088 total
- age   5:     674736 bytes,    4217824 total
- age   6:     143544 bytes,    4361368 total
- age   7:     177104 bytes,    4538472 total
- age   8:     679800 bytes,    5218272 total
: 94465K->6778K(109248K), 0.0167918 secs] 119657K->32179K(502464K), 0.0170203 secs] [Times: user=0.00 sys=0.00, real=0.02 secs] 
Heap after GC invocations=28 (full 1):
 par new generation   total 109248K, used 6778K [0x10c00000, 0x18c00000, 0x18c00000)
  eden space 87424K,   0% used [0x10c00000, 0x10c00000, 0x16160000)
  from space 21824K,  31% used [0x16160000, 0x167fe998, 0x176b0000)
  to   space 21824K,   0% used [0x176b0000, 0x176b0000, 0x18c00000)
 concurrent mark-sweep generation total 393216K, used 25401K [0x18c00000, 0x30c00000, 0x30c00000)
 Metaspace       used 25038K, capacity 25284K, committed 25472K, reserved 25984K
}
2016-03-14T21:07:24.402-0400: 914.945: Total time for which application threads were stopped: 0.0175867 seconds
2016-03-14T21:07:25.402-0400: 915.946: Total time for which application threads were stopped: 0.0002733 seconds
2016-03-14T21:07:25.913-0400: 916.456: Total time for which application threads were stopped: 0.0002596 seconds
2016-03-14T21:07:26.027-0400: 916.571: Total time for which application threads were stopped: 0.0002497 seconds
2016-03-14T21:07:26.225-0400: 916.768: Total time for which application threads were stopped: 0.0005166 seconds
2016-03-14T21:07:28.226-0400: 918.769: Total time for which application threads were stopped: 0.0002045 seconds
{Heap before GC invocations=28 (full 1):
 par new generation   total 109248K, used 94202K [0x10c00000, 0x18c00000, 0x18c00000)
  eden space 87424K, 100% used [0x10c00000, 0x16160000, 0x16160000)
  from space 21824K,  31% used [0x16160000, 0x167fe998, 0x176b0000)
  to   space 21824K,   0% used [0x176b0000, 0x176b0000, 0x18c00000)
 concurrent mark-sweep generation total 393216K, used 25401K [0x18c00000, 0x30c00000, 0x30c00000)
 Metaspace       used 25038K, capacity 25284K, committed 25472K, reserved 25984K
2016-03-14T21:07:28.983-0400: 919.527: [GC (Allocation Failure) 919.527: [ParNew
Desired survivor size 20112996 bytes, new threshold 8 (max 8)
- age   1:    1024072 bytes,    1024072 total
- age   2:    2167208 bytes,    3191280 total
- age   3:     323952 bytes,    3515232 total
- age   4:     195936 bytes,    3711168 total
- age   5:     360392 bytes,    4071560 total
- age   6:     674592 bytes,    4746152 total
- age   7:     143400 bytes,    4889552 total
- age   8:     176912 bytes,    5066464 total
: 94202K->6593K(109248K), 0.0174886 secs] 119603K->32658K(502464K), 0.0177243 secs] [Times: user=0.02 sys=0.00, real=0.02 secs] 
Heap after GC invocations=29 (full 1):
 par new generation   total 109248K, used 6593K [0x10c00000, 0x18c00000, 0x18c00000)
  eden space 87424K,   0% used [0x10c00000, 0x10c00000, 0x16160000)
  from space 21824K,  30% used [0x176b0000, 0x17d205e8, 0x18c00000)
  to   space 21824K,   0% used [0x16160000, 0x16160000, 0x176b0000)
 concurrent mark-sweep generation total 393216K, used 26064K [0x18c00000, 0x30c00000, 0x30c00000)
 Metaspace       used 25038K, capacity 25284K, committed 25472K, reserved 25984K
}
2016-03-14T21:07:29.001-0400: 919.545: Total time for which application threads were stopped: 0.0183176 seconds
2016-03-14T21:07:29.533-0400: 920.076: Total time for which application threads were stopped: 0.0002516 seconds
2016-03-14T21:07:30.533-0400: 921.076: Total time for which application threads were stopped: 0.0002209 seconds
2016-03-14T21:07:32.534-0400: 923.077: Total time for which application threads were stopped: 0.0002151 seconds
{Heap before GC invocations=29 (full 1):
 par new generation   total 109248K, used 94017K [0x10c00000, 0x18c00000, 0x18c00000)
  eden space 87424K, 100% used [0x10c00000, 0x16160000, 0x16160000)
  from space 21824K,  30% used [0x176b0000, 0x17d205e8, 0x18c00000)
  to   space 21824K,   0% used [0x16160000, 0x16160000, 0x176b0000)
 concurrent mark-sweep generation total 393216K, used 26064K [0x18c00000, 0x30c00000, 0x30c00000)
 Metaspace       used 25038K, capacity 25284K, committed 25472K, reserved 25984K
2016-03-14T21:07:33.653-0400: 924.197: [GC (Allocation Failure) 924.197: [ParNew
Desired survivor size 20112996 bytes, new threshold 8 (max 8)
- age   1:     995824 bytes,     995824 total
- age   2:     498616 bytes,    1494440 total
- age   3:    2167096 bytes,    3661536 total
- age   4:     323872 bytes,    3985408 total
- age   5:     195688 bytes,    4181096 total
- age   6:     360248 bytes,    4541344 total
- age   7:     674432 bytes,    5215776 total
- age   8:     143144 bytes,    5358920 total
: 94017K->6575K(109248K), 0.0177056 secs] 120082K->32812K(502464K), 0.0179516 secs] [Times: user=0.02 sys=0.00, real=0.02 secs] 
Heap after GC invocations=30 (full 1):
 par new generation   total 109248K, used 6575K [0x10c00000, 0x18c00000, 0x18c00000)
  eden space 87424K,   0% used [0x10c00000, 0x10c00000, 0x16160000)
  from space 21824K,  30% used [0x16160000, 0x167cbce0, 0x176b0000)
  to   space 21824K,   0% used [0x176b0000, 0x176b0000, 0x18c00000)
 concurrent mark-sweep generation total 393216K, used 26237K [0x18c00000, 0x30c00000, 0x30c00000)
 Metaspace       used 25038K, capacity 25284K, committed 25472K, reserved 25984K
}
2016-03-14T21:07:33.672-0400: 924.215: Total time for which application threads were stopped: 0.0185199 seconds
2016-03-14T21:07:34.672-0400: 925.215: Total time for which application threads were stopped: 0.0002710 seconds
2016-03-14T21:07:34.977-0400: 925.520: Total time for which application threads were stopped: 0.0003349 seconds
2016-03-14T21:07:34.981-0400: 925.525: Total time for which application threads were stopped: 0.0002889 seconds
2016-03-14T21:07:35.019-0400: 925.563: Total time for which application threads were stopped: 0.0004330 seconds
2016-03-14T21:07:35.023-0400: 925.567: Total time for which application threads were stopped: 0.0003497 seconds
2016-03-14T21:07:35.023-0400: 925.567: Total time for which application threads were stopped: 0.0002995 seconds
2016-03-14T21:07:35.955-0400: 926.498: Total time for which application threads were stopped: 0.0003182 seconds
2016-03-14T21:07:36.260-0400: 926.803: Total time for which application threads were stopped: 0.0002558 seconds
2016-03-14T21:07:36.262-0400: 926.805: Total time for which application threads were stopped: 0.0004204 seconds
2016-03-14T21:07:36.346-0400: 926.889: Total time for which application threads were stopped: 0.0020838 seconds
2016-03-14T21:07:36.347-0400: 926.890: Total time for which application threads were stopped: 0.0003231 seconds
2016-03-14T21:07:36.372-0400: 926.916: Total time for which application threads were stopped: 0.0003280 seconds
2016-03-14T21:07:36.373-0400: 926.916: Total time for which application threads were stopped: 0.0002486 seconds
2016-03-14T21:07:36.373-0400: 926.916: Total time for which application threads were stopped: 0.0002372 seconds
2016-03-14T21:07:36.374-0400: 926.917: Total time for which application threads were stopped: 0.0002627 seconds
2016-03-14T21:07:36.374-0400: 926.917: Total time for which application threads were stopped: 0.0002136 seconds
2016-03-14T21:07:36.374-0400: 926.917: Total time for which application threads were stopped: 0.0002589 seconds
2016-03-14T21:07:36.374-0400: 926.918: Total time for which application threads were stopped: 0.0002395 seconds
2016-03-14T21:07:36.375-0400: 926.918: Total time for which application threads were stopped: 0.0002630 seconds
2016-03-14T21:07:36.375-0400: 926.918: Total time for which application threads were stopped: 0.0002596 seconds
2016-03-14T21:07:36.376-0400: 926.919: Total time for which application threads were stopped: 0.0002976 seconds
2016-03-14T21:07:36.376-0400: 926.919: Total time for which application threads were stopped: 0.0002520 seconds
2016-03-14T21:07:36.405-0400: 926.949: Total time for which application threads were stopped: 0.0003486 seconds
2016-03-14T21:07:36.406-0400: 926.949: Total time for which application threads were stopped: 0.0001783 seconds
2016-03-14T21:07:36.840-0400: 927.384: Total time for which application threads were stopped: 0.0003592 seconds
2016-03-14T21:07:37.065-0400: 927.609: Total time for which application threads were stopped: 0.0002984 seconds
2016-03-14T21:07:37.066-0400: 927.609: Total time for which application threads were stopped: 0.0001688 seconds
2016-03-14T21:07:37.068-0400: 927.612: Total time for which application threads were stopped: 0.0002292 seconds
2016-03-14T21:07:37.068-0400: 927.612: Total time for which application threads were stopped: 0.0001501 seconds
2016-03-14T21:07:37.070-0400: 927.614: Total time for which application threads were stopped: 0.0001680 seconds
2016-03-14T21:07:37.070-0400: 927.614: Total time for which application threads were stopped: 0.0002060 seconds
2016-03-14T21:07:37.077-0400: 927.621: Total time for which application threads were stopped: 0.0002767 seconds
2016-03-14T21:07:37.079-0400: 927.623: Total time for which application threads were stopped: 0.0001806 seconds
2016-03-14T21:07:37.080-0400: 927.624: Total time for which application threads were stopped: 0.0001395 seconds
2016-03-14T21:07:37.081-0400: 927.625: Total time for which application threads were stopped: 0.0001498 seconds
2016-03-14T21:07:37.082-0400: 927.626: Total time for which application threads were stopped: 0.0001380 seconds
2016-03-14T21:07:37.082-0400: 927.626: Total time for which application threads were stopped: 0.0001452 seconds
2016-03-14T21:07:37.083-0400: 927.627: Total time for which application threads were stopped: 0.0001399 seconds
2016-03-14T21:07:37.083-0400: 927.627: Total time for which application threads were stopped: 0.0001463 seconds
2016-03-14T21:07:37.084-0400: 927.627: Total time for which application threads were stopped: 0.0001509 seconds
2016-03-14T21:07:37.084-0400: 927.628: Total time for which application threads were stopped: 0.0001410 seconds
2016-03-14T21:07:37.084-0400: 927.628: Total time for which application threads were stopped: 0.0001346 seconds
{Heap before GC invocations=30 (full 1):
 par new generation   total 109248K, used 93999K [0x10c00000, 0x18c00000, 0x18c00000)
  eden space 87424K, 100% used [0x10c00000, 0x16160000, 0x16160000)
  from space 21824K,  30% used [0x16160000, 0x167cbce0, 0x176b0000)
  to   space 21824K,   0% used [0x176b0000, 0x176b0000, 0x18c00000)
 concurrent mark-sweep generation total 393216K, used 26237K [0x18c00000, 0x30c00000, 0x30c00000)
 Metaspace       used 25152K, capacity 25380K, committed 25472K, reserved 25984K
2016-03-14T21:07:37.477-0400: 928.020: [GC (Allocation Failure) 928.020: [ParNew
Desired survivor size 20112996 bytes, new threshold 8 (max 8)
- age   1:    2156408 bytes,    2156408 total
- age   2:     123368 bytes,    2279776 total
- age   3:     157816 bytes,    2437592 total
- age   4:    1160384 bytes,    3597976 total
- age   5:     323792 bytes,    3921768 total
- age   6:     195600 bytes,    4117368 total
- age   7:     359576 bytes,    4476944 total
- age   8:     673696 bytes,    5150640 total
: 93999K->7742K(109248K), 0.0104187 secs] 120236K->34119K(502464K), 0.0105552 secs] [Times: user=0.00 sys=0.00, real=0.01 secs] 
Heap after GC invocations=31 (full 1):
 par new generation   total 109248K, used 7742K [0x10c00000, 0x18c00000, 0x18c00000)
  eden space 87424K,   0% used [0x10c00000, 0x10c00000, 0x16160000)
  from space 21824K,  35% used [0x176b0000, 0x17e3faa0, 0x18c00000)
  to   space 21824K,   0% used [0x16160000, 0x16160000, 0x176b0000)
 concurrent mark-sweep generation total 393216K, used 26377K [0x18c00000, 0x30c00000, 0x30c00000)
 Metaspace       used 25152K, capacity 25380K, committed 25472K, reserved 25984K
}
2016-03-14T21:07:37.488-0400: 928.031: Total time for which application threads were stopped: 0.0110144 seconds
2016-03-14T21:07:38.480-0400: 929.023: Total time for which application threads were stopped: 0.0002091 seconds
2016-03-14T21:07:38.480-0400: 929.023: Total time for which application threads were stopped: 0.0001220 seconds
2016-03-14T21:07:38.499-0400: 929.042: Total time for which application threads were stopped: 0.0012685 seconds
2016-03-14T21:07:38.499-0400: 929.043: Total time for which application threads were stopped: 0.0001372 seconds
2016-03-14T21:07:38.568-0400: 929.111: Total time for which application threads were stopped: 0.0002285 seconds
2016-03-14T21:07:40.569-0400: 931.113: Total time for which application threads were stopped: 0.0003056 seconds
{Heap before GC invocations=31 (full 1):
 par new generation   total 109248K, used 95166K [0x10c00000, 0x18c00000, 0x18c00000)
  eden space 87424K, 100% used [0x10c00000, 0x16160000, 0x16160000)
  from space 21824K,  35% used [0x176b0000, 0x17e3faa0, 0x18c00000)
  to   space 21824K,   0% used [0x16160000, 0x16160000, 0x176b0000)
 concurrent mark-sweep generation total 393216K, used 26377K [0x18c00000, 0x30c00000, 0x30c00000)
 Metaspace       used 25167K, capacity 25412K, committed 25600K, reserved 25984K
2016-03-14T21:07:40.655-0400: 931.198: [GC (Allocation Failure) 931.198: [ParNew
Desired survivor size 20112996 bytes, new threshold 8 (max 8)
- age   1:    1249192 bytes,    1249192 total
- age   2:     971248 bytes,    2220440 total
- age   3:     123224 bytes,    2343664 total
- age   4:     157752 bytes,    2501416 total
- age   5:    1159984 bytes,    3661400 total
- age   6:     323632 bytes,    3985032 total
- age   7:     195504 bytes,    4180536 total
- age   8:     359432 bytes,    4539968 total
: 95166K->5908K(109248K), 0.0173058 secs] 121543K->32943K(502464K), 0.0175597 secs] [Times: user=0.02 sys=0.00, real=0.02 secs] 
Heap after GC invocations=32 (full 1):
 par new generation   total 109248K, used 5908K [0x10c00000, 0x18c00000, 0x18c00000)
  eden space 87424K,   0% used [0x10c00000, 0x10c00000, 0x16160000)
  from space 21824K,  27% used [0x16160000, 0x167253a0, 0x176b0000)
  to   space 21824K,   0% used [0x176b0000, 0x176b0000, 0x18c00000)
 concurrent mark-sweep generation total 393216K, used 27035K [0x18c00000, 0x30c00000, 0x30c00000)
 Metaspace       used 25167K, capacity 25412K, committed 25600K, reserved 25984K
}
2016-03-14T21:07:40.672-0400: 931.216: Total time for which application threads were stopped: 0.0181264 seconds
2016-03-14T21:07:40.674-0400: 931.218: Total time for which application threads were stopped: 0.0005839 seconds
2016-03-14T21:07:43.677-0400: 934.220: Total time for which application threads were stopped: 0.0002292 seconds
2016-03-14T21:07:44.677-0400: 935.220: Total time for which application threads were stopped: 0.0002748 seconds
2016-03-14T21:07:45.677-0400: 936.220: Total time for which application threads were stopped: 0.0002110 seconds
{Heap before GC invocations=32 (full 1):
 par new generation   total 109248K, used 93332K [0x10c00000, 0x18c00000, 0x18c00000)
  eden space 87424K, 100% used [0x10c00000, 0x16160000, 0x16160000)
  from space 21824K,  27% used [0x16160000, 0x167253a0, 0x176b0000)
  to   space 21824K,   0% used [0x176b0000, 0x176b0000, 0x18c00000)
 concurrent mark-sweep generation total 393216K, used 27035K [0x18c00000, 0x30c00000, 0x30c00000)
 Metaspace       used 25167K, capacity 25412K, committed 25600K, reserved 25984K
2016-03-14T21:07:46.119-0400: 936.663: [GC (Allocation Failure) 936.663: [ParNew
Desired survivor size 20112996 bytes, new threshold 8 (max 8)
- age   1:     922384 bytes,     922384 total
- age   2:     854872 bytes,    1777256 total
- age   3:     970776 bytes,    2748032 total
- age   4:     123016 bytes,    2871048 total
- age   5:     157656 bytes,    3028704 total
- age   6:    1159872 bytes,    4188576 total
- age   7:     323376 bytes,    4511952 total
- age   8:     195408 bytes,    4707360 total
: 93332K->5795K(109248K), 0.0158332 secs] 120367K->33181K(502464K), 0.0160335 secs] [Times: user=0.00 sys=0.00, real=0.02 secs] 
Heap after GC invocations=33 (full 1):
 par new generation   total 109248K, used 5795K [0x10c00000, 0x18c00000, 0x18c00000)
  eden space 87424K,   0% used [0x10c00000, 0x10c00000, 0x16160000)
  from space 21824K,  26% used [0x176b0000, 0x17c58db0, 0x18c00000)
  to   space 21824K,   0% used [0x16160000, 0x16160000, 0x176b0000)
 concurrent mark-sweep generation total 393216K, used 27386K [0x18c00000, 0x30c00000, 0x30c00000)
 Metaspace       used 25167K, capacity 25412K, committed 25600K, reserved 25984K
}
2016-03-14T21:07:46.136-0400: 936.679: Total time for which application threads were stopped: 0.0167633 seconds
2016-03-14T21:07:47.136-0400: 937.679: Total time for which application threads were stopped: 0.0002619 seconds
2016-03-14T21:07:49.907-0400: 940.450: Total time for which application threads were stopped: 0.0002878 seconds
2016-03-14T21:07:49.997-0400: 940.540: Total time for which application threads were stopped: 0.0005151 seconds
2016-03-14T21:07:50.003-0400: 940.546: Total time for which application threads were stopped: 0.0002900 seconds
2016-03-14T21:07:50.040-0400: 940.583: Total time for which application threads were stopped: 0.0004854 seconds
2016-03-14T21:07:50.047-0400: 940.590: Total time for which application threads were stopped: 0.0003980 seconds
2016-03-14T21:07:50.048-0400: 940.591: Total time for which application threads were stopped: 0.0003413 seconds
2016-03-14T21:07:50.399-0400: 940.942: Total time for which application threads were stopped: 0.0004675 seconds
2016-03-14T21:07:50.841-0400: 941.384: Total time for which application threads were stopped: 0.0004193 seconds
2016-03-14T21:07:50.842-0400: 941.385: Total time for which application threads were stopped: 0.0003330 seconds
{Heap before GC invocations=33 (full 1):
 par new generation   total 109248K, used 93219K [0x10c00000, 0x18c00000, 0x18c00000)
  eden space 87424K, 100% used [0x10c00000, 0x16160000, 0x16160000)
  from space 21824K,  26% used [0x176b0000, 0x17c58db0, 0x18c00000)
  to   space 21824K,   0% used [0x16160000, 0x16160000, 0x176b0000)
 concurrent mark-sweep generation total 393216K, used 27386K [0x18c00000, 0x30c00000, 0x30c00000)
 Metaspace       used 25169K, capacity 25412K, committed 25600K, reserved 25984K
2016-03-14T21:07:50.859-0400: 941.402: [GC (Allocation Failure) 941.402: [ParNew
Desired survivor size 20112996 bytes, new threshold 8 (max 8)
- age   1:    1551568 bytes,    1551568 total
- age   2:     240840 bytes,    1792408 total
- age   3:     254400 bytes,    2046808 total
- age   4:     779576 bytes,    2826384 total
- age   5:     122936 bytes,    2949320 total
- age   6:     157544 bytes,    3106864 total
- age   7:    1159712 bytes,    4266576 total
- age   8:     322368 bytes,    4588944 total
: 93219K->6807K(109248K), 0.0185537 secs] 120605K->34384K(502464K), 0.0188095 secs] [Times: user=0.06 sys=0.00, real=0.02 secs] 
Heap after GC invocations=34 (full 1):
 par new generation   total 109248K, used 6807K [0x10c00000, 0x18c00000, 0x18c00000)
  eden space 87424K,   0% used [0x10c00000, 0x10c00000, 0x16160000)
  from space 21824K,  31% used [0x16160000, 0x16805ce8, 0x176b0000)
  to   space 21824K,   0% used [0x176b0000, 0x176b0000, 0x18c00000)
 concurrent mark-sweep generation total 393216K, used 27576K [0x18c00000, 0x30c00000, 0x30c00000)
 Metaspace       used 25169K, capacity 25412K, committed 25600K, reserved 25984K
}
2016-03-14T21:07:50.878-0400: 941.421: Total time for which application threads were stopped: 0.0195926 seconds
2016-03-14T21:07:51.010-0400: 941.553: Total time for which application threads were stopped: 0.0002684 seconds
2016-03-14T21:07:51.085-0400: 941.628: Total time for which application threads were stopped: 0.0003030 seconds
2016-03-14T21:07:52.373-0400: 942.916: Total time for which application threads were stopped: 0.0001828 seconds
2016-03-14T21:07:53.857-0400: 944.400: Total time for which application threads were stopped: 0.0002459 seconds
2016-03-14T21:07:55.590-0400: 946.133: Total time for which application threads were stopped: 0.0002486 seconds
{Heap before GC invocations=34 (full 1):
 par new generation   total 109248K, used 94231K [0x10c00000, 0x18c00000, 0x18c00000)
  eden space 87424K, 100% used [0x10c00000, 0x16160000, 0x16160000)
  from space 21824K,  31% used [0x16160000, 0x16805ce8, 0x176b0000)
  to   space 21824K,   0% used [0x176b0000, 0x176b0000, 0x18c00000)
 concurrent mark-sweep generation total 393216K, used 27576K [0x18c00000, 0x30c00000, 0x30c00000)
 Metaspace       used 25181K, capacity 25412K, committed 25600K, reserved 25984K
2016-03-14T21:07:55.695-0400: 946.239: [GC (Allocation Failure) 946.239: [ParNew
Desired survivor size 20112996 bytes, new threshold 8 (max 8)
- age   1:    1494600 bytes,    1494600 total
- age   2:     840112 bytes,    2334712 total
- age   3:     178200 bytes,    2512912 total
- age   4:     210848 bytes,    2723760 total
- age   5:     110848 bytes,    2834608 total
- age   6:      11416 bytes,    2846024 total
- age   7:      20168 bytes,    2866192 total
- age   8:     151104 bytes,    3017296 total
: 94231K->4249K(109248K), 0.0168059 secs] 121808K->32141K(502464K), 0.0170473 secs] [Times: user=0.00 sys=0.02, real=0.02 secs] 
Heap after GC invocations=35 (full 1):
 par new generation   total 109248K, used 4249K [0x10c00000, 0x18c00000, 0x18c00000)
  eden space 87424K,   0% used [0x10c00000, 0x10c00000, 0x16160000)
  from space 21824K,  19% used [0x176b0000, 0x17ad6690, 0x18c00000)
  to   space 21824K,   0% used [0x16160000, 0x16160000, 0x176b0000)
 concurrent mark-sweep generation total 393216K, used 27891K [0x18c00000, 0x30c00000, 0x30c00000)
 Metaspace       used 25181K, capacity 25412K, committed 25600K, reserved 25984K
}
2016-03-14T21:07:55.712-0400: 946.256: Total time for which application threads were stopped: 0.0176513 seconds
2016-03-14T21:07:57.713-0400: 948.256: Total time for which application threads were stopped: 0.0002041 seconds
2016-03-14T21:07:58.124-0400: 948.668: Total time for which application threads were stopped: 0.0002364 seconds
2016-03-14T21:07:59.016-0400: 949.560: Total time for which application threads were stopped: 0.0002433 seconds
2016-03-14T21:07:59.258-0400: 949.800: Total time for which application threads were stopped: 0.0002490 seconds
{Heap before GC invocations=35 (full 1):
 par new generation   total 109248K, used 91673K [0x10c00000, 0x18c00000, 0x18c00000)
  eden space 87424K, 100% used [0x10c00000, 0x16160000, 0x16160000)
  from space 21824K,  19% used [0x176b0000, 0x17ad6690, 0x18c00000)
  to   space 21824K,   0% used [0x16160000, 0x16160000, 0x176b0000)
 concurrent mark-sweep generation total 393216K, used 27891K [0x18c00000, 0x30c00000, 0x30c00000)
 Metaspace       used 25181K, capacity 25412K, committed 25600K, reserved 25984K
2016-03-14T21:08:00.895-0400: 951.439: [GC (Allocation Failure) 951.439: [ParNew
Desired survivor size 20112996 bytes, new threshold 8 (max 8)
- age   1:    1039624 bytes,    1039624 total
- age   2:    1029280 bytes,    2068904 total
- age   3:     839936 bytes,    2908840 total
- age   4:     178056 bytes,    3086896 total
- age   5:     210736 bytes,    3297632 total
- age   6:     110800 bytes,    3408432 total
- age   7:      11336 bytes,    3419768 total
- age   8:      20056 bytes,    3439824 total
: 91673K->4209K(109248K), 0.0161228 secs] 119565K->32184K(502464K), 0.0163440 secs] [Times: user=0.06 sys=0.00, real=0.02 secs] 
Heap after GC invocations=36 (full 1):
 par new generation   total 109248K, used 4209K [0x10c00000, 0x18c00000, 0x18c00000)
  eden space 87424K,   0% used [0x10c00000, 0x10c00000, 0x16160000)
  from space 21824K,  19% used [0x16160000, 0x1657c5b8, 0x176b0000)
  to   space 21824K,   0% used [0x176b0000, 0x176b0000, 0x18c00000)
 concurrent mark-sweep generation total 393216K, used 27974K [0x18c00000, 0x30c00000, 0x30c00000)
 Metaspace       used 25181K, capacity 25412K, committed 25600K, reserved 25984K
}
2016-03-14T21:08:00.912-0400: 951.456: Total time for which application threads were stopped: 0.0169024 seconds
2016-03-14T21:08:02.451-0400: 952.994: Total time for which application threads were stopped: 0.0002478 seconds
2016-03-14T21:08:03.196-0400: 953.739: Total time for which application threads were stopped: 0.0002581 seconds
2016-03-14T21:08:04.197-0400: 954.740: Total time for which application threads were stopped: 0.0001965 seconds
2016-03-14T21:08:04.374-0400: 954.917: Total time for which application threads were stopped: 0.0002482 seconds
2016-03-14T21:08:05.009-0400: 955.552: Total time for which application threads were stopped: 0.0003356 seconds
2016-03-14T21:08:05.024-0400: 955.568: Total time for which application threads were stopped: 0.0117689 seconds
2016-03-14T21:08:05.137-0400: 955.681: Total time for which application threads were stopped: 0.0004611 seconds
2016-03-14T21:08:05.138-0400: 955.681: Total time for which application threads were stopped: 0.0002897 seconds
2016-03-14T21:08:05.138-0400: 955.682: Total time for which application threads were stopped: 0.0003391 seconds
2016-03-14T21:08:05.403-0400: 955.946: Total time for which application threads were stopped: 0.0003394 seconds
{Heap before GC invocations=36 (full 1):
 par new generation   total 109248K, used 91633K [0x10c00000, 0x18c00000, 0x18c00000)
  eden space 87424K, 100% used [0x10c00000, 0x16160000, 0x16160000)
  from space 21824K,  19% used [0x16160000, 0x1657c5b8, 0x176b0000)
  to   space 21824K,   0% used [0x176b0000, 0x176b0000, 0x18c00000)
 concurrent mark-sweep generation total 393216K, used 27974K [0x18c00000, 0x30c00000, 0x30c00000)
 Metaspace       used 25181K, capacity 25412K, committed 25600K, reserved 25984K
2016-03-14T21:08:05.586-0400: 956.129: [GC (Allocation Failure) 956.129: [ParNew
Desired survivor size 20112996 bytes, new threshold 8 (max 8)
- age   1:    1311632 bytes,    1311632 total
- age   2:     264152 bytes,    1575784 total
- age   3:     369000 bytes,    1944784 total
- age   4:     703656 bytes,    2648440 total
- age   5:     177896 bytes,    2826336 total
- age   6:     210688 bytes,    3037024 total
- age   7:     110560 bytes,    3147584 total
- age   8:      11288 bytes,    3158872 total
: 91633K->4849K(109248K), 0.0159985 secs] 119608K->32843K(502464K), 0.0162178 secs] [Times: user=0.03 sys=0.03, real=0.02 secs] 
Heap after GC invocations=37 (full 1):
 par new generation   total 109248K, used 4849K [0x10c00000, 0x18c00000, 0x18c00000)
  eden space 87424K,   0% used [0x10c00000, 0x10c00000, 0x16160000)
  from space 21824K,  22% used [0x176b0000, 0x17b6c618, 0x18c00000)
  to   space 21824K,   0% used [0x16160000, 0x16160000, 0x176b0000)
 concurrent mark-sweep generation total 393216K, used 27994K [0x18c00000, 0x30c00000, 0x30c00000)
 Metaspace       used 25181K, capacity 25412K, committed 25600K, reserved 25984K
}
2016-03-14T21:08:05.603-0400: 956.146: Total time for which application threads were stopped: 0.0169621 seconds
2016-03-14T21:08:06.326-0400: 956.869: Total time for which application threads were stopped: 0.0002509 seconds
2016-03-14T21:08:06.327-0400: 956.870: Total time for which application threads were stopped: 0.0001942 seconds
2016-03-14T21:08:06.328-0400: 956.871: Total time for which application threads were stopped: 0.0001722 seconds
2016-03-14T21:08:06.357-0400: 956.900: Total time for which application threads were stopped: 0.0003763 seconds
2016-03-14T21:08:06.399-0400: 956.943: Total time for which application threads were stopped: 0.0002984 seconds
2016-03-14T21:08:09.346-0400: 959.889: Total time for which application threads were stopped: 0.0002368 seconds
{Heap before GC invocations=37 (full 1):
 par new generation   total 109248K, used 92273K [0x10c00000, 0x18c00000, 0x18c00000)
  eden space 87424K,  99% used [0x10c00000, 0x1615fee0, 0x16160000)
  from space 21824K,  22% used [0x176b0000, 0x17b6c618, 0x18c00000)
  to   space 21824K,   0% used [0x16160000, 0x16160000, 0x176b0000)
 concurrent mark-sweep generation total 393216K, used 27994K [0x18c00000, 0x30c00000, 0x30c00000)
 Metaspace       used 25183K, capacity 25412K, committed 25600K, reserved 25984K
2016-03-14T21:08:11.044-0400: 961.588: [GC (Allocation Failure) 961.588: [ParNew
Desired survivor size 20112996 bytes, new threshold 8 (max 8)
- age   1:    1467280 bytes,    1467280 total
- age   2:     764560 bytes,    2231840 total
- age   3:     204056 bytes,    2435896 total
- age   4:     300176 bytes,    2736072 total
- age   5:     694152 bytes,    3430224 total
- age   6:     177816 bytes,    3608040 total
- age   7:     210592 bytes,    3818632 total
- age   8:     110512 bytes,    3929144 total
: 92273K->4487K(109248K), 0.0170112 secs] 120267K->32493K(502464K), 0.0172221 secs] [Times: user=0.01 sys=0.00, real=0.02 secs] 
Heap after GC invocations=38 (full 1):
 par new generation   total 109248K, used 4487K [0x10c00000, 0x18c00000, 0x18c00000)
  eden space 87424K,   0% used [0x10c00000, 0x10c00000, 0x16160000)
  from space 21824K,  20% used [0x16160000, 0x165c1f90, 0x176b0000)
  to   space 21824K,   0% used [0x176b0000, 0x176b0000, 0x18c00000)
 concurrent mark-sweep generation total 393216K, used 28005K [0x18c00000, 0x30c00000, 0x30c00000)
 Metaspace       used 25183K, capacity 25412K, committed 25600K, reserved 25984K
}
2016-03-14T21:08:11.062-0400: 961.605: Total time for which application threads were stopped: 0.0177991 seconds
2016-03-14T21:08:12.407-0400: 962.950: Total time for which application threads were stopped: 0.0002467 seconds
2016-03-14T21:08:13.500-0400: 964.043: Total time for which application threads were stopped: 0.0003273 seconds
2016-03-14T21:08:13.821-0400: 964.364: Total time for which application threads were stopped: 0.0002452 seconds
2016-03-14T21:08:14.821-0400: 965.364: Total time for which application threads were stopped: 0.0002676 seconds
2016-03-14T21:08:15.035-0400: 965.578: Total time for which application threads were stopped: 0.0002444 seconds
2016-03-14T21:08:15.148-0400: 965.692: Total time for which application threads were stopped: 0.0002330 seconds
2016-03-14T21:08:15.798-0400: 966.341: Total time for which application threads were stopped: 0.0002524 seconds
2016-03-14T21:08:16.799-0400: 967.342: Total time for which application threads were stopped: 0.0002170 seconds
{Heap before GC invocations=38 (full 1):
 par new generation   total 109248K, used 91911K [0x10c00000, 0x18c00000, 0x18c00000)
  eden space 87424K, 100% used [0x10c00000, 0x16160000, 0x16160000)
  from space 21824K,  20% used [0x16160000, 0x165c1f90, 0x176b0000)
  to   space 21824K,   0% used [0x176b0000, 0x176b0000, 0x18c00000)
 concurrent mark-sweep generation total 393216K, used 28005K [0x18c00000, 0x30c00000, 0x30c00000)
 Metaspace       used 25183K, capacity 25412K, committed 25600K, reserved 25984K
2016-03-14T21:08:16.960-0400: 967.504: [GC (Allocation Failure) 967.504: [ParNew
Desired survivor size 20112996 bytes, new threshold 8 (max 8)
- age   1:     891536 bytes,     891536 total
- age   2:    1036600 bytes,    1928136 total
- age   3:     764480 bytes,    2692616 total
- age   4:     203912 bytes,    2896528 total
- age   5:     300064 bytes,    3196592 total
- age   6:     694040 bytes,    3890632 total
- age   7:     177688 bytes,    4068320 total
- age   8:     210576 bytes,    4278896 total
: 91911K->6343K(109248K), 0.0164113 secs] 119917K->34456K(502464K), 0.0166417 secs] [Times: user=0.00 sys=0.00, real=0.02 secs] 
Heap after GC invocations=39 (full 1):
 par new generation   total 109248K, used 6343K [0x10c00000, 0x18c00000, 0x18c00000)
  eden space 87424K,   0% used [0x10c00000, 0x10c00000, 0x16160000)
  from space 21824K,  29% used [0x176b0000, 0x17ce1f00, 0x18c00000)
  to   space 21824K,   0% used [0x16160000, 0x16160000, 0x176b0000)
 concurrent mark-sweep generation total 393216K, used 28113K [0x18c00000, 0x30c00000, 0x30c00000)
 Metaspace       used 25183K, capacity 25412K, committed 25600K, reserved 25984K
}
2016-03-14T21:08:16.977-0400: 967.521: Total time for which application threads were stopped: 0.0172031 seconds
2016-03-14T21:08:17.786-0400: 968.329: Total time for which application threads were stopped: 0.0002418 seconds
2016-03-14T21:08:19.788-0400: 970.331: Total time for which application threads were stopped: 0.0002079 seconds
2016-03-14T21:08:20.057-0400: 970.600: Total time for which application threads were stopped: 0.0003505 seconds
2016-03-14T21:08:20.079-0400: 970.622: Total time for which application threads were stopped: 0.0127774 seconds
2016-03-14T21:08:20.129-0400: 970.672: Total time for which application threads were stopped: 0.0004535 seconds
2016-03-14T21:08:20.129-0400: 970.673: Total time for which application threads were stopped: 0.0002995 seconds
2016-03-14T21:08:20.130-0400: 970.673: Total time for which application threads were stopped: 0.0002676 seconds
2016-03-14T21:08:20.560-0400: 971.103: Total time for which application threads were stopped: 0.0003957 seconds
2016-03-14T21:08:21.278-0400: 971.821: Total time for which application threads were stopped: 0.0002319 seconds
2016-03-14T21:08:21.279-0400: 971.822: Total time for which application threads were stopped: 0.0002463 seconds
2016-03-14T21:08:21.285-0400: 971.829: Total time for which application threads were stopped: 0.0003360 seconds
2016-03-14T21:08:21.305-0400: 971.849: Total time for which application threads were stopped: 0.0002923 seconds
2016-03-14T21:08:21.606-0400: 972.149: Total time for which application threads were stopped: 0.0002418 seconds
2016-03-14T21:08:21.913-0400: 972.456: Total time for which application threads were stopped: 0.0004284 seconds
{Heap before GC invocations=39 (full 1):
 par new generation   total 109248K, used 93767K [0x10c00000, 0x18c00000, 0x18c00000)
  eden space 87424K, 100% used [0x10c00000, 0x16160000, 0x16160000)
  from space 21824K,  29% used [0x176b0000, 0x17ce1f00, 0x18c00000)
  to   space 21824K,   0% used [0x16160000, 0x16160000, 0x176b0000)
 concurrent mark-sweep generation total 393216K, used 28113K [0x18c00000, 0x30c00000, 0x30c00000)
 Metaspace       used 25192K, capacity 25412K, committed 25600K, reserved 25984K
2016-03-14T21:08:22.306-0400: 972.849: [GC (Allocation Failure) 972.849: [ParNew
Desired survivor size 20112996 bytes, new threshold 8 (max 8)
- age   1:    1175136 bytes,    1175136 total
- age   2:     117416 bytes,    1292552 total
- age   3:     299648 bytes,    1592200 total
- age   4:     758256 bytes,    2350456 total
- age   5:     203784 bytes,    2554240 total
- age   6:     299760 bytes,    2854000 total
- age   7:     692952 bytes,    3546952 total
- age   8:     177592 bytes,    3724544 total
: 93767K->4594K(109248K), 0.0164166 secs] 121880K->32912K(502464K), 0.0166706 secs] [Times: user=0.03 sys=0.00, real=0.02 secs] 
Heap after GC invocations=40 (full 1):
 par new generation   total 109248K, used 4594K [0x10c00000, 0x18c00000, 0x18c00000)
  eden space 87424K,   0% used [0x10c00000, 0x10c00000, 0x16160000)
  from space 21824K,  21% used [0x16160000, 0x165dc840, 0x176b0000)
  to   space 21824K,   0% used [0x176b0000, 0x176b0000, 0x18c00000)
 concurrent mark-sweep generation total 393216K, used 28318K [0x18c00000, 0x30c00000, 0x30c00000)
 Metaspace       used 25192K, capacity 25412K, committed 25600K, reserved 25984K
}
2016-03-14T21:08:22.323-0400: 972.866: Total time for which application threads were stopped: 0.0173905 seconds
2016-03-14T21:08:24.494-0400: 975.038: Total time for which application threads were stopped: 0.0005037 seconds
{Heap before GC invocations=40 (full 1):
 par new generation   total 109248K, used 92018K [0x10c00000, 0x18c00000, 0x18c00000)
  eden space 87424K, 100% used [0x10c00000, 0x16160000, 0x16160000)
  from space 21824K,  21% used [0x16160000, 0x165dc840, 0x176b0000)
  to   space 21824K,   0% used [0x176b0000, 0x176b0000, 0x18c00000)
 concurrent mark-sweep generation total 393216K, used 28318K [0x18c00000, 0x30c00000, 0x30c00000)
 Metaspace       used 25192K, capacity 25412K, committed 25600K, reserved 25984K
2016-03-14T21:08:27.816-0400: 978.360: [GC (Allocation Failure) 978.360: [ParNew
Desired survivor size 20112996 bytes, new threshold 8 (max 8)
- age   1:     869320 bytes,     869320 total
- age   2:     816056 bytes,    1685376 total
- age   3:     117352 bytes,    1802728 total
- age   4:     299552 bytes,    2102280 total
- age   5:     758160 bytes,    2860440 total
- age   6:     203656 bytes,    3064096 total
- age   7:     299728 bytes,    3363824 total
- age   8:     692872 bytes,    4056696 total
: 92018K->6374K(109248K), 0.0155956 secs] 120336K->34866K(502464K), 0.0158183 secs] [Times: user=0.05 sys=0.00, real=0.02 secs] 
Heap after GC invocations=41 (full 1):
 par new generation   total 109248K, used 6374K [0x10c00000, 0x18c00000, 0x18c00000)
  eden space 87424K,   0% used [0x10c00000, 0x10c00000, 0x16160000)
  from space 21824K,  29% used [0x176b0000, 0x17ce9ac0, 0x18c00000)
  to   space 21824K,   0% used [0x16160000, 0x16160000, 0x176b0000)
 concurrent mark-sweep generation total 393216K, used 28492K [0x18c00000, 0x30c00000, 0x30c00000)
 Metaspace       used 25192K, capacity 25412K, committed 25600K, reserved 25984K
}
2016-03-14T21:08:27.832-0400: 978.376: Total time for which application threads were stopped: 0.0165444 seconds
2016-03-14T21:08:30.941-0400: 981.485: Total time for which application threads were stopped: 0.0002478 seconds
2016-03-14T21:08:31.943-0400: 982.486: Total time for which application threads were stopped: 0.0002760 seconds
2016-03-14T21:08:32.943-0400: 983.486: Total time for which application threads were stopped: 0.0001992 seconds
{Heap before GC invocations=41 (full 1):
 par new generation   total 109248K, used 93798K [0x10c00000, 0x18c00000, 0x18c00000)
  eden space 87424K, 100% used [0x10c00000, 0x16160000, 0x16160000)
  from space 21824K,  29% used [0x176b0000, 0x17ce9ac0, 0x18c00000)
  to   space 21824K,   0% used [0x16160000, 0x16160000, 0x176b0000)
 concurrent mark-sweep generation total 393216K, used 28492K [0x18c00000, 0x30c00000, 0x30c00000)
 Metaspace       used 25192K, capacity 25412K, committed 25600K, reserved 25984K
2016-03-14T21:08:32.959-0400: 983.502: [GC (Allocation Failure) 983.502: [ParNew
Desired survivor size 20112996 bytes, new threshold 8 (max 8)
- age   1:    1357136 bytes,    1357136 total
- age   2:     361216 bytes,    1718352 total
- age   3:     814224 bytes,    2532576 total
- age   4:     117256 bytes,    2649832 total
- age   5:     299456 bytes,    2949288 total
- age   6:     758128 bytes,    3707416 total
- age   7:     203624 bytes,    3911040 total
- age   8:     299648 bytes,    4210688 total
: 93798K->4914K(109248K), 0.0184108 secs] 122290K->34083K(502464K), 0.0186411 secs] [Times: user=0.06 sys=0.00, real=0.02 secs] 
Heap after GC invocations=42 (full 1):
 par new generation   total 109248K, used 4914K [0x10c00000, 0x18c00000, 0x18c00000)
  eden space 87424K,   0% used [0x10c00000, 0x10c00000, 0x16160000)
  from space 21824K,  22% used [0x16160000, 0x1662cb68, 0x176b0000)
  to   space 21824K,   0% used [0x176b0000, 0x176b0000, 0x18c00000)
 concurrent mark-sweep generation total 393216K, used 29168K [0x18c00000, 0x30c00000, 0x30c00000)
 Metaspace       used 25192K, capacity 25412K, committed 25600K, reserved 25984K
}
2016-03-14T21:08:32.977-0400: 983.521: Total time for which application threads were stopped: 0.0192022 seconds
2016-03-14T21:08:35.072-0400: 985.615: Total time for which application threads were stopped: 0.0003509 seconds
2016-03-14T21:08:35.154-0400: 985.697: Total time for which application threads were stopped: 0.0004961 seconds
2016-03-14T21:08:35.154-0400: 985.698: Total time for which application threads were stopped: 0.0003136 seconds
2016-03-14T21:08:35.155-0400: 985.698: Total time for which application threads were stopped: 0.0002722 seconds
2016-03-14T21:08:35.427-0400: 985.970: Total time for which application threads were stopped: 0.0003915 seconds
2016-03-14T21:08:36.206-0400: 986.749: Total time for which application threads were stopped: 0.0002053 seconds
2016-03-14T21:08:36.207-0400: 986.750: Total time for which application threads were stopped: 0.0002919 seconds
2016-03-14T21:08:36.213-0400: 986.756: Total time for which application threads were stopped: 0.0002980 seconds
2016-03-14T21:08:36.241-0400: 986.785: Total time for which application threads were stopped: 0.0004067 seconds
2016-03-14T21:08:37.084-0400: 987.627: Total time for which application threads were stopped: 0.0002824 seconds
2016-03-14T21:08:37.244-0400: 987.787: Total time for which application threads were stopped: 0.0002391 seconds
{Heap before GC invocations=42 (full 1):
 par new generation   total 109248K, used 92338K [0x10c00000, 0x18c00000, 0x18c00000)
  eden space 87424K, 100% used [0x10c00000, 0x16160000, 0x16160000)
  from space 21824K,  22% used [0x16160000, 0x1662cb68, 0x176b0000)
  to   space 21824K,   0% used [0x176b0000, 0x176b0000, 0x18c00000)
 concurrent mark-sweep generation total 393216K, used 29168K [0x18c00000, 0x30c00000, 0x30c00000)
 Metaspace       used 25193K, capacity 25412K, committed 25600K, reserved 25984K
2016-03-14T21:08:37.555-0400: 988.098: [GC (Allocation Failure) 988.098: [ParNew
Desired survivor size 20112996 bytes, new threshold 8 (max 8)
- age   1:    1125256 bytes,    1125256 total
- age   2:     202472 bytes,    1327728 total
- age   3:     111248 bytes,    1438976 total
- age   4:     575824 bytes,    2014800 total
- age   5:     117160 bytes,    2131960 total
- age   6:     298584 bytes,    2430544 total
- age   7:     823600 bytes,    3254144 total
- age   8:     203576 bytes,    3457720 total
: 92338K->5296K(109248K), 0.0172856 secs] 121507K->34757K(502464K), 0.0175160 secs] [Times: user=0.06 sys=0.00, real=0.02 secs] 
Heap after GC invocations=43 (full 1):
 par new generation   total 109248K, used 5296K [0x10c00000, 0x18c00000, 0x18c00000)
  eden space 87424K,   0% used [0x10c00000, 0x10c00000, 0x16160000)
  from space 21824K,  24% used [0x176b0000, 0x17bdc0e0, 0x18c00000)
  to   space 21824K,   0% used [0x16160000, 0x16160000, 0x176b0000)
 concurrent mark-sweep generation total 393216K, used 29461K [0x18c00000, 0x30c00000, 0x30c00000)
 Metaspace       used 25193K, capacity 25412K, committed 25600K, reserved 25984K
}
2016-03-14T21:08:37.572-0400: 988.116: Total time for which application threads were stopped: 0.0182032 seconds
2016-03-14T21:08:40.573-0400: 991.116: Total time for which application threads were stopped: 0.0002037 seconds
{Heap before GC invocations=43 (full 1):
 par new generation   total 109248K, used 92715K [0x10c00000, 0x18c00000, 0x18c00000)
  eden space 87424K,  99% used [0x10c00000, 0x1615ebd0, 0x16160000)
  from space 21824K,  24% used [0x176b0000, 0x17bdc0e0, 0x18c00000)
  to   space 21824K,   0% used [0x16160000, 0x16160000, 0x176b0000)
 concurrent mark-sweep generation total 393216K, used 29461K [0x18c00000, 0x30c00000, 0x30c00000)
 Metaspace       used 25193K, capacity 25412K, committed 25600K, reserved 25984K
2016-03-14T21:08:42.080-0400: 992.623: [GC (Allocation Failure) 992.623: [ParNew
Desired survivor size 20112996 bytes, new threshold 8 (max 8)
- age   1:     670080 bytes,     670080 total
- age   2:     802448 bytes,    1472528 total
- age   3:     202248 bytes,    1674776 total
- age   4:     111136 bytes,    1785912 total
- age   5:     641328 bytes,    2427240 total
- age   6:     117048 bytes,    2544288 total
- age   7:     298488 bytes,    2842776 total
- age   8:     823520 bytes,    3666296 total
: 92715K->4277K(109248K), 0.0140652 secs] 122176K->33937K(502464K), 0.0142716 secs] [Times: user=0.06 sys=0.00, real=0.01 secs] 
Heap after GC invocations=44 (full 1):
 par new generation   total 109248K, used 4277K [0x10c00000, 0x18c00000, 0x18c00000)
  eden space 87424K,   0% used [0x10c00000, 0x10c00000, 0x16160000)
  from space 21824K,  19% used [0x16160000, 0x1658d4c0, 0x176b0000)
  to   space 21824K,   0% used [0x176b0000, 0x176b0000, 0x18c00000)
 concurrent mark-sweep generation total 393216K, used 29660K [0x18c00000, 0x30c00000, 0x30c00000)
 Metaspace       used 25193K, capacity 25412K, committed 25600K, reserved 25984K
}
2016-03-14T21:08:42.094-0400: 992.637: Total time for which application threads were stopped: 0.0149349 seconds
2016-03-14T21:08:46.980-0400: 997.524: Total time for which application threads were stopped: 0.0002437 seconds
{Heap before GC invocations=44 (full 1):
 par new generation   total 109248K, used 91701K [0x10c00000, 0x18c00000, 0x18c00000)
  eden space 87424K, 100% used [0x10c00000, 0x16160000, 0x16160000)
  from space 21824K,  19% used [0x16160000, 0x1658d4c0, 0x176b0000)
  to   space 21824K,   0% used [0x176b0000, 0x176b0000, 0x18c00000)
 concurrent mark-sweep generation total 393216K, used 29660K [0x18c00000, 0x30c00000, 0x30c00000)
 Metaspace       used 25193K, capacity 25412K, committed 25600K, reserved 25984K
2016-03-14T21:08:47.457-0400: 998.000: [GC (Allocation Failure) 998.000: [ParNew
Desired survivor size 20112996 bytes, new threshold 8 (max 8)
- age   1:    1240744 bytes,    1240744 total
- age   2:     215568 bytes,    1456312 total
- age   3:     802296 bytes,    2258608 total
- age   4:     202200 bytes,    2460808 total
- age   5:     111040 bytes,    2571848 total
- age   6:     575680 bytes,    3147528 total
- age   7:     116984 bytes,    3264512 total
- age   8:     298456 bytes,    3562968 total
: 91701K->5279K(109248K), 0.0170727 secs] 121361K->35680K(502464K), 0.0173107 secs] [Times: user=0.06 sys=0.00, real=0.02 secs] 
Heap after GC invocations=45 (full 1):
 par new generation   total 109248K, used 5279K [0x10c00000, 0x18c00000, 0x18c00000)
  eden space 87424K,   0% used [0x10c00000, 0x10c00000, 0x16160000)
  from space 21824K,  24% used [0x176b0000, 0x17bd7ec8, 0x18c00000)
  to   space 21824K,   0% used [0x16160000, 0x16160000, 0x176b0000)
 concurrent mark-sweep generation total 393216K, used 30400K [0x18c00000, 0x30c00000, 0x30c00000)
 Metaspace       used 25193K, capacity 25412K, committed 25600K, reserved 25984K
}
2016-03-14T21:08:47.474-0400: 998.018: Total time for which application threads were stopped: 0.0178915 seconds
2016-03-14T21:08:48.389-0400: 998.933: Total time for which application threads were stopped: 0.0002532 seconds
2016-03-14T21:08:48.759-0400: 999.302: Total time for which application threads were stopped: 0.0002486 seconds
2016-03-14T21:08:49.064-0400: 999.607: Total time for which application threads were stopped: 0.0002440 seconds
2016-03-14T21:08:50.105-0400: 1000.648: Total time for which application threads were stopped: 0.0002037 seconds
2016-03-14T21:08:50.109-0400: 1000.653: Total time for which application threads were stopped: 0.0001707 seconds
2016-03-14T21:08:50.164-0400: 1000.708: Total time for which application threads were stopped: 0.0003987 seconds
2016-03-14T21:08:50.165-0400: 1000.708: Total time for which application threads were stopped: 0.0003623 seconds
2016-03-14T21:08:50.165-0400: 1000.709: Total time for which application threads were stopped: 0.0003140 seconds
2016-03-14T21:08:50.220-0400: 1000.764: Total time for which application threads were stopped: 0.0003919 seconds
2016-03-14T21:08:50.220-0400: 1000.764: Total time for which application threads were stopped: 0.0002634 seconds
2016-03-14T21:08:50.267-0400: 1000.811: Total time for which application threads were stopped: 0.0005656 seconds
2016-03-14T21:08:50.268-0400: 1000.811: Total time for which application threads were stopped: 0.0002319 seconds
2016-03-14T21:08:50.268-0400: 1000.811: Total time for which application threads were stopped: 0.0002342 seconds
2016-03-14T21:08:50.269-0400: 1000.812: Total time for which application threads were stopped: 0.0001931 seconds
2016-03-14T21:08:50.269-0400: 1000.812: Total time for which application threads were stopped: 0.0002509 seconds
2016-03-14T21:08:50.269-0400: 1000.812: Total time for which application threads were stopped: 0.0002342 seconds
2016-03-14T21:08:50.270-0400: 1000.813: Total time for which application threads were stopped: 0.0002505 seconds
2016-03-14T21:08:50.270-0400: 1000.813: Total time for which application threads were stopped: 0.0002273 seconds
2016-03-14T21:08:50.270-0400: 1000.814: Total time for which application threads were stopped: 0.0003250 seconds
2016-03-14T21:08:50.271-0400: 1000.814: Total time for which application threads were stopped: 0.0003881 seconds
2016-03-14T21:08:50.279-0400: 1000.822: Total time for which application threads were stopped: 0.0003455 seconds
2016-03-14T21:08:50.280-0400: 1000.823: Total time for which application threads were stopped: 0.0002931 seconds
2016-03-14T21:08:50.465-0400: 1001.009: Total time for which application threads were stopped: 0.0004352 seconds
2016-03-14T21:08:50.927-0400: 1001.471: Total time for which application threads were stopped: 0.0003155 seconds
2016-03-14T21:08:50.927-0400: 1001.471: Total time for which application threads were stopped: 0.0004763 seconds
2016-03-14T21:08:50.936-0400: 1001.479: Total time for which application threads were stopped: 0.0002117 seconds
2016-03-14T21:08:50.946-0400: 1001.490: Total time for which application threads were stopped: 0.0003018 seconds
2016-03-14T21:08:50.981-0400: 1001.525: Total time for which application threads were stopped: 0.0003106 seconds
2016-03-14T21:08:50.981-0400: 1001.525: Total time for which application threads were stopped: 0.0001771 seconds
2016-03-14T21:08:50.982-0400: 1001.526: Total time for which application threads were stopped: 0.0002159 seconds
2016-03-14T21:08:50.984-0400: 1001.527: Total time for which application threads were stopped: 0.0002820 seconds
2016-03-14T21:08:50.984-0400: 1001.528: Total time for which application threads were stopped: 0.0002281 seconds
2016-03-14T21:08:50.985-0400: 1001.529: Total time for which application threads were stopped: 0.0003140 seconds
{Heap before GC invocations=45 (full 1):
 par new generation   total 109248K, used 92703K [0x10c00000, 0x18c00000, 0x18c00000)
  eden space 87424K, 100% used [0x10c00000, 0x16160000, 0x16160000)
  from space 21824K,  24% used [0x176b0000, 0x17bd7ec8, 0x18c00000)
  to   space 21824K,   0% used [0x16160000, 0x16160000, 0x176b0000)
 concurrent mark-sweep generation total 393216K, used 30400K [0x18c00000, 0x30c00000, 0x30c00000)
 Metaspace       used 25200K, capacity 25412K, committed 25600K, reserved 25984K
2016-03-14T21:08:51.438-0400: 1001.981: [GC (Allocation Failure) 1001.981: [ParNew
Desired survivor size 20112996 bytes, new threshold 8 (max 8)
- age   1:    1595888 bytes,    1595888 total
- age   2:     273048 bytes,    1868936 total
- age   3:     100848 bytes,    1969784 total
- age   4:     641248 bytes,    2611032 total
- age   5:     202120 bytes,    2813152 total
- age   6:     110960 bytes,    2924112 total
- age   7:     574528 bytes,    3498640 total
- age   8:     116952 bytes,    3615592 total
: 92703K->4529K(109248K), 0.0121745 secs] 123104K->35220K(502464K), 0.0123269 secs] [Times: user=0.01 sys=0.00, real=0.01 secs] 
Heap after GC invocations=46 (full 1):
 par new generation   total 109248K, used 4529K [0x10c00000, 0x18c00000, 0x18c00000)
  eden space 87424K,   0% used [0x10c00000, 0x10c00000, 0x16160000)
  from space 21824K,  20% used [0x16160000, 0x165cc420, 0x176b0000)
  to   space 21824K,   0% used [0x176b0000, 0x176b0000, 0x18c00000)
 concurrent mark-sweep generation total 393216K, used 30691K [0x18c00000, 0x30c00000, 0x30c00000)
 Metaspace       used 25200K, capacity 25412K, committed 25600K, reserved 25984K
}
2016-03-14T21:08:51.450-0400: 1001.994: Total time for which application threads were stopped: 0.0127812 seconds
2016-03-14T21:08:52.130-0400: 1002.673: Total time for which application threads were stopped: 0.0002513 seconds
2016-03-14T21:08:52.455-0400: 1002.998: Total time for which application threads were stopped: 0.0001665 seconds
2016-03-14T21:08:52.479-0400: 1003.022: Total time for which application threads were stopped: 0.0002326 seconds
2016-03-14T21:08:52.479-0400: 1003.022: Total time for which application threads were stopped: 0.0001999 seconds
2016-03-14T21:08:52.479-0400: 1003.022: Total time for which application threads were stopped: 0.0001695 seconds
2016-03-14T21:08:52.480-0400: 1003.023: Total time for which application threads were stopped: 0.0001954 seconds
2016-03-14T21:08:52.481-0400: 1003.024: Total time for which application threads were stopped: 0.0002611 seconds
2016-03-14T21:08:52.880-0400: 1003.423: Total time for which application threads were stopped: 0.0002862 seconds
2016-03-14T21:08:53.071-0400: 1003.614: Total time for which application threads were stopped: 0.0002528 seconds
2016-03-14T21:08:53.411-0400: 1003.954: Total time for which application threads were stopped: 0.0002581 seconds
2016-03-14T21:08:53.715-0400: 1004.259: Total time for which application threads were stopped: 0.0002391 seconds
2016-03-14T21:08:54.737-0400: 1005.281: Total time for which application threads were stopped: 0.0002475 seconds
{Heap before GC invocations=46 (full 1):
 par new generation   total 109248K, used 91953K [0x10c00000, 0x18c00000, 0x18c00000)
  eden space 87424K, 100% used [0x10c00000, 0x16160000, 0x16160000)
  from space 21824K,  20% used [0x16160000, 0x165cc420, 0x176b0000)
  to   space 21824K,   0% used [0x176b0000, 0x176b0000, 0x18c00000)
 concurrent mark-sweep generation total 393216K, used 30691K [0x18c00000, 0x30c00000, 0x30c00000)
 Metaspace       used 25203K, capacity 25412K, committed 25600K, reserved 25984K
2016-03-14T21:08:55.486-0400: 1006.030: [GC (Allocation Failure) 1006.030: [ParNew
Desired survivor size 20112996 bytes, new threshold 8 (max 8)
- age   1:     926240 bytes,     926240 total
- age   2:     124208 bytes,    1050448 total
- age   3:      10576 bytes,    1061024 total
- age   4:      10240 bytes,    1071264 total
- age   5:      99896 bytes,    1171160 total
- age   6:      10272 bytes,    1181432 total
- age   7:      10032 bytes,    1191464 total
- age   8:     145408 bytes,    1336872 total
: 91953K->3758K(109248K), 0.0141105 secs] 122644K->34564K(502464K), 0.0143461 secs] [Times: user=0.03 sys=0.00, real=0.01 secs] 
Heap after GC invocations=47 (full 1):
 par new generation   total 109248K, used 3758K [0x10c00000, 0x18c00000, 0x18c00000)
  eden space 87424K,   0% used [0x10c00000, 0x10c00000, 0x16160000)
  from space 21824K,  17% used [0x176b0000, 0x17a5bb78, 0x18c00000)
  to   space 21824K,   0% used [0x16160000, 0x16160000, 0x176b0000)
 concurrent mark-sweep generation total 393216K, used 30805K [0x18c00000, 0x30c00000, 0x30c00000)
 Metaspace       used 25203K, capacity 25412K, committed 25600K, reserved 25984K
}
2016-03-14T21:08:55.501-0400: 1006.045: Total time for which application threads were stopped: 0.0149315 seconds
2016-03-14T21:08:56.033-0400: 1006.577: Total time for which application threads were stopped: 0.0002448 seconds
2016-03-14T21:08:57.033-0400: 1007.576: Total time for which application threads were stopped: 0.0002037 seconds
2016-03-14T21:08:57.652-0400: 1008.196: Total time for which application threads were stopped: 0.0002475 seconds
2016-03-14T21:08:58.653-0400: 1009.196: Total time for which application threads were stopped: 0.0002478 seconds
2016-03-14T21:09:00.655-0400: 1011.198: Total time for which application threads were stopped: 0.0002182 seconds
{Heap before GC invocations=47 (full 1):
 par new generation   total 109248K, used 91182K [0x10c00000, 0x18c00000, 0x18c00000)
  eden space 87424K, 100% used [0x10c00000, 0x16160000, 0x16160000)
  from space 21824K,  17% used [0x176b0000, 0x17a5bb78, 0x18c00000)
  to   space 21824K,   0% used [0x16160000, 0x16160000, 0x176b0000)
 concurrent mark-sweep generation total 393216K, used 30805K [0x18c00000, 0x30c00000, 0x30c00000)
 Metaspace       used 25203K, capacity 25412K, committed 25600K, reserved 25984K
2016-03-14T21:09:01.039-0400: 1011.583: [GC (Allocation Failure) 1011.583: [ParNew
Desired survivor size 20112996 bytes, new threshold 8 (max 8)
- age   1:    1117904 bytes,    1117904 total
- age   2:     563416 bytes,    1681320 total
- age   3:     123872 bytes,    1805192 total
- age   4:      10528 bytes,    1815720 total
- age   5:      10112 bytes,    1825832 total
- age   6:      99848 bytes,    1925680 total
- age   7:      10144 bytes,    1935824 total
- age   8:       9952 bytes,    1945776 total
: 91182K->2247K(109248K), 0.0153428 secs] 121988K->33195K(502464K), 0.0155659 secs] [Times: user=0.00 sys=0.00, real=0.02 secs] 
Heap after GC invocations=48 (full 1):
 par new generation   total 109248K, used 2247K [0x10c00000, 0x18c00000, 0x18c00000)
  eden space 87424K,   0% used [0x10c00000, 0x10c00000, 0x16160000)
  from space 21824K,  10% used [0x16160000, 0x16391d70, 0x176b0000)
  to   space 21824K,   0% used [0x176b0000, 0x176b0000, 0x18c00000)
 concurrent mark-sweep generation total 393216K, used 30947K [0x18c00000, 0x30c00000, 0x30c00000)
 Metaspace       used 25203K, capacity 25412K, committed 25600K, reserved 25984K
}
2016-03-14T21:09:01.056-0400: 1011.599: Total time for which application threads were stopped: 0.0162281 seconds
2016-03-14T21:09:03.057-0400: 1013.600: Total time for which application threads were stopped: 0.0001984 seconds
2016-03-14T21:09:05.131-0400: 1015.675: Total time for which application threads were stopped: 0.0003505 seconds
2016-03-14T21:09:05.135-0400: 1015.678: Total time for which application threads were stopped: 0.0003174 seconds
2016-03-14T21:09:05.182-0400: 1015.726: Total time for which application threads were stopped: 0.0003307 seconds
2016-03-14T21:09:05.183-0400: 1015.727: Total time for which application threads were stopped: 0.0003106 seconds
2016-03-14T21:09:05.183-0400: 1015.727: Total time for which application threads were stopped: 0.0003071 seconds
2016-03-14T21:09:05.496-0400: 1016.039: Total time for which application threads were stopped: 0.0003558 seconds
2016-03-14T21:09:06.344-0400: 1016.888: Total time for which application threads were stopped: 0.0002513 seconds
{Heap before GC invocations=48 (full 1):
 par new generation   total 109248K, used 89671K [0x10c00000, 0x18c00000, 0x18c00000)
  eden space 87424K, 100% used [0x10c00000, 0x16160000, 0x16160000)
  from space 21824K,  10% used [0x16160000, 0x16391d70, 0x176b0000)
  to   space 21824K,   0% used [0x176b0000, 0x176b0000, 0x18c00000)
 concurrent mark-sweep generation total 393216K, used 30947K [0x18c00000, 0x30c00000, 0x30c00000)
 Metaspace       used 25211K, capacity 25412K, committed 25600K, reserved 25984K
2016-03-14T21:09:06.460-0400: 1017.003: [GC (Allocation Failure) 1017.003: [ParNew
Desired survivor size 20112996 bytes, new threshold 8 (max 8)
- age   1:    1273168 bytes,    1273168 total
- age   2:     202232 bytes,    1475400 total
- age   3:     301488 bytes,    1776888 total
- age   4:     122472 bytes,    1899360 total
- age   5:      10432 bytes,    1909792 total
- age   6:      10048 bytes,    1919840 total
- age   7:      99752 bytes,    2019592 total
- age   8:      10048 bytes,    2029640 total
: 89671K->2510K(109248K), 0.0145537 secs] 120619K->33467K(502464K), 0.0147597 secs] [Times: user=0.06 sys=0.00, real=0.01 secs] 
Heap after GC invocations=49 (full 1):
 par new generation   total 109248K, used 2510K [0x10c00000, 0x18c00000, 0x18c00000)
  eden space 87424K,   0% used [0x10c00000, 0x10c00000, 0x16160000)
  from space 21824K,  11% used [0x176b0000, 0x17923968, 0x18c00000)
  to   space 21824K,   0% used [0x16160000, 0x16160000, 0x176b0000)
 concurrent mark-sweep generation total 393216K, used 30957K [0x18c00000, 0x30c00000, 0x30c00000)
 Metaspace       used 25211K, capacity 25412K, committed 25600K, reserved 25984K
}
2016-03-14T21:09:06.475-0400: 1017.018: Total time for which application threads were stopped: 0.0153382 seconds
2016-03-14T21:09:06.656-0400: 1017.199: Total time for which application threads were stopped: 0.0003174 seconds
2016-03-14T21:09:06.719-0400: 1017.263: Total time for which application threads were stopped: 0.0002680 seconds
2016-03-14T21:09:06.721-0400: 1017.265: Total time for which application threads were stopped: 0.0002277 seconds
2016-03-14T21:09:06.749-0400: 1017.293: Total time for which application threads were stopped: 0.0004044 seconds
2016-03-14T21:09:07.228-0400: 1017.772: Total time for which application threads were stopped: 0.0002676 seconds
2016-03-14T21:09:09.028-0400: 1019.572: Total time for which application threads were stopped: 0.0003121 seconds
2016-03-14T21:09:10.029-0400: 1020.573: Total time for which application threads were stopped: 0.0002798 seconds
2016-03-14T21:09:10.196-0400: 1020.740: Total time for which application threads were stopped: 0.0002539 seconds
2016-03-14T21:09:10.734-0400: 1021.277: Total time for which application threads were stopped: 0.0002482 seconds
{Heap before GC invocations=49 (full 1):
 par new generation   total 109248K, used 89934K [0x10c00000, 0x18c00000, 0x18c00000)
  eden space 87424K, 100% used [0x10c00000, 0x16160000, 0x16160000)
  from space 21824K,  11% used [0x176b0000, 0x17923968, 0x18c00000)
  to   space 21824K,   0% used [0x16160000, 0x16160000, 0x176b0000)
 concurrent mark-sweep generation total 393216K, used 30957K [0x18c00000, 0x30c00000, 0x30c00000)
 Metaspace       used 25215K, capacity 25412K, committed 25600K, reserved 25984K
2016-03-14T21:09:11.559-0400: 1022.103: [GC (Allocation Failure) 1022.103: [ParNew
Desired survivor size 20112996 bytes, new threshold 8 (max 8)
- age   1:    1146544 bytes,    1146544 total
- age   2:     645216 bytes,    1791760 total
- age   3:     138368 bytes,    1930128 total
- age   4:     240752 bytes,    2170880 total
- age   5:     112816 bytes,    2283696 total
- age   6:      10368 bytes,    2294064 total
- age   7:       9920 bytes,    2303984 total
- age   8:      98792 bytes,    2402776 total
: 89934K->3129K(109248K), 0.0156762 secs] 120891K->34096K(502464K), 0.0159160 secs] [Times: user=0.01 sys=0.00, real=0.02 secs] 
Heap after GC invocations=50 (full 1):
 par new generation   total 109248K, used 3129K [0x10c00000, 0x18c00000, 0x18c00000)
  eden space 87424K,   0% used [0x10c00000, 0x10c00000, 0x16160000)
  from space 21824K,  14% used [0x16160000, 0x1646e400, 0x176b0000)
  to   space 21824K,   0% used [0x176b0000, 0x176b0000, 0x18c00000)
 concurrent mark-sweep generation total 393216K, used 30967K [0x18c00000, 0x30c00000, 0x30c00000)
 Metaspace       used 25215K, capacity 25412K, committed 25600K, reserved 25984K
}
2016-03-14T21:09:11.576-0400: 1022.119: Total time for which application threads were stopped: 0.0166158 seconds
2016-03-14T21:09:14.094-0400: 1024.637: Total time for which application threads were stopped: 0.0002079 seconds
2016-03-14T21:09:15.094-0400: 1025.637: Total time for which application threads were stopped: 0.0001627 seconds
2016-03-14T21:09:15.537-0400: 1026.080: Total time for which application threads were stopped: 0.0001471 seconds
2016-03-14T21:09:15.869-0400: 1026.412: Total time for which application threads were stopped: 0.0002380 seconds
2016-03-14T21:09:16.003-0400: 1026.546: Total time for which application threads were stopped: 0.0002440 seconds
2016-03-14T21:09:16.803-0400: 1027.347: Total time for which application threads were stopped: 0.0004345 seconds
2016-03-14T21:09:16.837-0400: 1027.380: Total time for which application threads were stopped: 0.0002239 seconds
2016-03-14T21:09:16.870-0400: 1027.413: Total time for which application threads were stopped: 0.0002357 seconds
2016-03-14T21:09:16.902-0400: 1027.446: Total time for which application threads were stopped: 0.0002338 seconds
2016-03-14T21:09:16.935-0400: 1027.478: Total time for which application threads were stopped: 0.0002984 seconds
2016-03-14T21:09:16.991-0400: 1027.535: Total time for which application threads were stopped: 0.0002402 seconds
2016-03-14T21:09:17.034-0400: 1027.577: Total time for which application threads were stopped: 0.0002281 seconds
2016-03-14T21:09:17.056-0400: 1027.599: Total time for which application threads were stopped: 0.0002395 seconds
2016-03-14T21:09:17.078-0400: 1027.622: Total time for which application threads were stopped: 0.0002292 seconds
2016-03-14T21:09:17.116-0400: 1027.660: Total time for which application threads were stopped: 0.0002319 seconds
2016-03-14T21:09:17.143-0400: 1027.687: Total time for which application threads were stopped: 0.0002889 seconds
2016-03-14T21:09:17.259-0400: 1027.803: Total time for which application threads were stopped: 0.0002364 seconds
{Heap before GC invocations=50 (full 1):
 par new generation   total 109248K, used 90553K [0x10c00000, 0x18c00000, 0x18c00000)
  eden space 87424K, 100% used [0x10c00000, 0x16160000, 0x16160000)
  from space 21824K,  14% used [0x16160000, 0x1646e400, 0x176b0000)
  to   space 21824K,   0% used [0x176b0000, 0x176b0000, 0x18c00000)
 concurrent mark-sweep generation total 393216K, used 30967K [0x18c00000, 0x30c00000, 0x30c00000)
 Metaspace       used 25215K, capacity 25412K, committed 25600K, reserved 25984K
2016-03-14T21:09:17.283-0400: 1027.826: [GC (Allocation Failure) 1027.827: [ParNew
Desired survivor size 20112996 bytes, new threshold 8 (max 8)
- age   1:     812056 bytes,     812056 total
- age   2:     732248 bytes,    1544304 total
- age   3:     645136 bytes,    2189440 total
- age   4:     138240 bytes,    2327680 total
- age   5:     240704 bytes,    2568384 total
- age   6:     112752 bytes,    2681136 total
- age   7:      10224 bytes,    2691360 total
- age   8:       9872 bytes,    2701232 total
: 90553K->3317K(109248K), 0.0163680 secs] 121520K->34380K(502464K), 0.0166139 secs] [Times: user=0.06 sys=0.00, real=0.02 secs] 
Heap after GC invocations=51 (full 1):
 par new generation   total 109248K, used 3317K [0x10c00000, 0x18c00000, 0x18c00000)
  eden space 87424K,   0% used [0x10c00000, 0x10c00000, 0x16160000)
  from space 21824K,  15% used [0x176b0000, 0x179ed510, 0x18c00000)
  to   space 21824K,   0% used [0x16160000, 0x16160000, 0x176b0000)
 concurrent mark-sweep generation total 393216K, used 31063K [0x18c00000, 0x30c00000, 0x30c00000)
 Metaspace       used 25215K, capacity 25412K, committed 25600K, reserved 25984K
}
2016-03-14T21:09:17.300-0400: 1027.843: Total time for which application threads were stopped: 0.0171731 seconds
2016-03-14T21:09:17.305-0400: 1027.848: Total time for which application threads were stopped: 0.0002148 seconds
2016-03-14T21:09:17.328-0400: 1027.872: Total time for which application threads were stopped: 0.0002353 seconds
2016-03-14T21:09:17.362-0400: 1027.905: Total time for which application threads were stopped: 0.0002323 seconds
2016-03-14T21:09:17.405-0400: 1027.949: Total time for which application threads were stopped: 0.0002361 seconds
2016-03-14T21:09:17.449-0400: 1027.993: Total time for which application threads were stopped: 0.0002326 seconds
2016-03-14T21:09:17.472-0400: 1028.016: Total time for which application threads were stopped: 0.0002368 seconds
2016-03-14T21:09:17.511-0400: 1028.054: Total time for which application threads were stopped: 0.0002273 seconds
2016-03-14T21:09:17.546-0400: 1028.089: Total time for which application threads were stopped: 0.0002342 seconds
2016-03-14T21:09:17.579-0400: 1028.123: Total time for which application threads were stopped: 0.0004121 seconds
2016-03-14T21:09:20.143-0400: 1030.686: Total time for which application threads were stopped: 0.0002836 seconds
2016-03-14T21:09:20.148-0400: 1030.691: Total time for which application threads were stopped: 0.0002570 seconds
2016-03-14T21:09:20.222-0400: 1030.765: Total time for which application threads were stopped: 0.0014045 seconds
2016-03-14T21:09:20.223-0400: 1030.766: Total time for which application threads were stopped: 0.0006724 seconds
2016-03-14T21:09:20.224-0400: 1030.767: Total time for which application threads were stopped: 0.0002900 seconds
2016-03-14T21:09:20.614-0400: 1031.157: Total time for which application threads were stopped: 0.0002535 seconds
2016-03-14T21:09:21.339-0400: 1031.882: Total time for which application threads were stopped: 0.0003094 seconds
2016-03-14T21:09:21.341-0400: 1031.885: Total time for which application threads were stopped: 0.0002516 seconds
2016-03-14T21:09:21.378-0400: 1031.922: Total time for which application threads were stopped: 0.0003307 seconds
2016-03-14T21:09:22.187-0400: 1032.730: Total time for which application threads were stopped: 0.0003410 seconds
{Heap before GC invocations=51 (full 1):
 par new generation   total 109248K, used 90741K [0x10c00000, 0x18c00000, 0x18c00000)
  eden space 87424K, 100% used [0x10c00000, 0x16160000, 0x16160000)
  from space 21824K,  15% used [0x176b0000, 0x179ed510, 0x18c00000)
  to   space 21824K,   0% used [0x16160000, 0x16160000, 0x176b0000)
 concurrent mark-sweep generation total 393216K, used 31063K [0x18c00000, 0x30c00000, 0x30c00000)
 Metaspace       used 25222K, capacity 25444K, committed 25600K, reserved 25984K
2016-03-14T21:09:22.533-0400: 1033.076: [GC (Allocation Failure) 1033.077: [ParNew
Desired survivor size 20112996 bytes, new threshold 8 (max 8)
- age   1:     959472 bytes,     959472 total
- age   2:      80904 bytes,    1040376 total
- age   3:     208248 bytes,    1248624 total
- age   4:     633224 bytes,    1881848 total
- age   5:     138176 bytes,    2020024 total
- age   6:     240240 bytes,    2260264 total
- age   7:     111888 bytes,    2372152 total
- age   8:      10144 bytes,    2382296 total
: 90741K->3529K(109248K), 0.0168203 secs] 121804K->34602K(502464K), 0.0170378 secs] [Times: user=0.06 sys=0.00, real=0.02 secs] 
Heap after GC invocations=52 (full 1):
 par new generation   total 109248K, used 3529K [0x10c00000, 0x18c00000, 0x18c00000)
  eden space 87424K,   0% used [0x10c00000, 0x10c00000, 0x16160000)
  from space 21824K,  16% used [0x16160000, 0x164d2500, 0x176b0000)
  to   space 21824K,   0% used [0x176b0000, 0x176b0000, 0x18c00000)
 concurrent mark-sweep generation total 393216K, used 31073K [0x18c00000, 0x30c00000, 0x30c00000)
 Metaspace       used 25222K, capacity 25444K, committed 25600K, reserved 25984K
}
2016-03-14T21:09:22.550-0400: 1033.094: Total time for which application threads were stopped: 0.0176186 seconds
2016-03-14T21:09:24.551-0400: 1035.095: Total time for which application threads were stopped: 0.0002110 seconds
{Heap before GC invocations=52 (full 1):
 par new generation   total 109248K, used 90953K [0x10c00000, 0x18c00000, 0x18c00000)
  eden space 87424K, 100% used [0x10c00000, 0x16160000, 0x16160000)
  from space 21824K,  16% used [0x16160000, 0x164d2500, 0x176b0000)
  to   space 21824K,   0% used [0x176b0000, 0x176b0000, 0x18c00000)
 concurrent mark-sweep generation total 393216K, used 31073K [0x18c00000, 0x30c00000, 0x30c00000)
 Metaspace       used 25222K, capacity 25444K, committed 25600K, reserved 25984K
2016-03-14T21:09:30.294-0400: 1040.838: [GC (Allocation Failure) 1040.838: [ParNew
Desired survivor size 20112996 bytes, new threshold 8 (max 8)
- age   1:     777840 bytes,     777840 total
- age   2:     642120 bytes,    1419960 total
- age   3:      80824 bytes,    1500784 total
- age   4:     208104 bytes,    1708888 total
- age   5:     633176 bytes,    2342064 total
- age   6:     138080 bytes,    2480144 total
- age   7:     239816 bytes,    2719960 total
- age   8:     111856 bytes,    2831816 total
: 90953K->3493K(109248K), 0.0155146 secs] 122026K->34576K(502464K), 0.0157621 secs] [Times: user=0.02 sys=0.00, real=0.01 secs] 
Heap after GC invocations=53 (full 1):
 par new generation   total 109248K, used 3493K [0x10c00000, 0x18c00000, 0x18c00000)
  eden space 87424K,   0% used [0x10c00000, 0x10c00000, 0x16160000)
  from space 21824K,  16% used [0x176b0000, 0x17a19600, 0x18c00000)
  to   space 21824K,   0% used [0x16160000, 0x16160000, 0x176b0000)
 concurrent mark-sweep generation total 393216K, used 31083K [0x18c00000, 0x30c00000, 0x30c00000)
 Metaspace       used 25222K, capacity 25444K, committed 25600K, reserved 25984K
}
2016-03-14T21:09:30.311-0400: 1040.854: Total time for which application threads were stopped: 0.0165562 seconds
2016-03-14T21:09:35.180-0400: 1045.723: Total time for which application threads were stopped: 0.0001878 seconds
2016-03-14T21:09:35.181-0400: 1045.725: Total time for which application threads were stopped: 0.0001273 seconds
{Heap before GC invocations=53 (full 1):
 par new generation   total 109248K, used 90913K [0x10c00000, 0x18c00000, 0x18c00000)
  eden space 87424K,  99% used [0x10c00000, 0x1615ee48, 0x16160000)
  from space 21824K,  16% used [0x176b0000, 0x17a19600, 0x18c00000)
  to   space 21824K,   0% used [0x16160000, 0x16160000, 0x176b0000)
 concurrent mark-sweep generation total 393216K, used 31083K [0x18c00000, 0x30c00000, 0x30c00000)
 Metaspace       used 25271K, capacity 25508K, committed 25600K, reserved 25984K
2016-03-14T21:09:35.197-0400: 1045.740: [GC (Allocation Failure) 1045.740: [ParNew
Desired survivor size 20112996 bytes, new threshold 8 (max 8)
- age   1:     783176 bytes,     783176 total
- age   2:     330808 bytes,    1113984 total
- age   3:     610448 bytes,    1724432 total
- age   4:      80696 bytes,    1805128 total
- age   5:     207976 bytes,    2013104 total
- age   6:     698696 bytes,    2711800 total
- age   7:     137968 bytes,    2849768 total
- age   8:     239768 bytes,    3089536 total
: 90913K->4623K(109248K), 0.0078183 secs] 121996K->35750K(502464K), 0.0079240 secs] [Times: user=0.00 sys=0.00, real=0.01 secs] 
Heap after GC invocations=54 (full 1):
 par new generation   total 109248K, used 4623K [0x10c00000, 0x18c00000, 0x18c00000)
  eden space 87424K,   0% used [0x10c00000, 0x10c00000, 0x16160000)
  from space 21824K,  21% used [0x16160000, 0x165e3ec0, 0x176b0000)
  to   space 21824K,   0% used [0x176b0000, 0x176b0000, 0x18c00000)
 concurrent mark-sweep generation total 393216K, used 31126K [0x18c00000, 0x30c00000, 0x30c00000)
 Metaspace       used 25271K, capacity 25508K, committed 25600K, reserved 25984K
}
2016-03-14T21:09:35.205-0400: 1045.748: Total time for which application threads were stopped: 0.0082463 seconds
2016-03-14T21:09:35.314-0400: 1045.857: Total time for which application threads were stopped: 0.0001532 seconds
2016-03-14T21:09:35.314-0400: 1045.857: Total time for which application threads were stopped: 0.0000996 seconds
2016-03-14T21:09:35.314-0400: 1045.857: Total time for which application threads were stopped: 0.0000775 seconds
2016-03-14T21:09:36.002-0400: 1046.545: Total time for which application threads were stopped: 0.0001304 seconds
2016-03-14T21:09:37.002-0400: 1047.545: Total time for which application threads were stopped: 0.0003128 seconds
2016-03-14T21:09:37.255-0400: 1047.798: Total time for which application threads were stopped: 0.0002824 seconds
2016-03-14T21:09:37.257-0400: 1047.800: Total time for which application threads were stopped: 0.0002459 seconds
2016-03-14T21:09:37.304-0400: 1047.847: Total time for which application threads were stopped: 0.0003835 seconds
2016-03-14T21:09:38.372-0400: 1048.915: Total time for which application threads were stopped: 0.0003455 seconds
{Heap before GC invocations=54 (full 1):
 par new generation   total 109248K, used 92047K [0x10c00000, 0x18c00000, 0x18c00000)
  eden space 87424K, 100% used [0x10c00000, 0x16160000, 0x16160000)
  from space 21824K,  21% used [0x16160000, 0x165e3ec0, 0x176b0000)
  to   space 21824K,   0% used [0x176b0000, 0x176b0000, 0x18c00000)
 concurrent mark-sweep generation total 393216K, used 31126K [0x18c00000, 0x30c00000, 0x30c00000)
 Metaspace       used 25276K, capacity 25508K, committed 25600K, reserved 25984K
2016-03-14T21:09:40.262-0400: 1050.805: [GC (Allocation Failure) 1050.806: [ParNew
Desired survivor size 20112996 bytes, new threshold 8 (max 8)
- age   1:     957960 bytes,     957960 total
- age   2:      75240 bytes,    1033200 total
- age   3:      71480 bytes,    1104680 total
- age   4:     417528 bytes,    1522208 total
- age   5:      80664 bytes,    1602872 total
- age   6:     207544 bytes,    1810416 total
- age   7:     633032 bytes,    2443448 total
- age   8:     137920 bytes,    2581368 total
: 92047K->3354K(109248K), 0.0084299 secs] 123174K->34715K(502464K), 0.0085512 secs] [Times: user=0.00 sys=0.00, real=0.01 secs] 
Heap after GC invocations=55 (full 1):
 par new generation   total 109248K, used 3354K [0x10c00000, 0x18c00000, 0x18c00000)
  eden space 87424K,   0% used [0x10c00000, 0x10c00000, 0x16160000)
  from space 21824K,  15% used [0x176b0000, 0x179f6a40, 0x18c00000)
  to   space 21824K,   0% used [0x16160000, 0x16160000, 0x176b0000)
 concurrent mark-sweep generation total 393216K, used 31360K [0x18c00000, 0x30c00000, 0x30c00000)
 Metaspace       used 25276K, capacity 25508K, committed 25600K, reserved 25984K
}
2016-03-14T21:09:40.271-0400: 1050.814: Total time for which application threads were stopped: 0.0089058 seconds
{Heap before GC invocations=55 (full 1):
 par new generation   total 109248K, used 90778K [0x10c00000, 0x18c00000, 0x18c00000)
  eden space 87424K, 100% used [0x10c00000, 0x16160000, 0x16160000)
  from space 21824K,  15% used [0x176b0000, 0x179f6a40, 0x18c00000)
  to   space 21824K,   0% used [0x16160000, 0x16160000, 0x176b0000)
 concurrent mark-sweep generation total 393216K, used 31360K [0x18c00000, 0x30c00000, 0x30c00000)
 Metaspace       used 25276K, capacity 25508K, committed 25600K, reserved 25984K
2016-03-14T21:09:46.594-0400: 1057.137: [GC (Allocation Failure) 1057.137: [ParNew
Desired survivor size 20112996 bytes, new threshold 8 (max 8)
- age   1:     775328 bytes,     775328 total
- age   2:     601720 bytes,    1377048 total
- age   3:      75112 bytes,    1452160 total
- age   4:      71368 bytes,    1523528 total
- age   5:     417448 bytes,    1940976 total
- age   6:      80584 bytes,    2021560 total
- age   7:     207448 bytes,    2229008 total
- age   8:     632968 bytes,    2861976 total
: 90778K->3502K(109248K), 0.0095912 secs] 122139K->34998K(502464K), 0.0097619 secs] [Times: user=0.03 sys=0.00, real=0.01 secs] 
Heap after GC invocations=56 (full 1):
 par new generation   total 109248K, used 3502K [0x10c00000, 0x18c00000, 0x18c00000)
  eden space 87424K,   0% used [0x10c00000, 0x10c00000, 0x16160000)
  from space 21824K,  16% used [0x16160000, 0x164cba40, 0x176b0000)
  to   space 21824K,   0% used [0x176b0000, 0x176b0000, 0x18c00000)
 concurrent mark-sweep generation total 393216K, used 31495K [0x18c00000, 0x30c00000, 0x30c00000)
 Metaspace       used 25276K, capacity 25508K, committed 25600K, reserved 25984K
}
2016-03-14T21:09:46.604-0400: 1057.147: Total time for which application threads were stopped: 0.0103112 seconds
2016-03-14T21:09:47.604-0400: 1058.147: Total time for which application threads were stopped: 0.0001654 seconds
2016-03-14T21:09:47.994-0400: 1058.537: Total time for which application threads were stopped: 0.0001935 seconds
2016-03-14T21:09:50.250-0400: 1060.794: Total time for which application threads were stopped: 0.0003699 seconds
2016-03-14T21:09:50.255-0400: 1060.799: Total time for which application threads were stopped: 0.0003554 seconds
2016-03-14T21:09:50.300-0400: 1060.843: Total time for which application threads were stopped: 0.0003364 seconds
2016-03-14T21:09:50.300-0400: 1060.843: Total time for which application threads were stopped: 0.0002281 seconds
2016-03-14T21:09:50.301-0400: 1060.844: Total time for which application threads were stopped: 0.0002927 seconds
2016-03-14T21:09:50.777-0400: 1061.320: Total time for which application threads were stopped: 0.0002532 seconds
2016-03-14T21:09:51.484-0400: 1062.027: Total time for which application threads were stopped: 0.0002714 seconds
2016-03-14T21:09:51.485-0400: 1062.029: Total time for which application threads were stopped: 0.0002292 seconds
2016-03-14T21:09:51.521-0400: 1062.064: Total time for which application threads were stopped: 0.0021739 seconds
2016-03-14T21:09:51.521-0400: 1062.064: Total time for which application threads were stopped: 0.0002619 seconds
2016-03-14T21:09:51.521-0400: 1062.065: Total time for which application threads were stopped: 0.0001923 seconds
2016-03-14T21:09:51.522-0400: 1062.065: Total time for which application threads were stopped: 0.0002744 seconds
2016-03-14T21:09:51.522-0400: 1062.066: Total time for which application threads were stopped: 0.0002307 seconds
2016-03-14T21:09:51.523-0400: 1062.066: Total time for which application threads were stopped: 0.0002391 seconds
2016-03-14T21:09:51.523-0400: 1062.066: Total time for which application threads were stopped: 0.0002053 seconds
2016-03-14T21:09:51.523-0400: 1062.067: Total time for which application threads were stopped: 0.0002034 seconds
2016-03-14T21:09:51.524-0400: 1062.067: Total time for which application threads were stopped: 0.0002456 seconds
2016-03-14T21:09:51.524-0400: 1062.067: Total time for which application threads were stopped: 0.0002311 seconds
2016-03-14T21:09:51.524-0400: 1062.067: Total time for which application threads were stopped: 0.0002262 seconds
2016-03-14T21:09:51.525-0400: 1062.068: Total time for which application threads were stopped: 0.0002433 seconds
2016-03-14T21:09:51.525-0400: 1062.068: Total time for which application threads were stopped: 0.0002448 seconds
2016-03-14T21:09:51.532-0400: 1062.075: Total time for which application threads were stopped: 0.0003227 seconds
2016-03-14T21:09:51.533-0400: 1062.076: Total time for which application threads were stopped: 0.0002228 seconds
2016-03-14T21:09:52.074-0400: 1062.617: Total time for which application threads were stopped: 0.0002741 seconds
2016-03-14T21:09:52.074-0400: 1062.617: Total time for which application threads were stopped: 0.0001737 seconds
2016-03-14T21:09:52.084-0400: 1062.627: Total time for which application threads were stopped: 0.0002406 seconds
2016-03-14T21:09:52.084-0400: 1062.627: Total time for which application threads were stopped: 0.0001904 seconds
2016-03-14T21:09:52.099-0400: 1062.643: Total time for which application threads were stopped: 0.0002307 seconds
2016-03-14T21:09:52.100-0400: 1062.643: Total time for which application threads were stopped: 0.0001479 seconds
2016-03-14T21:09:52.316-0400: 1062.860: Total time for which application threads were stopped: 0.0002113 seconds
2016-03-14T21:09:52.317-0400: 1062.860: Total time for which application threads were stopped: 0.0002509 seconds
2016-03-14T21:09:52.317-0400: 1062.861: Total time for which application threads were stopped: 0.0002634 seconds
2016-03-14T21:09:52.318-0400: 1062.862: Total time for which application threads were stopped: 0.0002300 seconds
2016-03-14T21:09:52.319-0400: 1062.862: Total time for which application threads were stopped: 0.0002075 seconds
2016-03-14T21:09:52.319-0400: 1062.862: Total time for which application threads were stopped: 0.0002243 seconds
2016-03-14T21:09:52.319-0400: 1062.863: Total time for which application threads were stopped: 0.0002121 seconds
2016-03-14T21:09:52.320-0400: 1062.863: Total time for which application threads were stopped: 0.0002311 seconds
2016-03-14T21:09:52.321-0400: 1062.864: Total time for which application threads were stopped: 0.0003775 seconds
{Heap before GC invocations=56 (full 1):
 par new generation   total 109248K, used 90926K [0x10c00000, 0x18c00000, 0x18c00000)
  eden space 87424K, 100% used [0x10c00000, 0x16160000, 0x16160000)
  from space 21824K,  16% used [0x16160000, 0x164cba40, 0x176b0000)
  to   space 21824K,   0% used [0x176b0000, 0x176b0000, 0x18c00000)
 concurrent mark-sweep generation total 393216K, used 31495K [0x18c00000, 0x30c00000, 0x30c00000)
 Metaspace       used 25288K, capacity 25508K, committed 25600K, reserved 25984K
2016-03-14T21:09:52.381-0400: 1062.925: [GC (Allocation Failure) 1062.925: [ParNew
Desired survivor size 20112996 bytes, new threshold 8 (max 8)
- age   1:    1264344 bytes,    1264344 total
- age   2:      78536 bytes,    1342880 total
- age   3:     303784 bytes,    1646664 total
- age   4:      74736 bytes,    1721400 total
- age   5:      71288 bytes,    1792688 total
- age   6:     415784 bytes,    2208472 total
- age   7:      80536 bytes,    2289008 total
- age   8:     207304 bytes,    2496312 total
: 90926K->3541K(109248K), 0.0162840 secs] 122422K->35589K(502464K), 0.0164623 secs] [Times: user=0.06 sys=0.00, real=0.02 secs] 
Heap after GC invocations=57 (full 1):
 par new generation   total 109248K, used 3541K [0x10c00000, 0x18c00000, 0x18c00000)
  eden space 87424K,   0% used [0x10c00000, 0x10c00000, 0x16160000)
  from space 21824K,  16% used [0x176b0000, 0x17a25480, 0x18c00000)
  to   space 21824K,   0% used [0x16160000, 0x16160000, 0x176b0000)
 concurrent mark-sweep generation total 393216K, used 32048K [0x18c00000, 0x30c00000, 0x30c00000)
 Metaspace       used 25288K, capacity 25508K, committed 25600K, reserved 25984K
}
2016-03-14T21:09:52.398-0400: 1062.941: Total time for which application threads were stopped: 0.0171100 seconds
2016-03-14T21:09:52.401-0400: 1062.944: Total time for which application threads were stopped: 0.0017668 seconds
2016-03-14T21:09:53.401-0400: 1063.944: Total time for which application threads were stopped: 0.0002744 seconds
2016-03-14T21:09:53.495-0400: 1064.038: Total time for which application threads were stopped: 0.0002189 seconds
2016-03-14T21:09:53.496-0400: 1064.039: Total time for which application threads were stopped: 0.0001498 seconds
{Heap before GC invocations=57 (full 1):
 par new generation   total 109248K, used 90965K [0x10c00000, 0x18c00000, 0x18c00000)
  eden space 87424K, 100% used [0x10c00000, 0x16160000, 0x16160000)
  from space 21824K,  16% used [0x176b0000, 0x17a25480, 0x18c00000)
  to   space 21824K,   0% used [0x16160000, 0x16160000, 0x176b0000)
 concurrent mark-sweep generation total 393216K, used 32048K [0x18c00000, 0x30c00000, 0x30c00000)
 Metaspace       used 25290K, capacity 25540K, committed 25728K, reserved 25984K
2016-03-14T21:09:55.739-0400: 1066.282: [GC (Allocation Failure) 1066.282: [ParNew
Desired survivor size 20112996 bytes, new threshold 8 (max 8)
- age   1:     414072 bytes,     414072 total
- age   2:     595080 bytes,    1009152 total
- age   3:      78456 bytes,    1087608 total
- age   4:     303448 bytes,    1391056 total
- age   5:      74688 bytes,    1465744 total
- age   6:      71256 bytes,    1537000 total
- age   7:     415464 bytes,    1952464 total
- age   8:      80520 bytes,    2032984 total
: 90965K->3008K(109248K), 0.0165394 secs] 123013K->35259K(502464K), 0.0167690 secs] [Times: user=0.06 sys=0.00, real=0.02 secs] 
Heap after GC invocations=58 (full 1):
 par new generation   total 109248K, used 3008K [0x10c00000, 0x18c00000, 0x18c00000)
  eden space 87424K,   0% used [0x10c00000, 0x10c00000, 0x16160000)
  from space 21824K,  13% used [0x16160000, 0x164502c0, 0x176b0000)
  to   space 21824K,   0% used [0x176b0000, 0x176b0000, 0x18c00000)
 concurrent mark-sweep generation total 393216K, used 32250K [0x18c00000, 0x30c00000, 0x30c00000)
 Metaspace       used 25290K, capacity 25540K, committed 25728K, reserved 25984K
}
2016-03-14T21:09:55.755-0400: 1066.299: Total time for which application threads were stopped: 0.0173156 seconds
2016-03-14T21:09:58.758-0400: 1069.301: Total time for which application threads were stopped: 0.0002809 seconds
{Heap before GC invocations=58 (full 1):
 par new generation   total 109248K, used 90432K [0x10c00000, 0x18c00000, 0x18c00000)
  eden space 87424K, 100% used [0x10c00000, 0x16160000, 0x16160000)
  from space 21824K,  13% used [0x16160000, 0x164502c0, 0x176b0000)
  to   space 21824K,   0% used [0x176b0000, 0x176b0000, 0x18c00000)
 concurrent mark-sweep generation total 393216K, used 32250K [0x18c00000, 0x30c00000, 0x30c00000)
 Metaspace       used 25290K, capacity 25540K, committed 25728K, reserved 25984K
2016-03-14T21:10:00.702-0400: 1071.246: [GC (Allocation Failure) 1071.246: [ParNew
Desired survivor size 20112996 bytes, new threshold 8 (max 8)
- age   1:     737576 bytes,     737576 total
- age   2:     162128 bytes,     899704 total
- age   3:     594472 bytes,    1494176 total
- age   4:      78360 bytes,    1572536 total
- age   5:     303320 bytes,    1875856 total
- age   6:      74528 bytes,    1950384 total
- age   7:      71144 bytes,    2021528 total
- age   8:     415368 bytes,    2436896 total
: 90432K->2873K(109248K), 0.0165466 secs] 122683K->35202K(502464K), 0.0167610 secs] [Times: user=0.02 sys=0.00, real=0.02 secs] 
Heap after GC invocations=59 (full 1):
 par new generation   total 109248K, used 2873K [0x10c00000, 0x18c00000, 0x18c00000)
  eden space 87424K,   0% used [0x10c00000, 0x10c00000, 0x16160000)
  from space 21824K,  13% used [0x176b0000, 0x1797e550, 0x18c00000)
  to   space 21824K,   0% used [0x16160000, 0x16160000, 0x176b0000)
 concurrent mark-sweep generation total 393216K, used 32328K [0x18c00000, 0x30c00000, 0x30c00000)
 Metaspace       used 25290K, capacity 25540K, committed 25728K, reserved 25984K
}
2016-03-14T21:10:00.719-0400: 1071.263: Total time for which application threads were stopped: 0.0173126 seconds
2016-03-14T21:10:05.267-0400: 1075.810: Total time for which application threads were stopped: 0.0002125 seconds
2016-03-14T21:10:06.227-0400: 1076.771: Total time for which application threads were stopped: 0.0002205 seconds
2016-03-14T21:10:09.670-0400: 1080.213: Total time for which application threads were stopped: 0.0002684 seconds
2016-03-14T21:10:09.702-0400: 1080.246: Total time for which application threads were stopped: 0.0002307 seconds
2016-03-14T21:10:09.708-0400: 1080.251: Total time for which application threads were stopped: 0.0002551 seconds
2016-03-14T21:10:09.708-0400: 1080.252: Total time for which application threads were stopped: 0.0001870 seconds
2016-03-14T21:10:09.708-0400: 1080.252: Total time for which application threads were stopped: 0.0001300 seconds
2016-03-14T21:10:10.043-0400: 1080.586: Total time for which application threads were stopped: 0.0002482 seconds
{Heap before GC invocations=59 (full 1):
 par new generation   total 109248K, used 90295K [0x10c00000, 0x18c00000, 0x18c00000)
  eden space 87424K,  99% used [0x10c00000, 0x1615f8a0, 0x16160000)
  from space 21824K,  13% used [0x176b0000, 0x1797e550, 0x18c00000)
  to   space 21824K,   0% used [0x16160000, 0x16160000, 0x176b0000)
 concurrent mark-sweep generation total 393216K, used 32328K [0x18c00000, 0x30c00000, 0x30c00000)
 Metaspace       used 25296K, capacity 25550K, committed 25728K, reserved 25984K
2016-03-14T21:10:11.966-0400: 1082.509: [GC (Allocation Failure) 1082.509: [ParNew
Desired survivor size 20112996 bytes, new threshold 8 (max 8)
- age   1:    1016352 bytes,    1016352 total
- age   2:      65784 bytes,    1082136 total
- age   3:      36312 bytes,    1118448 total
- age   4:      96680 bytes,    1215128 total
- age   5:      11720 bytes,    1226848 total
- age   6:      78864 bytes,    1305712 total
- age   7:      11416 bytes,    1317128 total
- age   8:      10712 bytes,    1327840 total
: 90295K->2844K(109248K), 0.0157849 secs] 122624K->35224K(502464K), 0.0160099 secs] [Times: user=0.02 sys=0.00, real=0.02 secs] 
Heap after GC invocations=60 (full 1):
 par new generation   total 109248K, used 2844K [0x10c00000, 0x18c00000, 0x18c00000)
  eden space 87424K,   0% used [0x10c00000, 0x10c00000, 0x16160000)
  from space 21824K,  13% used [0x16160000, 0x16427130, 0x176b0000)
  to   space 21824K,   0% used [0x176b0000, 0x176b0000, 0x18c00000)
 concurrent mark-sweep generation total 393216K, used 32380K [0x18c00000, 0x30c00000, 0x30c00000)
 Metaspace       used 25296K, capacity 25550K, committed 25728K, reserved 25984K
}
2016-03-14T21:10:11.982-0400: 1082.525: Total time for which application threads were stopped: 0.0165619 seconds
{Heap before GC invocations=60 (full 1):
 par new generation   total 109248K, used 90268K [0x10c00000, 0x18c00000, 0x18c00000)
  eden space 87424K, 100% used [0x10c00000, 0x16160000, 0x16160000)
  from space 21824K,  13% used [0x16160000, 0x16427130, 0x176b0000)
  to   space 21824K,   0% used [0x176b0000, 0x176b0000, 0x18c00000)
 concurrent mark-sweep generation total 393216K, used 32380K [0x18c00000, 0x30c00000, 0x30c00000)
 Metaspace       used 25297K, capacity 25550K, committed 25728K, reserved 25984K
2016-03-14T21:10:16.458-0400: 1087.001: [GC (Allocation Failure) 1087.001: [ParNew
Desired survivor size 20112996 bytes, new threshold 8 (max 8)
- age   1:     776984 bytes,     776984 total
- age   2:     637240 bytes,    1414224 total
- age   3:      65688 bytes,    1479912 total
- age   4:      36312 bytes,    1516224 total
- age   5:      96648 bytes,    1612872 total
- age   6:      11704 bytes,    1624576 total
- age   7:      78816 bytes,    1703392 total
- age   8:      11272 bytes,    1714664 total
: 90268K->1983K(109248K), 0.0158316 secs] 122648K->34373K(502464K), 0.0160502 secs] [Times: user=0.06 sys=0.00, real=0.02 secs] 
Heap after GC invocations=61 (full 1):
 par new generation   total 109248K, used 1983K [0x10c00000, 0x18c00000, 0x18c00000)
  eden space 87424K,   0% used [0x10c00000, 0x10c00000, 0x16160000)
  from space 21824K,   9% used [0x176b0000, 0x1789fc60, 0x18c00000)
  to   space 21824K,   0% used [0x16160000, 0x16160000, 0x176b0000)
 concurrent mark-sweep generation total 393216K, used 32390K [0x18c00000, 0x30c00000, 0x30c00000)
 Metaspace       used 25297K, capacity 25550K, committed 25728K, reserved 25984K
}
2016-03-14T21:10:16.474-0400: 1087.018: Total time for which application threads were stopped: 0.0166128 seconds
{Heap before GC invocations=61 (full 1):
 par new generation   total 109248K, used 89407K [0x10c00000, 0x18c00000, 0x18c00000)
  eden space 87424K, 100% used [0x10c00000, 0x16160000, 0x16160000)
  from space 21824K,   9% used [0x176b0000, 0x1789fc60, 0x18c00000)
  to   space 21824K,   0% used [0x16160000, 0x16160000, 0x176b0000)
 concurrent mark-sweep generation total 393216K, used 32390K [0x18c00000, 0x30c00000, 0x30c00000)
 Metaspace       used 25297K, capacity 25550K, committed 25728K, reserved 25984K
2016-03-14T21:10:21.336-0400: 1091.880: [GC (Allocation Failure) 1091.880: [ParNew
Desired survivor size 20112996 bytes, new threshold 8 (max 8)
- age   1:    1241528 bytes,    1241528 total
- age   2:     300080 bytes,    1541608 total
- age   3:     615224 bytes,    2156832 total
- age   4:      65592 bytes,    2222424 total
- age   5:      36200 bytes,    2258624 total
- age   6:      95704 bytes,    2354328 total
- age   7:      11640 bytes,    2365968 total
- age   8:      78784 bytes,    2444752 total
: 89407K->3105K(109248K), 0.0167751 secs] 121797K->35506K(502464K), 0.0170024 secs] [Times: user=0.00 sys=0.00, real=0.02 secs] 
Heap after GC invocations=62 (full 1):
 par new generation   total 109248K, used 3105K [0x10c00000, 0x18c00000, 0x18c00000)
  eden space 87424K,   0% used [0x10c00000, 0x10c00000, 0x16160000)
  from space 21824K,  14% used [0x16160000, 0x16468680, 0x176b0000)
  to   space 21824K,   0% used [0x176b0000, 0x176b0000, 0x18c00000)
 concurrent mark-sweep generation total 393216K, used 32401K [0x18c00000, 0x30c00000, 0x30c00000)
 Metaspace       used 25297K, capacity 25550K, committed 25728K, reserved 25984K
}
2016-03-14T21:10:21.354-0400: 1091.897: Total time for which application threads were stopped: 0.0175684 seconds
2016-03-14T21:10:22.378-0400: 1092.921: Total time for which application threads were stopped: 0.0002395 seconds
2016-03-14T21:10:22.381-0400: 1092.924: Total time for which application threads were stopped: 0.0002220 seconds
2016-03-14T21:10:22.453-0400: 1092.996: Total time for which application threads were stopped: 0.0002801 seconds
2016-03-14T21:10:22.453-0400: 1092.996: Total time for which application threads were stopped: 0.0002216 seconds
2016-03-14T21:10:22.456-0400: 1092.999: Total time for which application threads were stopped: 0.0005280 seconds
2016-03-14T21:10:22.456-0400: 1092.999: Total time for which application threads were stopped: 0.0001965 seconds
2016-03-14T21:10:22.457-0400: 1093.000: Total time for which application threads were stopped: 0.0004322 seconds
2016-03-14T21:10:23.034-0400: 1093.578: Total time for which application threads were stopped: 0.0002741 seconds
2016-03-14T21:10:23.035-0400: 1093.578: Total time for which application threads were stopped: 0.0001752 seconds
2016-03-14T21:10:23.042-0400: 1093.586: Total time for which application threads were stopped: 0.0002520 seconds
2016-03-14T21:10:24.042-0400: 1094.585: Total time for which application threads were stopped: 0.0002269 seconds
2016-03-14T21:10:38.578-0400: 1109.121: Total time for which application threads were stopped: 0.0003832 seconds
2016-03-14T21:10:38.613-0400: 1109.156: Total time for which application threads were stopped: 0.0003763 seconds
2016-03-14T21:10:38.619-0400: 1109.162: Total time for which application threads were stopped: 0.0003425 seconds
2016-03-14T21:10:38.620-0400: 1109.163: Total time for which application threads were stopped: 0.0002855 seconds
2016-03-14T21:10:38.624-0400: 1109.167: Total time for which application threads were stopped: 0.0003087 seconds
2016-03-14T21:10:38.625-0400: 1109.168: Total time for which application threads were stopped: 0.0002494 seconds
2016-03-14T21:10:38.658-0400: 1109.201: Total time for which application threads were stopped: 0.0003790 seconds
2016-03-14T21:10:38.658-0400: 1109.201: Total time for which application threads were stopped: 0.0002881 seconds
2016-03-14T21:10:38.828-0400: 1109.372: Total time for which application threads were stopped: 0.0007112 seconds
2016-03-14T21:10:39.829-0400: 1110.372: Total time for which application threads were stopped: 0.0003011 seconds
2016-03-14T21:10:40.829-0400: 1111.372: Total time for which application threads were stopped: 0.0002349 seconds
2016-03-14T21:10:40.886-0400: 1111.429: Total time for which application threads were stopped: 0.0001695 seconds
2016-03-14T21:10:41.887-0400: 1112.430: Total time for which application threads were stopped: 0.0002189 seconds
2016-03-14T21:10:44.760-0400: 1115.304: Total time for which application threads were stopped: 0.0004896 seconds
2016-03-14T21:10:45.541-0400: 1116.084: Total time for which application threads were stopped: 0.0003140 seconds
2016-03-14T21:10:45.543-0400: 1116.086: Total time for which application threads were stopped: 0.0001889 seconds
2016-03-14T21:10:46.543-0400: 1117.086: Total time for which application threads were stopped: 0.0002094 seconds
2016-03-14T21:10:47.544-0400: 1118.087: Total time for which application threads were stopped: 0.0004181 seconds
2016-03-14T21:10:50.634-0400: 1121.178: Total time for which application threads were stopped: 0.0003733 seconds
2016-03-14T21:10:50.643-0400: 1121.187: Total time for which application threads were stopped: 0.0003968 seconds
2016-03-14T21:10:50.719-0400: 1121.262: Total time for which application threads were stopped: 0.0004983 seconds
2016-03-14T21:10:50.719-0400: 1121.262: Total time for which application threads were stopped: 0.0001977 seconds
2016-03-14T21:10:50.720-0400: 1121.264: Total time for which application threads were stopped: 0.0001847 seconds
2016-03-14T21:10:50.721-0400: 1121.265: Total time for which application threads were stopped: 0.0001817 seconds
2016-03-14T21:10:50.723-0400: 1121.267: Total time for which application threads were stopped: 0.0001695 seconds
2016-03-14T21:10:50.723-0400: 1121.267: Total time for which application threads were stopped: 0.0001589 seconds
2016-03-14T21:10:50.724-0400: 1121.267: Total time for which application threads were stopped: 0.0002912 seconds
2016-03-14T21:10:50.724-0400: 1121.268: Total time for which application threads were stopped: 0.0002490 seconds
2016-03-14T21:10:50.731-0400: 1121.275: Total time for which application threads were stopped: 0.0002266 seconds
2016-03-14T21:10:50.731-0400: 1121.275: Total time for which application threads were stopped: 0.0001832 seconds
2016-03-14T21:10:50.732-0400: 1121.276: Total time for which application threads were stopped: 0.0002383 seconds
2016-03-14T21:10:50.961-0400: 1121.504: Total time for which application threads were stopped: 0.0006401 seconds
2016-03-14T21:10:50.961-0400: 1121.505: Total time for which application threads were stopped: 0.0002026 seconds
2016-03-14T21:10:50.962-0400: 1121.505: Total time for which application threads were stopped: 0.0002820 seconds
2016-03-14T21:10:50.962-0400: 1121.505: Total time for which application threads were stopped: 0.0001996 seconds
2016-03-14T21:10:50.962-0400: 1121.506: Total time for which application threads were stopped: 0.0002433 seconds
2016-03-14T21:10:50.963-0400: 1121.506: Total time for which application threads were stopped: 0.0002752 seconds
2016-03-14T21:10:50.963-0400: 1121.507: Total time for which application threads were stopped: 0.0002037 seconds
2016-03-14T21:10:51.964-0400: 1122.507: Total time for which application threads were stopped: 0.0002558 seconds
2016-03-14T21:10:52.062-0400: 1122.606: Total time for which application threads were stopped: 0.0002782 seconds
2016-03-14T21:10:52.069-0400: 1122.612: Total time for which application threads were stopped: 0.0006458 seconds
2016-03-14T21:10:52.266-0400: 1122.810: Total time for which application threads were stopped: 0.0001821 seconds
2016-03-14T21:10:52.269-0400: 1122.813: Total time for which application threads were stopped: 0.0001946 seconds
2016-03-14T21:11:22.021-0400: 1152.564: Total time for which application threads were stopped: 0.0003866 seconds
2016-03-14T21:11:22.092-0400: 1152.635: Total time for which application threads were stopped: 0.0002619 seconds
2016-03-14T21:11:22.092-0400: 1152.636: Total time for which application threads were stopped: 0.0002657 seconds
2016-03-14T21:11:22.125-0400: 1152.668: Total time for which application threads were stopped: 0.0019937 seconds
2016-03-14T21:11:22.128-0400: 1152.671: Total time for which application threads were stopped: 0.0003018 seconds
2016-03-14T21:11:22.139-0400: 1152.682: Total time for which application threads were stopped: 0.0003436 seconds
2016-03-14T21:11:22.140-0400: 1152.683: Total time for which application threads were stopped: 0.0002596 seconds
2016-03-14T21:11:22.141-0400: 1152.684: Total time for which application threads were stopped: 0.0002973 seconds
2016-03-14T21:11:22.141-0400: 1152.684: Total time for which application threads were stopped: 0.0001980 seconds
{Heap before GC invocations=62 (full 1):
 par new generation   total 109248K, used 90529K [0x10c00000, 0x18c00000, 0x18c00000)
  eden space 87424K, 100% used [0x10c00000, 0x16160000, 0x16160000)
  from space 21824K,  14% used [0x16160000, 0x16468680, 0x176b0000)
  to   space 21824K,   0% used [0x176b0000, 0x176b0000, 0x18c00000)
 concurrent mark-sweep generation total 393216K, used 32401K [0x18c00000, 0x30c00000, 0x30c00000)
 Metaspace       used 26353K, capacity 26568K, committed 26752K, reserved 27008K
2016-03-14T21:11:22.439-0400: 1152.982: [GC (Allocation Failure) 1152.982: [ParNew
Desired survivor size 20112996 bytes, new threshold 8 (max 8)
- age   1:    4896696 bytes,    4896696 total
- age   2:     132032 bytes,    5028728 total
- age   3:      71856 bytes,    5100584 total
- age   4:     332776 bytes,    5433360 total
- age   5:      65576 bytes,    5498936 total
- age   6:      36200 bytes,    5535136 total
- age   7:      95672 bytes,    5630808 total
- age   8:      11640 bytes,    5642448 total
: 90529K->6065K(109248K), 0.0226582 secs] 122930K->38478K(502464K), 0.0228445 secs] [Times: user=0.06 sys=0.00, real=0.02 secs] 
Heap after GC invocations=63 (full 1):
 par new generation   total 109248K, used 6065K [0x10c00000, 0x18c00000, 0x18c00000)
  eden space 87424K,   0% used [0x10c00000, 0x10c00000, 0x16160000)
  from space 21824K,  27% used [0x176b0000, 0x17c9c5d0, 0x18c00000)
  to   space 21824K,   0% used [0x16160000, 0x16160000, 0x176b0000)
 concurrent mark-sweep generation total 393216K, used 32412K [0x18c00000, 0x30c00000, 0x30c00000)
 Metaspace       used 26353K, capacity 26568K, committed 26752K, reserved 27008K
}
2016-03-14T21:11:22.462-0400: 1153.005: Total time for which application threads were stopped: 0.0237184 seconds
2016-03-14T21:11:27.467-0400: 1158.010: Total time for which application threads were stopped: 0.0011487 seconds
2016-03-14T21:11:28.467-0400: 1159.011: Total time for which application threads were stopped: 0.0002323 seconds
2016-03-14T21:11:52.702-0400: 1183.246: Total time for which application threads were stopped: 0.0004542 seconds
2016-03-14T21:11:52.813-0400: 1183.356: Total time for which application threads were stopped: 0.0004755 seconds
2016-03-14T21:11:52.814-0400: 1183.357: Total time for which application threads were stopped: 0.0003334 seconds
2016-03-14T21:11:52.815-0400: 1183.358: Total time for which application threads were stopped: 0.0002611 seconds
2016-03-14T21:11:53.815-0400: 1184.358: Total time for which application threads were stopped: 0.0002425 seconds
2016-03-14T21:14:09.997-0400: 1320.540: Total time for which application threads were stopped: 0.0004269 seconds
2016-03-14T21:14:10.887-0400: 1321.430: Total time for which application threads were stopped: 0.0003573 seconds
2016-03-14T21:14:10.891-0400: 1321.434: Total time for which application threads were stopped: 0.0002946 seconds
2016-03-14T21:14:10.900-0400: 1321.443: Total time for which application threads were stopped: 0.0003379 seconds
2016-03-14T21:14:14.490-0400: 1325.034: Total time for which application threads were stopped: 0.0002410 seconds
2016-03-14T21:14:14.579-0400: 1325.122: Total time for which application threads were stopped: 0.0027171 seconds
2016-03-14T21:14:15.580-0400: 1326.123: Total time for which application threads were stopped: 0.0003189 seconds
2016-03-14T21:14:20.514-0400: 1331.058: Total time for which application threads were stopped: 0.0004733 seconds
2016-03-14T21:14:20.848-0400: 1331.392: Total time for which application threads were stopped: 0.0002345 seconds
2016-03-14T21:14:37.854-0400: 1348.397: Total time for which application threads were stopped: 0.0002528 seconds
2016-03-14T21:14:41.855-0400: 1352.398: Total time for which application threads were stopped: 0.0002935 seconds
{Heap before GC invocations=63 (full 1):
 par new generation   total 109248K, used 93489K [0x10c00000, 0x18c00000, 0x18c00000)
  eden space 87424K, 100% used [0x10c00000, 0x16160000, 0x16160000)
  from space 21824K,  27% used [0x176b0000, 0x17c9c5d0, 0x18c00000)
  to   space 21824K,   0% used [0x16160000, 0x16160000, 0x176b0000)
 concurrent mark-sweep generation total 393216K, used 32412K [0x18c00000, 0x30c00000, 0x30c00000)
 Metaspace       used 26667K, capacity 26905K, committed 27008K, reserved 27008K
2016-03-14T21:14:45.061-0400: 1355.604: [GC (Allocation Failure) 1355.604: [ParNew
Desired survivor size 20112996 bytes, new threshold 8 (max 8)
- age   1:    2276960 bytes,    2276960 total
- age   2:     792856 bytes,    3069816 total
- age   3:     132032 bytes,    3201848 total
- age   4:      71856 bytes,    3273704 total
- age   5:     332712 bytes,    3606416 total
- age   6:      65576 bytes,    3671992 total
- age   7:      36200 bytes,    3708192 total
- age   8:      95672 bytes,    3803864 total
: 93489K->5351K(109248K), 0.0207295 secs] 125902K->37775K(502464K), 0.0209770 secs] [Times: user=0.03 sys=0.03, real=0.02 secs] 
Heap after GC invocations=64 (full 1):
 par new generation   total 109248K, used 5351K [0x10c00000, 0x18c00000, 0x18c00000)
  eden space 87424K,   0% used [0x10c00000, 0x10c00000, 0x16160000)
  from space 21824K,  24% used [0x16160000, 0x16699f30, 0x176b0000)
  to   space 21824K,   0% used [0x176b0000, 0x176b0000, 0x18c00000)
 concurrent mark-sweep generation total 393216K, used 32423K [0x18c00000, 0x30c00000, 0x30c00000)
 Metaspace       used 26667K, capacity 26905K, committed 27008K, reserved 27008K
}
2016-03-14T21:14:45.082-0400: 1355.625: Total time for which application threads were stopped: 0.0216486 seconds
2016-03-14T21:14:45.084-0400: 1355.627: Total time for which application threads were stopped: 0.0004980 seconds
2016-03-14T21:14:46.084-0400: 1356.627: Total time for which application threads were stopped: 0.0003923 seconds
2016-03-14T21:14:47.084-0400: 1357.627: Total time for which application threads were stopped: 0.0002566 seconds
2016-03-14T21:14:49.085-0400: 1359.628: Total time for which application threads were stopped: 0.0002254 seconds
2016-03-14T21:14:59.232-0400: 1369.775: Total time for which application threads were stopped: 0.0003113 seconds
2016-03-14T21:14:59.246-0400: 1369.789: Total time for which application threads were stopped: 0.0003718 seconds
2016-03-14T21:14:59.736-0400: 1370.279: Total time for which application threads were stopped: 0.0002235 seconds
2016-03-14T21:15:00.677-0400: 1371.221: Total time for which application threads were stopped: 0.0004170 seconds
2016-03-14T21:15:00.684-0400: 1371.228: Total time for which application threads were stopped: 0.0003155 seconds
2016-03-14T21:15:04.685-0400: 1375.228: Total time for which application threads were stopped: 0.0002178 seconds
2016-03-14T21:15:06.686-0400: 1377.229: Total time for which application threads were stopped: 0.0002231 seconds
2016-03-14T21:15:08.686-0400: 1379.230: Total time for which application threads were stopped: 0.0002889 seconds
2016-03-14T21:15:12.544-0400: 1383.087: Total time for which application threads were stopped: 0.0006561 seconds
2016-03-14T21:15:12.545-0400: 1383.088: Total time for which application threads were stopped: 0.0006253 seconds
2016-03-14T21:16:05.269-0400: 1435.813: Total time for which application threads were stopped: 0.0003596 seconds
2016-03-14T21:16:05.996-0400: 1436.540: Total time for which application threads were stopped: 0.0003535 seconds
2016-03-14T21:16:06.000-0400: 1436.543: Total time for which application threads were stopped: 0.0003250 seconds
2016-03-14T21:16:06.012-0400: 1436.555: Total time for which application threads were stopped: 0.0002756 seconds
2016-03-14T21:16:09.013-0400: 1439.556: Total time for which application threads were stopped: 0.0002440 seconds
2016-03-14T21:16:26.017-0400: 1456.561: Total time for which application threads were stopped: 0.0002266 seconds
2016-03-14T21:16:29.018-0400: 1459.561: Total time for which application threads were stopped: 0.0004409 seconds
2016-03-14T21:16:30.018-0400: 1460.562: Total time for which application threads were stopped: 0.0002273 seconds
2016-03-14T21:16:32.019-0400: 1462.563: Total time for which application threads were stopped: 0.0002912 seconds
{Heap before GC invocations=64 (full 1):
 par new generation   total 109248K, used 92775K [0x10c00000, 0x18c00000, 0x18c00000)
  eden space 87424K, 100% used [0x10c00000, 0x16160000, 0x16160000)
  from space 21824K,  24% used [0x16160000, 0x16699f30, 0x176b0000)
  to   space 21824K,   0% used [0x176b0000, 0x176b0000, 0x18c00000)
 concurrent mark-sweep generation total 393216K, used 32423K [0x18c00000, 0x30c00000, 0x30c00000)
 Metaspace       used 26775K, capacity 27029K, committed 27136K, reserved 28032K
2016-03-14T21:16:33.361-0400: 1463.905: [GC (Allocation Failure) 1463.905: [ParNew
Desired survivor size 20112996 bytes, new threshold 8 (max 8)
- age   1:    2643624 bytes,    2643624 total
- age   2:      96232 bytes,    2739856 total
- age   3:     791880 bytes,    3531736 total
- age   4:     132032 bytes,    3663768 total
- age   5:      71856 bytes,    3735624 total
- age   6:     332712 bytes,    4068336 total
- age   7:      65576 bytes,    4133912 total
- age   8:      36200 bytes,    4170112 total
: 92775K->5542K(109248K), 0.0177760 secs] 125199K->38060K(502464K), 0.0180162 secs] [Times: user=0.06 sys=0.00, real=0.02 secs] 
Heap after GC invocations=65 (full 1):
 par new generation   total 109248K, used 5542K [0x10c00000, 0x18c00000, 0x18c00000)
  eden space 87424K,   0% used [0x10c00000, 0x10c00000, 0x16160000)
  from space 21824K,  25% used [0x176b0000, 0x17c19a60, 0x18c00000)
  to   space 21824K,   0% used [0x16160000, 0x16160000, 0x176b0000)
 concurrent mark-sweep generation total 393216K, used 32517K [0x18c00000, 0x30c00000, 0x30c00000)
 Metaspace       used 26775K, capacity 27029K, committed 27136K, reserved 28032K
}
2016-03-14T21:16:33.379-0400: 1463.923: Total time for which application threads were stopped: 0.0189695 seconds
2016-03-14T21:16:34.380-0400: 1464.923: Total time for which application threads were stopped: 0.0002429 seconds
2016-03-14T21:16:37.380-0400: 1467.923: Total time for which application threads were stopped: 0.0002535 seconds
2016-03-14T21:20:47.169-0400: 1717.712: Total time for which application threads were stopped: 0.0038480 seconds
2016-03-14T21:20:47.173-0400: 1717.716: Total time for which application threads were stopped: 0.0002140 seconds
2016-03-14T21:20:47.177-0400: 1717.720: Total time for which application threads were stopped: 0.0024210 seconds
2016-03-14T21:20:47.201-0400: 1717.744: Total time for which application threads were stopped: 0.0002813 seconds
2016-03-14T21:20:47.203-0400: 1717.746: Total time for which application threads were stopped: 0.0002053 seconds
2016-03-14T21:20:47.204-0400: 1717.747: Total time for which application threads were stopped: 0.0002102 seconds
2016-03-14T21:20:47.206-0400: 1717.749: Total time for which application threads were stopped: 0.0002151 seconds
2016-03-14T21:20:47.208-0400: 1717.751: Total time for which application threads were stopped: 0.0006683 seconds
2016-03-14T21:20:47.239-0400: 1717.782: Total time for which application threads were stopped: 0.0001809 seconds
2016-03-14T21:20:47.242-0400: 1717.786: Total time for which application threads were stopped: 0.0001258 seconds
2016-03-14T21:20:47.243-0400: 1717.786: Total time for which application threads were stopped: 0.0003090 seconds
2016-03-14T21:20:47.243-0400: 1717.787: Total time for which application threads were stopped: 0.0001376 seconds
2016-03-14T21:20:47.243-0400: 1717.787: Total time for which application threads were stopped: 0.0001220 seconds
2016-03-14T21:20:47.244-0400: 1717.787: Total time for which application threads were stopped: 0.0001368 seconds
2016-03-14T21:20:47.244-0400: 1717.788: Total time for which application threads were stopped: 0.0001159 seconds
2016-03-14T21:20:47.244-0400: 1717.788: Total time for which application threads were stopped: 0.0003087 seconds
2016-03-14T21:20:47.245-0400: 1717.789: Total time for which application threads were stopped: 0.0003185 seconds
2016-03-14T21:20:47.246-0400: 1717.790: Total time for which application threads were stopped: 0.0001376 seconds
2016-03-14T21:20:47.247-0400: 1717.790: Total time for which application threads were stopped: 0.0001775 seconds
2016-03-14T21:20:47.247-0400: 1717.791: Total time for which application threads were stopped: 0.0001368 seconds
2016-03-14T21:20:47.247-0400: 1717.791: Total time for which application threads were stopped: 0.0001118 seconds
2016-03-14T21:20:47.248-0400: 1717.792: Total time for which application threads were stopped: 0.0001140 seconds
2016-03-14T21:20:47.248-0400: 1717.792: Total time for which application threads were stopped: 0.0001612 seconds
2016-03-14T21:20:47.252-0400: 1717.796: Total time for which application threads were stopped: 0.0001330 seconds
2016-03-14T21:20:47.282-0400: 1717.826: Total time for which application threads were stopped: 0.0002695 seconds
2016-03-14T21:20:47.283-0400: 1717.827: Total time for which application threads were stopped: 0.0002075 seconds
2016-03-14T21:20:47.312-0400: 1717.856: Total time for which application threads were stopped: 0.0011693 seconds
2016-03-14T21:20:47.314-0400: 1717.857: Total time for which application threads were stopped: 0.0002551 seconds
2016-03-14T21:20:47.314-0400: 1717.858: Total time for which application threads were stopped: 0.0001562 seconds
2016-03-14T21:20:47.315-0400: 1717.858: Total time for which application threads were stopped: 0.0001878 seconds
2016-03-14T21:20:47.315-0400: 1717.859: Total time for which application threads were stopped: 0.0001616 seconds
2016-03-14T21:20:47.316-0400: 1717.859: Total time for which application threads were stopped: 0.0001809 seconds
2016-03-14T21:20:47.316-0400: 1717.859: Total time for which application threads were stopped: 0.0001517 seconds
2016-03-14T21:20:47.318-0400: 1717.861: Total time for which application threads were stopped: 0.0001638 seconds
2016-03-14T21:20:47.321-0400: 1717.864: Total time for which application threads were stopped: 0.0002304 seconds
2016-03-14T21:20:47.321-0400: 1717.864: Total time for which application threads were stopped: 0.0002075 seconds
2016-03-14T21:20:47.323-0400: 1717.866: Total time for which application threads were stopped: 0.0002030 seconds
2016-03-14T21:20:47.324-0400: 1717.867: Total time for which application threads were stopped: 0.0003516 seconds
2016-03-14T21:20:47.328-0400: 1717.871: Total time for which application threads were stopped: 0.0002091 seconds
2016-03-14T21:20:47.329-0400: 1717.873: Total time for which application threads were stopped: 0.0002319 seconds
2016-03-14T21:20:47.330-0400: 1717.874: Total time for which application threads were stopped: 0.0006831 seconds
2016-03-14T21:20:47.331-0400: 1717.874: Total time for which application threads were stopped: 0.0002072 seconds
2016-03-14T21:20:47.331-0400: 1717.875: Total time for which application threads were stopped: 0.0001855 seconds
2016-03-14T21:20:47.332-0400: 1717.875: Total time for which application threads were stopped: 0.0005470 seconds
2016-03-14T21:20:47.332-0400: 1717.876: Total time for which application threads were stopped: 0.0001676 seconds
2016-03-14T21:20:47.334-0400: 1717.878: Total time for which application threads were stopped: 0.0001825 seconds
2016-03-14T21:20:47.348-0400: 1717.892: Total time for which application threads were stopped: 0.0006264 seconds
2016-03-14T21:20:47.349-0400: 1717.893: Total time for which application threads were stopped: 0.0001524 seconds
2016-03-14T21:20:47.351-0400: 1717.895: Total time for which application threads were stopped: 0.0002855 seconds
2016-03-14T21:20:47.351-0400: 1717.895: Total time for which application threads were stopped: 0.0001973 seconds
2016-03-14T21:20:47.366-0400: 1717.910: Total time for which application threads were stopped: 0.0003128 seconds
2016-03-14T21:20:47.367-0400: 1717.911: Total time for which application threads were stopped: 0.0004835 seconds
2016-03-14T21:20:47.369-0400: 1717.912: Total time for which application threads were stopped: 0.0003208 seconds
2016-03-14T21:20:47.373-0400: 1717.916: Total time for which application threads were stopped: 0.0003417 seconds
2016-03-14T21:20:47.375-0400: 1717.919: Total time for which application threads were stopped: 0.0006648 seconds
2016-03-14T21:20:47.375-0400: 1717.919: Total time for which application threads were stopped: 0.0002315 seconds
2016-03-14T21:20:47.376-0400: 1717.920: Total time for which application threads were stopped: 0.0004261 seconds
2016-03-14T21:20:47.377-0400: 1717.921: Total time for which application threads were stopped: 0.0013422 seconds
2016-03-14T21:20:47.380-0400: 1717.924: Total time for which application threads were stopped: 0.0005056 seconds
2016-03-14T21:20:47.382-0400: 1717.926: Total time for which application threads were stopped: 0.0001471 seconds
2016-03-14T21:20:47.386-0400: 1717.929: Total time for which application threads were stopped: 0.0002064 seconds
2016-03-14T21:20:47.390-0400: 1717.933: Total time for which application threads were stopped: 0.0002311 seconds
2016-03-14T21:20:47.416-0400: 1717.959: Total time for which application threads were stopped: 0.0001346 seconds
2016-03-14T21:20:47.428-0400: 1717.971: Total time for which application threads were stopped: 0.0002558 seconds
2016-03-14T21:20:47.429-0400: 1717.973: Total time for which application threads were stopped: 0.0001479 seconds
2016-03-14T21:20:47.430-0400: 1717.973: Total time for which application threads were stopped: 0.0001741 seconds
2016-03-14T21:20:47.430-0400: 1717.974: Total time for which application threads were stopped: 0.0002064 seconds
2016-03-14T21:20:47.432-0400: 1717.975: Total time for which application threads were stopped: 0.0003413 seconds
2016-03-14T21:20:47.433-0400: 1717.976: Total time for which application threads were stopped: 0.0003235 seconds
2016-03-14T21:20:47.433-0400: 1717.977: Total time for which application threads were stopped: 0.0002391 seconds
2016-03-14T21:20:47.434-0400: 1717.977: Total time for which application threads were stopped: 0.0002357 seconds
Heap
 par new generation   total 109248K, used 21852K [0x10c00000, 0x18c00000, 0x18c00000)
  eden space 87424K,  18% used [0x10c00000, 0x11bed6d0, 0x16160000)
  from space 21824K,  25% used [0x176b0000, 0x17c19a60, 0x18c00000)
  to   space 21824K,   0% used [0x16160000, 0x16160000, 0x176b0000)
 concurrent mark-sweep generation total 393216K, used 32517K [0x18c00000, 0x30c00000, 0x30c00000)
 Metaspace       used 26829K, capacity 27093K, committed 27136K, reserved 28032K
